Hex.SignDetBench.Height.runReduce    expected complexity: height    [warm cache]
  env: lean=4.35.0-rc3, os=linux, arch=x86_64, commit=e3e380d, 2026-09-28T19:47:41Z, host=chungus2
    param  per-call    repeats  C
    8_192    8.425 µs  ×2^16    C=1.028 [trial 1/6] †
   16_384   14.411 µs  ×2^16    C=0.879 [trial 1/6]
   32_768   23.323 µs  ×2^15    C=0.710 [trial 1/6]
   65_536   42.713 µs  ×2^14    C=0.651 [trial 1/6]
  131_072   80.012 µs  ×2^13    C=0.610 [trial 1/6]
  262_144  169.480 µs  ×2^12    C=0.646 [trial 1/6]
  524_288  335.880 µs  ×2^11    C=0.637 [trial 1/6]
    8_192    8.481 µs  ×2^16    C=1.028 [trial 2/6] †
   16_384   14.402 µs  ×2^16    C=0.879 [trial 2/6]
   32_768   23.240 µs  ×2^15    C=0.710 [trial 2/6]
   65_536   42.537 µs  ×2^14    C=0.651 [trial 2/6]
  131_072   79.876 µs  ×2^13    C=0.610 [trial 2/6]
  262_144  169.192 µs  ×2^12    C=0.646 [trial 2/6]
  524_288  333.684 µs  ×2^11    C=0.637 [trial 2/6]
    8_192    8.402 µs  ×2^16    C=1.028 [trial 3/6] †
   16_384   14.381 µs  ×2^16    C=0.879 [trial 3/6]
   32_768   23.267 µs  ×2^15    C=0.710 [trial 3/6]
   65_536   42.666 µs  ×2^14    C=0.651 [trial 3/6]
  131_072   80.021 µs  ×2^13    C=0.610 [trial 3/6]
  262_144  169.082 µs  ×2^12    C=0.646 [trial 3/6]
  524_288  334.512 µs  ×2^11    C=0.637 [trial 3/6]
    8_192    8.391 µs  ×2^16    C=1.028 [trial 4/6] †
   16_384   14.401 µs  ×2^16    C=0.879 [trial 4/6]
   32_768   23.247 µs  ×2^15    C=0.710 [trial 4/6]
   65_536   42.646 µs  ×2^14    C=0.651 [trial 4/6]
  131_072   79.842 µs  ×2^13    C=0.610 [trial 4/6]
  262_144  168.834 µs  ×2^12    C=0.646 [trial 4/6]
  524_288  333.936 µs  ×2^11    C=0.637 [trial 4/6]
    8_192    8.439 µs  ×2^16    C=1.028 [trial 5/6] †
   16_384   14.338 µs  ×2^16    C=0.879 [trial 5/6]
   32_768   23.289 µs  ×2^15    C=0.710 [trial 5/6]
   65_536   43.070 µs  ×2^14    C=0.651 [trial 5/6]
  131_072   79.870 µs  ×2^13    C=0.610 [trial 5/6]
  262_144  169.980 µs  ×2^12    C=0.646 [trial 5/6]
  524_288  333.533 µs  ×2^11    C=0.637 [trial 5/6]
    8_192    8.424 µs  ×2^16    C=1.028 [trial 6/6] †
   16_384   14.396 µs  ×2^16    C=0.879 [trial 6/6]
   32_768   23.246 µs  ×2^15    C=0.710 [trial 6/6]
   65_536   42.982 µs  ×2^14    C=0.651 [trial 6/6]
  131_072   80.087 µs  ×2^13    C=0.610 [trial 6/6]
  262_144  169.413 µs  ×2^12    C=0.646 [trial 6/6]
  524_288  333.695 µs  ×2^11    C=0.637 [trial 6/6]
  verdict: consistent with declared complexity (cMin=0.610, cMax=0.879, β=-0.081)
  per-spawn floor (harness self-measurement): 22.653 ms
  peak RSS: 66_468 kB..68_092 kB (across 42 ok row(s))
  trial summaries (6 trials per param; spread = (max-min)/median):
      param  trials  median      min         max         spread
      8_192  6/6       8.424 µs    8.391 µs    8.481 µs  1.074%
     16_384  6/6      14.398 µs   14.338 µs   14.411 µs  0.505%
     32_768  6/6      23.257 µs   23.240 µs   23.323 µs  0.354%
     65_536  6/6      42.690 µs   42.537 µs   43.070 µs  1.250%
    131_072  6/6      79.944 µs   79.842 µs   80.087 µs  0.306%
    262_144  6/6     169.302 µs  168.834 µs  169.980 µs  0.677%
    524_288  6/6     333.816 µs  333.533 µs  335.880 µs  0.703%
exported to /tmp/issue-10377-height-measurement-e3e380d81/Height.runReduce.json
