Hex.SignDetBench.Height.runCheck    expected complexity: height    [warm cache]
  env: lean=4.35.0-rc3, os=linux, arch=x86_64, commit=e3e380d, 2026-09-28T19:48:12Z, host=chungus2
    param  per-call    repeats  C
    8_192   18.100 µs  ×2^15    C=2.219 [trial 1/6] †
   16_384   33.522 µs  ×2^14    C=2.045 [trial 1/6]
   32_768   57.835 µs  ×2^14    C=1.773 [trial 1/6]
   65_536  107.978 µs  ×2^13    C=1.654 [trial 1/6]
  131_072  207.490 µs  ×2^12    C=1.582 [trial 1/6]
  262_144  407.771 µs  ×2^11    C=1.555 [trial 1/6]
  524_288  816.373 µs  ×2^10    C=1.553 [trial 1/6]
    8_192   18.364 µs  ×2^15    C=2.219 [trial 2/6] †
   16_384   33.551 µs  ×2^14    C=2.045 [trial 2/6]
   32_768   58.295 µs  ×2^14    C=1.773 [trial 2/6]
   65_536  107.747 µs  ×2^13    C=1.654 [trial 2/6]
  131_072  207.679 µs  ×2^12    C=1.582 [trial 2/6]
  262_144  407.585 µs  ×2^11    C=1.555 [trial 2/6]
  524_288  814.742 µs  ×2^10    C=1.553 [trial 2/6]
    8_192   18.126 µs  ×2^15    C=2.219 [trial 3/6] †
   16_384   33.447 µs  ×2^14    C=2.045 [trial 3/6]
   32_768   57.962 µs  ×2^14    C=1.773 [trial 3/6]
   65_536  108.494 µs  ×2^13    C=1.654 [trial 3/6]
  131_072  207.379 µs  ×2^12    C=1.582 [trial 3/6]
  262_144  407.716 µs  ×2^11    C=1.555 [trial 3/6]
  524_288  813.111 µs  ×2^10    C=1.553 [trial 3/6]
    8_192   18.216 µs  ×2^15    C=2.219 [trial 4/6] †
   16_384   33.436 µs  ×2^14    C=2.045 [trial 4/6]
   32_768   58.071 µs  ×2^14    C=1.773 [trial 4/6]
   65_536  108.330 µs  ×2^13    C=1.654 [trial 4/6]
  131_072  207.222 µs  ×2^12    C=1.582 [trial 4/6]
  262_144  408.335 µs  ×2^11    C=1.555 [trial 4/6]
  524_288  814.273 µs  ×2^10    C=1.553 [trial 4/6]
    8_192   18.172 µs  ×2^15    C=2.219 [trial 5/6] †
   16_384   33.535 µs  ×2^14    C=2.045 [trial 5/6]
   32_768   58.215 µs  ×2^14    C=1.773 [trial 5/6]
   65_536  108.731 µs  ×2^13    C=1.654 [trial 5/6]
  131_072  207.259 µs  ×2^12    C=1.582 [trial 5/6]
  262_144  407.667 µs  ×2^11    C=1.555 [trial 5/6]
  524_288  814.085 µs  ×2^10    C=1.553 [trial 5/6]
    8_192   18.175 µs  ×2^15    C=2.219 [trial 6/6] †
   16_384   33.484 µs  ×2^14    C=2.045 [trial 6/6]
   32_768   58.131 µs  ×2^14    C=1.773 [trial 6/6]
   65_536  108.644 µs  ×2^13    C=1.654 [trial 6/6]
  131_072  207.456 µs  ×2^12    C=1.582 [trial 6/6]
  262_144  408.031 µs  ×2^11    C=1.555 [trial 6/6]
  524_288  814.319 µs  ×2^10    C=1.553 [trial 6/6]
  verdict: consistent with declared complexity (cMin=1.553, cMax=2.045, β=-0.075)
  per-spawn floor (harness self-measurement): 22.393 ms
  peak RSS: 66_432 kB..68_188 kB (across 42 ok row(s))
  trial summaries (6 trials per param; spread = (max-min)/median):
      param  trials  median      min         max         spread
      8_192  6/6      18.173 µs   18.100 µs   18.364 µs  1.453%
     16_384  6/6      33.503 µs   33.436 µs   33.551 µs  0.344%
     32_768  6/6      58.101 µs   57.835 µs   58.295 µs  0.791%
     65_536  6/6     108.412 µs  107.747 µs  108.731 µs  0.908%
    131_072  6/6     207.418 µs  207.222 µs  207.679 µs  0.221%
    262_144  6/6     407.744 µs  407.585 µs  408.335 µs  0.184%
    524_288  6/6     814.296 µs  813.111 µs  816.373 µs  0.401%
exported to /tmp/issue-10377-height-measurement-e3e380d81/Height.runCheck.json
