env: lean=4.34.0-rc2, os=linux, arch=x86_64, commit=1f10e6e-dirty, 2026-09-12T21:25:50Z, host=chungus2
Hex.RowReduceBench.Field.flintSolve32    [fixed] repeats=1
  repeat 0  1.952 ms  (×2^7, total 249.866 ms)
  median: 1.952 ms    min: 1.952 ms    max: 1.952 ms
  hash: all repeats agree
  observed hash: 0x2de9fc4d9d0ecd4
  expected hash: matches
  peak RSS: 64_212 kB (across 1 ok repeat(s))

Hex.RowReduceBench.Field.leanSolve32    [fixed] repeats=1
  repeat 0  92.005 ms  (×2^2, total 368.022 ms)
  median: 92.005 ms    min: 92.005 ms    max: 92.005 ms
  hash: all repeats agree
  observed hash: 0x2de9fc4d9d0ecd4
  expected hash: matches
  peak RSS: 63_620 kB (across 1 ok repeat(s))

relative median (baseline = Hex.RowReduceBench.Field.flintSolve32, the first CLI argument):
  Hex.RowReduceBench.Field.flintSolve32: 1.000× (1.952 ms)
  Hex.RowReduceBench.Field.leanSolve32: 47.132× (92.005 ms)
agreement: all functions agree on output
exported to /home/kim/worktrees/hex-dev/hex-dev-issue-10222/reports/bench-results/hex-row-reduce-fields-cached-solve-32-1.json
