env: lean=4.34.0-rc2, os=linux, arch=x86_64, commit=9c14175-dirty, 2026-09-12T21:55:43Z, host=chungus2
Hex.RowReduceBench.Field.leanInverse8    [fixed] repeats=1
  repeat 0  928.806 µs  (×2^8, total 237.774 ms)
  median: 928.806 µs    min: 928.806 µs    max: 928.806 µs
  hash: all repeats agree
  observed hash: 0x1b1e2cdba528af46
  expected hash: matches
  peak RSS: 68_888 kB (across 1 ok repeat(s))

Hex.RowReduceBench.Field.flintInverse8    [fixed] repeats=1
  repeat 0  278.942 µs  (×2^10, total 285.637 ms)
  median: 278.942 µs    min: 278.942 µs    max: 278.942 µs
  hash: all repeats agree
  observed hash: 0x1b1e2cdba528af46
  expected hash: matches
  peak RSS: 66_292 kB (across 1 ok repeat(s))

relative median (baseline = Hex.RowReduceBench.Field.leanInverse8, the first CLI argument):
  Hex.RowReduceBench.Field.leanInverse8: 1.000× (928.806 µs)
  Hex.RowReduceBench.Field.flintInverse8: 0.300× (278.942 µs)
agreement: all functions agree on output
exported to /home/kim/worktrees/hex-dev/hex-dev-issue-10222/reports/bench-results/hex-row-reduce-fields-bounded-comparison-inverse-8-2.json
