env: lean=4.34.0-rc2, os=linux, arch=x86_64, commit=9c14175-dirty, 2026-09-12T21:56:58Z, host=chungus2
Hex.RowReduceBench.Field.flintSolve32    [fixed] repeats=1
  repeat 0  1.119 ms  (×2^8, total 286.348 ms)
  median: 1.119 ms    min: 1.119 ms    max: 1.119 ms
  hash: all repeats agree
  observed hash: 0x790712b14bebe0c8
  expected hash: matches
  peak RSS: 69_836 kB (across 1 ok repeat(s))

Hex.RowReduceBench.Field.leanSolve32    [fixed] repeats=1
  repeat 0  71.906 ms  (×2^2, total 287.623 ms)
  median: 71.906 ms    min: 71.906 ms    max: 71.906 ms
  hash: all repeats agree
  observed hash: 0x790712b14bebe0c8
  expected hash: matches
  peak RSS: 68_940 kB (across 1 ok repeat(s))

relative median (baseline = Hex.RowReduceBench.Field.flintSolve32, the first CLI argument):
  Hex.RowReduceBench.Field.flintSolve32: 1.000× (1.119 ms)
  Hex.RowReduceBench.Field.leanSolve32: 64.285× (71.906 ms)
agreement: all functions agree on output
exported to /home/kim/worktrees/hex-dev/hex-dev-issue-10222/reports/bench-results/hex-row-reduce-fields-bounded-comparison-solve-32-3.json
