env: lean=4.34.0-rc2, os=linux, arch=x86_64, commit=9c14175-dirty, 2026-09-12T21:56:54Z, host=chungus2
Hex.RowReduceBench.Field.leanSolve32    [fixed] repeats=1
  repeat 0  71.772 ms  (×2^2, total 287.087 ms)
  median: 71.772 ms    min: 71.772 ms    max: 71.772 ms
  hash: all repeats agree
  observed hash: 0x790712b14bebe0c8
  expected hash: matches
  peak RSS: 68_268 kB (across 1 ok repeat(s))

Hex.RowReduceBench.Field.flintSolve32    [fixed] repeats=1
  repeat 0  1.140 ms  (×2^8, total 291.876 ms)
  median: 1.140 ms    min: 1.140 ms    max: 1.140 ms
  hash: all repeats agree
  observed hash: 0x790712b14bebe0c8
  expected hash: matches
  peak RSS: 68_896 kB (across 1 ok repeat(s))

relative median (baseline = Hex.RowReduceBench.Field.leanSolve32, the first CLI argument):
  Hex.RowReduceBench.Field.leanSolve32: 1.000× (71.772 ms)
  Hex.RowReduceBench.Field.flintSolve32: 0.016× (1.140 ms)
agreement: all functions agree on output
exported to /home/kim/worktrees/hex-dev/hex-dev-issue-10222/reports/bench-results/hex-row-reduce-fields-bounded-comparison-solve-32-2.json
