env: lean=4.34.0-rc2, os=linux, arch=x86_64, commit=1f10e6e-dirty, 2026-09-12T21:24:03Z, host=chungus2
Hex.RowReduceBench.Field.flintInverse8    [fixed] repeats=1
  repeat 0  542.411 µs  (×2^9, total 277.714 ms)
  median: 542.411 µs    min: 542.411 µs    max: 542.411 µs
  hash: all repeats agree
  observed hash: 0x386bde7013009693
  expected hash: matches
  peak RSS: 65_464 kB (across 1 ok repeat(s))

Hex.RowReduceBench.Field.leanInverse8    [fixed] repeats=1
  repeat 0  1.619 ms  (×2^8, total 414.435 ms)
  median: 1.619 ms    min: 1.619 ms    max: 1.619 ms
  hash: all repeats agree
  observed hash: 0x386bde7013009693
  expected hash: matches
  peak RSS: 65_768 kB (across 1 ok repeat(s))

relative median (baseline = Hex.RowReduceBench.Field.flintInverse8, the first CLI argument):
  Hex.RowReduceBench.Field.flintInverse8: 1.000× (542.411 µs)
  Hex.RowReduceBench.Field.leanInverse8: 2.985× (1.619 ms)
agreement: all functions agree on output
exported to /home/kim/worktrees/hex-dev/hex-dev-issue-10222/reports/bench-results/hex-row-reduce-fields-cached-inverse-8-1.json
