env: lean=4.34.0-rc2, os=linux, arch=x86_64, commit=9c14175-dirty, 2026-09-12T21:56:36Z, host=chungus2
Hex.RowReduceBench.Field.flintInverse32    [fixed] repeats=1
  repeat 0  3.704 ms  (×2^6, total 237.039 ms)
  median: 3.704 ms    min: 3.704 ms    max: 3.704 ms
  hash: all repeats agree
  observed hash: 0xfaafb9d216353207
  expected hash: matches
  peak RSS: 70_984 kB (across 1 ok repeat(s))

Hex.RowReduceBench.Field.leanInverse32    [fixed] repeats=1
  repeat 0  69.157 ms  (×2^2, total 276.628 ms)
  median: 69.157 ms    min: 69.157 ms    max: 69.157 ms
  hash: all repeats agree
  observed hash: 0xfaafb9d216353207
  expected hash: matches
  peak RSS: 71_148 kB (across 1 ok repeat(s))

relative median (baseline = Hex.RowReduceBench.Field.flintInverse32, the first CLI argument):
  Hex.RowReduceBench.Field.flintInverse32: 1.000× (3.704 ms)
  Hex.RowReduceBench.Field.leanInverse32: 18.672× (69.157 ms)
agreement: all functions agree on output
exported to /home/kim/worktrees/hex-dev/hex-dev-issue-10222/reports/bench-results/hex-row-reduce-fields-bounded-comparison-inverse-32-1.json
