env: lean=4.34.0-rc2, os=linux, arch=x86_64, commit=1f10e6e-dirty, 2026-09-12T21:25:41Z, host=chungus2
Hex.RowReduceBench.Field.flintInverse32    [fixed] repeats=1
  repeat 0  5.817 ms  (×2^6, total 372.261 ms)
  median: 5.817 ms    min: 5.817 ms    max: 5.817 ms
  hash: all repeats agree
  observed hash: 0x18ded232abb746bd
  expected hash: matches
  peak RSS: 67_432 kB (across 1 ok repeat(s))

Hex.RowReduceBench.Field.leanInverse32    [fixed] repeats=1
  repeat 0  91.679 ms  (×2^2, total 366.714 ms)
  median: 91.679 ms    min: 91.679 ms    max: 91.679 ms
  hash: all repeats agree
  observed hash: 0x18ded232abb746bd
  expected hash: matches
  peak RSS: 65_208 kB (across 1 ok repeat(s))

relative median (baseline = Hex.RowReduceBench.Field.flintInverse32, the first CLI argument):
  Hex.RowReduceBench.Field.flintInverse32: 1.000× (5.817 ms)
  Hex.RowReduceBench.Field.leanInverse32: 15.762× (91.679 ms)
agreement: all functions agree on output
exported to /home/kim/worktrees/hex-dev/hex-dev-issue-10222/reports/bench-results/hex-row-reduce-fields-cached-inverse-32-3.json
