env: lean=4.34.0-rc2, os=linux, arch=x86_64, commit=9c14175-dirty, 2026-09-12T21:56:33Z, host=chungus2
Hex.RowReduceBench.Field.leanInverse32    [fixed] repeats=1
  repeat 0  68.322 ms  (×2^2, total 273.286 ms)
  median: 68.322 ms    min: 68.322 ms    max: 68.322 ms
  hash: all repeats agree
  observed hash: 0xfaafb9d216353207
  expected hash: matches
  peak RSS: 67_096 kB (across 1 ok repeat(s))

Hex.RowReduceBench.Field.flintInverse32    [fixed] repeats=1
  repeat 0  3.969 ms  (×2^6, total 254.039 ms)
  median: 3.969 ms    min: 3.969 ms    max: 3.969 ms
  hash: all repeats agree
  observed hash: 0xfaafb9d216353207
  expected hash: matches
  peak RSS: 71_328 kB (across 1 ok repeat(s))

relative median (baseline = Hex.RowReduceBench.Field.leanInverse32, the first CLI argument):
  Hex.RowReduceBench.Field.leanInverse32: 1.000× (68.322 ms)
  Hex.RowReduceBench.Field.flintInverse32: 0.058× (3.969 ms)
agreement: all functions agree on output
exported to /home/kim/worktrees/hex-dev/hex-dev-issue-10222/reports/bench-results/hex-row-reduce-fields-bounded-comparison-inverse-32-0.json
