env: lean=4.34.0-rc2, os=linux, arch=x86_64, commit=1f10e6e-dirty, 2026-09-12T21:25:59Z, host=chungus2
Hex.RowReduceBench.Field.flintSolve32    [fixed] repeats=1
  repeat 0  1.097 ms  (×2^8, total 280.822 ms)
  median: 1.097 ms    min: 1.097 ms    max: 1.097 ms
  hash: all repeats agree
  observed hash: 0x2de9fc4d9d0ecd4
  expected hash: matches
  peak RSS: 65_552 kB (across 1 ok repeat(s))

Hex.RowReduceBench.Field.leanSolve32    [fixed] repeats=1
  repeat 0  89.938 ms  (×2^2, total 359.751 ms)
  median: 89.938 ms    min: 89.938 ms    max: 89.938 ms
  hash: all repeats agree
  observed hash: 0x2de9fc4d9d0ecd4
  expected hash: matches
  peak RSS: 64_828 kB (across 1 ok repeat(s))

relative median (baseline = Hex.RowReduceBench.Field.flintSolve32, the first CLI argument):
  Hex.RowReduceBench.Field.flintSolve32: 1.000× (1.097 ms)
  Hex.RowReduceBench.Field.leanSolve32: 81.988× (89.938 ms)
agreement: all functions agree on output
exported to /home/kim/worktrees/hex-dev/hex-dev-issue-10222/reports/bench-results/hex-row-reduce-fields-cached-solve-32-3.json
