env: lean=4.34.0-rc2, os=linux, arch=x86_64, commit=1f10e6e-dirty, 2026-09-12T21:25:55Z, host=chungus2
Hex.RowReduceBench.Field.leanSolve32    [fixed] repeats=1
  repeat 0  93.035 ms  (×2^2, total 372.138 ms)
  median: 93.035 ms    min: 93.035 ms    max: 93.035 ms
  hash: all repeats agree
  observed hash: 0x2de9fc4d9d0ecd4
  expected hash: matches
  peak RSS: 63_304 kB (across 1 ok repeat(s))

Hex.RowReduceBench.Field.flintSolve32    [fixed] repeats=1
  repeat 0  1.323 ms  (×2^8, total 338.770 ms)
  median: 1.323 ms    min: 1.323 ms    max: 1.323 ms
  hash: all repeats agree
  observed hash: 0x2de9fc4d9d0ecd4
  expected hash: matches
  peak RSS: 63_556 kB (across 1 ok repeat(s))

relative median (baseline = Hex.RowReduceBench.Field.leanSolve32, the first CLI argument):
  Hex.RowReduceBench.Field.leanSolve32: 1.000× (93.035 ms)
  Hex.RowReduceBench.Field.flintSolve32: 0.014× (1.323 ms)
agreement: all functions agree on output
exported to /home/kim/worktrees/hex-dev/hex-dev-issue-10222/reports/bench-results/hex-row-reduce-fields-cached-solve-32-2.json
