env: lean=4.34.0-rc2, os=linux, arch=x86_64, commit=1f10e6e-dirty, 2026-09-12T21:25:25Z, host=chungus2
Hex.RowReduceBench.Field.leanInverse32    [fixed] repeats=1
  repeat 0  128.332 ms  (×2^2, total 513.327 ms)
  median: 128.332 ms    min: 128.332 ms    max: 128.332 ms
  hash: all repeats agree
  observed hash: 0x18ded232abb746bd
  expected hash: matches
  peak RSS: 63_400 kB (across 1 ok repeat(s))

Hex.RowReduceBench.Field.flintInverse32    [fixed] repeats=1
  repeat 0  5.459 ms  (×2^6, total 349.394 ms)
  median: 5.459 ms    min: 5.459 ms    max: 5.459 ms
  hash: all repeats agree
  observed hash: 0x18ded232abb746bd
  expected hash: matches
  peak RSS: 63_140 kB (across 1 ok repeat(s))

relative median (baseline = Hex.RowReduceBench.Field.leanInverse32, the first CLI argument):
  Hex.RowReduceBench.Field.leanInverse32: 1.000× (128.332 ms)
  Hex.RowReduceBench.Field.flintInverse32: 0.043× (5.459 ms)
agreement: all functions agree on output
exported to /home/kim/worktrees/hex-dev/hex-dev-issue-10222/reports/bench-results/hex-row-reduce-fields-cached-inverse-32-0.json
