warning: Nix search path entry '/nix/var/nix/profiles/per-user/root/channels' does not exist, ignoring
==3341964== DHAT, a dynamic heap analysis tool
==3341964== Copyright (C) 2010-2024, and GNU GPL'd, by Mozilla Foundation et al.
==3341964== Using Valgrind-3.27.1 and LibVEX; rerun with -h for copyright info
==3341964== Command: .lake/build/bin/hexgraphiso_profile erun
==3341964== 
== erun
  paley61 erun: 43452us/iter (2000 iters, 14000 node-visits)
  kneser72 erun: 13194us/iter (2000 iters, 36000 node-visits)
  circulant64 erun: 29040us/iter (2000 iters, 12000 node-visits)
==3341964== 
==3341964== Total:     752,200,181 bytes in 60,809,336 blocks
==3341964== At t-gmax: 132,317 bytes in 253 blocks
==3341964== At t-end:  20,372 bytes in 238 blocks
==3341964== Reads:     632,211,778 bytes
==3341964== Writes:    751,425,066 bytes
==3341964== 
==3341964== To view the resulting profile, open
==3341964==   file:///nix/store/g1x8a2mgb9lnjhqpi3cszjham8a3p8zq-valgrind-3.27.1/libexec/valgrind/dh_view.html
==3341964== in a web browser, click on "Load...", and then select the file
==3341964==   /tmp/issue-10041-dhat-final-erun.json
==3341964== The text at the bottom explains the abbreviations used in the output.
