Hex.OrderedFnBench.second    expected complexity: n    [warm cache]
  env: lean=4.34.1, os=linux, arch=x86_64, commit=65a4556, 2026-09-27T03:15:33Z, host=chungus2
   param  per-call    repeats  C
     128   12.498 µs  ×2^16    C=97.632 [trial 1/3] †
     256   24.998 µs  ×2^15    C=97.650 [trial 1/3]
     512   49.404 µs  ×2^14    C=96.493 [trial 1/3]
   1_024  100.062 µs  ×2^13    C=95.421 [trial 1/3]
   2_048  194.135 µs  ×2^12    C=94.793 [trial 1/3]
   4_096  391.678 µs  ×2^11    C=95.756 [trial 1/3]
   8_192  771.900 µs  ×2^10    C=94.226 [trial 1/3]
  16_384    1.537 ms  ×2^9     C=94.636 [trial 1/3]
     128   12.496 µs  ×2^16    C=97.632 [trial 2/3] †
     256   25.097 µs  ×2^15    C=97.650 [trial 2/3]
     512   48.445 µs  ×2^14    C=96.493 [trial 2/3]
   1_024   96.057 µs  ×2^13    C=95.421 [trial 2/3]
   2_048  190.366 µs  ×2^12    C=94.793 [trial 2/3]
   4_096  392.215 µs  ×2^11    C=95.756 [trial 2/3]
   8_192  758.965 µs  ×2^10    C=94.226 [trial 2/3]
  16_384    1.581 ms  ×2^9     C=94.636 [trial 2/3]
     128   12.419 µs  ×2^16    C=97.632 [trial 3/3] †
     256   24.665 µs  ×2^15    C=97.650 [trial 3/3]
     512   49.685 µs  ×2^14    C=96.493 [trial 3/3]
   1_024   97.711 µs  ×2^13    C=95.421 [trial 3/3]
   2_048  203.931 µs  ×2^12    C=94.793 [trial 3/3]
   4_096  394.417 µs  ×2^11    C=95.756 [trial 3/3]
   8_192  773.116 µs  ×2^10    C=94.226 [trial 3/3]
  16_384    1.551 ms  ×2^9     C=94.636 [trial 3/3]
  verdict: consistent with declared complexity (cMin=94.226, cMax=97.650, β=-0.007)
  per-spawn floor (harness self-measurement): 21.459 ms
  peak RSS: 67_292 kB..70_544 kB (across 24 ok row(s))
  trial summaries (3 trials per param; spread = (max-min)/median):
     param  trials  median      min         max         spread
       128  3/3      12.496 µs   12.419 µs   12.498 µs  0.632%
       256  3/3      24.998 µs   24.665 µs   25.097 µs  1.730%
       512  3/3      49.404 µs   48.445 µs   49.685 µs  2.510%
     1_024  3/3      97.711 µs   96.057 µs  100.062 µs  4.099%
     2_048  3/3     194.135 µs  190.366 µs  203.931 µs  6.987%
     4_096  3/3     392.215 µs  391.678 µs  394.417 µs  0.698%
     8_192  3/3     771.900 µs  758.965 µs  773.116 µs  1.833%
    16_384  3/3       1.551 ms    1.537 ms    1.581 ms  2.852%

Hex.OrderedFnBench.third    expected complexity: n    [warm cache]
  env: lean=4.34.1, os=linux, arch=x86_64, commit=65a4556, 2026-09-27T03:15:53Z, host=chungus2
   param  per-call    repeats  C
     128   43.924 µs  ×2^14    C=326.430 [trial 1/3] †
     256   82.186 µs  ×2^13    C=326.043 [trial 1/3]
     512  168.927 µs  ×2^12    C=324.029 [trial 1/3]
   1_024  339.151 µs  ×2^11    C=326.846 [trial 1/3]
   2_048  640.253 µs  ×2^10    C=321.614 [trial 1/3]
   4_096    1.277 ms  ×2^9     C=315.219 [trial 1/3]
   8_192    2.605 ms  ×2^8     C=318.026 [trial 1/3]
  16_384    5.235 ms  ×2^7     C=314.194 [trial 1/3]
     128   41.783 µs  ×2^14    C=326.430 [trial 2/3] †
     256   84.140 µs  ×2^13    C=326.043 [trial 2/3]
     512  165.903 µs  ×2^12    C=324.029 [trial 2/3]
   1_024  334.690 µs  ×2^11    C=326.846 [trial 2/3]
   2_048  662.391 µs  ×2^10    C=321.614 [trial 2/3]
   4_096    1.316 ms  ×2^9     C=315.219 [trial 2/3]
   8_192    2.624 ms  ×2^8     C=318.026 [trial 2/3]
  16_384    5.130 ms  ×2^7     C=314.194 [trial 2/3]
     128   41.430 µs  ×2^14    C=326.430 [trial 3/3] †
     256   83.466 µs  ×2^13    C=326.043 [trial 3/3]
     512  165.407 µs  ×2^12    C=324.029 [trial 3/3]
   1_024  331.116 µs  ×2^11    C=326.846 [trial 3/3]
   2_048  658.665 µs  ×2^10    C=321.614 [trial 3/3]
   4_096    1.291 ms  ×2^9     C=315.219 [trial 3/3]
   8_192    2.551 ms  ×2^8     C=318.026 [trial 3/3]
  16_384    5.148 ms  ×2^7     C=314.194 [trial 3/3]
  verdict: consistent with declared complexity (cMin=314.194, cMax=326.846, β=-0.010)
  per-spawn floor (harness self-measurement): 22.160 ms
  peak RSS: 67_548 kB..70_488 kB (across 24 ok row(s))
  trial summaries (3 trials per param; spread = (max-min)/median):
     param  trials  median      min         max         spread
       128  3/3      41.783 µs   41.430 µs   43.924 µs  5.969%
       256  3/3      83.466 µs   82.186 µs   84.140 µs  2.341%
       512  3/3     165.903 µs  165.407 µs  168.927 µs  2.122%
     1_024  3/3     334.690 µs  331.116 µs  339.151 µs  2.401%
     2_048  3/3     658.665 µs  640.253 µs  662.391 µs  3.361%
     4_096  3/3       1.291 ms    1.277 ms    1.316 ms  3.005%
     8_192  3/3       2.605 ms    2.551 ms    2.624 ms  2.778%
    16_384  3/3       5.148 ms    5.130 ms    5.235 ms  2.047%

Hex.OrderedFnBench.comparison    expected complexity: n    [warm cache]
  env: lean=4.34.1, os=linux, arch=x86_64, commit=65a4556, 2026-09-27T03:16:10Z, host=chungus2
   param  per-call    repeats  C
     128  112.689 µs  ×2^13    C=897.268 [trial 1/3] †
     256  226.209 µs  ×2^12    C=874.142 [trial 1/3]
     512  437.678 µs  ×2^11    C=855.965 [trial 1/3]
   1_024  866.606 µs  ×2^10    C=863.028 [trial 1/3]
   2_048    1.766 ms  ×2^9     C=862.167 [trial 1/3]
   4_096    3.536 ms  ×2^8     C=854.161 [trial 1/3]
   8_192    7.072 ms  ×2^7     C=863.280 [trial 1/3]
  16_384   14.272 ms  ×2^6     C=861.795 [trial 1/3]
     128  117.640 µs  ×2^13    C=897.268 [trial 2/3] †
     256  223.780 µs  ×2^12    C=874.142 [trial 2/3]
     512  438.253 µs  ×2^11    C=855.965 [trial 2/3]
   1_024  883.740 µs  ×2^10    C=863.028 [trial 2/3]
   2_048    1.799 ms  ×2^9     C=862.167 [trial 2/3]
   4_096    3.480 ms  ×2^8     C=854.161 [trial 2/3]
   8_192    7.128 ms  ×2^7     C=863.280 [trial 2/3]
  16_384   14.120 ms  ×2^6     C=861.795 [trial 2/3]
     128  114.850 µs  ×2^13    C=897.268 [trial 3/3] †
     256  220.232 µs  ×2^12    C=874.142 [trial 3/3]
     512  454.147 µs  ×2^11    C=855.965 [trial 3/3]
   1_024  895.249 µs  ×2^10    C=863.028 [trial 3/3]
   2_048    1.752 ms  ×2^9     C=862.167 [trial 3/3]
   4_096    3.499 ms  ×2^8     C=854.161 [trial 3/3]
   8_192    6.960 ms  ×2^7     C=863.280 [trial 3/3]
  16_384   14.046 ms  ×2^6     C=861.795 [trial 3/3]
  verdict: consistent with declared complexity (cMin=854.161, cMax=874.142, β=-0.002)
  per-spawn floor (harness self-measurement): 22.193 ms
  peak RSS: 67_320 kB..74_824 kB (across 24 ok row(s))
  trial summaries (3 trials per param; spread = (max-min)/median):
     param  trials  median      min         max         spread
       128  3/3     114.850 µs  112.689 µs  117.640 µs  4.310%
       256  3/3     223.780 µs  220.232 µs  226.209 µs  2.671%
       512  3/3     438.253 µs  437.678 µs  454.147 µs  3.758%
     1_024  3/3     883.740 µs  866.606 µs  895.249 µs  3.241%
     2_048  3/3       1.766 ms    1.752 ms    1.799 ms  2.687%
     4_096  3/3       3.499 ms    3.480 ms    3.536 ms  1.601%
     8_192  3/3       7.072 ms    6.960 ms    7.128 ms  2.372%
    16_384  3/3      14.120 ms   14.046 ms   14.272 ms  1.604%

Hex.OrderedFnBench.degree    expected complexity: 1    [warm cache]
  env: lean=4.34.1, os=linux, arch=x86_64, commit=65a4556, 2026-09-27T03:16:33Z, host=chungus2
   param  per-call   repeats  C
     128  44.000 ns  ×2^24    C=44.077 [trial 1/3] †
     256  45.000 ns  ×2^24    C=44.262 [trial 1/3]
     512  44.000 ns  ×2^24    C=44.006 [trial 1/3]
   1_024  45.000 ns  ×2^24    C=43.811 [trial 1/3]
   2_048  44.000 ns  ×2^24    C=44.141 [trial 1/3]
   4_096  44.000 ns  ×2^24    C=44.807 [trial 1/3]
   8_192  44.000 ns  ×2^24    C=44.669 [trial 1/3]
  16_384  43.000 ns  ×2^24    C=44.018 [trial 1/3]
     128  43.000 ns  ×2^24    C=44.077 [trial 2/3] †
     256  44.000 ns  ×2^24    C=44.262 [trial 2/3]
     512  43.000 ns  ×2^24    C=44.006 [trial 2/3]
   1_024  43.000 ns  ×2^24    C=43.811 [trial 2/3]
   2_048  43.000 ns  ×2^24    C=44.141 [trial 2/3]
   4_096  45.000 ns  ×2^23    C=44.807 [trial 2/3]
   8_192  44.000 ns  ×2^24    C=44.669 [trial 2/3]
  16_384  45.000 ns  ×2^24    C=44.018 [trial 2/3]
     128  44.000 ns  ×2^24    C=44.077 [trial 3/3] †
     256  42.000 ns  ×2^24    C=44.262 [trial 3/3]
     512  44.000 ns  ×2^24    C=44.006 [trial 3/3]
   1_024  43.000 ns  ×2^24    C=43.811 [trial 3/3]
   2_048  44.000 ns  ×2^24    C=44.141 [trial 3/3]
   4_096  44.000 ns  ×2^24    C=44.807 [trial 3/3]
   8_192  46.000 ns  ×2^24    C=44.669 [trial 3/3]
  16_384  44.000 ns  ×2^24    C=44.018 [trial 3/3]
  verdict: consistent with declared complexity (cMin=43.811, cMax=44.807, β=+0.002)
  per-spawn floor (harness self-measurement): 22.121 ms
  peak RSS: 67_644 kB..68_800 kB (across 24 ok row(s))
  trial summaries (3 trials per param; spread = (max-min)/median):
     param  trials  median     min        max        spread
       128  3/3     44.000 ns  43.000 ns  44.000 ns  1.200%
       256  3/3     44.000 ns  42.000 ns  45.000 ns  5.249%
       512  3/3     44.000 ns  43.000 ns  44.000 ns  1.316%
     1_024  3/3     43.000 ns  43.000 ns  45.000 ns  3.064%
     2_048  3/3     44.000 ns  43.000 ns  44.000 ns  2.698%
     4_096  3/3     44.000 ns  44.000 ns  45.000 ns  1.994%
     8_192  3/3     44.000 ns  44.000 ns  46.000 ns  4.237%
    16_384  3/3     44.000 ns  43.000 ns  45.000 ns  3.097%

Hex.OrderedFnBench.scan    expected complexity: n    [warm cache]
  env: lean=4.34.1, os=linux, arch=x86_64, commit=65a4556, 2026-09-27T03:16:51Z, host=chungus2
   param  per-call    repeats  C
     128  313.000 ns  ×2^21    C=2.445 [trial 1/3] †
     256  554.000 ns  ×2^20    C=2.114 [trial 1/3]
     512    1.022 µs  ×2^20    C=1.967 [trial 1/3]
   1_024    1.976 µs  ×2^19    C=1.883 [trial 1/3]
   2_048    3.829 µs  ×2^18    C=1.851 [trial 1/3]
   4_096    7.547 µs  ×2^17    C=1.836 [trial 1/3]
   8_192   15.035 µs  ×2^16    C=1.835 [trial 1/3]
  16_384   29.993 µs  ×2^15    C=1.831 [trial 1/3]
     128  316.000 ns  ×2^21    C=2.445 [trial 2/3] †
     256  534.000 ns  ×2^21    C=2.114 [trial 2/3]
     512    1.007 µs  ×2^20    C=1.967 [trial 2/3]
   1_024    1.905 µs  ×2^19    C=1.883 [trial 2/3]
   2_048    3.790 µs  ×2^18    C=1.851 [trial 2/3]
   4_096    7.500 µs  ×2^17    C=1.836 [trial 2/3]
   8_192   15.021 µs  ×2^16    C=1.835 [trial 2/3]
  16_384   29.808 µs  ×2^15    C=1.831 [trial 2/3]
     128  311.000 ns  ×2^21    C=2.445 [trial 3/3] †
     256  541.000 ns  ×2^21    C=2.114 [trial 3/3]
     512  994.000 ns  ×2^20    C=1.967 [trial 3/3]
   1_024    1.927 µs  ×2^19    C=1.883 [trial 3/3]
   2_048    3.784 µs  ×2^18    C=1.851 [trial 3/3]
   4_096    7.518 µs  ×2^17    C=1.836 [trial 3/3]
   8_192   15.084 µs  ×2^16    C=1.835 [trial 3/3]
  16_384   30.303 µs  ×2^15    C=1.831 [trial 3/3]
  verdict: consistent with declared complexity (cMin=1.831, cMax=2.114, β=-0.031)
  per-spawn floor (harness self-measurement): 22.257 ms
  peak RSS: 67_684 kB..72_544 kB (across 24 ok row(s))
  trial summaries (3 trials per param; spread = (max-min)/median):
     param  trials  median      min         max         spread
       128  3/3     313.000 ns  311.000 ns  316.000 ns  1.744%
       256  3/3     541.000 ns  534.000 ns  554.000 ns  3.803%
       512  3/3       1.007 µs  994.000 ns    1.022 µs  2.750%
     1_024  3/3       1.927 µs    1.905 µs    1.976 µs  3.659%
     2_048  3/3       3.790 µs    3.784 µs    3.829 µs  1.197%
     4_096  3/3       7.518 µs    7.500 µs    7.547 µs  0.624%
     8_192  3/3      15.035 µs   15.021 µs   15.084 µs  0.418%
    16_384  3/3      29.993 µs   29.808 µs   30.303 µs  1.648%

Hex.OrderedFnBench.height    expected complexity: 1    [warm cache]
  env: lean=4.34.1, os=linux, arch=x86_64, commit=65a4556, 2026-09-27T03:17:15Z, host=chungus2
   param  per-call   repeats  C
     128  49.000 ns  ×2^24    C=49.802 [trial 1/3] †
     256  49.000 ns  ×2^24    C=49.056 [trial 1/3]
     512  50.000 ns  ×2^24    C=49.710 [trial 1/3]
   1_024  49.000 ns  ×2^24    C=49.688 [trial 1/3]
   2_048  49.000 ns  ×2^24    C=49.376 [trial 1/3]
   4_096  49.000 ns  ×2^24    C=49.912 [trial 1/3]
   8_192  49.000 ns  ×2^24    C=49.618 [trial 1/3]
  16_384  49.000 ns  ×2^24    C=49.658 [trial 1/3]
     128  49.000 ns  ×2^24    C=49.802 [trial 2/3] †
     256  49.000 ns  ×2^24    C=49.056 [trial 2/3]
     512  48.000 ns  ×2^24    C=49.710 [trial 2/3]
   1_024  49.000 ns  ×2^24    C=49.688 [trial 2/3]
   2_048  49.000 ns  ×2^24    C=49.376 [trial 2/3]
   4_096  50.000 ns  ×2^24    C=49.912 [trial 2/3]
   8_192  49.000 ns  ×2^24    C=49.618 [trial 2/3]
  16_384  49.000 ns  ×2^24    C=49.658 [trial 2/3]
     128  50.000 ns  ×2^24    C=49.802 [trial 3/3] †
     256  49.000 ns  ×2^24    C=49.056 [trial 3/3]
     512  49.000 ns  ×2^24    C=49.710 [trial 3/3]
   1_024  49.000 ns  ×2^24    C=49.688 [trial 3/3]
   2_048  50.000 ns  ×2^24    C=49.376 [trial 3/3]
   4_096  49.000 ns  ×2^24    C=49.912 [trial 3/3]
   8_192  49.000 ns  ×2^24    C=49.618 [trial 3/3]
  16_384  49.000 ns  ×2^24    C=49.658 [trial 3/3]
  verdict: consistent with declared complexity (cMin=49.056, cMax=49.912, β=+0.002)
  per-spawn floor (harness self-measurement): 28.509 ms
  peak RSS: 67_608 kB..68_812 kB (across 24 ok row(s))
  trial summaries (3 trials per param; spread = (max-min)/median):
     param  trials  median     min        max        spread
       128  3/3     49.000 ns  49.000 ns  50.000 ns  0.978%
       256  3/3     49.000 ns  49.000 ns  49.000 ns  1.588%
       512  3/3     49.000 ns  48.000 ns  50.000 ns  3.391%
     1_024  3/3     49.000 ns  49.000 ns  49.000 ns  0.872%
     2_048  3/3     49.000 ns  49.000 ns  50.000 ns  1.941%
     4_096  3/3     49.000 ns  49.000 ns  50.000 ns  1.716%
     8_192  3/3     49.000 ns  49.000 ns  49.000 ns  1.005%
    16_384  3/3     49.000 ns  49.000 ns  49.000 ns  0.949%
exported to /tmp/issue-10376-infinitesimal-runtime-1s/runtime.json
