Hex.PolyBench.runPseudoGcd    expected complexity: n * n    [warm cache]
  env: lean=4.34.0, os=linux, arch=x86_64, commit=98b490c-dirty, 2026-09-21T09:25:47Z, host=chungus2
  param  per-call    repeats  C
     16    9.203 µs  ×2^13    C=31.387 [trial 1/4] †
     24   16.838 µs  ×2^12    C=27.177 [trial 1/4] †
     32   44.656 µs  ×2^11    C=25.383 [trial 1/4]
     48   55.377 µs  ×2^11    C=22.350 [trial 1/4]
     64   92.949 µs  ×2^10    C=21.039 [trial 1/4]
     96  236.758 µs  ×2^9     C=20.076 [trial 1/4]
    128  357.404 µs  ×2^8     C=19.025 [trial 1/4]
    192  754.894 µs  ×2^7     C=18.424 [trial 1/4]
    256    1.638 ms  ×2^6     C=18.001 [trial 1/4]
    384    2.765 ms  ×2^5     C=17.657 [trial 1/4]
    512    4.865 ms  ×2^4     C=17.389 [trial 1/4]
    768   10.824 ms  ×2^3     C=17.531 [trial 1/4]
  1_024   19.286 ms  ×2^2     C=16.871 [trial 1/4]
     16    8.337 µs  ×2^13    C=31.387 [trial 2/4] †
     24   16.281 µs  ×2^12    C=27.177 [trial 2/4] †
     32   27.447 µs  ×2^12    C=25.383 [trial 2/4]
     48   52.712 µs  ×2^11    C=22.350 [trial 2/4]
     64   87.968 µs  ×2^10    C=21.039 [trial 2/4]
     96  183.997 µs  ×2^9     C=20.076 [trial 2/4]
    128  315.530 µs  ×2^8     C=19.025 [trial 2/4]
    192  683.021 µs  ×2^7     C=18.424 [trial 2/4]
    256    1.191 ms  ×2^6     C=18.001 [trial 2/4]
    384    2.592 ms  ×2^5     C=17.657 [trial 2/4]
    512    4.494 ms  ×2^4     C=17.389 [trial 2/4]
    768   10.532 ms  ×2^3     C=17.531 [trial 2/4]
  1_024   17.423 ms  ×2^2     C=16.871 [trial 2/4]
     16    7.404 µs  ×2^13    C=31.387 [trial 3/4] †
     24   14.993 µs  ×2^12    C=27.177 [trial 3/4] †
     32   23.259 µs  ×2^12    C=25.383 [trial 3/4]
     48   48.293 µs  ×2^11    C=22.350 [trial 3/4]
     64   82.641 µs  ×2^10    C=21.039 [trial 3/4]
     96  186.045 µs  ×2^8     C=20.076 [trial 3/4]
    128  307.872 µs  ×2^8     C=19.025 [trial 3/4]
    192  675.326 µs  ×2^7     C=18.424 [trial 3/4]
    256    1.168 ms  ×2^6     C=18.001 [trial 3/4]
    384    2.615 ms  ×2^5     C=17.657 [trial 3/4]
    512    4.623 ms  ×2^4     C=17.389 [trial 3/4]
    768   10.149 ms  ×2^3     C=17.531 [trial 3/4]
  1_024   17.957 ms  ×2^2     C=16.871 [trial 3/4]
     16    7.732 µs  ×2^13    C=31.387 [trial 4/4] †
     24   15.026 µs  ×2^12    C=27.177 [trial 4/4] †
     32   24.537 µs  ×2^12    C=25.383 [trial 4/4]
     48   50.275 µs  ×2^11    C=22.350 [trial 4/4]
     64   84.386 µs  ×2^10    C=21.039 [trial 4/4]
     96  176.991 µs  ×2^9     C=20.076 [trial 4/4]
    128  304.496 µs  ×2^8     C=19.025 [trial 4/4]
    192  671.694 µs  ×2^7     C=18.424 [trial 4/4]
    256    1.157 ms  ×2^6     C=18.001 [trial 4/4]
    384    2.527 ms  ×2^5     C=17.657 [trial 4/4]
    512    4.387 ms  ×2^4     C=17.389 [trial 4/4]
    768    9.707 ms  ×2^3     C=17.531 [trial 4/4]
  1_024   17.092 ms  ×2^2     C=16.871 [trial 4/4]
  verdict: consistent with declared complexity (cMin=16.871, cMax=25.383, β=-0.102)
  per-spawn floor (harness self-measurement): 25.636 ms
  peak RSS: 67_732 kB..68_888 kB (across 52 ok row(s))
  trial summaries (4 trials per param; spread = (max-min)/median):
    param  trials  median      min         max         spread 
       16  4/4       8.035 µs    7.404 µs    9.203 µs  22.398%
       24  4/4      15.654 µs   14.993 µs   16.838 µs  11.788%
       32  4/4      25.992 µs   23.259 µs   44.656 µs  82.322%
       48  4/4      51.493 µs   48.293 µs   55.377 µs  13.756%
       64  4/4      86.177 µs   82.641 µs   92.949 µs  11.961%
       96  4/4     185.021 µs  176.991 µs  236.758 µs  32.303%
      128  4/4     311.701 µs  304.496 µs  357.404 µs  16.974%
      192  4/4     679.173 µs  671.694 µs  754.894 µs  12.250%
      256  4/4       1.180 ms    1.157 ms    1.638 ms  40.762%
      384  4/4       2.604 ms    2.527 ms    2.765 ms  9.143% 
      512  4/4       4.558 ms    4.387 ms    4.865 ms  10.485%
      768  4/4      10.340 ms    9.707 ms   10.824 ms  10.796%
    1_024  4/4      17.690 ms   17.092 ms   19.286 ms  12.400%
exported to /home/kim/worktrees/hex-dev/hex-dev-issue-10375/reports/bench-results/poly-pseudo-wide/poly.json
