Incremental samples: /home/kim/.local/state/hex/issue-10377-kernel-cost/2616e53b0/rationalfn-compatibility.json.samples.jsonl
[warm] lake build +HexRationalFn.ProofProbe.Baseline:deps +HexRationalFn.ProofProbe.Reject64:deps +HexRationalFn.ProofProbe.Replay16:deps +HexRationalFn.ProofProbe.Replay4:deps +HexRationalFn.ProofProbe.Replay64:deps
[pair] import-null reference (HexRationalFn.ProofProbe.Baseline)
[pair] import-null candidate (HexRationalFn.ProofProbe.Baseline)
[pair] replay-null reference (HexRationalFn.ProofProbe.Replay64)
[pair] replay-null candidate (HexRationalFn.ProofProbe.Replay64)
[pair] replay-4 reference (HexRationalFn.ProofProbe.Baseline)
[pair] replay-4 candidate (HexRationalFn.ProofProbe.Replay4)
[pair] replay-16 reference (HexRationalFn.ProofProbe.Baseline)
[pair] replay-16 candidate (HexRationalFn.ProofProbe.Replay16)
[pair] replay-64 reference (HexRationalFn.ProofProbe.Baseline)
[pair] replay-64 candidate (HexRationalFn.ProofProbe.Replay64)
[pair] reject-64 reference (HexRationalFn.ProofProbe.Baseline)
[pair] reject-64 candidate (HexRationalFn.ProofProbe.Reject64)
[pair] replay-null candidate (HexRationalFn.ProofProbe.Replay64)
[pair] replay-null reference (HexRationalFn.ProofProbe.Replay64)
[pair] replay-4 candidate (HexRationalFn.ProofProbe.Replay4)
[pair] replay-4 reference (HexRationalFn.ProofProbe.Baseline)
[pair] replay-16 candidate (HexRationalFn.ProofProbe.Replay16)
[pair] replay-16 reference (HexRationalFn.ProofProbe.Baseline)
[pair] replay-64 candidate (HexRationalFn.ProofProbe.Replay64)
[pair] replay-64 reference (HexRationalFn.ProofProbe.Baseline)
[pair] reject-64 candidate (HexRationalFn.ProofProbe.Reject64)
[pair] reject-64 reference (HexRationalFn.ProofProbe.Baseline)
[pair] import-null candidate (HexRationalFn.ProofProbe.Baseline)
[pair] import-null reference (HexRationalFn.ProofProbe.Baseline)
[pair] replay-4 reference (HexRationalFn.ProofProbe.Baseline)
[pair] replay-4 candidate (HexRationalFn.ProofProbe.Replay4)
[pair] replay-16 reference (HexRationalFn.ProofProbe.Baseline)
[pair] replay-16 candidate (HexRationalFn.ProofProbe.Replay16)
[pair] replay-64 reference (HexRationalFn.ProofProbe.Baseline)
[pair] replay-64 candidate (HexRationalFn.ProofProbe.Replay64)
[pair] reject-64 reference (HexRationalFn.ProofProbe.Baseline)
[pair] reject-64 candidate (HexRationalFn.ProofProbe.Reject64)
[pair] import-null reference (HexRationalFn.ProofProbe.Baseline)
[pair] import-null candidate (HexRationalFn.ProofProbe.Baseline)
[pair] replay-null reference (HexRationalFn.ProofProbe.Replay64)
[pair] replay-null candidate (HexRationalFn.ProofProbe.Replay64)
[pair] replay-16 candidate (HexRationalFn.ProofProbe.Replay16)
[pair] replay-16 reference (HexRationalFn.ProofProbe.Baseline)
[pair] replay-64 candidate (HexRationalFn.ProofProbe.Replay64)
[pair] replay-64 reference (HexRationalFn.ProofProbe.Baseline)
[pair] reject-64 candidate (HexRationalFn.ProofProbe.Reject64)
[pair] reject-64 reference (HexRationalFn.ProofProbe.Baseline)
[pair] import-null candidate (HexRationalFn.ProofProbe.Baseline)
[pair] import-null reference (HexRationalFn.ProofProbe.Baseline)
[pair] replay-null candidate (HexRationalFn.ProofProbe.Replay64)
[pair] replay-null reference (HexRationalFn.ProofProbe.Replay64)
[pair] replay-4 candidate (HexRationalFn.ProofProbe.Replay4)
[pair] replay-4 reference (HexRationalFn.ProofProbe.Baseline)
[pair] replay-64 reference (HexRationalFn.ProofProbe.Baseline)
[pair] replay-64 candidate (HexRationalFn.ProofProbe.Replay64)
[pair] reject-64 reference (HexRationalFn.ProofProbe.Baseline)
[pair] reject-64 candidate (HexRationalFn.ProofProbe.Reject64)
[pair] import-null reference (HexRationalFn.ProofProbe.Baseline)
[pair] import-null candidate (HexRationalFn.ProofProbe.Baseline)
[pair] replay-null reference (HexRationalFn.ProofProbe.Replay64)
[pair] replay-null candidate (HexRationalFn.ProofProbe.Replay64)
[pair] replay-4 reference (HexRationalFn.ProofProbe.Baseline)
[pair] replay-4 candidate (HexRationalFn.ProofProbe.Replay4)
[pair] replay-16 reference (HexRationalFn.ProofProbe.Baseline)
[pair] replay-16 candidate (HexRationalFn.ProofProbe.Replay16)
[pair] reject-64 candidate (HexRationalFn.ProofProbe.Reject64)
[pair] reject-64 reference (HexRationalFn.ProofProbe.Baseline)
[pair] import-null candidate (HexRationalFn.ProofProbe.Baseline)
[pair] import-null reference (HexRationalFn.ProofProbe.Baseline)
[pair] replay-null candidate (HexRationalFn.ProofProbe.Replay64)
[pair] replay-null reference (HexRationalFn.ProofProbe.Replay64)
[pair] replay-4 candidate (HexRationalFn.ProofProbe.Replay4)
[pair] replay-4 reference (HexRationalFn.ProofProbe.Baseline)
[pair] replay-16 candidate (HexRationalFn.ProofProbe.Replay16)
[pair] replay-16 reference (HexRationalFn.ProofProbe.Baseline)
[pair] replay-64 candidate (HexRationalFn.ProofProbe.Replay64)
[pair] replay-64 reference (HexRationalFn.ProofProbe.Baseline)
/home/kim/.local/state/hex/issue-10377-kernel-cost/2616e53b0/rationalfn-compatibility.json
