Hex.PolyBench.runPseudoDiv    expected complexity: n * n    [warm cache]
  env: lean=4.34.0, os=linux, arch=x86_64, commit=f6da544-dirty, 2026-09-21T08:07:45Z, host=chungus2
  param  per-call    repeats  C
     64   48.363 µs  ×2^11    C=11.845 [trial 1/4] †
     96   99.849 µs  ×2^10    C=10.862 [trial 1/4]
    128  177.772 µs  ×2^9     C=10.864 [trial 1/4]
    192  401.131 µs  ×2^8     C=10.644 [trial 1/4]
    256  683.173 µs  ×2^7     C=10.461 [trial 1/4]
    384    1.527 ms  ×2^6     C=10.339 [trial 1/4]
    512    2.693 ms  ×2^5     C=10.259 [trial 1/4]
     64   48.672 µs  ×2^11    C=11.845 [trial 2/4] †
     96  100.164 µs  ×2^10    C=10.862 [trial 2/4]
    128  178.746 µs  ×2^9     C=10.864 [trial 2/4]
    192  392.156 µs  ×2^8     C=10.644 [trial 2/4]
    256  693.419 µs  ×2^7     C=10.461 [trial 2/4]
    384    1.504 ms  ×2^6     C=10.339 [trial 2/4]
    512    2.693 ms  ×2^5     C=10.259 [trial 2/4]
     64   47.297 µs  ×2^11    C=11.845 [trial 3/4] †
     96  100.052 µs  ×2^10    C=10.862 [trial 3/4]
    128  177.922 µs  ×2^9     C=10.864 [trial 3/4]
    192  392.596 µs  ×2^8     C=10.644 [trial 3/4]
    256  680.216 µs  ×2^7     C=10.461 [trial 3/4]
    384    1.523 ms  ×2^6     C=10.339 [trial 3/4]
    512    2.686 ms  ×2^5     C=10.259 [trial 3/4]
     64   48.877 µs  ×2^11    C=11.845 [trial 4/4] †
     96  100.947 µs  ×2^10    C=10.862 [trial 4/4]
    128  178.061 µs  ×2^9     C=10.864 [trial 4/4]
    192  391.245 µs  ×2^8     C=10.644 [trial 4/4]
    256  687.925 µs  ×2^7     C=10.461 [trial 4/4]
    384    1.526 ms  ×2^6     C=10.339 [trial 4/4]
    512    2.659 ms  ×2^5     C=10.259 [trial 4/4]
  verdict: consistent with declared complexity (cMin=10.259, cMax=10.864, β=-0.038)
  per-spawn floor (harness self-measurement): 21.345 ms
  peak RSS: 67_776 kB..68_828 kB (across 28 ok row(s))
  trial summaries (4 trials per param; spread = (max-min)/median):
    param  trials  median      min         max         spread
       64  4/4      48.517 µs   47.297 µs   48.877 µs  3.256%
       96  4/4     100.108 µs   99.849 µs  100.947 µs  1.097%
      128  4/4     177.991 µs  177.772 µs  178.746 µs  0.547%
      192  4/4     392.376 µs  391.245 µs  401.131 µs  2.520%
      256  4/4     685.549 µs  680.216 µs  693.419 µs  1.926%
      384  4/4       1.525 ms    1.504 ms    1.527 ms  1.557%
      512  4/4       2.689 ms    2.659 ms    2.693 ms  1.258%

Hex.PolyBench.runPseudoGcd    expected complexity: n * n    [warm cache]
  env: lean=4.34.0, os=linux, arch=x86_64, commit=f6da544-dirty, 2026-09-21T08:07:48Z, host=chungus2
  param  per-call    repeats  C
     16    7.517 µs  ×2^13    C=29.425 [trial 1/4] †
     24   14.524 µs  ×2^12    C=25.388 [trial 1/4]
     32   24.194 µs  ×2^12    C=23.390 [trial 1/4]
     48   48.056 µs  ×2^11    C=21.049 [trial 1/4]
     64   81.316 µs  ×2^10    C=20.003 [trial 1/4]
     96  171.310 µs  ×2^9     C=18.654 [trial 1/4]
     16    7.593 µs  ×2^13    C=29.425 [trial 2/4] †
     24   14.626 µs  ×2^12    C=25.388 [trial 2/4]
     32   24.058 µs  ×2^12    C=23.390 [trial 2/4]
     48   49.015 µs  ×2^11    C=21.049 [trial 2/4]
     64   82.285 µs  ×2^10    C=20.003 [trial 2/4]
     96  173.181 µs  ×2^9     C=18.654 [trial 2/4]
     16    7.548 µs  ×2^13    C=29.425 [trial 3/4] †
     24   14.628 µs  ×2^12    C=25.388 [trial 3/4]
     32   23.843 µs  ×2^12    C=23.390 [trial 3/4]
     48   48.539 µs  ×2^11    C=21.049 [trial 3/4]
     64   81.741 µs  ×2^10    C=20.003 [trial 3/4]
     96  171.726 µs  ×2^9     C=18.654 [trial 3/4]
     16    7.432 µs  ×2^13    C=29.425 [trial 4/4] †
     24   14.620 µs  ×2^12    C=25.388 [trial 4/4]
     32   23.750 µs  ×2^12    C=23.390 [trial 4/4]
     48   48.454 µs  ×2^11    C=21.049 [trial 4/4]
     64   82.121 µs  ×2^10    C=20.003 [trial 4/4]
     96  172.105 µs  ×2^9     C=18.654 [trial 4/4]
  verdict: inconclusive (cMin=18.654, cMax=25.388, β=-0.223, looks faster than declared by ~n^0.223)
  per-spawn floor (harness self-measurement): 21.074 ms
  peak RSS: 67_772 kB..68_656 kB (across 24 ok row(s))
  trial summaries (4 trials per param; spread = (max-min)/median):
    param  trials  median      min         max         spread
       16  4/4       7.532 µs    7.432 µs    7.593 µs  2.147%
       24  4/4      14.623 µs   14.524 µs   14.628 µs  0.705%
       32  4/4      23.951 µs   23.750 µs   24.194 µs  1.854%
       48  4/4      48.496 µs   48.056 µs   49.015 µs  1.978%
       64  4/4      81.931 µs   81.316 µs   82.285 µs  1.183%
       96  4/4     171.916 µs  171.310 µs  173.181 µs  1.088%

exported to /home/kim/worktrees/hex-dev/hex-dev-issue-10375/reports/bench-results/poly-pseudo-f6da5442ea8f/complexity.json
