✔ [137/195] Built HexArith.Montgomery.InvNat (657ms)
✔ [138/195] Built HexArith.Montgomery.InvNat:c.o (65ms)
✔ [139/195] Built HexArith.Montgomery.InvNat:dynlib (70ms)
✔ [140/195] Built HexArith.Montgomery.Redc (423ms)
✔ [142/195] Built HexArith.Montgomery.Redc:dynlib (70ms)
✔ [143/195] Built HexArith.Montgomery.Context (774ms)
✔ [146/195] Built HexArith (250ms)
✔ [148/195] Built HexArith:shared (54ms)
✔ [149/195] Built HexPrimality.Order (549ms)
✔ [151/195] Built HexPrimality.Sieve (994ms)
✔ [153/195] Built HexPrimality.MillerRabin (515ms)
✔ [155/195] Built HexPrimality.Cert3 (1.3s)
✔ [157/195] Built HexPrimality.Table (9.3s)
ℹ [158/195] Replayed HexPrimality.Table:c.o
info: stderr:
/home/kim/worktrees/hex-dev/hex-dev-issue-9619/.lake/build/ir/HexPrimality/Table.c:30:114: warning: implicit truncation from '__size_t' (aka 'unsigned long') to bit-field changes value from 76760 to 11224 [-Wbitfield-constant-conversion]
1 warning generated.
✔ [159/195] Built HexPrimality.PMinusOne (371ms)
✔ [161/195] Built HexIntFactor.PMinusOne (269ms)
✔ [163/195] Built HexPrimality.Cert (831ms)
✔ [165/195] Built HexIntFactor.Ecm (498ms)
✔ [167/195] Built HexIntFactor.Cert (414ms)
✔ [169/195] Built HexIntFactor.Partial (307ms)
✔ [170/195] Built HexIntFactor.DivisorEnumeration (378ms)
✔ [173/195] Built HexIntFactor.Order (595ms)
✔ [175/195] Built HexPrimality.Search (1.4s)
✔ [176/195] Built HexIntFactor.Divisors (706ms)
✔ [179/195] Built HexIntFactor.Rho (256ms)
✔ [181/195] Built HexIntFactor.Small (387ms)
✔ [183/195] Built HexPrimality.Elab (781ms)
✔ [185/195] Built HexIntFactor.Factor (572ms)
✔ [187/195] Built HexIntFactor.Cyclotomic (463ms)
✔ [188/195] Built HexIntFactor.Primality (514ms)
✔ [191/195] Built HexIntFactor (492ms)
✔ [193/195] Built HexIntFactor.Bench (89s)
✔ [195/195] Built hexintfactor_bench:exe (659ms)
Build completed successfully (195 jobs).
