ℹ [137/195] Replayed HexPrimality.Table:c.o
info: stderr:
/home/kim/worktrees/hex-dev/hex-dev-issue-9619/.lake/build/ir/HexPrimality/Table.c:30:114: warning: implicit truncation from '__size_t' (aka 'unsigned long') to bit-field changes value from 76760 to 11224 [-Wbitfield-constant-conversion]
1 warning generated.
✔ [160/195] Built LeanBench.Schema (247ms)
✔ [161/195] Built LeanBench.Schema:c.o (117ms)
✔ [162/195] Built LeanBench.KernelProfile (436ms)
✔ [163/195] Built LeanBench.Schema:dynlib (52ms)
✔ [164/195] Built LeanBench.KernelProfile:c.o (172ms)
✔ [165/195] Built LeanBench.KernelProfile:dynlib (49ms)
✔ [166/195] Built LeanBench.Run (688ms)
✔ [167/195] Built LeanBench.Child (577ms)
✔ [168/195] Built LeanBench.Export (845ms)
✔ [170/195] Built LeanBench.Export:dynlib (48ms)
✔ [171/195] Built LeanBench.Child:c.o (395ms)
✔ [172/195] Built LeanBench.Child:dynlib (54ms)
✔ [173/195] Built LeanBench.Run:c.o (959ms)
✔ [174/195] Built LeanBench.Run:dynlib (55ms)
✔ [175/195] Built LeanBench.Profile (453ms)
✔ [176/195] Built LeanBench.Setup (1.0s)
✔ [177/195] Built LeanBench.Compare (502ms)
✔ [179/195] Built LeanBench.Compare:dynlib (53ms)
✔ [180/195] Built LeanBench.Profile:c.o (140ms)
✔ [181/195] Built LeanBench.Profile:dynlib (54ms)
✔ [182/195] Built LeanBench.Cli.Handlers (651ms)
✔ [183/195] Built LeanBench.Setup:c.o (1.2s)
✔ [184/195] Built LeanBench.Setup:dynlib (54ms)
✔ [185/195] Built LeanBench.Cli.Handlers:c.o (759ms)
✔ [186/195] Built LeanBench.Cli.Handlers:dynlib (52ms)
✔ [187/195] Built LeanBench.Cli (449ms)
✔ [188/195] Built LeanBench.Cli:c.o (187ms)
✔ [189/195] Built LeanBench.Cli:dynlib (53ms)
✔ [190/195] Built LeanBench (364ms)
✔ [192/195] Built LeanBench:shared (65ms)
✔ [193/195] Built HexIntFactor.Bench (80s)
✔ [194/195] Built HexIntFactor.Bench:c.o (2.8s)
✔ [195/195] Built hexintfactor_bench:exe (617ms)
Build completed successfully (195 jobs).
