Hex.NumberTowerBench.runTowerFactorPair2    [fixed] repeats=5
  env: lean=4.34.0-rc2, os=linux, arch=x86_64, commit=af91cca-dirty, 2026-09-07T12:51:16Z, host=chungus2
  repeat 0  802.843 µs  (×2^8, total 205.528 ms)
  repeat 1  817.339 µs  (×2^8, total 209.239 ms)
  repeat 2  807.990 µs  (×2^8, total 206.846 ms)
  repeat 3  811.225 µs  (×2^8, total 207.674 ms)
  repeat 4  800.207 µs  (×2^8, total 204.853 ms)
  median: 807.990 µs    min: 800.207 µs    max: 817.339 µs
  hash: all repeats agree
  observed hash: 0x91a80e0030157d88
  peak RSS: 69_788 kB..70_004 kB (across 5 ok repeat(s))

Hex.NumberTowerBench.runTowerFactorPair3    [fixed] repeats=5
  env: lean=4.34.0-rc2, os=linux, arch=x86_64, commit=af91cca-dirty, 2026-09-07T12:51:19Z, host=chungus2
  repeat 0  1.015 ms  (×2^8, total 259.802 ms)
  repeat 1  1.031 ms  (×2^8, total 264.061 ms)
  repeat 2  1.054 ms  (×2^8, total 269.877 ms)
  repeat 3  1.019 ms  (×2^8, total 260.924 ms)
  repeat 4  1.056 ms  (×2^8, total 270.353 ms)
  median: 1.031 ms    min: 1.015 ms    max: 1.056 ms
  hash: all repeats agree
  observed hash: 0x564b7c1b2bee61fa
  peak RSS: 69_760 kB..70_004 kB (across 5 ok repeat(s))

Hex.NumberTowerBench.runTowerFactorPair4    [fixed] repeats=5
  env: lean=4.34.0-rc2, os=linux, arch=x86_64, commit=af91cca-dirty, 2026-09-07T12:51:22Z, host=chungus2
  repeat 0  1.680 ms  (×2^8, total 430.153 ms)
  repeat 1  1.356 ms  (×2^8, total 347.058 ms)
  repeat 2  1.365 ms  (×2^8, total 349.425 ms)
  repeat 3  1.499 ms  (×2^8, total 383.786 ms)
  repeat 4  1.839 ms  (×2^8, total 470.658 ms)
  median: 1.499 ms    min: 1.356 ms    max: 1.839 ms
  hash: all repeats agree
  observed hash: 0x2c83a4cef9799294
  peak RSS: 69_772 kB..70_336 kB (across 5 ok repeat(s))

Hex.NumberTowerBench.runTowerFactorPair6    [fixed] repeats=5
  env: lean=4.34.0-rc2, os=linux, arch=x86_64, commit=af91cca-dirty, 2026-09-07T12:51:27Z, host=chungus2
  repeat 0  2.115 ms  (×2^7, total 270.665 ms)
  repeat 1  2.096 ms  (×2^7, total 268.250 ms)
  repeat 2  2.086 ms  (×2^7, total 267.055 ms)
  repeat 3  2.189 ms  (×2^7, total 280.254 ms)
  repeat 4  2.079 ms  (×2^7, total 266.154 ms)
  median: 2.096 ms    min: 2.079 ms    max: 2.189 ms
  hash: all repeats agree
  observed hash: 0x49213ee8f422ba78
  peak RSS: 69_724 kB..70_004 kB (across 5 ok repeat(s))

Hex.NumberTowerBench.runTowerFactorPair8    [fixed] repeats=5
  env: lean=4.34.0-rc2, os=linux, arch=x86_64, commit=af91cca-dirty, 2026-09-07T12:51:30Z, host=chungus2
  repeat 0  3.000 ms  (×2^7, total 383.973 ms)
  repeat 1  2.984 ms  (×2^7, total 381.975 ms)
  repeat 2  2.996 ms  (×2^7, total 383.506 ms)
  repeat 3  3.005 ms  (×2^7, total 384.611 ms)
  repeat 4  2.974 ms  (×2^7, total 380.627 ms)
  median: 2.996 ms    min: 2.974 ms    max: 3.005 ms
  hash: all repeats agree
  observed hash: 0x9621b9eb5cafb441
  peak RSS: 69_928 kB..70_332 kB (across 5 ok repeat(s))

Hex.NumberTowerBench.runTowerFactorPair12    [fixed] repeats=5
  env: lean=4.34.0-rc2, os=linux, arch=x86_64, commit=af91cca-dirty, 2026-09-07T12:51:35Z, host=chungus2
  repeat 0  5.814 ms  (×2^6, total 372.090 ms)
  repeat 1  5.814 ms  (×2^6, total 372.120 ms)
  repeat 2  5.823 ms  (×2^6, total 372.674 ms)
  repeat 3  5.757 ms  (×2^6, total 368.427 ms)
  repeat 4  5.781 ms  (×2^6, total 369.980 ms)
  median: 5.814 ms    min: 5.757 ms    max: 5.823 ms
  hash: all repeats agree
  observed hash: 0x803ff6b97716ffb9
  peak RSS: 69_724 kB..70_112 kB (across 5 ok repeat(s))

Hex.NumberTowerBench.runTowerFactorLadder    [fixed] repeats=5
  env: lean=4.34.0-rc2, os=linux, arch=x86_64, commit=af91cca-dirty, 2026-09-07T12:51:40Z, host=chungus2
  repeat 0  18.225 ms  (×2^4, total 291.606 ms)
  repeat 1  18.116 ms  (×2^4, total 289.858 ms)
  repeat 2  18.322 ms  (×2^4, total 293.150 ms)
  repeat 3  18.765 ms  (×2^4, total 300.238 ms)
  repeat 4  18.359 ms  (×2^4, total 293.748 ms)
  median: 18.322 ms    min: 18.116 ms    max: 18.765 ms
  hash: all repeats agree
  observed hash: 0x3a7f4c606ce48b1b
  expected hash: matches
  peak RSS: 69_908 kB..70_460 kB (across 5 ok repeat(s))

Hex.NumberTowerBench.runTowerCheckFactorization    [fixed] repeats=5
  env: lean=4.34.0-rc2, os=linux, arch=x86_64, commit=af91cca-dirty, 2026-09-07T12:51:44Z, host=chungus2
  repeat 0  8.584 ms  (×2^5, total 274.677 ms)
  repeat 1  8.668 ms  (×2^5, total 277.381 ms)
  repeat 2  8.688 ms  (×2^5, total 278.006 ms)
  repeat 3  8.606 ms  (×2^5, total 275.404 ms)
  repeat 4  8.606 ms  (×2^5, total 275.391 ms)
  median: 8.606 ms    min: 8.584 ms    max: 8.688 ms
  hash: all repeats agree
  observed hash: 0xb
  expected hash: matches
  peak RSS: 69_908 kB..70_332 kB (across 5 ok repeat(s))

exported to reports/bench-results/tower-singleton-quadratic/issue-10074-quadratic-af7-6-right.json
