Hex.NumberTowerBench.runTowerFactorPair2    [fixed] repeats=5
  env: lean=4.34.0-rc2, os=linux, arch=x86_64, commit=4209945-dirty, 2026-09-07T13:13:45Z, host=chungus2
  repeat 0  801.648 µs  (×2^8, total 205.222 ms)
  repeat 1  813.346 µs  (×2^8, total 208.217 ms)
  repeat 2  794.529 µs  (×2^8, total 203.399 ms)
  repeat 3  801.502 µs  (×2^8, total 205.185 ms)
  repeat 4  795.185 µs  (×2^8, total 203.567 ms)
  median: 801.502 µs    min: 794.529 µs    max: 813.346 µs
  hash: all repeats agree
  observed hash: 0x91a80e0030157d88
  peak RSS: 69_872 kB..70_360 kB (across 5 ok repeat(s))

Hex.NumberTowerBench.runTowerFactorPair3    [fixed] repeats=5
  env: lean=4.34.0-rc2, os=linux, arch=x86_64, commit=4209945-dirty, 2026-09-07T13:13:48Z, host=chungus2
  repeat 0  1.021 ms  (×2^8, total 261.389 ms)
  repeat 1  1.012 ms  (×2^8, total 258.993 ms)
  repeat 2  1.011 ms  (×2^8, total 258.750 ms)
  repeat 3  1.028 ms  (×2^8, total 263.202 ms)
  repeat 4  1.017 ms  (×2^8, total 260.351 ms)
  median: 1.017 ms    min: 1.011 ms    max: 1.028 ms
  hash: all repeats agree
  observed hash: 0x564b7c1b2bee61fa
  peak RSS: 69_904 kB..70_468 kB (across 5 ok repeat(s))

Hex.NumberTowerBench.runTowerFactorPair4    [fixed] repeats=5
  env: lean=4.34.0-rc2, os=linux, arch=x86_64, commit=4209945-dirty, 2026-09-07T13:13:51Z, host=chungus2
  repeat 0  2.134 ms  (×2^7, total 273.159 ms)
  repeat 1  1.388 ms  (×2^8, total 355.315 ms)
  repeat 2  1.395 ms  (×2^8, total 357.149 ms)
  repeat 3  1.399 ms  (×2^8, total 358.165 ms)
  repeat 4  1.405 ms  (×2^8, total 359.565 ms)
  median: 1.399 ms    min: 1.388 ms    max: 2.134 ms
  hash: all repeats agree
  observed hash: 0x2c83a4cef9799294
  peak RSS: 69_844 kB..70_360 kB (across 5 ok repeat(s))

Hex.NumberTowerBench.runTowerFactorPair6    [fixed] repeats=5
  env: lean=4.34.0-rc2, os=linux, arch=x86_64, commit=4209945-dirty, 2026-09-07T13:13:56Z, host=chungus2
  repeat 0  2.196 ms  (×2^7, total 281.125 ms)
  repeat 1  2.420 ms  (×2^7, total 309.723 ms)
  repeat 2  2.187 ms  (×2^7, total 279.936 ms)
  repeat 3  2.193 ms  (×2^7, total 280.764 ms)
  repeat 4  2.787 ms  (×2^7, total 356.765 ms)
  median: 2.196 ms    min: 2.187 ms    max: 2.787 ms
  hash: all repeats agree
  observed hash: 0x49213ee8f422ba78
  peak RSS: 69_940 kB..70_088 kB (across 5 ok repeat(s))

Hex.NumberTowerBench.runTowerFactorPair8    [fixed] repeats=5
  env: lean=4.34.0-rc2, os=linux, arch=x86_64, commit=4209945-dirty, 2026-09-07T13:13:59Z, host=chungus2
  repeat 0  3.345 ms  (×2^6, total 214.066 ms)
  repeat 1  3.274 ms  (×2^6, total 209.563 ms)
  repeat 2  3.331 ms  (×2^6, total 213.177 ms)
  repeat 3  3.471 ms  (×2^6, total 222.139 ms)
  repeat 4  3.163 ms  (×2^6, total 202.401 ms)
  median: 3.331 ms    min: 3.163 ms    max: 3.471 ms
  hash: all repeats agree
  observed hash: 0x9621b9eb5cafb441
  peak RSS: 69_672 kB..70_468 kB (across 5 ok repeat(s))

Hex.NumberTowerBench.runTowerFactorPair12    [fixed] repeats=5
  env: lean=4.34.0-rc2, os=linux, arch=x86_64, commit=4209945-dirty, 2026-09-07T13:14:02Z, host=chungus2
  repeat 0  6.450 ms  (×2^5, total 206.389 ms)
  repeat 1  6.542 ms  (×2^5, total 209.333 ms)
  repeat 2  6.778 ms  (×2^5, total 216.901 ms)
  repeat 3  6.812 ms  (×2^5, total 217.980 ms)
  repeat 4  6.773 ms  (×2^5, total 216.734 ms)
  median: 6.773 ms    min: 6.450 ms    max: 6.812 ms
  hash: all repeats agree
  observed hash: 0x803ff6b97716ffb9
  peak RSS: 69_844 kB..70_116 kB (across 5 ok repeat(s))

Hex.NumberTowerBench.runTowerFactorLadder    [fixed] repeats=5
  env: lean=4.34.0-rc2, os=linux, arch=x86_64, commit=4209945-dirty, 2026-09-07T13:14:05Z, host=chungus2
  repeat 0  25.692 ms  (×2^3, total 205.538 ms)
  repeat 1  25.506 ms  (×2^3, total 204.052 ms)
  repeat 2  26.926 ms  (×2^3, total 215.410 ms)
  repeat 3  27.108 ms  (×2^3, total 216.866 ms)
  repeat 4  25.141 ms  (×2^3, total 201.125 ms)
  median: 25.692 ms    min: 25.141 ms    max: 27.108 ms
  hash: all repeats agree
  observed hash: 0x3a7f4c606ce48b1b
  expected hash: matches
  peak RSS: 69_952 kB..70_172 kB (across 5 ok repeat(s))

Hex.NumberTowerBench.runTowerCheckFactorization    [fixed] repeats=5
  env: lean=4.34.0-rc2, os=linux, arch=x86_64, commit=4209945-dirty, 2026-09-07T13:14:08Z, host=chungus2
  repeat 0  12.505 ms  (×2^4, total 200.078 ms)
  repeat 1  12.445 ms  (×2^5, total 398.255 ms)
  repeat 2  12.269 ms  (×2^5, total 392.614 ms)
  repeat 3  12.196 ms  (×2^5, total 390.266 ms)
  repeat 4  12.032 ms  (×2^5, total 385.036 ms)
  median: 12.269 ms    min: 12.032 ms    max: 12.505 ms
  hash: all repeats agree
  observed hash: 0xb
  expected hash: matches
  peak RSS: 69_772 kB..70_584 kB (across 5 ok repeat(s))

exported to reports/bench-results/tower-singleton-quadratic/issue-10074-combined-singleton-2-left.json
