Hex.NumberTowerBench.runTowerFactorPair2    [fixed] repeats=5
  env: lean=4.34.0-rc2, os=linux, arch=x86_64, commit=0265769-dirty, 2026-09-07T16:04:31Z, host=chungus2
  repeat 0  931.930 µs  (×2^8, total 238.574 ms)
  repeat 1  937.421 µs  (×2^8, total 239.980 ms)
  repeat 2  949.817 µs  (×2^8, total 243.153 ms)
  repeat 3  941.496 µs  (×2^8, total 241.023 ms)
  repeat 4  950.059 µs  (×2^8, total 243.215 ms)
  median: 941.496 µs    min: 931.930 µs    max: 950.059 µs
  hash: all repeats agree
  observed hash: 0x91a80e0030157d88
  peak RSS: 64_316 kB..64_816 kB (across 5 ok repeat(s))

Hex.NumberTowerBench.runTowerFactorPair3    [fixed] repeats=5
  env: lean=4.34.0-rc2, os=linux, arch=x86_64, commit=0265769-dirty, 2026-09-07T16:04:34Z, host=chungus2
  repeat 0  1.267 ms  (×2^8, total 324.342 ms)
  repeat 1  1.262 ms  (×2^8, total 323.150 ms)
  repeat 2  1.263 ms  (×2^8, total 323.368 ms)
  repeat 3  1.269 ms  (×2^8, total 324.950 ms)
  repeat 4  1.259 ms  (×2^8, total 322.278 ms)
  median: 1.263 ms    min: 1.259 ms    max: 1.269 ms
  hash: all repeats agree
  observed hash: 0x564b7c1b2bee61fa
  peak RSS: 64_316 kB..64_784 kB (across 5 ok repeat(s))

Hex.NumberTowerBench.runTowerFactorPair4    [fixed] repeats=5
  env: lean=4.34.0-rc2, os=linux, arch=x86_64, commit=0265769-dirty, 2026-09-07T16:04:38Z, host=chungus2
  repeat 0  1.760 ms  (×2^7, total 225.237 ms)
  repeat 1  1.739 ms  (×2^7, total 222.630 ms)
  repeat 2  1.743 ms  (×2^7, total 223.112 ms)
  repeat 3  1.737 ms  (×2^7, total 222.313 ms)
  repeat 4  1.989 ms  (×2^7, total 254.636 ms)
  median: 1.743 ms    min: 1.737 ms    max: 1.989 ms
  hash: all repeats agree
  observed hash: 0x2c83a4cef9799294
  peak RSS: 64_428 kB..64_748 kB (across 5 ok repeat(s))

Hex.NumberTowerBench.runTowerFactorPair6    [fixed] repeats=5
  env: lean=4.34.0-rc2, os=linux, arch=x86_64, commit=0265769-dirty, 2026-09-07T16:04:41Z, host=chungus2
  repeat 0  4.518 ms  (×2^6, total 289.156 ms)
  repeat 1  4.493 ms  (×2^6, total 287.584 ms)
  repeat 2  4.546 ms  (×2^6, total 290.944 ms)
  repeat 3  4.524 ms  (×2^6, total 289.544 ms)
  repeat 4  4.526 ms  (×2^6, total 289.692 ms)
  median: 4.524 ms    min: 4.493 ms    max: 4.546 ms
  hash: all repeats agree
  observed hash: 0x49213ee8f422ba78
  peak RSS: 64_300 kB..69_912 kB (across 5 ok repeat(s))

Hex.NumberTowerBench.runTowerFactorPair8    [fixed] repeats=5
  env: lean=4.34.0-rc2, os=linux, arch=x86_64, commit=0265769-dirty, 2026-09-07T16:04:45Z, host=chungus2
  repeat 0  6.660 ms  (×2^5, total 213.105 ms)
  repeat 1  6.689 ms  (×2^5, total 214.054 ms)
  repeat 2  6.813 ms  (×2^5, total 218.026 ms)
  repeat 3  6.701 ms  (×2^5, total 214.435 ms)
  repeat 4  6.940 ms  (×2^5, total 222.086 ms)
  median: 6.701 ms    min: 6.660 ms    max: 6.940 ms
  hash: all repeats agree
  observed hash: 0x9621b9eb5cafb441
  peak RSS: 63_852 kB..64_736 kB (across 5 ok repeat(s))

Hex.NumberTowerBench.runTowerFactorPair12    [fixed] repeats=5
  env: lean=4.34.0-rc2, os=linux, arch=x86_64, commit=0265769-dirty, 2026-09-07T16:04:48Z, host=chungus2
  repeat 0  13.588 ms  (×2^4, total 217.401 ms)
  repeat 1  15.065 ms  (×2^4, total 241.042 ms)
  repeat 2  14.883 ms  (×2^4, total 238.129 ms)
  repeat 3  13.779 ms  (×2^4, total 220.457 ms)
  repeat 4  13.907 ms  (×2^4, total 222.514 ms)
  median: 13.907 ms    min: 13.588 ms    max: 15.065 ms
  hash: all repeats agree
  observed hash: 0x803ff6b97716ffb9
  peak RSS: 64_092 kB..64_800 kB (across 5 ok repeat(s))

Hex.NumberTowerBench.runTowerFactorLadder    [fixed] repeats=5
  env: lean=4.34.0-rc2, os=linux, arch=x86_64, commit=0265769-dirty, 2026-09-07T16:04:52Z, host=chungus2
  repeat 0  52.239 ms  (×2^2, total 208.957 ms)
  repeat 1  52.263 ms  (×2^2, total 209.051 ms)
  repeat 2  51.980 ms  (×2^2, total 207.920 ms)
  repeat 3  52.336 ms  (×2^2, total 209.345 ms)
  repeat 4  53.967 ms  (×2^2, total 215.867 ms)
  median: 52.263 ms    min: 51.980 ms    max: 53.967 ms
  hash: all repeats agree
  observed hash: 0x3a7f4c606ce48b1b
  expected hash: matches
  peak RSS: 64_608 kB..65_136 kB (across 5 ok repeat(s))

Hex.NumberTowerBench.runTowerCheckFactorization    [fixed] repeats=5
  env: lean=4.34.0-rc2, os=linux, arch=x86_64, commit=0265769-dirty, 2026-09-07T16:04:55Z, host=chungus2
  repeat 0  25.313 ms  (×2^3, total 202.503 ms)
  repeat 1  25.294 ms  (×2^3, total 202.350 ms)
  repeat 2  25.242 ms  (×2^3, total 201.938 ms)
  repeat 3  25.656 ms  (×2^3, total 205.251 ms)
  repeat 4  25.610 ms  (×2^3, total 204.877 ms)
  median: 25.313 ms    min: 25.242 ms    max: 25.656 ms
  hash: all repeats agree
  observed hash: 0xb
  expected hash: matches
  peak RSS: 65_068 kB..69_848 kB (across 5 ok repeat(s))

Hex.NumberTowerBench.runPariNfFactor2    [fixed] repeats=5
  env: lean=4.34.0-rc2, os=linux, arch=x86_64, commit=0265769-dirty, 2026-09-07T16:04:58Z, host=chungus2
  repeat 0  46.925 µs  (×2^13, total 384.410 ms)
  repeat 1  48.936 µs  (×2^12, total 200.443 ms)
  repeat 2  43.496 µs  (×2^13, total 356.322 ms)
  repeat 3  45.954 µs  (×2^13, total 376.458 ms)
  repeat 4  46.505 µs  (×2^13, total 380.970 ms)
  median: 46.505 µs    min: 43.496 µs    max: 48.936 µs
  hash: all repeats agree
  observed hash: 0x91a80e0030157d88
  peak RSS: 64_472 kB..67_044 kB (across 5 ok repeat(s))

Hex.NumberTowerBench.runPariNfFactor3    [fixed] repeats=5
  env: lean=4.34.0-rc2, os=linux, arch=x86_64, commit=0265769-dirty, 2026-09-07T16:05:03Z, host=chungus2
  repeat 0  54.046 µs  (×2^12, total 221.374 ms)
  repeat 1  54.130 µs  (×2^12, total 221.720 ms)
  repeat 2  56.424 µs  (×2^12, total 231.117 ms)
  repeat 3  54.113 µs  (×2^12, total 221.650 ms)
  repeat 4  56.932 µs  (×2^12, total 233.197 ms)
  median: 54.130 µs    min: 54.046 µs    max: 56.932 µs
  hash: all repeats agree
  observed hash: 0x564b7c1b2bee61fa
  peak RSS: 64_388 kB..65_300 kB (across 5 ok repeat(s))

Hex.NumberTowerBench.runPariNfFactor4    [fixed] repeats=5
  env: lean=4.34.0-rc2, os=linux, arch=x86_64, commit=0265769-dirty, 2026-09-07T16:05:07Z, host=chungus2
  repeat 0  64.018 µs  (×2^12, total 262.222 ms)
  repeat 1  65.722 µs  (×2^12, total 269.200 ms)
  repeat 2  64.700 µs  (×2^12, total 265.013 ms)
  repeat 3  65.266 µs  (×2^12, total 267.332 ms)
  repeat 4  54.540 µs  (×2^12, total 223.399 ms)
  median: 64.700 µs    min: 54.540 µs    max: 65.722 µs
  hash: all repeats agree
  observed hash: 0x2c83a4cef9799294
  peak RSS: 64_344 kB..64_872 kB (across 5 ok repeat(s))

Hex.NumberTowerBench.runPariNfFactor6    [fixed] repeats=5
  env: lean=4.34.0-rc2, os=linux, arch=x86_64, commit=0265769-dirty, 2026-09-07T16:05:11Z, host=chungus2
  repeat 0  199.249 µs  (×2^11, total 408.064 ms)
  repeat 1  203.685 µs  (×2^10, total 208.574 ms)
  repeat 2  211.703 µs  (×2^10, total 216.784 ms)
  repeat 3  199.440 µs  (×2^10, total 204.227 ms)
  repeat 4  192.315 µs  (×2^11, total 393.863 ms)
  median: 199.440 µs    min: 192.315 µs    max: 211.703 µs
  hash: all repeats agree
  observed hash: 0x49213ee8f422ba78
  peak RSS: 64_448 kB..65_004 kB (across 5 ok repeat(s))

Hex.NumberTowerBench.runPariNfFactor8    [fixed] repeats=5
  env: lean=4.34.0-rc2, os=linux, arch=x86_64, commit=0265769-dirty, 2026-09-07T16:05:15Z, host=chungus2
  repeat 0  82.199 µs  (×2^12, total 336.691 ms)
  repeat 1  80.612 µs  (×2^12, total 330.189 ms)
  repeat 2  81.738 µs  (×2^12, total 334.801 ms)
  repeat 3  77.151 µs  (×2^12, total 316.013 ms)
  repeat 4  77.337 µs  (×2^12, total 316.775 ms)
  median: 80.612 µs    min: 77.151 µs    max: 82.199 µs
  hash: all repeats agree
  observed hash: 0x9621b9eb5cafb441
  peak RSS: 69_888 kB..70_444 kB (across 5 ok repeat(s))

Hex.NumberTowerBench.runPariNfFactor12    [fixed] repeats=5
  env: lean=4.34.0-rc2, os=linux, arch=x86_64, commit=0265769-dirty, 2026-09-07T16:05:20Z, host=chungus2
  repeat 0  117.465 µs  (×2^11, total 240.569 ms)
  repeat 1  118.004 µs  (×2^11, total 241.673 ms)
  repeat 2  121.330 µs  (×2^11, total 248.485 ms)
  repeat 3  121.999 µs  (×2^11, total 249.855 ms)
  repeat 4  132.938 µs  (×2^11, total 272.258 ms)
  median: 121.330 µs    min: 117.465 µs    max: 132.938 µs
  hash: all repeats agree
  observed hash: 0x803ff6b97716ffb9
  peak RSS: 65_548 kB..70_040 kB (across 5 ok repeat(s))

Hex.NumberTowerBench.runPariNfFactorOverhead    [fixed] repeats=5
  env: lean=4.34.0-rc2, os=linux, arch=x86_64, commit=0265769-dirty, 2026-09-07T16:05:24Z, host=chungus2
  repeat 0  10.686 µs  (×2^15, total 350.162 ms)
  repeat 1  10.784 µs  (×2^15, total 353.398 ms)
  repeat 2  10.724 µs  (×2^15, total 351.414 ms)
  repeat 3  10.483 µs  (×2^15, total 343.522 ms)
  repeat 4  10.261 µs  (×2^15, total 336.265 ms)
  median: 10.686 µs    min: 10.261 µs    max: 10.784 µs
  hash: all repeats agree
  observed hash: 0x0
  expected hash: matches
  peak RSS: 67_156 kB..70_092 kB (across 5 ok repeat(s))

exported to reports/bench-results/tower-singleton-quadratic/issue-10074-integrated-harness-12-left.json
