Hex.NumberTowerBench.runTowerFactorPair2    [fixed] repeats=5
  env: lean=4.34.0-rc2, os=linux, arch=x86_64, commit=4209945-dirty, 2026-09-07T13:23:28Z, host=chungus2
  repeat 0  810.962 µs  (×2^8, total 207.606 ms)
  repeat 1  796.835 µs  (×2^8, total 203.990 ms)
  repeat 2  821.536 µs  (×2^8, total 210.313 ms)
  repeat 3  804.914 µs  (×2^8, total 206.058 ms)
  repeat 4  806.492 µs  (×2^8, total 206.462 ms)
  median: 806.492 µs    min: 796.835 µs    max: 821.536 µs
  hash: all repeats agree
  observed hash: 0x91a80e0030157d88
  peak RSS: 66_832 kB..70_340 kB (across 5 ok repeat(s))

Hex.NumberTowerBench.runTowerFactorPair3    [fixed] repeats=5
  env: lean=4.34.0-rc2, os=linux, arch=x86_64, commit=4209945-dirty, 2026-09-07T13:23:31Z, host=chungus2
  repeat 0  1.017 ms  (×2^8, total 260.361 ms)
  repeat 1  1.058 ms  (×2^8, total 270.971 ms)
  repeat 2  1.021 ms  (×2^8, total 261.393 ms)
  repeat 3  1.014 ms  (×2^8, total 259.590 ms)
  repeat 4  1.015 ms  (×2^8, total 259.870 ms)
  median: 1.017 ms    min: 1.014 ms    max: 1.058 ms
  hash: all repeats agree
  observed hash: 0x564b7c1b2bee61fa
  peak RSS: 64_200 kB..64_680 kB (across 5 ok repeat(s))

Hex.NumberTowerBench.runTowerFactorPair4    [fixed] repeats=5
  env: lean=4.34.0-rc2, os=linux, arch=x86_64, commit=4209945-dirty, 2026-09-07T13:23:34Z, host=chungus2
  repeat 0  1.379 ms  (×2^8, total 353.043 ms)
  repeat 1  1.363 ms  (×2^8, total 348.881 ms)
  repeat 2  1.361 ms  (×2^8, total 348.415 ms)
  repeat 3  1.367 ms  (×2^8, total 349.930 ms)
  repeat 4  1.360 ms  (×2^8, total 348.187 ms)
  median: 1.363 ms    min: 1.360 ms    max: 1.379 ms
  hash: all repeats agree
  observed hash: 0x2c83a4cef9799294
  peak RSS: 64_220 kB..69_996 kB (across 5 ok repeat(s))

Hex.NumberTowerBench.runTowerFactorPair6    [fixed] repeats=5
  env: lean=4.34.0-rc2, os=linux, arch=x86_64, commit=4209945-dirty, 2026-09-07T13:23:39Z, host=chungus2
  repeat 0  2.145 ms  (×2^7, total 274.517 ms)
  repeat 1  2.110 ms  (×2^7, total 270.100 ms)
  repeat 2  2.077 ms  (×2^7, total 265.801 ms)
  repeat 3  2.098 ms  (×2^7, total 268.586 ms)
  repeat 4  2.086 ms  (×2^7, total 266.949 ms)
  median: 2.098 ms    min: 2.077 ms    max: 2.145 ms
  hash: all repeats agree
  observed hash: 0x49213ee8f422ba78
  peak RSS: 70_156 kB..70_328 kB (across 5 ok repeat(s))

Hex.NumberTowerBench.runTowerFactorPair8    [fixed] repeats=5
  env: lean=4.34.0-rc2, os=linux, arch=x86_64, commit=4209945-dirty, 2026-09-07T13:23:42Z, host=chungus2
  repeat 0  3.040 ms  (×2^7, total 389.080 ms)
  repeat 1  3.054 ms  (×2^7, total 390.866 ms)
  repeat 2  3.021 ms  (×2^7, total 386.725 ms)
  repeat 3  2.958 ms  (×2^7, total 378.616 ms)
  repeat 4  2.966 ms  (×2^7, total 379.601 ms)
  median: 3.021 ms    min: 2.958 ms    max: 3.054 ms
  hash: all repeats agree
  observed hash: 0x9621b9eb5cafb441
  peak RSS: 69_212 kB..70_004 kB (across 5 ok repeat(s))

Hex.NumberTowerBench.runTowerFactorPair12    [fixed] repeats=5
  env: lean=4.34.0-rc2, os=linux, arch=x86_64, commit=4209945-dirty, 2026-09-07T13:23:47Z, host=chungus2
  repeat 0  5.792 ms  (×2^6, total 370.686 ms)
  repeat 1  8.359 ms  (×2^5, total 267.501 ms)
  repeat 2  9.063 ms  (×2^5, total 290.005 ms)
  repeat 3  9.207 ms  (×2^5, total 294.632 ms)
  repeat 4  9.131 ms  (×2^5, total 292.205 ms)
  median: 9.063 ms    min: 5.792 ms    max: 9.207 ms
  hash: all repeats agree
  observed hash: 0x803ff6b97716ffb9
  peak RSS: 69_700 kB..70_192 kB (across 5 ok repeat(s))

Hex.NumberTowerBench.runTowerFactorLadder    [fixed] repeats=5
  env: lean=4.34.0-rc2, os=linux, arch=x86_64, commit=4209945-dirty, 2026-09-07T13:23:51Z, host=chungus2
  repeat 0  29.008 ms  (×2^3, total 232.061 ms)
  repeat 1  27.899 ms  (×2^3, total 223.190 ms)
  repeat 2  28.104 ms  (×2^3, total 224.834 ms)
  repeat 3  28.447 ms  (×2^3, total 227.580 ms)
  repeat 4  28.014 ms  (×2^3, total 224.112 ms)
  median: 28.104 ms    min: 27.899 ms    max: 29.008 ms
  hash: all repeats agree
  observed hash: 0x3a7f4c606ce48b1b
  expected hash: matches
  peak RSS: 69_828 kB..70_120 kB (across 5 ok repeat(s))

Hex.NumberTowerBench.runTowerCheckFactorization    [fixed] repeats=5
  env: lean=4.34.0-rc2, os=linux, arch=x86_64, commit=4209945-dirty, 2026-09-07T13:23:54Z, host=chungus2
  repeat 0  13.329 ms  (×2^4, total 213.262 ms)
  repeat 1  13.299 ms  (×2^4, total 212.790 ms)
  repeat 2  13.229 ms  (×2^4, total 211.664 ms)
  repeat 3  13.365 ms  (×2^4, total 213.834 ms)
  repeat 4  13.561 ms  (×2^4, total 216.978 ms)
  median: 13.329 ms    min: 13.229 ms    max: 13.561 ms
  hash: all repeats agree
  observed hash: 0xb
  expected hash: matches
  peak RSS: 69_952 kB..70_452 kB (across 5 ok repeat(s))

exported to reports/bench-results/tower-singleton-quadratic/issue-10074-combined-quadratic-2-left.json
