Hex.NumberTowerBench.runTowerFactorPair2    [fixed] repeats=5
  env: lean=4.34.0-rc2, os=linux, arch=x86_64, commit=af91cca-dirty, 2026-09-07T12:36:18Z, host=chungus2
  repeat 0  802.449 µs  (×2^8, total 205.427 ms)
  repeat 1  798.374 µs  (×2^8, total 204.384 ms)
  repeat 2  796.822 µs  (×2^8, total 203.987 ms)
  repeat 3  788.639 µs  (×2^8, total 201.892 ms)
  repeat 4  797.155 µs  (×2^8, total 204.072 ms)
  median: 797.155 µs    min: 788.639 µs    max: 802.449 µs
  hash: all repeats agree
  observed hash: 0x91a80e0030157d88
  peak RSS: 69_536 kB..70_284 kB (across 5 ok repeat(s))

Hex.NumberTowerBench.runTowerFactorPair3    [fixed] repeats=5
  env: lean=4.34.0-rc2, os=linux, arch=x86_64, commit=af91cca-dirty, 2026-09-07T12:36:21Z, host=chungus2
  repeat 0  1.017 ms  (×2^8, total 260.334 ms)
  repeat 1  1.019 ms  (×2^8, total 260.830 ms)
  repeat 2  1.032 ms  (×2^8, total 264.292 ms)
  repeat 3  1.017 ms  (×2^8, total 260.427 ms)
  repeat 4  1.013 ms  (×2^8, total 259.245 ms)
  median: 1.017 ms    min: 1.013 ms    max: 1.032 ms
  hash: all repeats agree
  observed hash: 0x564b7c1b2bee61fa
  peak RSS: 69_780 kB..70_284 kB (across 5 ok repeat(s))

Hex.NumberTowerBench.runTowerFactorPair4    [fixed] repeats=5
  env: lean=4.34.0-rc2, os=linux, arch=x86_64, commit=af91cca-dirty, 2026-09-07T12:36:24Z, host=chungus2
  repeat 0  1.391 ms  (×2^8, total 356.198 ms)
  repeat 1  1.390 ms  (×2^8, total 355.729 ms)
  repeat 2  1.393 ms  (×2^8, total 356.620 ms)
  repeat 3  1.392 ms  (×2^8, total 356.322 ms)
  repeat 4  1.422 ms  (×2^8, total 364.061 ms)
  median: 1.392 ms    min: 1.390 ms    max: 1.422 ms
  hash: all repeats agree
  observed hash: 0x2c83a4cef9799294
  peak RSS: 69_908 kB..70_060 kB (across 5 ok repeat(s))

Hex.NumberTowerBench.runTowerFactorPair6    [fixed] repeats=5
  env: lean=4.34.0-rc2, os=linux, arch=x86_64, commit=af91cca-dirty, 2026-09-07T12:36:29Z, host=chungus2
  repeat 0  2.182 ms  (×2^7, total 279.345 ms)
  repeat 1  2.183 ms  (×2^7, total 279.364 ms)
  repeat 2  2.186 ms  (×2^7, total 279.833 ms)
  repeat 3  2.181 ms  (×2^7, total 279.223 ms)
  repeat 4  2.180 ms  (×2^7, total 279.029 ms)
  median: 2.182 ms    min: 2.180 ms    max: 2.186 ms
  hash: all repeats agree
  observed hash: 0x49213ee8f422ba78
  peak RSS: 69_720 kB..70_092 kB (across 5 ok repeat(s))

Hex.NumberTowerBench.runTowerFactorPair8    [fixed] repeats=5
  env: lean=4.34.0-rc2, os=linux, arch=x86_64, commit=af91cca-dirty, 2026-09-07T12:36:33Z, host=chungus2
  repeat 0  3.187 ms  (×2^6, total 203.943 ms)
  repeat 1  3.180 ms  (×2^6, total 203.512 ms)
  repeat 2  3.219 ms  (×2^6, total 205.985 ms)
  repeat 3  3.211 ms  (×2^6, total 205.515 ms)
  repeat 4  3.511 ms  (×2^6, total 224.727 ms)
  median: 3.211 ms    min: 3.180 ms    max: 3.511 ms
  hash: all repeats agree
  observed hash: 0x9621b9eb5cafb441
  peak RSS: 69_768 kB..70_284 kB (across 5 ok repeat(s))

Hex.NumberTowerBench.runTowerFactorPair12    [fixed] repeats=5
  env: lean=4.34.0-rc2, os=linux, arch=x86_64, commit=af91cca-dirty, 2026-09-07T12:36:35Z, host=chungus2
  repeat 0  6.418 ms  (×2^5, total 205.387 ms)
  repeat 1  6.483 ms  (×2^5, total 207.455 ms)
  repeat 2  6.411 ms  (×2^5, total 205.157 ms)
  repeat 3  6.513 ms  (×2^5, total 208.419 ms)
  repeat 4  6.482 ms  (×2^5, total 207.437 ms)
  median: 6.482 ms    min: 6.411 ms    max: 6.513 ms
  hash: all repeats agree
  observed hash: 0x803ff6b97716ffb9
  peak RSS: 69_584 kB..70_004 kB (across 5 ok repeat(s))

Hex.NumberTowerBench.runTowerFactorLadder    [fixed] repeats=5
  env: lean=4.34.0-rc2, os=linux, arch=x86_64, commit=af91cca-dirty, 2026-09-07T12:36:38Z, host=chungus2
  repeat 0  24.751 ms  (×2^4, total 396.011 ms)
  repeat 1  24.635 ms  (×2^4, total 394.159 ms)
  repeat 2  25.203 ms  (×2^3, total 201.621 ms)
  repeat 3  24.396 ms  (×2^4, total 390.337 ms)
  repeat 4  24.880 ms  (×2^4, total 398.084 ms)
  median: 24.751 ms    min: 24.396 ms    max: 25.203 ms
  hash: all repeats agree
  observed hash: 0x3a7f4c606ce48b1b
  expected hash: matches
  peak RSS: 69_660 kB..70_388 kB (across 5 ok repeat(s))

Hex.NumberTowerBench.runTowerCheckFactorization    [fixed] repeats=5
  env: lean=4.34.0-rc2, os=linux, arch=x86_64, commit=af91cca-dirty, 2026-09-07T12:36:43Z, host=chungus2
  repeat 0  11.941 ms  (×2^5, total 382.102 ms)
  repeat 1  12.019 ms  (×2^5, total 384.617 ms)
  repeat 2  11.947 ms  (×2^5, total 382.308 ms)
  repeat 3  11.978 ms  (×2^5, total 383.294 ms)
  repeat 4  11.994 ms  (×2^5, total 383.807 ms)
  median: 11.978 ms    min: 11.941 ms    max: 12.019 ms
  hash: all repeats agree
  observed hash: 0xb
  expected hash: matches
  peak RSS: 69_604 kB..70_396 kB (across 5 ok repeat(s))

exported to reports/bench-results/tower-singleton-quadratic/issue-10074-singleton-af7-1-right.json
