Hex.NumberTowerBench.runTowerFactorPair2    [fixed] repeats=5
  env: lean=4.34.0-rc2, os=linux, arch=x86_64, commit=af91cca-dirty, 2026-09-07T12:47:07Z, host=chungus2
  repeat 0    1.007 ms  (×2^8, total 257.900 ms)
  repeat 1  976.349 µs  (×2^8, total 249.945 ms)
  repeat 2  952.913 µs  (×2^8, total 243.946 ms)
  repeat 3  963.637 µs  (×2^8, total 246.691 ms)
  repeat 4  964.638 µs  (×2^8, total 246.947 ms)
  median: 964.638 µs    min: 952.913 µs    max: 1.007 ms
  hash: all repeats agree
  observed hash: 0x91a80e0030157d88
  peak RSS: 69_796 kB..70_404 kB (across 5 ok repeat(s))

Hex.NumberTowerBench.runTowerFactorPair3    [fixed] repeats=5
  env: lean=4.34.0-rc2, os=linux, arch=x86_64, commit=af91cca-dirty, 2026-09-07T12:47:10Z, host=chungus2
  repeat 0  1.291 ms  (×2^8, total 330.623 ms)
  repeat 1  1.297 ms  (×2^8, total 332.109 ms)
  repeat 2  1.291 ms  (×2^8, total 330.432 ms)
  repeat 3  1.291 ms  (×2^8, total 330.506 ms)
  repeat 4  1.259 ms  (×2^8, total 322.254 ms)
  median: 1.291 ms    min: 1.259 ms    max: 1.297 ms
  hash: all repeats agree
  observed hash: 0x564b7c1b2bee61fa
  peak RSS: 69_720 kB..70_400 kB (across 5 ok repeat(s))

Hex.NumberTowerBench.runTowerFactorPair4    [fixed] repeats=5
  env: lean=4.34.0-rc2, os=linux, arch=x86_64, commit=af91cca-dirty, 2026-09-07T12:47:15Z, host=chungus2
  repeat 0  1.766 ms  (×2^7, total 225.991 ms)
  repeat 1  1.751 ms  (×2^7, total 224.139 ms)
  repeat 2  1.735 ms  (×2^7, total 222.030 ms)
  repeat 3  1.755 ms  (×2^7, total 224.580 ms)
  repeat 4  1.774 ms  (×2^7, total 227.030 ms)
  median: 1.755 ms    min: 1.735 ms    max: 1.774 ms
  hash: all repeats agree
  observed hash: 0x2c83a4cef9799294
  peak RSS: 69_780 kB..70_148 kB (across 5 ok repeat(s))

Hex.NumberTowerBench.runTowerFactorPair6    [fixed] repeats=5
  env: lean=4.34.0-rc2, os=linux, arch=x86_64, commit=af91cca-dirty, 2026-09-07T12:47:18Z, host=chungus2
  repeat 0  2.901 ms  (×2^7, total 371.306 ms)
  repeat 1  2.842 ms  (×2^7, total 363.729 ms)
  repeat 2  2.889 ms  (×2^7, total 369.789 ms)
  repeat 3  2.847 ms  (×2^7, total 364.430 ms)
  repeat 4  2.877 ms  (×2^7, total 368.285 ms)
  median: 2.877 ms    min: 2.842 ms    max: 2.901 ms
  hash: all repeats agree
  observed hash: 0x49213ee8f422ba78
  peak RSS: 69_756 kB..70_148 kB (across 5 ok repeat(s))

Hex.NumberTowerBench.runTowerFactorPair8    [fixed] repeats=5
  env: lean=4.34.0-rc2, os=linux, arch=x86_64, commit=af91cca-dirty, 2026-09-07T12:47:22Z, host=chungus2
  repeat 0  4.306 ms  (×2^6, total 275.580 ms)
  repeat 1  4.414 ms  (×2^6, total 282.494 ms)
  repeat 2  4.406 ms  (×2^6, total 282.011 ms)
  repeat 3  4.285 ms  (×2^6, total 274.226 ms)
  repeat 4  4.251 ms  (×2^6, total 272.063 ms)
  median: 4.306 ms    min: 4.251 ms    max: 4.414 ms
  hash: all repeats agree
  observed hash: 0x9621b9eb5cafb441
  peak RSS: 69_800 kB..70_400 kB (across 5 ok repeat(s))

Hex.NumberTowerBench.runTowerFactorPair12    [fixed] repeats=5
  env: lean=4.34.0-rc2, os=linux, arch=x86_64, commit=af91cca-dirty, 2026-09-07T12:47:26Z, host=chungus2
  repeat 0  8.825 ms  (×2^5, total 282.413 ms)
  repeat 1  8.768 ms  (×2^5, total 280.561 ms)
  repeat 2  8.781 ms  (×2^5, total 280.994 ms)
  repeat 3  8.822 ms  (×2^5, total 282.302 ms)
  repeat 4  9.014 ms  (×2^5, total 288.459 ms)
  median: 8.822 ms    min: 8.768 ms    max: 9.014 ms
  hash: all repeats agree
  observed hash: 0x803ff6b97716ffb9
  peak RSS: 69_716 kB..70_148 kB (across 5 ok repeat(s))

Hex.NumberTowerBench.runTowerFactorLadder    [fixed] repeats=5
  env: lean=4.34.0-rc2, os=linux, arch=x86_64, commit=af91cca-dirty, 2026-09-07T12:47:30Z, host=chungus2
  repeat 0  33.485 ms  (×2^3, total 267.877 ms)
  repeat 1  34.066 ms  (×2^3, total 272.527 ms)
  repeat 2  34.367 ms  (×2^3, total 274.937 ms)
  repeat 3  33.566 ms  (×2^3, total 268.532 ms)
  repeat 4  33.462 ms  (×2^3, total 267.697 ms)
  median: 33.566 ms    min: 33.462 ms    max: 34.367 ms
  hash: all repeats agree
  observed hash: 0x3a7f4c606ce48b1b
  expected hash: matches
  peak RSS: 69_916 kB..70_196 kB (across 5 ok repeat(s))

Hex.NumberTowerBench.runTowerCheckFactorization    [fixed] repeats=5
  env: lean=4.34.0-rc2, os=linux, arch=x86_64, commit=af91cca-dirty, 2026-09-07T12:47:33Z, host=chungus2
  repeat 0  16.352 ms  (×2^4, total 261.630 ms)
  repeat 1  16.739 ms  (×2^4, total 267.820 ms)
  repeat 2  16.328 ms  (×2^4, total 261.247 ms)
  repeat 3  16.394 ms  (×2^4, total 262.303 ms)
  repeat 4  16.115 ms  (×2^4, total 257.840 ms)
  median: 16.352 ms    min: 16.115 ms    max: 16.739 ms
  hash: all repeats agree
  observed hash: 0xb
  expected hash: matches
  peak RSS: 69_796 kB..70_516 kB (across 5 ok repeat(s))

exported to reports/bench-results/tower-singleton-quadratic/issue-10074-quadratic-af7-1-left.json
