Hex.NumberTowerBench.runTowerFactorPair2    [fixed] repeats=5
  env: lean=4.34.0-rc2, os=linux, arch=x86_64, commit=cf0c4a4-dirty, 2026-09-07T14:57:52Z, host=chungus2
  repeat 0  969.035 µs  (×2^8, total 248.073 ms)
  repeat 1  972.593 µs  (×2^8, total 248.984 ms)
  repeat 2  990.683 µs  (×2^8, total 253.615 ms)
  repeat 3  977.141 µs  (×2^8, total 250.148 ms)
  repeat 4  980.944 µs  (×2^8, total 251.122 ms)
  median: 977.141 µs    min: 969.035 µs    max: 990.683 µs
  hash: all repeats agree
  observed hash: 0x91a80e0030157d88
  peak RSS: 69_872 kB..70_024 kB (across 5 ok repeat(s))

Hex.NumberTowerBench.runTowerFactorPair3    [fixed] repeats=5
  env: lean=4.34.0-rc2, os=linux, arch=x86_64, commit=cf0c4a4-dirty, 2026-09-07T14:57:56Z, host=chungus2
  repeat 0  1.303 ms  (×2^8, total 333.628 ms)
  repeat 1  1.307 ms  (×2^8, total 334.578 ms)
  repeat 2  1.300 ms  (×2^8, total 332.884 ms)
  repeat 3  1.314 ms  (×2^8, total 336.459 ms)
  repeat 4  1.470 ms  (×2^8, total 376.358 ms)
  median: 1.307 ms    min: 1.300 ms    max: 1.470 ms
  hash: all repeats agree
  observed hash: 0x564b7c1b2bee61fa
  peak RSS: 69_812 kB..70_344 kB (across 5 ok repeat(s))

Hex.NumberTowerBench.runTowerFactorPair4    [fixed] repeats=5
  env: lean=4.34.0-rc2, os=linux, arch=x86_64, commit=cf0c4a4-dirty, 2026-09-07T14:58:00Z, host=chungus2
  repeat 0  1.815 ms  (×2^7, total 232.323 ms)
  repeat 1  1.856 ms  (×2^7, total 237.536 ms)
  repeat 2  1.919 ms  (×2^7, total 245.625 ms)
  repeat 3  1.838 ms  (×2^7, total 235.315 ms)
  repeat 4  1.830 ms  (×2^7, total 234.184 ms)
  median: 1.838 ms    min: 1.815 ms    max: 1.919 ms
  hash: all repeats agree
  observed hash: 0x2c83a4cef9799294
  peak RSS: 69_760 kB..70_020 kB (across 5 ok repeat(s))

Hex.NumberTowerBench.runTowerFactorPair6    [fixed] repeats=5
  env: lean=4.34.0-rc2, os=linux, arch=x86_64, commit=cf0c4a4-dirty, 2026-09-07T14:58:03Z, host=chungus2
  repeat 0  3.003 ms  (×2^7, total 384.402 ms)
  repeat 1  2.952 ms  (×2^7, total 377.833 ms)
  repeat 2  2.965 ms  (×2^7, total 379.505 ms)
  repeat 3  2.937 ms  (×2^7, total 375.951 ms)
  repeat 4  3.006 ms  (×2^7, total 384.815 ms)
  median: 2.965 ms    min: 2.937 ms    max: 3.006 ms
  hash: all repeats agree
  observed hash: 0x49213ee8f422ba78
  peak RSS: 69_772 kB..70_240 kB (across 5 ok repeat(s))

Hex.NumberTowerBench.runTowerFactorPair8    [fixed] repeats=5
  env: lean=4.34.0-rc2, os=linux, arch=x86_64, commit=cf0c4a4-dirty, 2026-09-07T14:58:08Z, host=chungus2
  repeat 0  4.387 ms  (×2^6, total 280.761 ms)
  repeat 1  4.459 ms  (×2^6, total 285.349 ms)
  repeat 2  4.404 ms  (×2^6, total 281.878 ms)
  repeat 3  4.420 ms  (×2^6, total 282.903 ms)
  repeat 4  4.498 ms  (×2^6, total 287.879 ms)
  median: 4.420 ms    min: 4.387 ms    max: 4.498 ms
  hash: all repeats agree
  observed hash: 0x9621b9eb5cafb441
  peak RSS: 69_856 kB..70_332 kB (across 5 ok repeat(s))

Hex.NumberTowerBench.runTowerFactorPair12    [fixed] repeats=5
  env: lean=4.34.0-rc2, os=linux, arch=x86_64, commit=cf0c4a4-dirty, 2026-09-07T14:58:12Z, host=chungus2
  repeat 0  9.111 ms  (×2^5, total 291.563 ms)
  repeat 1  8.902 ms  (×2^5, total 284.861 ms)
  repeat 2  8.996 ms  (×2^5, total 287.870 ms)
  repeat 3  8.928 ms  (×2^5, total 285.683 ms)
  repeat 4  9.228 ms  (×2^5, total 295.311 ms)
  median: 8.996 ms    min: 8.902 ms    max: 9.228 ms
  hash: all repeats agree
  observed hash: 0x803ff6b97716ffb9
  peak RSS: 69_900 kB..70_304 kB (across 5 ok repeat(s))

Hex.NumberTowerBench.runTowerFactorLadder    [fixed] repeats=5
  env: lean=4.34.0-rc2, os=linux, arch=x86_64, commit=cf0c4a4-dirty, 2026-09-07T14:58:15Z, host=chungus2
  repeat 0  34.025 ms  (×2^3, total 272.200 ms)
  repeat 1  34.147 ms  (×2^3, total 273.174 ms)
  repeat 2  33.922 ms  (×2^3, total 271.379 ms)
  repeat 3  34.169 ms  (×2^3, total 273.355 ms)
  repeat 4  34.120 ms  (×2^3, total 272.959 ms)
  median: 34.120 ms    min: 33.922 ms    max: 34.169 ms
  hash: all repeats agree
  observed hash: 0x3a7f4c606ce48b1b
  expected hash: matches
  peak RSS: 69_768 kB..70_372 kB (across 5 ok repeat(s))

Hex.NumberTowerBench.runTowerCheckFactorization    [fixed] repeats=5
  env: lean=4.34.0-rc2, os=linux, arch=x86_64, commit=cf0c4a4-dirty, 2026-09-07T14:58:19Z, host=chungus2
  repeat 0  16.659 ms  (×2^4, total 266.544 ms)
  repeat 1  16.678 ms  (×2^4, total 266.854 ms)
  repeat 2  16.741 ms  (×2^4, total 267.863 ms)
  repeat 3  16.591 ms  (×2^4, total 265.453 ms)
  repeat 4  16.737 ms  (×2^4, total 267.792 ms)
  median: 16.678 ms    min: 16.591 ms    max: 16.741 ms
  hash: all repeats agree
  observed hash: 0xb
  expected hash: matches
  peak RSS: 69_924 kB..70_136 kB (across 5 ok repeat(s))

Hex.NumberTowerBench.runPariNfFactor2    [fixed] repeats=5
  env: lean=4.34.0-rc2, os=linux, arch=x86_64, commit=cf0c4a4-dirty, 2026-09-07T14:58:23Z, host=chungus2
  repeat 0  29.087 µs  (×2^13, total 238.285 ms)
  repeat 1  29.127 µs  (×2^13, total 238.613 ms)
  repeat 2  29.319 µs  (×2^13, total 240.185 ms)
  repeat 3  29.174 µs  (×2^13, total 239.000 ms)
  repeat 4  28.898 µs  (×2^13, total 236.733 ms)
  median: 29.127 µs    min: 28.898 µs    max: 29.319 µs
  hash: all repeats agree
  observed hash: 0x91a80e0030157d88
  peak RSS: 69_852 kB..70_136 kB (across 5 ok repeat(s))

Hex.NumberTowerBench.runPariNfFactor3    [fixed] repeats=5
  env: lean=4.34.0-rc2, os=linux, arch=x86_64, commit=cf0c4a4-dirty, 2026-09-07T14:58:26Z, host=chungus2
  repeat 0  34.432 µs  (×2^13, total 282.070 ms)
  repeat 1  33.711 µs  (×2^13, total 276.167 ms)
  repeat 2  34.026 µs  (×2^13, total 278.745 ms)
  repeat 3  34.616 µs  (×2^13, total 283.576 ms)
  repeat 4  33.456 µs  (×2^13, total 274.076 ms)
  median: 34.026 µs    min: 33.456 µs    max: 34.616 µs
  hash: all repeats agree
  observed hash: 0x564b7c1b2bee61fa
  peak RSS: 70_028 kB..70_464 kB (across 5 ok repeat(s))

Hex.NumberTowerBench.runPariNfFactor4    [fixed] repeats=5
  env: lean=4.34.0-rc2, os=linux, arch=x86_64, commit=cf0c4a4-dirty, 2026-09-07T14:58:30Z, host=chungus2
  repeat 0  39.296 µs  (×2^13, total 321.917 ms)
  repeat 1  38.758 µs  (×2^13, total 317.513 ms)
  repeat 2  39.414 µs  (×2^13, total 322.887 ms)
  repeat 3  38.706 µs  (×2^13, total 317.083 ms)
  repeat 4  39.407 µs  (×2^13, total 322.829 ms)
  median: 39.296 µs    min: 38.706 µs    max: 39.414 µs
  hash: all repeats agree
  observed hash: 0x2c83a4cef9799294
  peak RSS: 69_872 kB..70_468 kB (across 5 ok repeat(s))

Hex.NumberTowerBench.runPariNfFactor6    [fixed] repeats=5
  env: lean=4.34.0-rc2, os=linux, arch=x86_64, commit=cf0c4a4-dirty, 2026-09-07T14:58:34Z, host=chungus2
  repeat 0  118.587 µs  (×2^11, total 242.868 ms)
  repeat 1  119.788 µs  (×2^11, total 245.327 ms)
  repeat 2  122.541 µs  (×2^11, total 250.965 ms)
  repeat 3  124.546 µs  (×2^11, total 255.071 ms)
  repeat 4  120.432 µs  (×2^11, total 246.647 ms)
  median: 120.432 µs    min: 118.587 µs    max: 124.546 µs
  hash: all repeats agree
  observed hash: 0x49213ee8f422ba78
  peak RSS: 69_808 kB..70_468 kB (across 5 ok repeat(s))

Hex.NumberTowerBench.runPariNfFactor8    [fixed] repeats=5
  env: lean=4.34.0-rc2, os=linux, arch=x86_64, commit=cf0c4a4-dirty, 2026-09-07T14:58:38Z, host=chungus2
  repeat 0  49.148 µs  (×2^12, total 201.311 ms)
  repeat 1  49.220 µs  (×2^12, total 201.609 ms)
  repeat 2  49.040 µs  (×2^12, total 200.871 ms)
  repeat 3  49.078 µs  (×2^12, total 201.024 ms)
  repeat 4  49.803 µs  (×2^13, total 407.987 ms)
  median: 49.148 µs    min: 49.040 µs    max: 49.803 µs
  hash: all repeats agree
  observed hash: 0x9621b9eb5cafb441
  peak RSS: 69_904 kB..70_568 kB (across 5 ok repeat(s))

Hex.NumberTowerBench.runPariNfFactor12    [fixed] repeats=5
  env: lean=4.34.0-rc2, os=linux, arch=x86_64, commit=cf0c4a4-dirty, 2026-09-07T14:58:42Z, host=chungus2
  repeat 0  74.170 µs  (×2^12, total 303.801 ms)
  repeat 1  74.783 µs  (×2^12, total 306.314 ms)
  repeat 2  75.348 µs  (×2^12, total 308.627 ms)
  repeat 3  74.732 µs  (×2^12, total 306.103 ms)
  repeat 4  75.465 µs  (×2^12, total 309.106 ms)
  median: 74.783 µs    min: 74.170 µs    max: 75.465 µs
  hash: all repeats agree
  observed hash: 0x803ff6b97716ffb9
  peak RSS: 69_968 kB..70_468 kB (across 5 ok repeat(s))

Hex.NumberTowerBench.runPariNfFactorOverhead    [fixed] repeats=5
  env: lean=4.34.0-rc2, os=linux, arch=x86_64, commit=cf0c4a4-dirty, 2026-09-07T14:58:46Z, host=chungus2
  repeat 0  7.335 µs  (×2^15, total 240.366 ms)
  repeat 1  7.238 µs  (×2^15, total 237.191 ms)
  repeat 2  7.227 µs  (×2^15, total 236.846 ms)
  repeat 3  7.321 µs  (×2^15, total 239.899 ms)
  repeat 4  7.215 µs  (×2^15, total 236.452 ms)
  median: 7.238 µs    min: 7.215 µs    max: 7.335 µs
  hash: all repeats agree
  observed hash: 0x0
  expected hash: matches
  peak RSS: 69_936 kB..70_396 kB (across 5 ok repeat(s))

exported to reports/bench-results/tower-singleton-quadratic/issue-10074-integrated-main-2-left.json
