Hex.NumberTowerBench.runTowerFactorPair2    [fixed] repeats=5
  env: lean=4.34.0-rc2, os=linux, arch=x86_64, commit=cf0c4a4-dirty, 2026-09-07T15:06:11Z, host=chungus2
  repeat 0  659.529 µs  (×2^9, total 337.679 ms)
  repeat 1  639.624 µs  (×2^9, total 327.488 ms)
  repeat 2  638.425 µs  (×2^9, total 326.874 ms)
  repeat 3  635.341 µs  (×2^9, total 325.295 ms)
  repeat 4  632.683 µs  (×2^9, total 323.934 ms)
  median: 638.425 µs    min: 632.683 µs    max: 659.529 µs
  hash: all repeats agree
  observed hash: 0x91a80e0030157d88
  peak RSS: 69_800 kB..70_340 kB (across 5 ok repeat(s))

Hex.NumberTowerBench.runTowerFactorPair3    [fixed] repeats=5
  env: lean=4.34.0-rc2, os=linux, arch=x86_64, commit=cf0c4a4-dirty, 2026-09-07T15:06:15Z, host=chungus2
  repeat 0  758.068 µs  (×2^9, total 388.131 ms)
  repeat 1  861.394 µs  (×2^8, total 220.517 ms)
  repeat 2  755.268 µs  (×2^9, total 386.697 ms)
  repeat 3  753.548 µs  (×2^9, total 385.817 ms)
  repeat 4  757.172 µs  (×2^9, total 387.672 ms)
  median: 757.172 µs    min: 753.548 µs    max: 861.394 µs
  hash: all repeats agree
  observed hash: 0x564b7c1b2bee61fa
  peak RSS: 69_728 kB..70_440 kB (across 5 ok repeat(s))

Hex.NumberTowerBench.runTowerFactorPair4    [fixed] repeats=5
  env: lean=4.34.0-rc2, os=linux, arch=x86_64, commit=cf0c4a4-dirty, 2026-09-07T15:06:20Z, host=chungus2
  repeat 0  992.147 µs  (×2^8, total 253.990 ms)
  repeat 1  999.188 µs  (×2^8, total 255.792 ms)
  repeat 2    1.015 ms  (×2^8, total 259.866 ms)
  repeat 3    1.008 ms  (×2^8, total 257.987 ms)
  repeat 4    1.013 ms  (×2^8, total 259.397 ms)
  median: 1.008 ms    min: 992.147 µs    max: 1.015 ms
  hash: all repeats agree
  observed hash: 0x2c83a4cef9799294
  peak RSS: 69_772 kB..70_008 kB (across 5 ok repeat(s))

Hex.NumberTowerBench.runTowerFactorPair6    [fixed] repeats=5
  env: lean=4.34.0-rc2, os=linux, arch=x86_64, commit=cf0c4a4-dirty, 2026-09-07T15:06:23Z, host=chungus2
  repeat 0  1.396 ms  (×2^8, total 357.428 ms)
  repeat 1  1.389 ms  (×2^8, total 355.572 ms)
  repeat 2  1.400 ms  (×2^8, total 358.409 ms)
  repeat 3  1.393 ms  (×2^8, total 356.484 ms)
  repeat 4  1.411 ms  (×2^8, total 361.194 ms)
  median: 1.396 ms    min: 1.389 ms    max: 1.411 ms
  hash: all repeats agree
  observed hash: 0x49213ee8f422ba78
  peak RSS: 69_764 kB..70_268 kB (across 5 ok repeat(s))

Hex.NumberTowerBench.runTowerFactorPair8    [fixed] repeats=5
  env: lean=4.34.0-rc2, os=linux, arch=x86_64, commit=cf0c4a4-dirty, 2026-09-07T15:06:28Z, host=chungus2
  repeat 0  1.900 ms  (×2^7, total 243.176 ms)
  repeat 1  1.863 ms  (×2^7, total 238.470 ms)
  repeat 2  1.850 ms  (×2^7, total 236.783 ms)
  repeat 3  1.856 ms  (×2^7, total 237.510 ms)
  repeat 4  1.856 ms  (×2^7, total 237.622 ms)
  median: 1.856 ms    min: 1.850 ms    max: 1.900 ms
  hash: all repeats agree
  observed hash: 0x9621b9eb5cafb441
  peak RSS: 69_804 kB..70_440 kB (across 5 ok repeat(s))

Hex.NumberTowerBench.runTowerFactorPair12    [fixed] repeats=5
  env: lean=4.34.0-rc2, os=linux, arch=x86_64, commit=cf0c4a4-dirty, 2026-09-07T15:06:31Z, host=chungus2
  repeat 0  3.428 ms  (×2^6, total 219.381 ms)
  repeat 1  3.421 ms  (×2^6, total 218.924 ms)
  repeat 2  3.404 ms  (×2^6, total 217.830 ms)
  repeat 3  3.428 ms  (×2^6, total 219.418 ms)
  repeat 4  3.418 ms  (×2^6, total 218.727 ms)
  median: 3.421 ms    min: 3.404 ms    max: 3.428 ms
  hash: all repeats agree
  observed hash: 0x803ff6b97716ffb9
  peak RSS: 69_836 kB..70_448 kB (across 5 ok repeat(s))

Hex.NumberTowerBench.runTowerFactorLadder    [fixed] repeats=5
  env: lean=4.34.0-rc2, os=linux, arch=x86_64, commit=cf0c4a4-dirty, 2026-09-07T15:06:34Z, host=chungus2
  repeat 0  9.075 ms  (×2^5, total 290.399 ms)
  repeat 1  9.124 ms  (×2^5, total 291.959 ms)
  repeat 2  9.135 ms  (×2^5, total 292.325 ms)
  repeat 3  9.063 ms  (×2^5, total 290.006 ms)
  repeat 4  9.096 ms  (×2^5, total 291.077 ms)
  median: 9.096 ms    min: 9.063 ms    max: 9.135 ms
  hash: all repeats agree
  observed hash: 0x3a7f4c606ce48b1b
  expected hash: matches
  peak RSS: 69_912 kB..70_460 kB (across 5 ok repeat(s))

Hex.NumberTowerBench.runTowerCheckFactorization    [fixed] repeats=5
  env: lean=4.34.0-rc2, os=linux, arch=x86_64, commit=cf0c4a4-dirty, 2026-09-07T15:06:37Z, host=chungus2
  repeat 0  4.166 ms  (×2^6, total 266.617 ms)
  repeat 1  4.156 ms  (×2^6, total 265.989 ms)
  repeat 2  4.193 ms  (×2^6, total 268.362 ms)
  repeat 3  4.153 ms  (×2^6, total 265.768 ms)
  repeat 4  4.454 ms  (×2^6, total 285.054 ms)
  median: 4.166 ms    min: 4.153 ms    max: 4.454 ms
  hash: all repeats agree
  observed hash: 0xb
  expected hash: matches
  peak RSS: 69_844 kB..70_468 kB (across 5 ok repeat(s))

Hex.NumberTowerBench.runPariNfFactor2    [fixed] repeats=5
  env: lean=4.34.0-rc2, os=linux, arch=x86_64, commit=cf0c4a4-dirty, 2026-09-07T15:06:41Z, host=chungus2
  repeat 0  29.191 µs  (×2^13, total 239.136 ms)
  repeat 1  28.947 µs  (×2^13, total 237.138 ms)
  repeat 2  28.907 µs  (×2^13, total 236.810 ms)
  repeat 3  29.461 µs  (×2^13, total 241.351 ms)
  repeat 4  29.060 µs  (×2^13, total 238.067 ms)
  median: 29.060 µs    min: 28.907 µs    max: 29.461 µs
  hash: all repeats agree
  observed hash: 0x91a80e0030157d88
  peak RSS: 69_996 kB..70_480 kB (across 5 ok repeat(s))

Hex.NumberTowerBench.runPariNfFactor3    [fixed] repeats=5
  env: lean=4.34.0-rc2, os=linux, arch=x86_64, commit=cf0c4a4-dirty, 2026-09-07T15:06:44Z, host=chungus2
  repeat 0  34.747 µs  (×2^13, total 284.648 ms)
  repeat 1  34.662 µs  (×2^13, total 283.953 ms)
  repeat 2  34.403 µs  (×2^13, total 281.833 ms)
  repeat 3  33.944 µs  (×2^13, total 278.073 ms)
  repeat 4  34.702 µs  (×2^13, total 284.282 ms)
  median: 34.662 µs    min: 33.944 µs    max: 34.747 µs
  hash: all repeats agree
  observed hash: 0x564b7c1b2bee61fa
  peak RSS: 69_896 kB..70_576 kB (across 5 ok repeat(s))

Hex.NumberTowerBench.runPariNfFactor4    [fixed] repeats=5
  env: lean=4.34.0-rc2, os=linux, arch=x86_64, commit=cf0c4a4-dirty, 2026-09-07T15:06:48Z, host=chungus2
  repeat 0  39.781 µs  (×2^13, total 325.891 ms)
  repeat 1  39.130 µs  (×2^13, total 320.561 ms)
  repeat 2  39.136 µs  (×2^13, total 320.605 ms)
  repeat 3  38.890 µs  (×2^13, total 318.592 ms)
  repeat 4  39.105 µs  (×2^13, total 320.352 ms)
  median: 39.130 µs    min: 38.890 µs    max: 39.781 µs
  hash: all repeats agree
  observed hash: 0x2c83a4cef9799294
  peak RSS: 69_944 kB..70_480 kB (across 5 ok repeat(s))

Hex.NumberTowerBench.runPariNfFactor6    [fixed] repeats=5
  env: lean=4.34.0-rc2, os=linux, arch=x86_64, commit=cf0c4a4-dirty, 2026-09-07T15:06:53Z, host=chungus2
  repeat 0  122.245 µs  (×2^11, total 250.359 ms)
  repeat 1  122.006 µs  (×2^11, total 249.869 ms)
  repeat 2  119.465 µs  (×2^11, total 244.665 ms)
  repeat 3  121.776 µs  (×2^11, total 249.398 ms)
  repeat 4  119.043 µs  (×2^11, total 243.801 ms)
  median: 121.776 µs    min: 119.043 µs    max: 122.245 µs
  hash: all repeats agree
  observed hash: 0x49213ee8f422ba78
  peak RSS: 69_944 kB..70_480 kB (across 5 ok repeat(s))

Hex.NumberTowerBench.runPariNfFactor8    [fixed] repeats=5
  env: lean=4.34.0-rc2, os=linux, arch=x86_64, commit=cf0c4a4-dirty, 2026-09-07T15:06:56Z, host=chungus2
  repeat 0  48.164 µs  (×2^13, total 394.567 ms)
  repeat 1  48.012 µs  (×2^13, total 393.315 ms)
  repeat 2  47.878 µs  (×2^13, total 392.219 ms)
  repeat 3  48.687 µs  (×2^13, total 398.852 ms)
  repeat 4  47.462 µs  (×2^13, total 388.812 ms)
  median: 48.012 µs    min: 47.462 µs    max: 48.687 µs
  hash: all repeats agree
  observed hash: 0x9621b9eb5cafb441
  peak RSS: 69_856 kB..70_004 kB (across 5 ok repeat(s))

Hex.NumberTowerBench.runPariNfFactor12    [fixed] repeats=5
  env: lean=4.34.0-rc2, os=linux, arch=x86_64, commit=cf0c4a4-dirty, 2026-09-07T15:07:02Z, host=chungus2
  repeat 0  75.139 µs  (×2^12, total 307.771 ms)
  repeat 1  75.349 µs  (×2^12, total 308.632 ms)
  repeat 2  75.846 µs  (×2^12, total 310.668 ms)
  repeat 3  75.080 µs  (×2^12, total 307.529 ms)
  repeat 4  74.894 µs  (×2^12, total 306.770 ms)
  median: 75.139 µs    min: 74.894 µs    max: 75.846 µs
  hash: all repeats agree
  observed hash: 0x803ff6b97716ffb9
  peak RSS: 70_144 kB..70_568 kB (across 5 ok repeat(s))

Hex.NumberTowerBench.runPariNfFactorOverhead    [fixed] repeats=5
  env: lean=4.34.0-rc2, os=linux, arch=x86_64, commit=cf0c4a4-dirty, 2026-09-07T15:07:06Z, host=chungus2
  repeat 0  7.229 µs  (×2^15, total 236.895 ms)
  repeat 1  7.406 µs  (×2^15, total 242.706 ms)
  repeat 2  7.236 µs  (×2^15, total 237.136 ms)
  repeat 3  7.325 µs  (×2^15, total 240.051 ms)
  repeat 4  7.251 µs  (×2^15, total 237.621 ms)
  median: 7.251 µs    min: 7.229 µs    max: 7.406 µs
  hash: all repeats agree
  observed hash: 0x0
  expected hash: matches
  peak RSS: 69_864 kB..70_552 kB (across 5 ok repeat(s))

exported to reports/bench-results/tower-singleton-quadratic/issue-10074-integrated-main-4-right.json
