Hex.NumberTowerBench.runTowerFactorPair2    [fixed] repeats=5
  env: lean=4.34.0-rc2, os=linux, arch=x86_64, commit=9782d7d-dirty, 2026-09-07T13:39:11Z, host=chungus2
  repeat 0  842.667 µs  (×2^8, total 215.723 ms)
  repeat 1  836.854 µs  (×2^8, total 214.235 ms)
  repeat 2  829.811 µs  (×2^8, total 212.432 ms)
  repeat 3  829.979 µs  (×2^8, total 212.475 ms)
  repeat 4  830.833 µs  (×2^8, total 212.693 ms)
  median: 830.833 µs    min: 829.811 µs    max: 842.667 µs
  hash: all repeats agree
  observed hash: 0x91a80e0030157d88
  peak RSS: 69_764 kB..70_320 kB (across 5 ok repeat(s))

Hex.NumberTowerBench.runTowerFactorPair3    [fixed] repeats=5
  env: lean=4.34.0-rc2, os=linux, arch=x86_64, commit=9782d7d-dirty, 2026-09-07T13:39:14Z, host=chungus2
  repeat 0  1.063 ms  (×2^8, total 272.155 ms)
  repeat 1  1.075 ms  (×2^8, total 275.093 ms)
  repeat 2  1.052 ms  (×2^8, total 269.323 ms)
  repeat 3  1.066 ms  (×2^8, total 272.896 ms)
  repeat 4  1.058 ms  (×2^8, total 270.861 ms)
  median: 1.063 ms    min: 1.052 ms    max: 1.075 ms
  hash: all repeats agree
  observed hash: 0x564b7c1b2bee61fa
  peak RSS: 69_984 kB..70_212 kB (across 5 ok repeat(s))

Hex.NumberTowerBench.runTowerFactorPair4    [fixed] repeats=5
  env: lean=4.34.0-rc2, os=linux, arch=x86_64, commit=9782d7d-dirty, 2026-09-07T13:39:17Z, host=chungus2
  repeat 0  1.434 ms  (×2^8, total 367.149 ms)
  repeat 1  2.273 ms  (×2^7, total 290.886 ms)
  repeat 2  2.288 ms  (×2^7, total 292.896 ms)
  repeat 3  2.341 ms  (×2^7, total 299.611 ms)
  repeat 4  2.342 ms  (×2^7, total 299.753 ms)
  median: 2.288 ms    min: 1.434 ms    max: 2.342 ms
  hash: all repeats agree
  observed hash: 0x2c83a4cef9799294
  peak RSS: 69_760 kB..70_340 kB (across 5 ok repeat(s))

Hex.NumberTowerBench.runTowerFactorPair6    [fixed] repeats=5
  env: lean=4.34.0-rc2, os=linux, arch=x86_64, commit=9782d7d-dirty, 2026-09-07T13:39:21Z, host=chungus2
  repeat 0  3.553 ms  (×2^6, total 227.386 ms)
  repeat 1  3.514 ms  (×2^6, total 224.865 ms)
  repeat 2  3.501 ms  (×2^6, total 224.086 ms)
  repeat 3  3.488 ms  (×2^6, total 223.200 ms)
  repeat 4  3.487 ms  (×2^6, total 223.178 ms)
  median: 3.501 ms    min: 3.487 ms    max: 3.553 ms
  hash: all repeats agree
  observed hash: 0x49213ee8f422ba78
  peak RSS: 69_904 kB..70_312 kB (across 5 ok repeat(s))

Hex.NumberTowerBench.runTowerFactorPair8    [fixed] repeats=5
  env: lean=4.34.0-rc2, os=linux, arch=x86_64, commit=9782d7d-dirty, 2026-09-07T13:39:24Z, host=chungus2
  repeat 0  5.033 ms  (×2^6, total 322.138 ms)
  repeat 1  5.040 ms  (×2^6, total 322.577 ms)
  repeat 2  4.961 ms  (×2^6, total 317.520 ms)
  repeat 3  5.019 ms  (×2^6, total 321.225 ms)
  repeat 4  4.604 ms  (×2^6, total 294.647 ms)
  median: 5.019 ms    min: 4.604 ms    max: 5.040 ms
  hash: all repeats agree
  observed hash: 0x9621b9eb5cafb441
  peak RSS: 69_928 kB..70_320 kB (across 5 ok repeat(s))

Hex.NumberTowerBench.runTowerFactorPair12    [fixed] repeats=5
  env: lean=4.34.0-rc2, os=linux, arch=x86_64, commit=9782d7d-dirty, 2026-09-07T13:39:29Z, host=chungus2
  repeat 0  9.136 ms  (×2^5, total 292.362 ms)
  repeat 1  9.162 ms  (×2^5, total 293.184 ms)
  repeat 2  9.363 ms  (×2^5, total 299.626 ms)
  repeat 3  9.598 ms  (×2^5, total 307.149 ms)
  repeat 4  9.538 ms  (×2^5, total 305.221 ms)
  median: 9.363 ms    min: 9.136 ms    max: 9.598 ms
  hash: all repeats agree
  observed hash: 0x803ff6b97716ffb9
  peak RSS: 69_676 kB..70_212 kB (across 5 ok repeat(s))

Hex.NumberTowerBench.runTowerFactorLadder    [fixed] repeats=5
  env: lean=4.34.0-rc2, os=linux, arch=x86_64, commit=9782d7d-dirty, 2026-09-07T13:39:33Z, host=chungus2
  repeat 0  29.602 ms  (×2^3, total 236.817 ms)
  repeat 1  27.935 ms  (×2^3, total 223.482 ms)
  repeat 2  30.176 ms  (×2^3, total 241.405 ms)
  repeat 3  30.866 ms  (×2^3, total 246.930 ms)
  repeat 4  29.436 ms  (×2^3, total 235.491 ms)
  median: 29.602 ms    min: 27.935 ms    max: 30.866 ms
  hash: all repeats agree
  observed hash: 0x3a7f4c606ce48b1b
  expected hash: matches
  peak RSS: 69_832 kB..70_424 kB (across 5 ok repeat(s))

Hex.NumberTowerBench.runTowerCheckFactorization    [fixed] repeats=5
  env: lean=4.34.0-rc2, os=linux, arch=x86_64, commit=9782d7d-dirty, 2026-09-07T13:39:36Z, host=chungus2
  repeat 0  13.876 ms  (×2^4, total 222.008 ms)
  repeat 1  12.820 ms  (×2^4, total 205.122 ms)
  repeat 2  13.900 ms  (×2^4, total 222.392 ms)
  repeat 3  13.861 ms  (×2^4, total 221.784 ms)
  repeat 4  13.971 ms  (×2^4, total 223.531 ms)
  median: 13.876 ms    min: 12.820 ms    max: 13.971 ms
  hash: all repeats agree
  observed hash: 0xb
  expected hash: matches
  peak RSS: 69_868 kB..70_128 kB (across 5 ok repeat(s))

exported to reports/bench-results/tower-singleton-quadratic/issue-10074-combined-quadratic-quiet-1-left.json
