Hex.NumberTowerBench.runTowerFactorPair2    [fixed] repeats=5
  env: lean=4.34.0-rc2, os=linux, arch=x86_64, commit=0265769-dirty, 2026-09-07T15:49:34Z, host=chungus2
  repeat 0  648.007 µs  (×2^9, total 331.780 ms)
  repeat 1  644.715 µs  (×2^9, total 330.094 ms)
  repeat 2  647.177 µs  (×2^9, total 331.355 ms)
  repeat 3  647.274 µs  (×2^9, total 331.405 ms)
  repeat 4  645.782 µs  (×2^9, total 330.641 ms)
  median: 647.177 µs    min: 644.715 µs    max: 648.007 µs
  hash: all repeats agree
  observed hash: 0x91a80e0030157d88
  peak RSS: 69_936 kB..70_480 kB (across 5 ok repeat(s))

Hex.NumberTowerBench.runTowerFactorPair3    [fixed] repeats=5
  env: lean=4.34.0-rc2, os=linux, arch=x86_64, commit=0265769-dirty, 2026-09-07T15:49:38Z, host=chungus2
  repeat 0  768.614 µs  (×2^9, total 393.531 ms)
  repeat 1  774.553 µs  (×2^9, total 396.571 ms)
  repeat 2  782.388 µs  (×2^8, total 200.292 ms)
  repeat 3  780.022 µs  (×2^9, total 399.372 ms)
  repeat 4  768.014 µs  (×2^9, total 393.223 ms)
  median: 774.553 µs    min: 768.014 µs    max: 782.388 µs
  hash: all repeats agree
  observed hash: 0x564b7c1b2bee61fa
  peak RSS: 69_964 kB..70_288 kB (across 5 ok repeat(s))

Hex.NumberTowerBench.runTowerFactorPair4    [fixed] repeats=5
  env: lean=4.34.0-rc2, os=linux, arch=x86_64, commit=0265769-dirty, 2026-09-07T15:49:42Z, host=chungus2
  repeat 0  1.010 ms  (×2^8, total 258.490 ms)
  repeat 1  1.005 ms  (×2^8, total 257.278 ms)
  repeat 2  1.020 ms  (×2^8, total 261.227 ms)
  repeat 3  1.022 ms  (×2^8, total 261.575 ms)
  repeat 4  1.027 ms  (×2^8, total 262.824 ms)
  median: 1.020 ms    min: 1.005 ms    max: 1.027 ms
  hash: all repeats agree
  observed hash: 0x2c83a4cef9799294
  peak RSS: 69_940 kB..70_384 kB (across 5 ok repeat(s))

Hex.NumberTowerBench.runTowerFactorPair6    [fixed] repeats=5
  env: lean=4.34.0-rc2, os=linux, arch=x86_64, commit=0265769-dirty, 2026-09-07T15:49:46Z, host=chungus2
  repeat 0  1.419 ms  (×2^8, total 363.214 ms)
  repeat 1  1.407 ms  (×2^8, total 360.199 ms)
  repeat 2  1.480 ms  (×2^8, total 378.893 ms)
  repeat 3  1.418 ms  (×2^8, total 362.954 ms)
  repeat 4  1.428 ms  (×2^8, total 365.517 ms)
  median: 1.419 ms    min: 1.407 ms    max: 1.480 ms
  hash: all repeats agree
  observed hash: 0x49213ee8f422ba78
  peak RSS: 69_868 kB..70_368 kB (across 5 ok repeat(s))

Hex.NumberTowerBench.runTowerFactorPair8    [fixed] repeats=5
  env: lean=4.34.0-rc2, os=linux, arch=x86_64, commit=0265769-dirty, 2026-09-07T15:49:51Z, host=chungus2
  repeat 0  1.899 ms  (×2^7, total 243.065 ms)
  repeat 1  1.896 ms  (×2^7, total 242.751 ms)
  repeat 2  1.897 ms  (×2^7, total 242.754 ms)
  repeat 3  1.881 ms  (×2^7, total 240.832 ms)
  repeat 4  1.880 ms  (×2^7, total 240.599 ms)
  median: 1.896 ms    min: 1.880 ms    max: 1.899 ms
  hash: all repeats agree
  observed hash: 0x9621b9eb5cafb441
  peak RSS: 69_748 kB..70_480 kB (across 5 ok repeat(s))

Hex.NumberTowerBench.runTowerFactorPair12    [fixed] repeats=5
  env: lean=4.34.0-rc2, os=linux, arch=x86_64, commit=0265769-dirty, 2026-09-07T15:49:54Z, host=chungus2
  repeat 0  3.445 ms  (×2^6, total 220.493 ms)
  repeat 1  3.503 ms  (×2^6, total 224.188 ms)
  repeat 2  3.500 ms  (×2^6, total 223.977 ms)
  repeat 3  5.405 ms  (×2^6, total 345.933 ms)
  repeat 4  5.387 ms  (×2^6, total 344.737 ms)
  median: 3.503 ms    min: 3.445 ms    max: 5.405 ms
  hash: all repeats agree
  observed hash: 0x803ff6b97716ffb9
  peak RSS: 69_872 kB..70_340 kB (across 5 ok repeat(s))

Hex.NumberTowerBench.runTowerFactorLadder    [fixed] repeats=5
  env: lean=4.34.0-rc2, os=linux, arch=x86_64, commit=0265769-dirty, 2026-09-07T15:49:57Z, host=chungus2
  repeat 0  14.333 ms  (×2^4, total 229.333 ms)
  repeat 1  14.170 ms  (×2^4, total 226.724 ms)
  repeat 2  14.182 ms  (×2^4, total 226.908 ms)
  repeat 3  14.235 ms  (×2^4, total 227.755 ms)
  repeat 4  14.105 ms  (×2^4, total 225.674 ms)
  median: 14.182 ms    min: 14.105 ms    max: 14.333 ms
  hash: all repeats agree
  observed hash: 0x3a7f4c606ce48b1b
  expected hash: matches
  peak RSS: 70_024 kB..70_476 kB (across 5 ok repeat(s))

Hex.NumberTowerBench.runTowerCheckFactorization    [fixed] repeats=5
  env: lean=4.34.0-rc2, os=linux, arch=x86_64, commit=0265769-dirty, 2026-09-07T15:50:00Z, host=chungus2
  repeat 0  6.511 ms  (×2^5, total 208.346 ms)
  repeat 1  6.527 ms  (×2^5, total 208.855 ms)
  repeat 2  6.500 ms  (×2^5, total 208.006 ms)
  repeat 3  6.434 ms  (×2^5, total 205.891 ms)
  repeat 4  6.473 ms  (×2^5, total 207.123 ms)
  median: 6.500 ms    min: 6.434 ms    max: 6.527 ms
  hash: all repeats agree
  observed hash: 0xb
  expected hash: matches
  peak RSS: 70_016 kB..70_604 kB (across 5 ok repeat(s))

Hex.NumberTowerBench.runPariNfFactor2    [fixed] repeats=5
  env: lean=4.34.0-rc2, os=linux, arch=x86_64, commit=0265769-dirty, 2026-09-07T15:50:03Z, host=chungus2
  repeat 0  46.652 µs  (×2^13, total 382.179 ms)
  repeat 1  46.748 µs  (×2^13, total 382.967 ms)
  repeat 2  46.263 µs  (×2^13, total 378.989 ms)
  repeat 3  45.066 µs  (×2^13, total 369.187 ms)
  repeat 4  46.772 µs  (×2^13, total 383.158 ms)
  median: 46.652 µs    min: 45.066 µs    max: 46.772 µs
  hash: all repeats agree
  observed hash: 0x91a80e0030157d88
  peak RSS: 70_040 kB..70_208 kB (across 5 ok repeat(s))

Hex.NumberTowerBench.runPariNfFactor3    [fixed] repeats=5
  env: lean=4.34.0-rc2, os=linux, arch=x86_64, commit=0265769-dirty, 2026-09-07T15:50:08Z, host=chungus2
  repeat 0  55.207 µs  (×2^12, total 226.129 ms)
  repeat 1  55.787 µs  (×2^12, total 228.507 ms)
  repeat 2  54.707 µs  (×2^12, total 224.081 ms)
  repeat 3  55.692 µs  (×2^12, total 228.116 ms)
  repeat 4  54.915 µs  (×2^12, total 224.933 ms)
  median: 55.207 µs    min: 54.707 µs    max: 55.787 µs
  hash: all repeats agree
  observed hash: 0x564b7c1b2bee61fa
  peak RSS: 70_048 kB..70_176 kB (across 5 ok repeat(s))

Hex.NumberTowerBench.runPariNfFactor4    [fixed] repeats=5
  env: lean=4.34.0-rc2, os=linux, arch=x86_64, commit=0265769-dirty, 2026-09-07T15:50:12Z, host=chungus2
  repeat 0  62.933 µs  (×2^12, total 257.775 ms)
  repeat 1  63.960 µs  (×2^12, total 261.982 ms)
  repeat 2  63.099 µs  (×2^12, total 258.456 ms)
  repeat 3  61.818 µs  (×2^12, total 253.208 ms)
  repeat 4  62.478 µs  (×2^12, total 255.910 ms)
  median: 62.933 µs    min: 61.818 µs    max: 63.960 µs
  hash: all repeats agree
  observed hash: 0x2c83a4cef9799294
  peak RSS: 70_068 kB..70_616 kB (across 5 ok repeat(s))

Hex.NumberTowerBench.runPariNfFactor6    [fixed] repeats=5
  env: lean=4.34.0-rc2, os=linux, arch=x86_64, commit=0265769-dirty, 2026-09-07T15:50:16Z, host=chungus2
  repeat 0  200.862 µs  (×2^10, total 205.683 ms)
  repeat 1  195.954 µs  (×2^10, total 200.657 ms)
  repeat 2  194.421 µs  (×2^11, total 398.176 ms)
  repeat 3  204.798 µs  (×2^10, total 209.714 ms)
  repeat 4  196.805 µs  (×2^10, total 201.529 ms)
  median: 196.805 µs    min: 194.421 µs    max: 204.798 µs
  hash: all repeats agree
  observed hash: 0x49213ee8f422ba78
  peak RSS: 70_068 kB..70_596 kB (across 5 ok repeat(s))

Hex.NumberTowerBench.runPariNfFactor8    [fixed] repeats=5
  env: lean=4.34.0-rc2, os=linux, arch=x86_64, commit=0265769-dirty, 2026-09-07T15:50:20Z, host=chungus2
  repeat 0  75.466 µs  (×2^12, total 309.111 ms)
  repeat 1  75.179 µs  (×2^12, total 307.937 ms)
  repeat 2  79.049 µs  (×2^12, total 323.788 ms)
  repeat 3  76.306 µs  (×2^12, total 312.553 ms)
  repeat 4  77.738 µs  (×2^12, total 318.419 ms)
  median: 76.306 µs    min: 75.179 µs    max: 79.049 µs
  hash: all repeats agree
  observed hash: 0x9621b9eb5cafb441
  peak RSS: 70_012 kB..70_180 kB (across 5 ok repeat(s))

Hex.NumberTowerBench.runPariNfFactor12    [fixed] repeats=5
  env: lean=4.34.0-rc2, os=linux, arch=x86_64, commit=0265769-dirty, 2026-09-07T15:50:24Z, host=chungus2
  repeat 0  111.727 µs  (×2^11, total 228.819 ms)
  repeat 1  105.909 µs  (×2^11, total 216.903 ms)
  repeat 2  104.288 µs  (×2^11, total 213.583 ms)
  repeat 3  109.483 µs  (×2^11, total 224.223 ms)
  repeat 4  101.893 µs  (×2^11, total 208.678 ms)
  median: 105.909 µs    min: 101.893 µs    max: 111.727 µs
  hash: all repeats agree
  observed hash: 0x803ff6b97716ffb9
  peak RSS: 70_004 kB..70_180 kB (across 5 ok repeat(s))

Hex.NumberTowerBench.runPariNfFactorOverhead    [fixed] repeats=5
  env: lean=4.34.0-rc2, os=linux, arch=x86_64, commit=0265769-dirty, 2026-09-07T15:50:28Z, host=chungus2
  repeat 0  10.396 µs  (×2^15, total 340.673 ms)
  repeat 1   9.624 µs  (×2^15, total 315.375 ms)
  repeat 2  10.379 µs  (×2^15, total 340.106 ms)
  repeat 3   9.567 µs  (×2^15, total 313.506 ms)
  repeat 4   9.920 µs  (×2^15, total 325.070 ms)
  median: 9.920 µs    min: 9.567 µs    max: 10.396 µs
  hash: all repeats agree
  observed hash: 0x0
  expected hash: matches
  peak RSS: 69_940 kB..70_528 kB (across 5 ok repeat(s))

exported to reports/bench-results/tower-singleton-quadratic/issue-10074-integrated-harness-8-right.json
