Hex.NumberTowerBench.runTowerFactorPair2    [fixed] repeats=5
  env: lean=4.34.0-rc2, os=linux, arch=x86_64, commit=4209945-dirty, 2026-09-07T13:18:58Z, host=chungus2
  repeat 0  643.706 µs  (×2^9, total 329.578 ms)
  repeat 1  642.083 µs  (×2^9, total 328.747 ms)
  repeat 2  654.506 µs  (×2^9, total 335.108 ms)
  repeat 3  643.198 µs  (×2^9, total 329.318 ms)
  repeat 4  637.512 µs  (×2^9, total 326.406 ms)
  median: 643.198 µs    min: 637.512 µs    max: 654.506 µs
  hash: all repeats agree
  observed hash: 0x91a80e0030157d88
  peak RSS: 69_812 kB..70_068 kB (across 5 ok repeat(s))

Hex.NumberTowerBench.runTowerFactorPair3    [fixed] repeats=5
  env: lean=4.34.0-rc2, os=linux, arch=x86_64, commit=4209945-dirty, 2026-09-07T13:19:02Z, host=chungus2
  repeat 0  749.992 µs  (×2^9, total 383.996 ms)
  repeat 1  751.438 µs  (×2^9, total 384.737 ms)
  repeat 2  753.183 µs  (×2^9, total 385.630 ms)
  repeat 3  748.549 µs  (×2^9, total 383.257 ms)
  repeat 4  748.598 µs  (×2^9, total 383.283 ms)
  median: 749.992 µs    min: 748.549 µs    max: 753.183 µs
  hash: all repeats agree
  observed hash: 0x564b7c1b2bee61fa
  peak RSS: 69_792 kB..70_020 kB (across 5 ok repeat(s))

Hex.NumberTowerBench.runTowerFactorPair4    [fixed] repeats=5
  env: lean=4.34.0-rc2, os=linux, arch=x86_64, commit=4209945-dirty, 2026-09-07T13:19:07Z, host=chungus2
  repeat 0  982.515 µs  (×2^8, total 251.524 ms)
  repeat 1  977.476 µs  (×2^8, total 250.234 ms)
  repeat 2  996.839 µs  (×2^8, total 255.191 ms)
  repeat 3    1.006 ms  (×2^8, total 257.415 ms)
  repeat 4  988.429 µs  (×2^8, total 253.038 ms)
  median: 988.429 µs    min: 977.476 µs    max: 1.006 ms
  hash: all repeats agree
  observed hash: 0x2c83a4cef9799294
  peak RSS: 69_788 kB..70_440 kB (across 5 ok repeat(s))

Hex.NumberTowerBench.runTowerFactorPair6    [fixed] repeats=5
  env: lean=4.34.0-rc2, os=linux, arch=x86_64, commit=4209945-dirty, 2026-09-07T13:19:10Z, host=chungus2
  repeat 0  1.376 ms  (×2^8, total 352.148 ms)
  repeat 1  1.382 ms  (×2^8, total 353.712 ms)
  repeat 2  1.382 ms  (×2^8, total 353.776 ms)
  repeat 3  1.376 ms  (×2^8, total 352.265 ms)
  repeat 4  1.382 ms  (×2^8, total 353.798 ms)
  median: 1.382 ms    min: 1.376 ms    max: 1.382 ms
  hash: all repeats agree
  observed hash: 0x49213ee8f422ba78
  peak RSS: 69_744 kB..70_152 kB (across 5 ok repeat(s))

Hex.NumberTowerBench.runTowerFactorPair8    [fixed] repeats=5
  env: lean=4.34.0-rc2, os=linux, arch=x86_64, commit=4209945-dirty, 2026-09-07T13:19:15Z, host=chungus2
  repeat 0  1.860 ms  (×2^7, total 238.027 ms)
  repeat 1  1.878 ms  (×2^7, total 240.392 ms)
  repeat 2  1.841 ms  (×2^7, total 235.638 ms)
  repeat 3  1.844 ms  (×2^7, total 236.075 ms)
  repeat 4  1.842 ms  (×2^7, total 235.753 ms)
  median: 1.844 ms    min: 1.841 ms    max: 1.878 ms
  hash: all repeats agree
  observed hash: 0x9621b9eb5cafb441
  peak RSS: 69_784 kB..69_992 kB (across 5 ok repeat(s))

Hex.NumberTowerBench.runTowerFactorPair12    [fixed] repeats=5
  env: lean=4.34.0-rc2, os=linux, arch=x86_64, commit=4209945-dirty, 2026-09-07T13:19:18Z, host=chungus2
  repeat 0  3.465 ms  (×2^6, total 221.729 ms)
  repeat 1  3.462 ms  (×2^6, total 221.542 ms)
  repeat 2  3.414 ms  (×2^6, total 218.528 ms)
  repeat 3  3.401 ms  (×2^6, total 217.664 ms)
  repeat 4  3.385 ms  (×2^6, total 216.624 ms)
  median: 3.414 ms    min: 3.385 ms    max: 3.465 ms
  hash: all repeats agree
  observed hash: 0x803ff6b97716ffb9
  peak RSS: 69_788 kB..70_408 kB (across 5 ok repeat(s))

Hex.NumberTowerBench.runTowerFactorLadder    [fixed] repeats=5
  env: lean=4.34.0-rc2, os=linux, arch=x86_64, commit=4209945-dirty, 2026-09-07T13:19:21Z, host=chungus2
  repeat 0  9.089 ms  (×2^5, total 290.855 ms)
  repeat 1  9.104 ms  (×2^5, total 291.314 ms)
  repeat 2  9.143 ms  (×2^5, total 292.564 ms)
  repeat 3  9.159 ms  (×2^5, total 293.084 ms)
  repeat 4  9.161 ms  (×2^5, total 293.143 ms)
  median: 9.143 ms    min: 9.089 ms    max: 9.161 ms
  hash: all repeats agree
  observed hash: 0x3a7f4c606ce48b1b
  expected hash: matches
  peak RSS: 69_892 kB..70_280 kB (across 5 ok repeat(s))

Hex.NumberTowerBench.runTowerCheckFactorization    [fixed] repeats=5
  env: lean=4.34.0-rc2, os=linux, arch=x86_64, commit=4209945-dirty, 2026-09-07T13:19:25Z, host=chungus2
  repeat 0  4.182 ms  (×2^6, total 267.617 ms)
  repeat 1  4.142 ms  (×2^6, total 265.106 ms)
  repeat 2  4.201 ms  (×2^6, total 268.878 ms)
  repeat 3  4.191 ms  (×2^6, total 268.203 ms)
  repeat 4  4.167 ms  (×2^6, total 266.657 ms)
  median: 4.182 ms    min: 4.142 ms    max: 4.201 ms
  hash: all repeats agree
  observed hash: 0xb
  expected hash: matches
  peak RSS: 69_924 kB..70_536 kB (across 5 ok repeat(s))

exported to reports/bench-results/tower-singleton-quadratic/issue-10074-combined-singleton-6-right.json
