Hex.NumberTowerBench.runTowerFactorPair2    [fixed] repeats=5
  env: lean=4.34.0-rc2, os=linux, arch=x86_64, commit=af91cca-dirty, 2026-09-07T12:37:49Z, host=chungus2
  repeat 0  811.250 µs  (×2^8, total 207.680 ms)
  repeat 1  841.103 µs  (×2^8, total 215.322 ms)
  repeat 2  850.753 µs  (×2^8, total 217.793 ms)
  repeat 3    1.214 ms  (×2^8, total 310.857 ms)
  repeat 4  844.345 µs  (×2^8, total 216.153 ms)
  median: 844.345 µs    min: 811.250 µs    max: 1.214 ms
  hash: all repeats agree
  observed hash: 0x91a80e0030157d88
  peak RSS: 63_156 kB..70_356 kB (across 5 ok repeat(s))

Hex.NumberTowerBench.runTowerFactorPair3    [fixed] repeats=5
  env: lean=4.34.0-rc2, os=linux, arch=x86_64, commit=af91cca-dirty, 2026-09-07T12:37:52Z, host=chungus2
  repeat 0  1.117 ms  (×2^8, total 285.907 ms)
  repeat 1  1.216 ms  (×2^8, total 311.389 ms)
  repeat 2  1.139 ms  (×2^8, total 291.601 ms)
  repeat 3  1.093 ms  (×2^8, total 279.745 ms)
  repeat 4  1.081 ms  (×2^8, total 276.621 ms)
  median: 1.117 ms    min: 1.081 ms    max: 1.216 ms
  hash: all repeats agree
  observed hash: 0x564b7c1b2bee61fa
  peak RSS: 66_652 kB..69_988 kB (across 5 ok repeat(s))

Hex.NumberTowerBench.runTowerFactorPair4    [fixed] repeats=5
  env: lean=4.34.0-rc2, os=linux, arch=x86_64, commit=af91cca-dirty, 2026-09-07T12:37:55Z, host=chungus2
  repeat 0  1.579 ms  (×2^7, total 202.172 ms)
  repeat 1  1.443 ms  (×2^8, total 369.530 ms)
  repeat 2  1.443 ms  (×2^8, total 369.472 ms)
  repeat 3  1.448 ms  (×2^8, total 370.796 ms)
  repeat 4  1.442 ms  (×2^8, total 369.147 ms)
  median: 1.443 ms    min: 1.442 ms    max: 1.579 ms
  hash: all repeats agree
  observed hash: 0x2c83a4cef9799294
  peak RSS: 64_156 kB..68_764 kB (across 5 ok repeat(s))

Hex.NumberTowerBench.runTowerFactorPair6    [fixed] repeats=5
  env: lean=4.34.0-rc2, os=linux, arch=x86_64, commit=af91cca-dirty, 2026-09-07T12:38:00Z, host=chungus2
  repeat 0  2.202 ms  (×2^7, total 281.893 ms)
  repeat 1  2.508 ms  (×2^7, total 321.063 ms)
  repeat 2  2.237 ms  (×2^7, total 286.335 ms)
  repeat 3  2.240 ms  (×2^7, total 286.687 ms)
  repeat 4  2.224 ms  (×2^7, total 284.712 ms)
  median: 2.237 ms    min: 2.202 ms    max: 2.508 ms
  hash: all repeats agree
  observed hash: 0x49213ee8f422ba78
  peak RSS: 66_868 kB..70_136 kB (across 5 ok repeat(s))

Hex.NumberTowerBench.runTowerFactorPair8    [fixed] repeats=5
  env: lean=4.34.0-rc2, os=linux, arch=x86_64, commit=af91cca-dirty, 2026-09-07T12:38:04Z, host=chungus2
  repeat 0  3.330 ms  (×2^6, total 213.099 ms)
  repeat 1  3.323 ms  (×2^6, total 212.647 ms)
  repeat 2  3.370 ms  (×2^6, total 215.648 ms)
  repeat 3  3.321 ms  (×2^6, total 212.558 ms)
  repeat 4  3.279 ms  (×2^6, total 209.850 ms)
  median: 3.323 ms    min: 3.279 ms    max: 3.370 ms
  hash: all repeats agree
  observed hash: 0x9621b9eb5cafb441
  peak RSS: 66_304 kB..69_644 kB (across 5 ok repeat(s))

Hex.NumberTowerBench.runTowerFactorPair12    [fixed] repeats=5
  env: lean=4.34.0-rc2, os=linux, arch=x86_64, commit=af91cca-dirty, 2026-09-07T12:38:07Z, host=chungus2
  repeat 0  6.609 ms  (×2^5, total 211.487 ms)
  repeat 1  6.534 ms  (×2^5, total 209.074 ms)
  repeat 2  6.615 ms  (×2^5, total 211.667 ms)
  repeat 3  6.625 ms  (×2^5, total 212.004 ms)
  repeat 4  6.637 ms  (×2^5, total 212.392 ms)
  median: 6.615 ms    min: 6.534 ms    max: 6.637 ms
  hash: all repeats agree
  observed hash: 0x803ff6b97716ffb9
  peak RSS: 64_944 kB..70_072 kB (across 5 ok repeat(s))

Hex.NumberTowerBench.runTowerFactorLadder    [fixed] repeats=5
  env: lean=4.34.0-rc2, os=linux, arch=x86_64, commit=af91cca-dirty, 2026-09-07T12:38:09Z, host=chungus2
  repeat 0  24.828 ms  (×2^4, total 397.254 ms)
  repeat 1  25.211 ms  (×2^3, total 201.688 ms)
  repeat 2  25.166 ms  (×2^3, total 201.330 ms)
  repeat 3  26.935 ms  (×2^4, total 430.958 ms)
  repeat 4  25.609 ms  (×2^3, total 204.875 ms)
  median: 25.211 ms    min: 24.828 ms    max: 26.935 ms
  hash: all repeats agree
  observed hash: 0x3a7f4c606ce48b1b
  expected hash: matches
  peak RSS: 66_176 kB..70_100 kB (across 5 ok repeat(s))

Hex.NumberTowerBench.runTowerCheckFactorization    [fixed] repeats=5
  env: lean=4.34.0-rc2, os=linux, arch=x86_64, commit=af91cca-dirty, 2026-09-07T12:38:13Z, host=chungus2
  repeat 0  12.561 ms  (×2^4, total 200.976 ms)
  repeat 1  12.514 ms  (×2^4, total 200.231 ms)
  repeat 2  12.340 ms  (×2^5, total 394.892 ms)
  repeat 3  12.202 ms  (×2^5, total 390.475 ms)
  repeat 4  12.496 ms  (×2^5, total 399.876 ms)
  median: 12.496 ms    min: 12.202 ms    max: 12.561 ms
  hash: all repeats agree
  observed hash: 0xb
  expected hash: matches
  peak RSS: 69_784 kB..70_492 kB (across 5 ok repeat(s))

exported to reports/bench-results/tower-singleton-quadratic/issue-10074-singleton-af7-3-right.json
