Hex.NumberTowerBench.runTowerFactorPair2    [fixed] repeats=5
  env: lean=4.34.0-rc2, os=linux, arch=x86_64, commit=4209945-dirty, 2026-09-07T13:19:34Z, host=chungus2
  repeat 0  815.759 µs  (×2^8, total 208.835 ms)
  repeat 1  817.905 µs  (×2^8, total 209.384 ms)
  repeat 2  816.515 µs  (×2^8, total 209.028 ms)
  repeat 3  814.079 µs  (×2^8, total 208.404 ms)
  repeat 4  802.669 µs  (×2^8, total 205.483 ms)
  median: 815.759 µs    min: 802.669 µs    max: 817.905 µs
  hash: all repeats agree
  observed hash: 0x91a80e0030157d88
  peak RSS: 69_656 kB..70_376 kB (across 5 ok repeat(s))

Hex.NumberTowerBench.runTowerFactorPair3    [fixed] repeats=5
  env: lean=4.34.0-rc2, os=linux, arch=x86_64, commit=4209945-dirty, 2026-09-07T13:19:37Z, host=chungus2
  repeat 0  1.017 ms  (×2^8, total 260.250 ms)
  repeat 1  1.025 ms  (×2^8, total 262.384 ms)
  repeat 2  1.028 ms  (×2^8, total 263.140 ms)
  repeat 3  1.008 ms  (×2^8, total 258.066 ms)
  repeat 4  1.015 ms  (×2^8, total 259.751 ms)
  median: 1.017 ms    min: 1.008 ms    max: 1.028 ms
  hash: all repeats agree
  observed hash: 0x564b7c1b2bee61fa
  peak RSS: 69_664 kB..70_104 kB (across 5 ok repeat(s))

Hex.NumberTowerBench.runTowerFactorPair4    [fixed] repeats=5
  env: lean=4.34.0-rc2, os=linux, arch=x86_64, commit=4209945-dirty, 2026-09-07T13:19:40Z, host=chungus2
  repeat 0  1.410 ms  (×2^8, total 361.056 ms)
  repeat 1  1.390 ms  (×2^8, total 355.907 ms)
  repeat 2  1.381 ms  (×2^8, total 353.559 ms)
  repeat 3  1.410 ms  (×2^8, total 360.979 ms)
  repeat 4  1.378 ms  (×2^8, total 352.804 ms)
  median: 1.390 ms    min: 1.378 ms    max: 1.410 ms
  hash: all repeats agree
  observed hash: 0x2c83a4cef9799294
  peak RSS: 69_648 kB..70_108 kB (across 5 ok repeat(s))

Hex.NumberTowerBench.runTowerFactorPair6    [fixed] repeats=5
  env: lean=4.34.0-rc2, os=linux, arch=x86_64, commit=4209945-dirty, 2026-09-07T13:19:45Z, host=chungus2
  repeat 0  2.161 ms  (×2^7, total 276.596 ms)
  repeat 1  2.146 ms  (×2^7, total 274.681 ms)
  repeat 2  2.171 ms  (×2^7, total 277.839 ms)
  repeat 3  2.180 ms  (×2^7, total 279.091 ms)
  repeat 4  2.160 ms  (×2^7, total 276.479 ms)
  median: 2.161 ms    min: 2.146 ms    max: 2.180 ms
  hash: all repeats agree
  observed hash: 0x49213ee8f422ba78
  peak RSS: 69_656 kB..70_064 kB (across 5 ok repeat(s))

Hex.NumberTowerBench.runTowerFactorPair8    [fixed] repeats=5
  env: lean=4.34.0-rc2, os=linux, arch=x86_64, commit=4209945-dirty, 2026-09-07T13:19:48Z, host=chungus2
  repeat 0  3.180 ms  (×2^6, total 203.548 ms)
  repeat 1  3.167 ms  (×2^6, total 202.691 ms)
  repeat 2  3.172 ms  (×2^6, total 202.991 ms)
  repeat 3  3.133 ms  (×2^6, total 200.503 ms)
  repeat 4  3.153 ms  (×2^6, total 201.791 ms)
  median: 3.167 ms    min: 3.133 ms    max: 3.180 ms
  hash: all repeats agree
  observed hash: 0x9621b9eb5cafb441
  peak RSS: 69_824 kB..70_016 kB (across 5 ok repeat(s))

Hex.NumberTowerBench.runTowerFactorPair12    [fixed] repeats=5
  env: lean=4.34.0-rc2, os=linux, arch=x86_64, commit=4209945-dirty, 2026-09-07T13:19:51Z, host=chungus2
  repeat 0  6.366 ms  (×2^5, total 203.723 ms)
  repeat 1  6.453 ms  (×2^5, total 206.504 ms)
  repeat 2  6.470 ms  (×2^5, total 207.039 ms)
  repeat 3  6.552 ms  (×2^5, total 209.677 ms)
  repeat 4  6.382 ms  (×2^5, total 204.225 ms)
  median: 6.453 ms    min: 6.366 ms    max: 6.552 ms
  hash: all repeats agree
  observed hash: 0x803ff6b97716ffb9
  peak RSS: 69_844 kB..70_484 kB (across 5 ok repeat(s))

Hex.NumberTowerBench.runTowerFactorLadder    [fixed] repeats=5
  env: lean=4.34.0-rc2, os=linux, arch=x86_64, commit=4209945-dirty, 2026-09-07T13:19:54Z, host=chungus2
  repeat 0  24.699 ms  (×2^4, total 395.191 ms)
  repeat 1  24.750 ms  (×2^4, total 396.000 ms)
  repeat 2  24.150 ms  (×2^4, total 386.405 ms)
  repeat 3  24.601 ms  (×2^4, total 393.618 ms)
  repeat 4  24.425 ms  (×2^4, total 390.805 ms)
  median: 24.601 ms    min: 24.150 ms    max: 24.750 ms
  hash: all repeats agree
  observed hash: 0x3a7f4c606ce48b1b
  expected hash: matches
  peak RSS: 69_748 kB..70_252 kB (across 5 ok repeat(s))

Hex.NumberTowerBench.runTowerCheckFactorization    [fixed] repeats=5
  env: lean=4.34.0-rc2, os=linux, arch=x86_64, commit=4209945-dirty, 2026-09-07T13:19:59Z, host=chungus2
  repeat 0  11.951 ms  (×2^5, total 382.429 ms)
  repeat 1  11.876 ms  (×2^5, total 380.027 ms)
  repeat 2  11.887 ms  (×2^5, total 380.378 ms)
  repeat 3  11.807 ms  (×2^5, total 377.815 ms)
  repeat 4  11.812 ms  (×2^5, total 377.986 ms)
  median: 11.876 ms    min: 11.807 ms    max: 11.951 ms
  hash: all repeats agree
  observed hash: 0xb
  expected hash: matches
  peak RSS: 69_944 kB..70_584 kB (across 5 ok repeat(s))

exported to reports/bench-results/tower-singleton-quadratic/issue-10074-combined-singleton-6-left.json
