Hex.NumberTowerBench.runTowerFactorPair2    [fixed] repeats=5
  env: lean=4.34.0-rc2, os=linux, arch=x86_64, commit=af91cca-dirty, 2026-09-07T12:50:40Z, host=chungus2
  repeat 0  801.051 µs  (×2^8, total 205.069 ms)
  repeat 1  796.951 µs  (×2^8, total 204.020 ms)
  repeat 2  815.729 µs  (×2^8, total 208.827 ms)
  repeat 3  800.722 µs  (×2^8, total 204.985 ms)
  repeat 4  794.407 µs  (×2^8, total 203.368 ms)
  median: 800.722 µs    min: 794.407 µs    max: 815.729 µs
  hash: all repeats agree
  observed hash: 0x91a80e0030157d88
  peak RSS: 69_720 kB..70_328 kB (across 5 ok repeat(s))

Hex.NumberTowerBench.runTowerFactorPair3    [fixed] repeats=5
  env: lean=4.34.0-rc2, os=linux, arch=x86_64, commit=af91cca-dirty, 2026-09-07T12:50:43Z, host=chungus2
  repeat 0  1.025 ms  (×2^8, total 262.323 ms)
  repeat 1  1.035 ms  (×2^8, total 264.998 ms)
  repeat 2  1.089 ms  (×2^8, total 278.661 ms)
  repeat 3  1.020 ms  (×2^8, total 261.236 ms)
  repeat 4  1.044 ms  (×2^8, total 267.208 ms)
  median: 1.035 ms    min: 1.020 ms    max: 1.089 ms
  hash: all repeats agree
  observed hash: 0x564b7c1b2bee61fa
  peak RSS: 69_792 kB..70_316 kB (across 5 ok repeat(s))

Hex.NumberTowerBench.runTowerFactorPair4    [fixed] repeats=5
  env: lean=4.34.0-rc2, os=linux, arch=x86_64, commit=af91cca-dirty, 2026-09-07T12:50:46Z, host=chungus2
  repeat 0  1.381 ms  (×2^8, total 353.476 ms)
  repeat 1  1.384 ms  (×2^8, total 354.335 ms)
  repeat 2  1.382 ms  (×2^8, total 353.804 ms)
  repeat 3  1.365 ms  (×2^8, total 349.446 ms)
  repeat 4  1.361 ms  (×2^8, total 348.406 ms)
  median: 1.381 ms    min: 1.361 ms    max: 1.384 ms
  hash: all repeats agree
  observed hash: 0x2c83a4cef9799294
  peak RSS: 69_768 kB..70_044 kB (across 5 ok repeat(s))

Hex.NumberTowerBench.runTowerFactorPair6    [fixed] repeats=5
  env: lean=4.34.0-rc2, os=linux, arch=x86_64, commit=af91cca-dirty, 2026-09-07T12:50:51Z, host=chungus2
  repeat 0  2.091 ms  (×2^7, total 267.591 ms)
  repeat 1  2.123 ms  (×2^7, total 271.720 ms)
  repeat 2  2.100 ms  (×2^7, total 268.756 ms)
  repeat 3  2.097 ms  (×2^7, total 268.417 ms)
  repeat 4  2.068 ms  (×2^7, total 264.646 ms)
  median: 2.097 ms    min: 2.068 ms    max: 2.123 ms
  hash: all repeats agree
  observed hash: 0x49213ee8f422ba78
  peak RSS: 69_844 kB..70_340 kB (across 5 ok repeat(s))

Hex.NumberTowerBench.runTowerFactorPair8    [fixed] repeats=5
  env: lean=4.34.0-rc2, os=linux, arch=x86_64, commit=af91cca-dirty, 2026-09-07T12:50:54Z, host=chungus2
  repeat 0  3.003 ms  (×2^7, total 384.416 ms)
  repeat 1  3.067 ms  (×2^7, total 392.617 ms)
  repeat 2  2.996 ms  (×2^7, total 383.548 ms)
  repeat 3  3.006 ms  (×2^7, total 384.710 ms)
  repeat 4  3.105 ms  (×2^7, total 397.378 ms)
  median: 3.006 ms    min: 2.996 ms    max: 3.105 ms
  hash: all repeats agree
  observed hash: 0x9621b9eb5cafb441
  peak RSS: 69_788 kB..70_116 kB (across 5 ok repeat(s))

Hex.NumberTowerBench.runTowerFactorPair12    [fixed] repeats=5
  env: lean=4.34.0-rc2, os=linux, arch=x86_64, commit=af91cca-dirty, 2026-09-07T12:50:59Z, host=chungus2
  repeat 0  5.964 ms  (×2^6, total 381.713 ms)
  repeat 1  5.883 ms  (×2^6, total 376.507 ms)
  repeat 2  5.752 ms  (×2^6, total 368.111 ms)
  repeat 3  5.818 ms  (×2^6, total 372.342 ms)
  repeat 4  5.752 ms  (×2^6, total 368.108 ms)
  median: 5.818 ms    min: 5.752 ms    max: 5.964 ms
  hash: all repeats agree
  observed hash: 0x803ff6b97716ffb9
  peak RSS: 69_812 kB..70_220 kB (across 5 ok repeat(s))

Hex.NumberTowerBench.runTowerFactorLadder    [fixed] repeats=5
  env: lean=4.34.0-rc2, os=linux, arch=x86_64, commit=af91cca-dirty, 2026-09-07T12:51:03Z, host=chungus2
  repeat 0  18.373 ms  (×2^4, total 293.975 ms)
  repeat 1  18.152 ms  (×2^4, total 290.435 ms)
  repeat 2  18.369 ms  (×2^4, total 293.910 ms)
  repeat 3  18.301 ms  (×2^4, total 292.820 ms)
  repeat 4  18.393 ms  (×2^4, total 294.284 ms)
  median: 18.369 ms    min: 18.152 ms    max: 18.393 ms
  hash: all repeats agree
  observed hash: 0x3a7f4c606ce48b1b
  expected hash: matches
  peak RSS: 69_832 kB..70_328 kB (across 5 ok repeat(s))

Hex.NumberTowerBench.runTowerCheckFactorization    [fixed] repeats=5
  env: lean=4.34.0-rc2, os=linux, arch=x86_64, commit=af91cca-dirty, 2026-09-07T12:51:07Z, host=chungus2
  repeat 0  8.587 ms  (×2^5, total 274.797 ms)
  repeat 1  8.708 ms  (×2^5, total 278.657 ms)
  repeat 2  8.573 ms  (×2^5, total 274.332 ms)
  repeat 3  8.591 ms  (×2^5, total 274.921 ms)
  repeat 4  8.761 ms  (×2^5, total 280.338 ms)
  median: 8.591 ms    min: 8.573 ms    max: 8.761 ms
  hash: all repeats agree
  observed hash: 0xb
  expected hash: matches
  peak RSS: 69_912 kB..70_276 kB (across 5 ok repeat(s))

exported to reports/bench-results/tower-singleton-quadratic/issue-10074-quadratic-af7-5-right.json
