Hex.NumberTowerBench.runTowerFactorPair2    [fixed] repeats=5
  env: lean=4.34.0-rc2, os=linux, arch=x86_64, commit=cf0c4a4-dirty, 2026-09-07T14:58:55Z, host=chungus2
  repeat 0  633.259 µs  (×2^9, total 324.229 ms)
  repeat 1  635.941 µs  (×2^9, total 325.602 ms)
  repeat 2  641.136 µs  (×2^9, total 328.262 ms)
  repeat 3  634.752 µs  (×2^9, total 324.993 ms)
  repeat 4  633.466 µs  (×2^9, total 324.335 ms)
  median: 634.752 µs    min: 633.259 µs    max: 641.136 µs
  hash: all repeats agree
  observed hash: 0x91a80e0030157d88
  peak RSS: 69_664 kB..70_272 kB (across 5 ok repeat(s))

Hex.NumberTowerBench.runTowerFactorPair3    [fixed] repeats=5
  env: lean=4.34.0-rc2, os=linux, arch=x86_64, commit=cf0c4a4-dirty, 2026-09-07T14:58:59Z, host=chungus2
  repeat 0  770.406 µs  (×2^9, total 394.448 ms)
  repeat 1  760.895 µs  (×2^9, total 389.578 ms)
  repeat 2  766.159 µs  (×2^9, total 392.274 ms)
  repeat 3  759.398 µs  (×2^9, total 388.812 ms)
  repeat 4  760.905 µs  (×2^9, total 389.583 ms)
  median: 760.905 µs    min: 759.398 µs    max: 770.406 µs
  hash: all repeats agree
  observed hash: 0x564b7c1b2bee61fa
  peak RSS: 69_668 kB..70_300 kB (across 5 ok repeat(s))

Hex.NumberTowerBench.runTowerFactorPair4    [fixed] repeats=5
  env: lean=4.34.0-rc2, os=linux, arch=x86_64, commit=cf0c4a4-dirty, 2026-09-07T14:59:04Z, host=chungus2
  repeat 0  986.614 µs  (×2^8, total 252.573 ms)
  repeat 1  996.996 µs  (×2^8, total 255.231 ms)
  repeat 2  989.523 µs  (×2^8, total 253.318 ms)
  repeat 3  994.050 µs  (×2^8, total 254.477 ms)
  repeat 4  991.495 µs  (×2^8, total 253.823 ms)
  median: 991.495 µs    min: 986.614 µs    max: 996.996 µs
  hash: all repeats agree
  observed hash: 0x2c83a4cef9799294
  peak RSS: 69_672 kB..70_088 kB (across 5 ok repeat(s))

Hex.NumberTowerBench.runTowerFactorPair6    [fixed] repeats=5
  env: lean=4.34.0-rc2, os=linux, arch=x86_64, commit=cf0c4a4-dirty, 2026-09-07T14:59:07Z, host=chungus2
  repeat 0  1.388 ms  (×2^8, total 355.205 ms)
  repeat 1  1.383 ms  (×2^8, total 354.045 ms)
  repeat 2  1.415 ms  (×2^8, total 362.218 ms)
  repeat 3  1.393 ms  (×2^8, total 356.724 ms)
  repeat 4  1.391 ms  (×2^8, total 356.028 ms)
  median: 1.391 ms    min: 1.383 ms    max: 1.415 ms
  hash: all repeats agree
  observed hash: 0x49213ee8f422ba78
  peak RSS: 69_872 kB..70_216 kB (across 5 ok repeat(s))

Hex.NumberTowerBench.runTowerFactorPair8    [fixed] repeats=5
  env: lean=4.34.0-rc2, os=linux, arch=x86_64, commit=cf0c4a4-dirty, 2026-09-07T14:59:12Z, host=chungus2
  repeat 0  1.874 ms  (×2^7, total 239.903 ms)
  repeat 1  1.860 ms  (×2^7, total 238.128 ms)
  repeat 2  1.866 ms  (×2^7, total 238.900 ms)
  repeat 3  1.859 ms  (×2^7, total 237.932 ms)
  repeat 4  1.849 ms  (×2^7, total 236.674 ms)
  median: 1.860 ms    min: 1.849 ms    max: 1.874 ms
  hash: all repeats agree
  observed hash: 0x9621b9eb5cafb441
  peak RSS: 69_660 kB..70_296 kB (across 5 ok repeat(s))

Hex.NumberTowerBench.runTowerFactorPair12    [fixed] repeats=5
  env: lean=4.34.0-rc2, os=linux, arch=x86_64, commit=cf0c4a4-dirty, 2026-09-07T14:59:15Z, host=chungus2
  repeat 0  3.400 ms  (×2^6, total 217.609 ms)
  repeat 1  3.394 ms  (×2^6, total 217.227 ms)
  repeat 2  3.448 ms  (×2^6, total 220.674 ms)
  repeat 3  3.431 ms  (×2^6, total 219.569 ms)
  repeat 4  3.425 ms  (×2^6, total 219.190 ms)
  median: 3.425 ms    min: 3.394 ms    max: 3.448 ms
  hash: all repeats agree
  observed hash: 0x803ff6b97716ffb9
  peak RSS: 69_592 kB..70_100 kB (across 5 ok repeat(s))

Hex.NumberTowerBench.runTowerFactorLadder    [fixed] repeats=5
  env: lean=4.34.0-rc2, os=linux, arch=x86_64, commit=cf0c4a4-dirty, 2026-09-07T14:59:18Z, host=chungus2
  repeat 0  9.005 ms  (×2^5, total 288.172 ms)
  repeat 1  9.041 ms  (×2^5, total 289.300 ms)
  repeat 2  9.024 ms  (×2^5, total 288.772 ms)
  repeat 3  9.177 ms  (×2^5, total 293.652 ms)
  repeat 4  9.155 ms  (×2^5, total 292.962 ms)
  median: 9.041 ms    min: 9.005 ms    max: 9.177 ms
  hash: all repeats agree
  observed hash: 0x3a7f4c606ce48b1b
  expected hash: matches
  peak RSS: 69_700 kB..70_328 kB (across 5 ok repeat(s))

Hex.NumberTowerBench.runTowerCheckFactorization    [fixed] repeats=5
  env: lean=4.34.0-rc2, os=linux, arch=x86_64, commit=cf0c4a4-dirty, 2026-09-07T14:59:21Z, host=chungus2
  repeat 0  4.167 ms  (×2^6, total 266.703 ms)
  repeat 1  4.141 ms  (×2^6, total 265.046 ms)
  repeat 2  4.174 ms  (×2^6, total 267.126 ms)
  repeat 3  4.188 ms  (×2^6, total 268.059 ms)
  repeat 4  4.160 ms  (×2^6, total 266.221 ms)
  median: 4.167 ms    min: 4.141 ms    max: 4.188 ms
  hash: all repeats agree
  observed hash: 0xb
  expected hash: matches
  peak RSS: 69_792 kB..70_200 kB (across 5 ok repeat(s))

Hex.NumberTowerBench.runPariNfFactor2    [fixed] repeats=5
  env: lean=4.34.0-rc2, os=linux, arch=x86_64, commit=cf0c4a4-dirty, 2026-09-07T14:59:25Z, host=chungus2
  repeat 0  28.516 µs  (×2^13, total 233.606 ms)
  repeat 1  28.985 µs  (×2^13, total 237.446 ms)
  repeat 2  29.214 µs  (×2^13, total 239.328 ms)
  repeat 3  29.150 µs  (×2^13, total 238.797 ms)
  repeat 4  28.849 µs  (×2^13, total 236.334 ms)
  median: 28.985 µs    min: 28.516 µs    max: 29.214 µs
  hash: all repeats agree
  observed hash: 0x91a80e0030157d88
  peak RSS: 69_804 kB..70_232 kB (across 5 ok repeat(s))

Hex.NumberTowerBench.runPariNfFactor3    [fixed] repeats=5
  env: lean=4.34.0-rc2, os=linux, arch=x86_64, commit=cf0c4a4-dirty, 2026-09-07T14:59:28Z, host=chungus2
  repeat 0  34.664 µs  (×2^13, total 283.971 ms)
  repeat 1  34.170 µs  (×2^13, total 279.929 ms)
  repeat 2  34.372 µs  (×2^13, total 281.580 ms)
  repeat 3  34.197 µs  (×2^13, total 280.144 ms)
  repeat 4  51.213 µs  (×2^13, total 419.542 ms)
  median: 34.372 µs    min: 34.170 µs    max: 51.213 µs
  hash: all repeats agree
  observed hash: 0x564b7c1b2bee61fa
  peak RSS: 69_764 kB..70_036 kB (across 5 ok repeat(s))

Hex.NumberTowerBench.runPariNfFactor4    [fixed] repeats=5
  env: lean=4.34.0-rc2, os=linux, arch=x86_64, commit=cf0c4a4-dirty, 2026-09-07T14:59:32Z, host=chungus2
  repeat 0  49.945 µs  (×2^12, total 204.577 ms)
  repeat 1  38.964 µs  (×2^13, total 319.197 ms)
  repeat 2  39.818 µs  (×2^13, total 326.193 ms)
  repeat 3  39.485 µs  (×2^13, total 323.467 ms)
  repeat 4  39.402 µs  (×2^13, total 322.787 ms)
  median: 39.485 µs    min: 38.964 µs    max: 49.945 µs
  hash: all repeats agree
  observed hash: 0x2c83a4cef9799294
  peak RSS: 69_776 kB..70_348 kB (across 5 ok repeat(s))

Hex.NumberTowerBench.runPariNfFactor6    [fixed] repeats=5
  env: lean=4.34.0-rc2, os=linux, arch=x86_64, commit=cf0c4a4-dirty, 2026-09-07T14:59:37Z, host=chungus2
  repeat 0  119.533 µs  (×2^11, total 244.804 ms)
  repeat 1  119.468 µs  (×2^11, total 244.672 ms)
  repeat 2  124.848 µs  (×2^11, total 255.690 ms)
  repeat 3  121.578 µs  (×2^11, total 248.993 ms)
  repeat 4  127.154 µs  (×2^11, total 260.413 ms)
  median: 121.578 µs    min: 119.468 µs    max: 127.154 µs
  hash: all repeats agree
  observed hash: 0x49213ee8f422ba78
  peak RSS: 69_868 kB..70_428 kB (across 5 ok repeat(s))

Hex.NumberTowerBench.runPariNfFactor8    [fixed] repeats=5
  env: lean=4.34.0-rc2, os=linux, arch=x86_64, commit=cf0c4a4-dirty, 2026-09-07T14:59:40Z, host=chungus2
  repeat 0  47.754 µs  (×2^13, total 391.206 ms)
  repeat 1  47.497 µs  (×2^13, total 389.096 ms)
  repeat 2  47.630 µs  (×2^13, total 390.187 ms)
  repeat 3  47.747 µs  (×2^13, total 391.152 ms)
  repeat 4  48.048 µs  (×2^13, total 393.613 ms)
  median: 47.747 µs    min: 47.497 µs    max: 48.048 µs
  hash: all repeats agree
  observed hash: 0x9621b9eb5cafb441
  peak RSS: 69_808 kB..70_352 kB (across 5 ok repeat(s))

Hex.NumberTowerBench.runPariNfFactor12    [fixed] repeats=5
  env: lean=4.34.0-rc2, os=linux, arch=x86_64, commit=cf0c4a4-dirty, 2026-09-07T14:59:45Z, host=chungus2
  repeat 0  75.925 µs  (×2^12, total 310.989 ms)
  repeat 1  74.501 µs  (×2^12, total 305.156 ms)
  repeat 2  74.807 µs  (×2^12, total 306.411 ms)
  repeat 3  75.506 µs  (×2^12, total 309.275 ms)
  repeat 4  75.060 µs  (×2^12, total 307.447 ms)
  median: 75.060 µs    min: 74.501 µs    max: 75.925 µs
  hash: all repeats agree
  observed hash: 0x803ff6b97716ffb9
  peak RSS: 69_712 kB..70_268 kB (across 5 ok repeat(s))

Hex.NumberTowerBench.runPariNfFactorOverhead    [fixed] repeats=5
  env: lean=4.34.0-rc2, os=linux, arch=x86_64, commit=cf0c4a4-dirty, 2026-09-07T14:59:50Z, host=chungus2
  repeat 0  7.206 µs  (×2^15, total 236.141 ms)
  repeat 1  7.363 µs  (×2^15, total 241.294 ms)
  repeat 2  7.289 µs  (×2^15, total 238.870 ms)
  repeat 3  7.262 µs  (×2^15, total 237.969 ms)
  repeat 4  7.229 µs  (×2^15, total 236.896 ms)
  median: 7.262 µs    min: 7.206 µs    max: 7.363 µs
  hash: all repeats agree
  observed hash: 0x0
  expected hash: matches
  peak RSS: 69_820 kB..70_212 kB (across 5 ok repeat(s))

exported to reports/bench-results/tower-singleton-quadratic/issue-10074-integrated-main-2-right.json
