Hex.NumberTowerBench.runTowerFactorPair2    [fixed] repeats=5
  env: lean=4.34.0-rc2, os=linux, arch=x86_64, commit=797bb42-dirty, 2026-09-07T13:29:04Z, host=chungus2
  repeat 0  799.118 µs  (×2^8, total 204.574 ms)
  repeat 1  811.871 µs  (×2^8, total 207.839 ms)
  repeat 2  803.125 µs  (×2^8, total 205.600 ms)
  repeat 3  795.382 µs  (×2^8, total 203.618 ms)
  repeat 4  821.998 µs  (×2^8, total 210.432 ms)
  median: 803.125 µs    min: 795.382 µs    max: 821.998 µs
  hash: all repeats agree
  observed hash: 0x91a80e0030157d88
  peak RSS: 69_740 kB..70_152 kB (across 5 ok repeat(s))

Hex.NumberTowerBench.runTowerFactorPair3    [fixed] repeats=5
  env: lean=4.34.0-rc2, os=linux, arch=x86_64, commit=797bb42-dirty, 2026-09-07T13:29:07Z, host=chungus2
  repeat 0  1.044 ms  (×2^8, total 267.302 ms)
  repeat 1  1.032 ms  (×2^8, total 264.235 ms)
  repeat 2  1.021 ms  (×2^8, total 261.319 ms)
  repeat 3  1.010 ms  (×2^8, total 258.515 ms)
  repeat 4  1.014 ms  (×2^8, total 259.640 ms)
  median: 1.021 ms    min: 1.010 ms    max: 1.044 ms
  hash: all repeats agree
  observed hash: 0x564b7c1b2bee61fa
  peak RSS: 69_900 kB..70_336 kB (across 5 ok repeat(s))

Hex.NumberTowerBench.runTowerFactorPair4    [fixed] repeats=5
  env: lean=4.34.0-rc2, os=linux, arch=x86_64, commit=797bb42-dirty, 2026-09-07T13:29:11Z, host=chungus2
  repeat 0  1.400 ms  (×2^8, total 358.421 ms)
  repeat 1  1.453 ms  (×2^8, total 371.964 ms)
  repeat 2  1.353 ms  (×2^8, total 346.249 ms)
  repeat 3  1.370 ms  (×2^8, total 350.697 ms)
  repeat 4  1.379 ms  (×2^8, total 352.968 ms)
  median: 1.379 ms    min: 1.353 ms    max: 1.453 ms
  hash: all repeats agree
  observed hash: 0x2c83a4cef9799294
  peak RSS: 69_736 kB..70_040 kB (across 5 ok repeat(s))

Hex.NumberTowerBench.runTowerFactorPair6    [fixed] repeats=5
  env: lean=4.34.0-rc2, os=linux, arch=x86_64, commit=797bb42-dirty, 2026-09-07T13:29:15Z, host=chungus2
  repeat 0  2.086 ms  (×2^7, total 266.991 ms)
  repeat 1  2.079 ms  (×2^7, total 266.051 ms)
  repeat 2  2.090 ms  (×2^7, total 267.507 ms)
  repeat 3  2.121 ms  (×2^7, total 271.425 ms)
  repeat 4  2.169 ms  (×2^7, total 277.590 ms)
  median: 2.090 ms    min: 2.079 ms    max: 2.169 ms
  hash: all repeats agree
  observed hash: 0x49213ee8f422ba78
  peak RSS: 69_716 kB..69_876 kB (across 5 ok repeat(s))

Hex.NumberTowerBench.runTowerFactorPair8    [fixed] repeats=5
  env: lean=4.34.0-rc2, os=linux, arch=x86_64, commit=797bb42-dirty, 2026-09-07T13:29:19Z, host=chungus2
  repeat 0  3.065 ms  (×2^7, total 392.343 ms)
  repeat 1  3.021 ms  (×2^7, total 386.679 ms)
  repeat 2  2.979 ms  (×2^7, total 381.268 ms)
  repeat 3  3.004 ms  (×2^7, total 384.459 ms)
  repeat 4  3.096 ms  (×2^7, total 396.247 ms)
  median: 3.021 ms    min: 2.979 ms    max: 3.096 ms
  hash: all repeats agree
  observed hash: 0x9621b9eb5cafb441
  peak RSS: 69_944 kB..70_000 kB (across 5 ok repeat(s))

Hex.NumberTowerBench.runTowerFactorPair12    [fixed] repeats=5
  env: lean=4.34.0-rc2, os=linux, arch=x86_64, commit=797bb42-dirty, 2026-09-07T13:29:24Z, host=chungus2
  repeat 0  5.677 ms  (×2^6, total 363.308 ms)
  repeat 1  5.896 ms  (×2^6, total 377.374 ms)
  repeat 2  6.073 ms  (×2^6, total 388.684 ms)
  repeat 3  5.919 ms  (×2^6, total 378.845 ms)
  repeat 4  5.804 ms  (×2^6, total 371.481 ms)
  median: 5.896 ms    min: 5.677 ms    max: 6.073 ms
  hash: all repeats agree
  observed hash: 0x803ff6b97716ffb9
  peak RSS: 69_808 kB..70_212 kB (across 5 ok repeat(s))

Hex.NumberTowerBench.runTowerFactorLadder    [fixed] repeats=5
  env: lean=4.34.0-rc2, os=linux, arch=x86_64, commit=797bb42-dirty, 2026-09-07T13:29:28Z, host=chungus2
  repeat 0  18.596 ms  (×2^4, total 297.538 ms)
  repeat 1  18.111 ms  (×2^4, total 289.784 ms)
  repeat 2  18.074 ms  (×2^4, total 289.182 ms)
  repeat 3  18.499 ms  (×2^4, total 295.988 ms)
  repeat 4  18.017 ms  (×2^4, total 288.276 ms)
  median: 18.111 ms    min: 18.017 ms    max: 18.596 ms
  hash: all repeats agree
  observed hash: 0x3a7f4c606ce48b1b
  expected hash: matches
  peak RSS: 69_832 kB..70_124 kB (across 5 ok repeat(s))

Hex.NumberTowerBench.runTowerCheckFactorization    [fixed] repeats=5
  env: lean=4.34.0-rc2, os=linux, arch=x86_64, commit=797bb42-dirty, 2026-09-07T13:29:32Z, host=chungus2
  repeat 0  8.772 ms  (×2^5, total 280.718 ms)
  repeat 1  8.647 ms  (×2^5, total 276.696 ms)
  repeat 2  8.507 ms  (×2^5, total 272.219 ms)
  repeat 3  8.559 ms  (×2^5, total 273.885 ms)
  repeat 4  8.696 ms  (×2^5, total 278.285 ms)
  median: 8.647 ms    min: 8.507 ms    max: 8.772 ms
  hash: all repeats agree
  observed hash: 0xb
  expected hash: matches
  peak RSS: 69_892 kB..70_128 kB (across 5 ok repeat(s))

exported to reports/bench-results/tower-singleton-quadratic/issue-10074-combined-quadratic-6-left.json
