Hex.NumberTowerBench.runTowerFactorPair2    [fixed] repeats=5
  env: lean=4.34.0-rc2, os=linux, arch=x86_64, commit=9782d7d-dirty, 2026-09-07T13:58:46Z, host=chungus2
  repeat 0  630.499 µs  (×2^9, total 322.816 ms)
  repeat 1  636.408 µs  (×2^9, total 325.841 ms)
  repeat 2  632.991 µs  (×2^9, total 324.092 ms)
  repeat 3  641.907 µs  (×2^9, total 328.657 ms)
  repeat 4  635.627 µs  (×2^9, total 325.441 ms)
  median: 635.627 µs    min: 630.499 µs    max: 641.907 µs
  hash: all repeats agree
  observed hash: 0x91a80e0030157d88
  peak RSS: 69_920 kB..70_404 kB (across 5 ok repeat(s))

Hex.NumberTowerBench.runTowerFactorPair3    [fixed] repeats=5
  env: lean=4.34.0-rc2, os=linux, arch=x86_64, commit=9782d7d-dirty, 2026-09-07T13:58:50Z, host=chungus2
  repeat 0  758.932 µs  (×2^9, total 388.574 ms)
  repeat 1  761.875 µs  (×2^9, total 390.080 ms)
  repeat 2  759.262 µs  (×2^9, total 388.742 ms)
  repeat 3  754.902 µs  (×2^9, total 386.510 ms)
  repeat 4  767.442 µs  (×2^9, total 392.931 ms)
  median: 759.262 µs    min: 754.902 µs    max: 767.442 µs
  hash: all repeats agree
  observed hash: 0x564b7c1b2bee61fa
  peak RSS: 69_744 kB..70_404 kB (across 5 ok repeat(s))

Hex.NumberTowerBench.runTowerFactorPair4    [fixed] repeats=5
  env: lean=4.34.0-rc2, os=linux, arch=x86_64, commit=9782d7d-dirty, 2026-09-07T13:58:55Z, host=chungus2
  repeat 0  996.730 µs  (×2^8, total 255.163 ms)
  repeat 1    1.031 ms  (×2^8, total 264.043 ms)
  repeat 2    1.012 ms  (×2^8, total 259.115 ms)
  repeat 3    1.001 ms  (×2^8, total 256.226 ms)
  repeat 4  990.393 µs  (×2^8, total 253.541 ms)
  median: 1.001 ms    min: 990.393 µs    max: 1.031 ms
  hash: all repeats agree
  observed hash: 0x2c83a4cef9799294
  peak RSS: 69_764 kB..70_092 kB (across 5 ok repeat(s))

Hex.NumberTowerBench.runTowerFactorPair6    [fixed] repeats=5
  env: lean=4.34.0-rc2, os=linux, arch=x86_64, commit=9782d7d-dirty, 2026-09-07T13:58:59Z, host=chungus2
  repeat 0  1.474 ms  (×2^8, total 377.284 ms)
  repeat 1  1.392 ms  (×2^8, total 356.260 ms)
  repeat 2  1.398 ms  (×2^8, total 357.925 ms)
  repeat 3  1.400 ms  (×2^8, total 358.463 ms)
  repeat 4  1.431 ms  (×2^8, total 366.454 ms)
  median: 1.400 ms    min: 1.392 ms    max: 1.474 ms
  hash: all repeats agree
  observed hash: 0x49213ee8f422ba78
  peak RSS: 69_772 kB..70_376 kB (across 5 ok repeat(s))

Hex.NumberTowerBench.runTowerFactorPair8    [fixed] repeats=5
  env: lean=4.34.0-rc2, os=linux, arch=x86_64, commit=9782d7d-dirty, 2026-09-07T13:59:03Z, host=chungus2
  repeat 0  1.866 ms  (×2^7, total 238.817 ms)
  repeat 1  1.852 ms  (×2^7, total 237.100 ms)
  repeat 2  1.884 ms  (×2^7, total 241.208 ms)
  repeat 3  1.862 ms  (×2^7, total 238.340 ms)
  repeat 4  1.870 ms  (×2^7, total 239.297 ms)
  median: 1.866 ms    min: 1.852 ms    max: 1.884 ms
  hash: all repeats agree
  observed hash: 0x9621b9eb5cafb441
  peak RSS: 69_792 kB..70_420 kB (across 5 ok repeat(s))

Hex.NumberTowerBench.runTowerFactorPair12    [fixed] repeats=5
  env: lean=4.34.0-rc2, os=linux, arch=x86_64, commit=9782d7d-dirty, 2026-09-07T13:59:06Z, host=chungus2
  repeat 0  3.422 ms  (×2^6, total 219.036 ms)
  repeat 1  3.402 ms  (×2^6, total 217.700 ms)
  repeat 2  3.432 ms  (×2^6, total 219.634 ms)
  repeat 3  3.451 ms  (×2^6, total 220.893 ms)
  repeat 4  3.386 ms  (×2^6, total 216.673 ms)
  median: 3.422 ms    min: 3.386 ms    max: 3.451 ms
  hash: all repeats agree
  observed hash: 0x803ff6b97716ffb9
  peak RSS: 69_864 kB..70_076 kB (across 5 ok repeat(s))

Hex.NumberTowerBench.runTowerFactorLadder    [fixed] repeats=5
  env: lean=4.34.0-rc2, os=linux, arch=x86_64, commit=9782d7d-dirty, 2026-09-07T13:59:09Z, host=chungus2
  repeat 0  9.135 ms  (×2^5, total 292.313 ms)
  repeat 1  9.121 ms  (×2^5, total 291.868 ms)
  repeat 2  9.061 ms  (×2^5, total 289.951 ms)
  repeat 3  9.114 ms  (×2^5, total 291.664 ms)
  repeat 4  9.354 ms  (×2^5, total 299.315 ms)
  median: 9.121 ms    min: 9.061 ms    max: 9.354 ms
  hash: all repeats agree
  observed hash: 0x3a7f4c606ce48b1b
  expected hash: matches
  peak RSS: 69_920 kB..70_280 kB (across 5 ok repeat(s))

Hex.NumberTowerBench.runTowerCheckFactorization    [fixed] repeats=5
  env: lean=4.34.0-rc2, os=linux, arch=x86_64, commit=9782d7d-dirty, 2026-09-07T13:59:13Z, host=chungus2
  repeat 0  4.200 ms  (×2^6, total 268.815 ms)
  repeat 1  4.273 ms  (×2^6, total 273.479 ms)
  repeat 2  4.295 ms  (×2^6, total 274.853 ms)
  repeat 3  4.274 ms  (×2^6, total 273.520 ms)
  repeat 4  4.271 ms  (×2^6, total 273.370 ms)
  median: 4.273 ms    min: 4.200 ms    max: 4.295 ms
  hash: all repeats agree
  observed hash: 0xb
  expected hash: matches
  peak RSS: 69_860 kB..70_568 kB (across 5 ok repeat(s))

exported to reports/bench-results/tower-singleton-quadratic/issue-10074-combined-quadratic-quiet-5-right.json
