CPU 31
Hex.Kronecker.Bench.runPlain    expected complexity: productWork .plain i    [warm cache]
  env: lean=4.34.0, os=linux, arch=x86_64, commit=88af0b8-dirty, 2026-09-15T09:24:11Z, host=chungus2
  param  per-call    repeats  C
      1  113.853 µs  ×2^7     C=—     [trial 1/6]
      2  112.703 µs  ×2^7     C=0.000 [trial 1/6] †
      3  115.090 µs  ×2^7     C=0.000 [trial 1/6] †
      4  114.021 µs  ×2^7     C=0.000 [trial 1/6] †
      5  114.470 µs  ×2^7     C=0.000 [trial 1/6]
      6  115.259 µs  ×2^7     C=0.000 [trial 1/6]
      7  117.126 µs  ×2^7     C=0.000 [trial 1/6]
      8  118.580 µs  ×2^7     C=0.000 [trial 1/6]
      9  116.986 µs  ×2^7     C=0.000 [trial 1/6]
     10  120.338 µs  ×2^7     C=0.000 [trial 1/6]
     11  126.244 µs  ×2^7     C=0.000 [trial 1/6]
     12  203.160 µs  ×2^6     C=0.000 [trial 1/6]
     13  122.105 µs  ×2^7     C=0.000 [trial 1/6]
     14  131.429 µs  ×2^7     C=0.000 [trial 1/6]
     15  280.481 µs  ×2^6     C=0.000 [trial 1/6]
     16  143.209 µs  ×2^7     C=0.000 [trial 1/6]
     17  811.131 µs  ×2^4     C=0.000 [trial 1/6]
     18  397.277 µs  ×2^5     C=0.000 [trial 1/6]
      1  115.674 µs  ×2^7     C=—     [trial 2/6]
      2  113.039 µs  ×2^7     C=0.000 [trial 2/6] †
      3  113.841 µs  ×2^7     C=0.000 [trial 2/6] †
      4  114.365 µs  ×2^7     C=0.000 [trial 2/6] †
      5  114.453 µs  ×2^7     C=0.000 [trial 2/6]
      6  115.852 µs  ×2^7     C=0.000 [trial 2/6]
      7  117.079 µs  ×2^7     C=0.000 [trial 2/6]
      8  121.354 µs  ×2^7     C=0.000 [trial 2/6]
      9  116.759 µs  ×2^7     C=0.000 [trial 2/6]
     10  119.944 µs  ×2^7     C=0.000 [trial 2/6]
     11  126.396 µs  ×2^7     C=0.000 [trial 2/6]
     12  204.910 µs  ×2^6     C=0.000 [trial 2/6]
     13  121.714 µs  ×2^7     C=0.000 [trial 2/6]
     14  130.792 µs  ×2^7     C=0.000 [trial 2/6]
     15  280.628 µs  ×2^6     C=0.000 [trial 2/6]
     16  144.363 µs  ×2^7     C=0.000 [trial 2/6]
     17  809.054 µs  ×2^4     C=0.000 [trial 2/6]
     18  396.752 µs  ×2^5     C=0.000 [trial 2/6]
      1  113.071 µs  ×2^7     C=—     [trial 3/6]
      2  114.301 µs  ×2^7     C=0.000 [trial 3/6] †
      3  113.476 µs  ×2^7     C=0.000 [trial 3/6] †
      4  115.445 µs  ×2^7     C=0.000 [trial 3/6] †
      5  114.166 µs  ×2^7     C=0.000 [trial 3/6]
      6  115.343 µs  ×2^7     C=0.000 [trial 3/6]
      7  116.985 µs  ×2^7     C=0.000 [trial 3/6]
      8  118.996 µs  ×2^7     C=0.000 [trial 3/6]
      9  116.746 µs  ×2^7     C=0.000 [trial 3/6]
     10  120.227 µs  ×2^7     C=0.000 [trial 3/6]
     11  126.374 µs  ×2^7     C=0.000 [trial 3/6]
     12  203.603 µs  ×2^6     C=0.000 [trial 3/6]
     13  122.161 µs  ×2^7     C=0.000 [trial 3/6]
     14  133.772 µs  ×2^7     C=0.000 [trial 3/6]
     15  281.444 µs  ×2^6     C=0.000 [trial 3/6]
     16  143.658 µs  ×2^7     C=0.000 [trial 3/6]
     17  813.425 µs  ×2^4     C=0.000 [trial 3/6]
     18  396.611 µs  ×2^5     C=0.000 [trial 3/6]
      1  112.948 µs  ×2^7     C=—     [trial 4/6]
      2  112.575 µs  ×2^7     C=0.000 [trial 4/6] †
      3  113.364 µs  ×2^7     C=0.000 [trial 4/6] †
      4  114.202 µs  ×2^7     C=0.000 [trial 4/6] †
      5  113.905 µs  ×2^7     C=0.000 [trial 4/6]
      6  115.582 µs  ×2^7     C=0.000 [trial 4/6]
      7  116.621 µs  ×2^7     C=0.000 [trial 4/6]
      8  118.813 µs  ×2^7     C=0.000 [trial 4/6]
      9  116.609 µs  ×2^7     C=0.000 [trial 4/6]
     10  119.985 µs  ×2^7     C=0.000 [trial 4/6]
     11  126.337 µs  ×2^7     C=0.000 [trial 4/6]
     12  203.394 µs  ×2^6     C=0.000 [trial 4/6]
     13  122.244 µs  ×2^7     C=0.000 [trial 4/6]
     14  131.356 µs  ×2^7     C=0.000 [trial 4/6]
     15  281.865 µs  ×2^6     C=0.000 [trial 4/6]
     16  144.189 µs  ×2^7     C=0.000 [trial 4/6]
     17  813.166 µs  ×2^4     C=0.000 [trial 4/6]
     18  401.402 µs  ×2^5     C=0.000 [trial 4/6]
      1  115.438 µs  ×2^7     C=—     [trial 5/6]
      2  113.277 µs  ×2^7     C=0.000 [trial 5/6] †
      3  113.347 µs  ×2^7     C=0.000 [trial 5/6] †
      4  114.157 µs  ×2^7     C=0.000 [trial 5/6] †
      5  115.587 µs  ×2^7     C=0.000 [trial 5/6]
      6  115.259 µs  ×2^7     C=0.000 [trial 5/6]
      7  116.764 µs  ×2^7     C=0.000 [trial 5/6]
      8  118.473 µs  ×2^7     C=0.000 [trial 5/6]
      9  117.010 µs  ×2^7     C=0.000 [trial 5/6]
     10  119.971 µs  ×2^7     C=0.000 [trial 5/6]
     11  125.979 µs  ×2^7     C=0.000 [trial 5/6]
     12  203.623 µs  ×2^6     C=0.000 [trial 5/6]
     13  128.410 µs  ×2^6     C=0.000 [trial 5/6]
     14  130.439 µs  ×2^7     C=0.000 [trial 5/6]
     15  281.029 µs  ×2^6     C=0.000 [trial 5/6]
     16  144.562 µs  ×2^7     C=0.000 [trial 5/6]
     17  809.761 µs  ×2^4     C=0.000 [trial 5/6]
     18  399.266 µs  ×2^5     C=0.000 [trial 5/6]
      1  114.190 µs  ×2^7     C=—     [trial 6/6]
      2  112.927 µs  ×2^7     C=0.000 [trial 6/6] †
      3  113.208 µs  ×2^7     C=0.000 [trial 6/6] †
      4  114.509 µs  ×2^7     C=0.000 [trial 6/6] †
      5  114.443 µs  ×2^7     C=0.000 [trial 6/6]
      6  115.587 µs  ×2^7     C=0.000 [trial 6/6]
      7  116.552 µs  ×2^7     C=0.000 [trial 6/6]
      8  118.360 µs  ×2^7     C=0.000 [trial 6/6]
      9  117.535 µs  ×2^7     C=0.000 [trial 6/6]
     10  120.205 µs  ×2^7     C=0.000 [trial 6/6]
     11  126.227 µs  ×2^7     C=0.000 [trial 6/6]
     12  203.044 µs  ×2^6     C=0.000 [trial 6/6]
     13  122.126 µs  ×2^7     C=0.000 [trial 6/6]
     14  130.954 µs  ×2^7     C=0.000 [trial 6/6]
     15  281.437 µs  ×2^6     C=0.000 [trial 6/6]
     16  144.042 µs  ×2^7     C=0.000 [trial 6/6]
     17  813.819 µs  ×2^4     C=0.000 [trial 6/6]
     18  396.099 µs  ×2^5     C=0.000 [trial 6/6]
  verdict: inconclusive (cMin=0.000, cMax=0.000, β=-5.622, looks faster than declared by ~n^5.622)
  per-spawn floor (harness self-measurement): 108.090 ms
  peak RSS: 72_584 kB..73_968 kB (across 108 ok row(s))
  trial summaries (6 trials per param; spread = (max-min)/median):
    param  trials  median      min         max         spread
        1  6/6     114.022 µs  112.948 µs  115.674 µs  2.391%
        2  6/6     112.983 µs  112.575 µs  114.301 µs  1.527%
        3  6/6     113.420 µs  113.208 µs  115.090 µs  1.659%
        4  6/6     114.284 µs  114.021 µs  115.445 µs  1.246%
        5  6/6     114.448 µs  113.905 µs  115.587 µs  1.469%
        6  6/6     115.462 µs  115.259 µs  115.852 µs  0.514%
        7  6/6     116.875 µs  116.552 µs  117.126 µs  0.492%
        8  6/6     118.696 µs  118.360 µs  121.354 µs  2.522%
        9  6/6     116.873 µs  116.609 µs  117.535 µs  0.793%
       10  6/6     120.095 µs  119.944 µs  120.338 µs  0.329%
       11  6/6     126.290 µs  125.979 µs  126.396 µs  0.331%
       12  6/6     203.498 µs  203.044 µs  204.910 µs  0.917%
       13  6/6     122.144 µs  121.714 µs  128.410 µs  5.482%
       14  6/6     131.155 µs  130.439 µs  133.772 µs  2.541%
       15  6/6     281.233 µs  280.481 µs  281.865 µs  0.492%
       16  6/6     144.116 µs  143.209 µs  144.562 µs  0.939%
       17  6/6     812.149 µs  809.054 µs  813.819 µs  0.587%
       18  6/6     397.015 µs  396.099 µs  401.402 µs  1.336%

Hex.Kronecker.Bench.runPacked    expected complexity: productWork .signedPacked i    [warm cache]
  env: lean=4.34.0, os=linux, arch=x86_64, commit=88af0b8-dirty, 2026-09-15T09:24:25Z, host=chungus2
  param  per-call    repeats  C
      1  113.446 µs  ×2^7     C=—     [trial 1/6]
      2  113.529 µs  ×2^7     C=0.000 [trial 1/6] †
      3  114.883 µs  ×2^7     C=0.000 [trial 1/6] †
      4  116.418 µs  ×2^7     C=0.000 [trial 1/6] †
      5  115.926 µs  ×2^7     C=0.000 [trial 1/6]
      6  117.643 µs  ×2^7     C=0.000 [trial 1/6]
      7  126.542 µs  ×2^7     C=0.000 [trial 1/6]
      8  123.893 µs  ×2^7     C=0.000 [trial 1/6]
      9  119.554 µs  ×2^7     C=0.000 [trial 1/6]
     10  123.965 µs  ×2^7     C=0.000 [trial 1/6]
     11  139.377 µs  ×2^7     C=0.000 [trial 1/6]
     12  332.060 µs  ×2^5     C=0.000 [trial 1/6]
     13  125.205 µs  ×2^7     C=0.000 [trial 1/6]
     14  144.166 µs  ×2^7     C=0.000 [trial 1/6]
     15  562.045 µs  ×2^5     C=0.000 [trial 1/6]
     16  164.073 µs  ×2^6     C=0.000 [trial 1/6]
     17    1.765 ms  ×2^3     C=0.000 [trial 1/6]
     18  779.655 µs  ×2^4     C=0.000 [trial 1/6]
      1  115.946 µs  ×2^7     C=—     [trial 2/6]
      2  116.217 µs  ×2^7     C=0.000 [trial 2/6] †
      3  120.976 µs  ×2^7     C=0.000 [trial 2/6] †
      4  117.909 µs  ×2^7     C=0.000 [trial 2/6] †
      5  116.167 µs  ×2^7     C=0.000 [trial 2/6]
      6  117.495 µs  ×2^7     C=0.000 [trial 2/6]
      7  121.308 µs  ×2^7     C=0.000 [trial 2/6]
      8  126.207 µs  ×2^7     C=0.000 [trial 2/6]
      9  120.390 µs  ×2^7     C=0.000 [trial 2/6]
     10  124.327 µs  ×2^7     C=0.000 [trial 2/6]
     11  141.246 µs  ×2^7     C=0.000 [trial 2/6]
     12  337.382 µs  ×2^5     C=0.000 [trial 2/6]
     13  127.587 µs  ×2^7     C=0.000 [trial 2/6]
     14  145.379 µs  ×2^6     C=0.000 [trial 2/6]
     15  559.359 µs  ×2^5     C=0.000 [trial 2/6]
     16  161.859 µs  ×2^6     C=0.000 [trial 2/6]
     17    1.771 ms  ×2^3     C=0.000 [trial 2/6]
     18  802.417 µs  ×2^4     C=0.000 [trial 2/6]
      1  113.864 µs  ×2^7     C=—     [trial 3/6]
      2  113.975 µs  ×2^7     C=0.000 [trial 3/6] †
      3  115.441 µs  ×2^7     C=0.000 [trial 3/6] †
      4  118.237 µs  ×2^7     C=0.000 [trial 3/6] †
      5  116.904 µs  ×2^7     C=0.000 [trial 3/6]
      6  117.991 µs  ×2^7     C=0.000 [trial 3/6]
      7  121.743 µs  ×2^7     C=0.000 [trial 3/6]
      8  126.059 µs  ×2^7     C=0.000 [trial 3/6]
      9  120.907 µs  ×2^7     C=0.000 [trial 3/6]
     10  125.609 µs  ×2^7     C=0.000 [trial 3/6]
     11  140.303 µs  ×2^7     C=0.000 [trial 3/6]
     12  333.708 µs  ×2^5     C=0.000 [trial 3/6]
     13  129.798 µs  ×2^7     C=0.000 [trial 3/6]
     14  146.822 µs  ×2^6     C=0.000 [trial 3/6]
     15  573.373 µs  ×2^5     C=0.000 [trial 3/6]
     16  168.719 µs  ×2^6     C=0.000 [trial 3/6]
     17    1.840 ms  ×2^3     C=0.000 [trial 3/6]
     18  783.648 µs  ×2^4     C=0.000 [trial 3/6]
      1  115.700 µs  ×2^7     C=—     [trial 4/6]
      2  114.680 µs  ×2^7     C=0.000 [trial 4/6] †
      3  116.467 µs  ×2^7     C=0.000 [trial 4/6] †
      4  119.246 µs  ×2^7     C=0.000 [trial 4/6] †
      5  116.634 µs  ×2^7     C=0.000 [trial 4/6]
      6  118.707 µs  ×2^7     C=0.000 [trial 4/6]
      7  123.035 µs  ×2^7     C=0.000 [trial 4/6]
      8  124.710 µs  ×2^7     C=0.000 [trial 4/6]
      9  120.259 µs  ×2^7     C=0.000 [trial 4/6]
     10  124.774 µs  ×2^7     C=0.000 [trial 4/6]
     11  140.002 µs  ×2^7     C=0.000 [trial 4/6]
     12  340.733 µs  ×2^5     C=0.000 [trial 4/6]
     13  129.200 µs  ×2^7     C=0.000 [trial 4/6]
     14  146.973 µs  ×2^6     C=0.000 [trial 4/6]
     15  578.956 µs  ×2^5     C=0.000 [trial 4/6]
     16  165.015 µs  ×2^6     C=0.000 [trial 4/6]
     17    1.786 ms  ×2^3     C=0.000 [trial 4/6]
     18  789.111 µs  ×2^4     C=0.000 [trial 4/6]
      1  118.601 µs  ×2^7     C=—     [trial 5/6]
      2  117.850 µs  ×2^7     C=0.000 [trial 5/6] †
      3  118.754 µs  ×2^7     C=0.000 [trial 5/6] †
      4  173.028 µs  ×2^6     C=0.000 [trial 5/6] †
      5  119.685 µs  ×2^7     C=0.000 [trial 5/6]
      6  119.647 µs  ×2^7     C=0.000 [trial 5/6]
      7  121.456 µs  ×2^7     C=0.000 [trial 5/6]
      8  126.533 µs  ×2^7     C=0.000 [trial 5/6]
      9  121.510 µs  ×2^7     C=0.000 [trial 5/6]
     10  125.258 µs  ×2^7     C=0.000 [trial 5/6]
     11  140.400 µs  ×2^7     C=0.000 [trial 5/6]
     12  333.901 µs  ×2^5     C=0.000 [trial 5/6]
     13  126.955 µs  ×2^7     C=0.000 [trial 5/6]
     14  144.915 µs  ×2^6     C=0.000 [trial 5/6]
     15  561.363 µs  ×2^5     C=0.000 [trial 5/6]
     16  162.967 µs  ×2^6     C=0.000 [trial 5/6]
     17    1.801 ms  ×2^3     C=0.000 [trial 5/6]
     18  781.941 µs  ×2^4     C=0.000 [trial 5/6]
      1  115.366 µs  ×2^7     C=—     [trial 6/6]
      2  116.139 µs  ×2^7     C=0.000 [trial 6/6] †
      3  116.731 µs  ×2^7     C=0.000 [trial 6/6] †
      4  118.016 µs  ×2^7     C=0.000 [trial 6/6] †
      5  116.725 µs  ×2^7     C=0.000 [trial 6/6]
      6  119.082 µs  ×2^7     C=0.000 [trial 6/6]
      7  120.897 µs  ×2^7     C=0.000 [trial 6/6]
      8  124.509 µs  ×2^7     C=0.000 [trial 6/6]
      9  120.319 µs  ×2^7     C=0.000 [trial 6/6]
     10  125.196 µs  ×2^7     C=0.000 [trial 6/6]
     11  139.722 µs  ×2^7     C=0.000 [trial 6/6]
     12  336.666 µs  ×2^5     C=0.000 [trial 6/6]
     13  128.071 µs  ×2^7     C=0.000 [trial 6/6]
     14  148.347 µs  ×2^6     C=0.000 [trial 6/6]
     15  572.986 µs  ×2^5     C=0.000 [trial 6/6]
     16  167.410 µs  ×2^6     C=0.000 [trial 6/6]
     17    1.766 ms  ×2^3     C=0.000 [trial 6/6]
     18  784.715 µs  ×2^4     C=0.000 [trial 6/6]
  verdict: inconclusive (cMin=0.000, cMax=0.000, β=-8.618, looks faster than declared by ~n^8.618)
  per-spawn floor (harness self-measurement): 107.844 ms
  peak RSS: 72_332 kB..74_104 kB (across 108 ok row(s))
  trial summaries (6 trials per param; spread = (max-min)/median):
    param  trials  median      min         max         spread 
        1  6/6     115.533 µs  113.446 µs  118.601 µs  4.462% 
        2  6/6     115.410 µs  113.529 µs  117.850 µs  3.744% 
        3  6/6     116.599 µs  114.883 µs  120.976 µs  5.226% 
        4  6/6     118.126 µs  116.418 µs  173.028 µs  47.923%
        5  6/6     116.679 µs  115.926 µs  119.685 µs  3.222% 
        6  6/6     118.349 µs  117.495 µs  119.647 µs  1.818% 
        7  6/6     121.599 µs  120.897 µs  126.542 µs  4.642% 
        8  6/6     125.385 µs  123.893 µs  126.533 µs  2.106% 
        9  6/6     120.355 µs  119.554 µs  121.510 µs  1.625% 
       10  6/6     124.985 µs  123.965 µs  125.609 µs  1.315% 
       11  6/6     140.152 µs  139.377 µs  141.246 µs  1.334% 
       12  6/6     335.283 µs  332.060 µs  340.733 µs  2.587% 
       13  6/6     127.829 µs  125.205 µs  129.798 µs  3.593% 
       14  6/6     146.100 µs  144.166 µs  148.347 µs  2.862% 
       15  6/6     567.516 µs  559.359 µs  578.956 µs  3.453% 
       16  6/6     164.544 µs  161.859 µs  168.719 µs  4.169% 
       17  6/6       1.778 ms    1.765 ms    1.840 ms  4.195% 
       18  6/6     784.182 µs  779.655 µs  802.417 µs  2.903% 

Hex.Kronecker.Bench.runTree    expected complexity: treeWork i    [warm cache]
  env: lean=4.34.0, os=linux, arch=x86_64, commit=88af0b8-dirty, 2026-09-15T09:24:39Z, host=chungus2
  param  per-call    repeats  C
      1  112.359 µs  ×2^7     C=—     [trial 1/6]
      2  112.331 µs  ×2^7     C=0.001 [trial 1/6] †
      3  113.035 µs  ×2^7     C=0.001 [trial 1/6] †
      4  113.178 µs  ×2^7     C=0.001 [trial 1/6] †
      5  115.043 µs  ×2^7     C=0.000 [trial 1/6]
      6  117.826 µs  ×2^7     C=0.000 [trial 1/6]
      7  127.062 µs  ×2^7     C=0.000 [trial 1/6]
      8  155.931 µs  ×2^6     C=0.000 [trial 1/6]
      9  121.012 µs  ×2^7     C=0.000 [trial 1/6]
     10  139.444 µs  ×2^7     C=0.000 [trial 1/6]
     11  264.154 µs  ×2^6     C=0.000 [trial 1/6]
     12    7.607 ms  ×2^1     C=0.000 [trial 1/6]
     13  135.531 µs  ×2^7     C=0.000 [trial 1/6]
     14  227.207 µs  ×2^6     C=0.000 [trial 1/6]
     15    5.592 ms  ×2^1     C=0.000 [trial 1/6]
     16  208.776 µs  ×2^6     C=0.000 [trial 1/6]
     17    6.759 ms  ×2^1     C=0.000 [trial 1/6]
     18  803.320 µs  ×2^4     C=0.000 [trial 1/6]
      1  113.430 µs  ×2^7     C=—     [trial 2/6]
      2  114.511 µs  ×2^7     C=0.001 [trial 2/6] †
      3  113.323 µs  ×2^7     C=0.001 [trial 2/6] †
      4  114.464 µs  ×2^7     C=0.001 [trial 2/6] †
      5  114.517 µs  ×2^7     C=0.000 [trial 2/6]
      6  119.479 µs  ×2^7     C=0.000 [trial 2/6]
      7  127.951 µs  ×2^7     C=0.000 [trial 2/6]
      8  154.036 µs  ×2^6     C=0.000 [trial 2/6]
      9  120.545 µs  ×2^7     C=0.000 [trial 2/6]
     10  140.552 µs  ×2^7     C=0.000 [trial 2/6]
     11  262.448 µs  ×2^6     C=0.000 [trial 2/6]
     12    7.545 ms  ×2^1     C=0.000 [trial 2/6]
     13  133.194 µs  ×2^7     C=0.000 [trial 2/6]
     14  226.934 µs  ×2^6     C=0.000 [trial 2/6]
     15    5.537 ms  ×2^1     C=0.000 [trial 2/6]
     16  206.621 µs  ×2^6     C=0.000 [trial 2/6]
     17    6.737 ms  ×2^1     C=0.000 [trial 2/6]
     18  799.468 µs  ×2^4     C=0.000 [trial 2/6]
      1  112.767 µs  ×2^7     C=—     [trial 3/6]
      2  112.447 µs  ×2^7     C=0.001 [trial 3/6] †
      3  112.565 µs  ×2^7     C=0.001 [trial 3/6] †
      4  112.662 µs  ×2^7     C=0.001 [trial 3/6] †
      5  114.135 µs  ×2^7     C=0.000 [trial 3/6]
      6  117.428 µs  ×2^7     C=0.000 [trial 3/6]
      7  125.457 µs  ×2^7     C=0.000 [trial 3/6]
      8  153.315 µs  ×2^7     C=0.000 [trial 3/6]
      9  120.190 µs  ×2^7     C=0.000 [trial 3/6]
     10  139.805 µs  ×2^7     C=0.000 [trial 3/6]
     11  261.767 µs  ×2^6     C=0.000 [trial 3/6]
     12    7.602 ms  ×2^1     C=0.000 [trial 3/6]
     13  133.013 µs  ×2^7     C=0.000 [trial 3/6]
     14  226.149 µs  ×2^6     C=0.000 [trial 3/6]
     15    5.564 ms  ×2^1     C=0.000 [trial 3/6]
     16  208.654 µs  ×2^6     C=0.000 [trial 3/6]
     17    6.779 ms  ×2^1     C=0.000 [trial 3/6]
     18  797.665 µs  ×2^4     C=0.000 [trial 3/6]
      1  112.944 µs  ×2^7     C=—     [trial 4/6]
      2  112.266 µs  ×2^7     C=0.001 [trial 4/6] †
      3  112.666 µs  ×2^7     C=0.001 [trial 4/6] †
      4  112.944 µs  ×2^7     C=0.001 [trial 4/6] †
      5  114.972 µs  ×2^7     C=0.000 [trial 4/6]
      6  117.882 µs  ×2^7     C=0.000 [trial 4/6]
      7  126.131 µs  ×2^7     C=0.000 [trial 4/6]
      8  153.098 µs  ×2^7     C=0.000 [trial 4/6]
      9  120.160 µs  ×2^7     C=0.000 [trial 4/6]
     10  140.065 µs  ×2^7     C=0.000 [trial 4/6]
     11  261.070 µs  ×2^6     C=0.000 [trial 4/6]
     12    7.552 ms  ×2^1     C=0.000 [trial 4/6]
     13  133.296 µs  ×2^7     C=0.000 [trial 4/6]
     14  228.332 µs  ×2^6     C=0.000 [trial 4/6]
     15    5.566 ms  ×2^1     C=0.000 [trial 4/6]
     16  207.924 µs  ×2^6     C=0.000 [trial 4/6]
     17    6.731 ms  ×2^1     C=0.000 [trial 4/6]
     18  795.676 µs  ×2^4     C=0.000 [trial 4/6]
      1  111.953 µs  ×2^7     C=—     [trial 5/6]
      2  112.606 µs  ×2^7     C=0.001 [trial 5/6] †
      3  112.604 µs  ×2^7     C=0.001 [trial 5/6] †
      4  113.087 µs  ×2^7     C=0.001 [trial 5/6] †
      5  115.032 µs  ×2^7     C=0.000 [trial 5/6]
      6  117.794 µs  ×2^7     C=0.000 [trial 5/6]
      7  126.077 µs  ×2^7     C=0.000 [trial 5/6]
      8  154.176 µs  ×2^7     C=0.000 [trial 5/6]
      9  120.020 µs  ×2^7     C=0.000 [trial 5/6]
     10  139.789 µs  ×2^7     C=0.000 [trial 5/6]
     11  260.178 µs  ×2^6     C=0.000 [trial 5/6]
     12    7.549 ms  ×2^1     C=0.000 [trial 5/6]
     13  133.396 µs  ×2^7     C=0.000 [trial 5/6]
     14  227.248 µs  ×2^6     C=0.000 [trial 5/6]
     15    5.532 ms  ×2^1     C=0.000 [trial 5/6]
     16  206.997 µs  ×2^6     C=0.000 [trial 5/6]
     17    6.720 ms  ×2^1     C=0.000 [trial 5/6]
     18  791.873 µs  ×2^4     C=0.000 [trial 5/6]
      1  112.603 µs  ×2^7     C=—     [trial 6/6]
      2  112.470 µs  ×2^7     C=0.001 [trial 6/6] †
      3  113.035 µs  ×2^7     C=0.001 [trial 6/6] †
      4  112.937 µs  ×2^7     C=0.001 [trial 6/6] †
      5  115.166 µs  ×2^7     C=0.000 [trial 6/6]
      6  118.421 µs  ×2^7     C=0.000 [trial 6/6]
      7  126.144 µs  ×2^7     C=0.000 [trial 6/6]
      8  154.115 µs  ×2^6     C=0.000 [trial 6/6]
      9  120.143 µs  ×2^7     C=0.000 [trial 6/6]
     10  139.897 µs  ×2^7     C=0.000 [trial 6/6]
     11  260.539 µs  ×2^6     C=0.000 [trial 6/6]
     12    7.538 ms  ×2^1     C=0.000 [trial 6/6]
     13  133.370 µs  ×2^7     C=0.000 [trial 6/6]
     14  227.617 µs  ×2^6     C=0.000 [trial 6/6]
     15    5.541 ms  ×2^1     C=0.000 [trial 6/6]
     16  207.879 µs  ×2^6     C=0.000 [trial 6/6]
     17    6.724 ms  ×2^1     C=0.000 [trial 6/6]
     18  801.727 µs  ×2^4     C=0.000 [trial 6/6]
  verdict: inconclusive (cMin=0.000, cMax=0.000, β=-6.498, looks faster than declared by ~n^6.498)
  per-spawn floor (harness self-measurement): 109.089 ms
  peak RSS: 72_588 kB..74_088 kB (across 108 ok row(s))
  trial summaries (6 trials per param; spread = (max-min)/median):
    param  trials  median      min         max         spread
        1  6/6     112.685 µs  111.953 µs  113.430 µs  1.310%
        2  6/6     112.459 µs  112.266 µs  114.511 µs  1.997%
        3  6/6     112.850 µs  112.565 µs  113.323 µs  0.672%
        4  6/6     113.016 µs  112.662 µs  114.464 µs  1.595%
        5  6/6     115.002 µs  114.135 µs  115.166 µs  0.896%
        6  6/6     117.854 µs  117.428 µs  119.479 µs  1.740%
        7  6/6     126.138 µs  125.457 µs  127.951 µs  1.977%
        8  6/6     154.075 µs  153.098 µs  155.931 µs  1.839%
        9  6/6     120.175 µs  120.020 µs  121.012 µs  0.826%
       10  6/6     139.851 µs  139.444 µs  140.552 µs  0.792%
       11  6/6     261.418 µs  260.178 µs  264.154 µs  1.521%
       12  6/6       7.551 ms    7.538 ms    7.607 ms  0.911%
       13  6/6     133.333 µs  133.013 µs  135.531 µs  1.889%
       14  6/6     227.228 µs  226.149 µs  228.332 µs  0.961%
       15  6/6       5.552 ms    5.532 ms    5.592 ms  1.073%
       16  6/6     207.901 µs  206.621 µs  208.776 µs  1.036%
       17  6/6       6.734 ms    6.720 ms    6.779 ms  0.881%
       18  6/6     798.567 µs  791.873 µs  803.320 µs  1.433%

Hex.Kronecker.Bench.runProductDeclines    [fixed] repeats=5
  env: lean=4.34.0, os=linux, arch=x86_64, commit=88af0b8-dirty, 2026-09-15T09:24:53Z, host=chungus2
  repeat 0  1.910 ms
  repeat 1  1.916 ms
  repeat 2  1.912 ms
  repeat 3  1.907 ms
  repeat 4  1.920 ms
  median: 1.912 ms    min: 1.907 ms    max: 1.920 ms
  hash: all repeats agree
  observed hash: 0xb
  peak RSS: 72_844 kB..73_512 kB (across 5 ok repeat(s))

Hex.Kronecker.Bench.runTreeDeclines    [fixed] repeats=5
  env: lean=4.34.0, os=linux, arch=x86_64, commit=88af0b8-dirty, 2026-09-15T09:24:53Z, host=chungus2
  repeat 0  4.175 ms
  repeat 1  4.236 ms
  repeat 2  4.190 ms
  repeat 3  4.208 ms
  repeat 4  4.186 ms
  median: 4.190 ms    min: 4.175 ms    max: 4.236 ms
  hash: all repeats agree
  observed hash: 0xb
  peak RSS: 75_148 kB..75_192 kB (across 5 ok repeat(s))
exported to reports/data/hex-kronecker/bench-runtime.json
