CPU 35
Hex.Kronecker.Bench.runPlain    expected complexity: productWork .plain i    [warm cache]
  env: lean=4.34.0-rc2, os=linux, arch=x86_64, commit=3c789a3-dirty, 2026-09-15T09:09:07Z, host=chungus2
  param  per-call    repeats  C
      1  112.736 µs  ×2^7     C=—     [trial 1/6]
      2  112.996 µs  ×2^7     C=0.000 [trial 1/6] †
      3  114.059 µs  ×2^7     C=0.000 [trial 1/6] †
      4  115.398 µs  ×2^7     C=0.000 [trial 1/6] †
      5  114.301 µs  ×2^7     C=0.000 [trial 1/6]
      6  115.500 µs  ×2^7     C=0.000 [trial 1/6]
      7  117.257 µs  ×2^7     C=0.000 [trial 1/6]
      8  118.772 µs  ×2^7     C=0.000 [trial 1/6]
      9  117.479 µs  ×2^7     C=0.000 [trial 1/6]
     10  120.211 µs  ×2^7     C=0.000 [trial 1/6]
     11  126.681 µs  ×2^7     C=0.000 [trial 1/6]
     12  203.965 µs  ×2^6     C=0.000 [trial 1/6]
     13  122.862 µs  ×2^7     C=0.000 [trial 1/6]
     14  131.228 µs  ×2^7     C=0.000 [trial 1/6]
     15  282.835 µs  ×2^6     C=0.000 [trial 1/6]
     16  146.774 µs  ×2^7     C=0.000 [trial 1/6]
     17  813.319 µs  ×2^4     C=0.000 [trial 1/6]
     18  400.927 µs  ×2^5     C=0.000 [trial 1/6]
      1  113.376 µs  ×2^7     C=—     [trial 2/6]
      2  114.190 µs  ×2^7     C=0.000 [trial 2/6] †
      3  114.456 µs  ×2^7     C=0.000 [trial 2/6] †
      4  115.384 µs  ×2^7     C=0.000 [trial 2/6] †
      5  114.806 µs  ×2^7     C=0.000 [trial 2/6]
      6  116.763 µs  ×2^7     C=0.000 [trial 2/6]
      7  117.558 µs  ×2^7     C=0.000 [trial 2/6]
      8  120.915 µs  ×2^7     C=0.000 [trial 2/6]
      9  117.343 µs  ×2^7     C=0.000 [trial 2/6]
     10  120.879 µs  ×2^7     C=0.000 [trial 2/6]
     11  127.084 µs  ×2^7     C=0.000 [trial 2/6]
     12  204.232 µs  ×2^6     C=0.000 [trial 2/6]
     13  124.175 µs  ×2^7     C=0.000 [trial 2/6]
     14  131.681 µs  ×2^7     C=0.000 [trial 2/6]
     15  282.291 µs  ×2^6     C=0.000 [trial 2/6]
     16  147.682 µs  ×2^7     C=0.000 [trial 2/6]
     17  816.357 µs  ×2^4     C=0.000 [trial 2/6]
     18  398.800 µs  ×2^5     C=0.000 [trial 2/6]
      1  113.345 µs  ×2^7     C=—     [trial 3/6]
      2  114.439 µs  ×2^7     C=0.000 [trial 3/6] †
      3  114.861 µs  ×2^7     C=0.000 [trial 3/6] †
      4  115.957 µs  ×2^7     C=0.000 [trial 3/6] †
      5  114.736 µs  ×2^7     C=0.000 [trial 3/6]
      6  121.849 µs  ×2^7     C=0.000 [trial 3/6]
      7  121.450 µs  ×2^7     C=0.000 [trial 3/6]
      8  121.844 µs  ×2^7     C=0.000 [trial 3/6]
      9  118.291 µs  ×2^7     C=0.000 [trial 3/6]
     10  121.380 µs  ×2^7     C=0.000 [trial 3/6]
     11  131.327 µs  ×2^7     C=0.000 [trial 3/6]
     12  205.365 µs  ×2^6     C=0.000 [trial 3/6]
     13  123.080 µs  ×2^7     C=0.000 [trial 3/6]
     14  131.226 µs  ×2^7     C=0.000 [trial 3/6]
     15  284.802 µs  ×2^6     C=0.000 [trial 3/6]
     16  146.071 µs  ×2^7     C=0.000 [trial 3/6]
     17  819.329 µs  ×2^4     C=0.000 [trial 3/6]
     18  398.014 µs  ×2^5     C=0.000 [trial 3/6]
      1  115.746 µs  ×2^7     C=—     [trial 4/6]
      2  115.148 µs  ×2^7     C=0.000 [trial 4/6] †
      3  114.662 µs  ×2^7     C=0.000 [trial 4/6] †
      4  115.648 µs  ×2^7     C=0.000 [trial 4/6] †
      5  117.160 µs  ×2^7     C=0.000 [trial 4/6]
      6  115.972 µs  ×2^7     C=0.000 [trial 4/6]
      7  116.965 µs  ×2^7     C=0.000 [trial 4/6]
      8  119.411 µs  ×2^7     C=0.000 [trial 4/6]
      9  117.941 µs  ×2^7     C=0.000 [trial 4/6]
     10  121.430 µs  ×2^7     C=0.000 [trial 4/6]
     11  128.469 µs  ×2^7     C=0.000 [trial 4/6]
     12  205.666 µs  ×2^6     C=0.000 [trial 4/6]
     13  124.354 µs  ×2^7     C=0.000 [trial 4/6]
     14  131.531 µs  ×2^7     C=0.000 [trial 4/6]
     15  285.361 µs  ×2^6     C=0.000 [trial 4/6]
     16  145.536 µs  ×2^7     C=0.000 [trial 4/6]
     17  813.504 µs  ×2^4     C=0.000 [trial 4/6]
     18  403.151 µs  ×2^5     C=0.000 [trial 4/6]
      1  114.570 µs  ×2^7     C=—     [trial 5/6]
      2  113.307 µs  ×2^7     C=0.000 [trial 5/6] †
      3  118.235 µs  ×2^7     C=0.000 [trial 5/6] †
      4  114.687 µs  ×2^7     C=0.000 [trial 5/6] †
      5  116.005 µs  ×2^7     C=0.000 [trial 5/6]
      6  117.758 µs  ×2^7     C=0.000 [trial 5/6]
      7  119.088 µs  ×2^7     C=0.000 [trial 5/6]
      8  122.221 µs  ×2^7     C=0.000 [trial 5/6]
      9  117.391 µs  ×2^7     C=0.000 [trial 5/6]
     10  120.765 µs  ×2^7     C=0.000 [trial 5/6]
     11  127.709 µs  ×2^7     C=0.000 [trial 5/6]
     12  207.965 µs  ×2^6     C=0.000 [trial 5/6]
     13  123.665 µs  ×2^7     C=0.000 [trial 5/6]
     14  133.192 µs  ×2^7     C=0.000 [trial 5/6]
     15  283.335 µs  ×2^6     C=0.000 [trial 5/6]
     16  145.605 µs  ×2^7     C=0.000 [trial 5/6]
     17  814.891 µs  ×2^4     C=0.000 [trial 5/6]
     18  396.987 µs  ×2^5     C=0.000 [trial 5/6]
      1  113.995 µs  ×2^7     C=—     [trial 6/6]
      2  114.772 µs  ×2^7     C=0.000 [trial 6/6] †
      3  114.144 µs  ×2^7     C=0.000 [trial 6/6] †
      4  115.532 µs  ×2^7     C=0.000 [trial 6/6] †
      5  115.240 µs  ×2^7     C=0.000 [trial 6/6]
      6  116.779 µs  ×2^7     C=0.000 [trial 6/6]
      7  117.830 µs  ×2^7     C=0.000 [trial 6/6]
      8  119.725 µs  ×2^7     C=0.000 [trial 6/6]
      9  118.286 µs  ×2^7     C=0.000 [trial 6/6]
     10  121.407 µs  ×2^7     C=0.000 [trial 6/6]
     11  127.506 µs  ×2^7     C=0.000 [trial 6/6]
     12  205.727 µs  ×2^6     C=0.000 [trial 6/6]
     13  122.884 µs  ×2^7     C=0.000 [trial 6/6]
     14  138.901 µs  ×2^6     C=0.000 [trial 6/6]
     15  282.138 µs  ×2^6     C=0.000 [trial 6/6]
     16  145.672 µs  ×2^7     C=0.000 [trial 6/6]
     17  822.254 µs  ×2^4     C=0.000 [trial 6/6]
     18  399.510 µs  ×2^5     C=0.000 [trial 6/6]
  verdict: inconclusive (cMin=0.000, cMax=0.000, β=-5.624, looks faster than declared by ~n^5.624)
  per-spawn floor (harness self-measurement): 120.073 ms
  peak RSS: 72_608 kB..74_108 kB (across 108 ok row(s))
  trial summaries (6 trials per param; spread = (max-min)/median):
    param  trials  median      min         max         spread
        1  6/6     113.685 µs  112.736 µs  115.746 µs  2.647%
        2  6/6     114.314 µs  112.996 µs  115.148 µs  1.883%
        3  6/6     114.559 µs  114.059 µs  118.235 µs  3.645%
        4  6/6     115.465 µs  114.687 µs  115.957 µs  1.100%
        5  6/6     115.023 µs  114.301 µs  117.160 µs  2.485%
        6  6/6     116.771 µs  115.500 µs  121.849 µs  5.437%
        7  6/6     117.694 µs  116.965 µs  121.450 µs  3.811%
        8  6/6     120.320 µs  118.772 µs  122.221 µs  2.866%
        9  6/6     117.710 µs  117.343 µs  118.291 µs  0.805%
       10  6/6     121.129 µs  120.211 µs  121.430 µs  1.006%
       11  6/6     127.608 µs  126.681 µs  131.327 µs  3.641%
       12  6/6     205.516 µs  203.965 µs  207.965 µs  1.946%
       13  6/6     123.373 µs  122.862 µs  124.354 µs  1.209%
       14  6/6     131.606 µs  131.226 µs  138.901 µs  5.832%
       15  6/6     283.085 µs  282.138 µs  285.361 µs  1.139%
       16  6/6     145.872 µs  145.536 µs  147.682 µs  1.471%
       17  6/6     815.624 µs  813.319 µs  822.254 µs  1.095%
       18  6/6     399.155 µs  396.987 µs  403.151 µs  1.544%

Hex.Kronecker.Bench.runPacked    expected complexity: productWork .signedPacked i    [warm cache]
  env: lean=4.34.0-rc2, os=linux, arch=x86_64, commit=3c789a3-dirty, 2026-09-15T09:09:22Z, host=chungus2
  param  per-call    repeats  C
      1  115.948 µs  ×2^7     C=—     [trial 1/6]
      2  115.188 µs  ×2^7     C=0.000 [trial 1/6] †
      3  116.975 µs  ×2^7     C=0.000 [trial 1/6] †
      4  118.289 µs  ×2^7     C=0.000 [trial 1/6] †
      5  118.466 µs  ×2^7     C=0.000 [trial 1/6]
      6  119.662 µs  ×2^7     C=0.000 [trial 1/6]
      7  121.931 µs  ×2^7     C=0.000 [trial 1/6]
      8  127.050 µs  ×2^7     C=0.000 [trial 1/6]
      9  120.865 µs  ×2^7     C=0.000 [trial 1/6]
     10  125.353 µs  ×2^7     C=0.000 [trial 1/6]
     11  140.302 µs  ×2^7     C=0.000 [trial 1/6]
     12  334.185 µs  ×2^5     C=0.000 [trial 1/6]
     13  127.380 µs  ×2^7     C=0.000 [trial 1/6]
     14  145.934 µs  ×2^7     C=0.000 [trial 1/6]
     15  565.819 µs  ×2^5     C=0.000 [trial 1/6]
     16  164.960 µs  ×2^6     C=0.000 [trial 1/6]
     17    1.761 ms  ×2^3     C=0.000 [trial 1/6]
     18  787.727 µs  ×2^4     C=0.000 [trial 1/6]
      1  114.726 µs  ×2^7     C=—     [trial 2/6]
      2  114.518 µs  ×2^7     C=0.000 [trial 2/6] †
      3  116.902 µs  ×2^7     C=0.000 [trial 2/6] †
      4  117.533 µs  ×2^7     C=0.000 [trial 2/6] †
      5  117.439 µs  ×2^7     C=0.000 [trial 2/6]
      6  118.383 µs  ×2^7     C=0.000 [trial 2/6]
      7  120.865 µs  ×2^7     C=0.000 [trial 2/6]
      8  125.033 µs  ×2^7     C=0.000 [trial 2/6]
      9  120.996 µs  ×2^7     C=0.000 [trial 2/6]
     10  125.950 µs  ×2^7     C=0.000 [trial 2/6]
     11  143.196 µs  ×2^6     C=0.000 [trial 2/6]
     12  333.049 µs  ×2^5     C=0.000 [trial 2/6]
     13  126.993 µs  ×2^7     C=0.000 [trial 2/6]
     14  145.367 µs  ×2^7     C=0.000 [trial 2/6]
     15  560.169 µs  ×2^5     C=0.000 [trial 2/6]
     16  163.023 µs  ×2^6     C=0.000 [trial 2/6]
     17    1.775 ms  ×2^3     C=0.000 [trial 2/6]
     18  785.292 µs  ×2^4     C=0.000 [trial 2/6]
      1  114.726 µs  ×2^7     C=—     [trial 3/6]
      2  114.300 µs  ×2^7     C=0.000 [trial 3/6] †
      3  115.636 µs  ×2^7     C=0.000 [trial 3/6] †
      4  117.382 µs  ×2^7     C=0.000 [trial 3/6] †
      5  117.569 µs  ×2^7     C=0.000 [trial 3/6]
      6  118.771 µs  ×2^7     C=0.000 [trial 3/6]
      7  120.667 µs  ×2^7     C=0.000 [trial 3/6]
      8  125.513 µs  ×2^7     C=0.000 [trial 3/6]
      9  120.630 µs  ×2^7     C=0.000 [trial 3/6]
     10  124.349 µs  ×2^7     C=0.000 [trial 3/6]
     11  140.842 µs  ×2^7     C=0.000 [trial 3/6]
     12  334.002 µs  ×2^5     C=0.000 [trial 3/6]
     13  126.381 µs  ×2^7     C=0.000 [trial 3/6]
     14  145.522 µs  ×2^7     C=0.000 [trial 3/6]
     15  559.628 µs  ×2^5     C=0.000 [trial 3/6]
     16  162.783 µs  ×2^6     C=0.000 [trial 3/6]
     17    1.762 ms  ×2^3     C=0.000 [trial 3/6]
     18  788.489 µs  ×2^4     C=0.000 [trial 3/6]
      1  114.777 µs  ×2^7     C=—     [trial 4/6]
      2  115.030 µs  ×2^7     C=0.000 [trial 4/6] †
      3  115.604 µs  ×2^7     C=0.000 [trial 4/6] †
      4  116.962 µs  ×2^7     C=0.000 [trial 4/6] †
      5  116.896 µs  ×2^7     C=0.000 [trial 4/6]
      6  118.612 µs  ×2^7     C=0.000 [trial 4/6]
      7  120.520 µs  ×2^7     C=0.000 [trial 4/6]
      8  125.047 µs  ×2^7     C=0.000 [trial 4/6]
      9  120.402 µs  ×2^7     C=0.000 [trial 4/6]
     10  124.492 µs  ×2^7     C=0.000 [trial 4/6]
     11  140.791 µs  ×2^7     C=0.000 [trial 4/6]
     12  335.157 µs  ×2^5     C=0.000 [trial 4/6]
     13  126.278 µs  ×2^7     C=0.000 [trial 4/6]
     14  144.646 µs  ×2^7     C=0.000 [trial 4/6]
     15  561.241 µs  ×2^5     C=0.000 [trial 4/6]
     16  162.141 µs  ×2^6     C=0.000 [trial 4/6]
     17    1.764 ms  ×2^3     C=0.000 [trial 4/6]
     18  785.642 µs  ×2^4     C=0.000 [trial 4/6]
      1  114.461 µs  ×2^7     C=—     [trial 5/6]
      2  114.492 µs  ×2^7     C=0.000 [trial 5/6] †
      3  116.412 µs  ×2^7     C=0.000 [trial 5/6] †
      4  117.477 µs  ×2^7     C=0.000 [trial 5/6] †
      5  117.186 µs  ×2^7     C=0.000 [trial 5/6]
      6  118.658 µs  ×2^7     C=0.000 [trial 5/6]
      7  120.838 µs  ×2^7     C=0.000 [trial 5/6]
      8  125.135 µs  ×2^7     C=0.000 [trial 5/6]
      9  120.426 µs  ×2^7     C=0.000 [trial 5/6]
     10  124.697 µs  ×2^7     C=0.000 [trial 5/6]
     11  140.397 µs  ×2^7     C=0.000 [trial 5/6]
     12  333.439 µs  ×2^5     C=0.000 [trial 5/6]
     13  126.689 µs  ×2^7     C=0.000 [trial 5/6]
     14  148.220 µs  ×2^6     C=0.000 [trial 5/6]
     15  562.660 µs  ×2^5     C=0.000 [trial 5/6]
     16  163.072 µs  ×2^6     C=0.000 [trial 5/6]
     17    1.781 ms  ×2^3     C=0.000 [trial 5/6]
     18  784.814 µs  ×2^4     C=0.000 [trial 5/6]
      1  115.021 µs  ×2^7     C=—     [trial 6/6]
      2  114.816 µs  ×2^7     C=0.000 [trial 6/6] †
      3  116.821 µs  ×2^7     C=0.000 [trial 6/6] †
      4  120.622 µs  ×2^7     C=0.000 [trial 6/6] †
      5  117.067 µs  ×2^7     C=0.000 [trial 6/6]
      6  119.328 µs  ×2^7     C=0.000 [trial 6/6]
      7  121.259 µs  ×2^7     C=0.000 [trial 6/6]
      8  125.611 µs  ×2^7     C=0.000 [trial 6/6]
      9  120.791 µs  ×2^7     C=0.000 [trial 6/6]
     10  125.098 µs  ×2^7     C=0.000 [trial 6/6]
     11  140.233 µs  ×2^7     C=0.000 [trial 6/6]
     12  333.088 µs  ×2^5     C=0.000 [trial 6/6]
     13  126.169 µs  ×2^7     C=0.000 [trial 6/6]
     14  144.727 µs  ×2^6     C=0.000 [trial 6/6]
     15  560.527 µs  ×2^5     C=0.000 [trial 6/6]
     16  163.152 µs  ×2^6     C=0.000 [trial 6/6]
     17    1.761 ms  ×2^3     C=0.000 [trial 6/6]
     18  783.735 µs  ×2^4     C=0.000 [trial 6/6]
  verdict: inconclusive (cMin=0.000, cMax=0.000, β=-8.627, looks faster than declared by ~n^8.627)
  per-spawn floor (harness self-measurement): 121.393 ms
  peak RSS: 72_576 kB..74_088 kB (across 108 ok row(s))
  trial summaries (6 trials per param; spread = (max-min)/median):
    param  trials  median      min         max         spread
        1  6/6     114.751 µs  114.461 µs  115.948 µs  1.296%
        2  6/6     114.667 µs  114.300 µs  115.188 µs  0.775%
        3  6/6     116.617 µs  115.604 µs  116.975 µs  1.175%
        4  6/6     117.505 µs  116.962 µs  120.622 µs  3.114%
        5  6/6     117.313 µs  116.896 µs  118.466 µs  1.338%
        6  6/6     118.714 µs  118.383 µs  119.662 µs  1.077%
        7  6/6     120.851 µs  120.520 µs  121.931 µs  1.167%
        8  6/6     125.324 µs  125.033 µs  127.050 µs  1.609%
        9  6/6     120.710 µs  120.402 µs  120.996 µs  0.491%
       10  6/6     124.898 µs  124.349 µs  125.950 µs  1.282%
       11  6/6     140.594 µs  140.233 µs  143.196 µs  2.108%
       12  6/6     333.720 µs  333.049 µs  335.157 µs  0.632%
       13  6/6     126.535 µs  126.169 µs  127.380 µs  0.957%
       14  6/6     145.444 µs  144.646 µs  148.220 µs  2.457%
       15  6/6     560.884 µs  559.628 µs  565.819 µs  1.104%
       16  6/6     163.047 µs  162.141 µs  164.960 µs  1.729%
       17  6/6       1.763 ms    1.761 ms    1.781 ms  1.162%
       18  6/6     785.467 µs  783.735 µs  788.489 µs  0.605%

Hex.Kronecker.Bench.runTree    expected complexity: treeWork i    [warm cache]
  env: lean=4.34.0-rc2, os=linux, arch=x86_64, commit=3c789a3-dirty, 2026-09-15T09:09:38Z, host=chungus2
  param  per-call    repeats  C
      1  112.847 µs  ×2^7     C=—     [trial 1/6]
      2  112.578 µs  ×2^7     C=0.001 [trial 1/6] †
      3  113.112 µs  ×2^7     C=0.001 [trial 1/6] †
      4  113.232 µs  ×2^7     C=0.001 [trial 1/6] †
      5  114.653 µs  ×2^7     C=0.000 [trial 1/6]
      6  117.942 µs  ×2^7     C=0.000 [trial 1/6]
      7  126.063 µs  ×2^7     C=0.000 [trial 1/6]
      8  154.571 µs  ×2^7     C=0.000 [trial 1/6]
      9  120.483 µs  ×2^7     C=0.000 [trial 1/6]
     10  139.511 µs  ×2^7     C=0.000 [trial 1/6]
     11  261.344 µs  ×2^6     C=0.000 [trial 1/6]
     12    7.543 ms  ×2^1     C=0.000 [trial 1/6]
     13  133.622 µs  ×2^7     C=0.000 [trial 1/6]
     14  227.219 µs  ×2^6     C=0.000 [trial 1/6]
     15    5.532 ms  ×2^1     C=0.000 [trial 1/6]
     16  207.213 µs  ×2^6     C=0.000 [trial 1/6]
     17    6.729 ms  ×2^1     C=0.000 [trial 1/6]
     18  803.821 µs  ×2^4     C=0.000 [trial 1/6]
      1  112.611 µs  ×2^7     C=—     [trial 2/6]
      2  112.535 µs  ×2^7     C=0.001 [trial 2/6] †
      3  112.846 µs  ×2^7     C=0.001 [trial 2/6] †
      4  113.008 µs  ×2^7     C=0.001 [trial 2/6] †
      5  114.187 µs  ×2^7     C=0.000 [trial 2/6]
      6  118.079 µs  ×2^7     C=0.000 [trial 2/6]
      7  126.367 µs  ×2^7     C=0.000 [trial 2/6]
      8  153.703 µs  ×2^7     C=0.000 [trial 2/6]
      9  121.150 µs  ×2^7     C=0.000 [trial 2/6]
     10  140.552 µs  ×2^7     C=0.000 [trial 2/6]
     11  262.624 µs  ×2^6     C=0.000 [trial 2/6]
     12    7.608 ms  ×2^1     C=0.000 [trial 2/6]
     13  139.243 µs  ×2^7     C=0.000 [trial 2/6]
     14  227.224 µs  ×2^6     C=0.000 [trial 2/6]
     15    5.738 ms  ×2^1     C=0.000 [trial 2/6]
     16  208.328 µs  ×2^6     C=0.000 [trial 2/6]
     17    6.711 ms  ×2^1     C=0.000 [trial 2/6]
     18  807.957 µs  ×2^4     C=0.000 [trial 2/6]
      1  113.116 µs  ×2^7     C=—     [trial 3/6]
      2  112.995 µs  ×2^7     C=0.001 [trial 3/6] †
      3  113.152 µs  ×2^7     C=0.001 [trial 3/6] †
      4  112.974 µs  ×2^7     C=0.001 [trial 3/6] †
      5  115.073 µs  ×2^7     C=0.000 [trial 3/6]
      6  118.045 µs  ×2^7     C=0.000 [trial 3/6]
      7  125.907 µs  ×2^7     C=0.000 [trial 3/6]
      8  154.649 µs  ×2^7     C=0.000 [trial 3/6]
      9  120.724 µs  ×2^7     C=0.000 [trial 3/6]
     10  140.285 µs  ×2^7     C=0.000 [trial 3/6]
     11  268.314 µs  ×2^6     C=0.000 [trial 3/6]
     12    7.571 ms  ×2^1     C=0.000 [trial 3/6]
     13  133.883 µs  ×2^7     C=0.000 [trial 3/6]
     14  227.520 µs  ×2^6     C=0.000 [trial 3/6]
     15    5.545 ms  ×2^1     C=0.000 [trial 3/6]
     16  208.822 µs  ×2^6     C=0.000 [trial 3/6]
     17    6.705 ms  ×2^1     C=0.000 [trial 3/6]
     18  802.461 µs  ×2^4     C=0.000 [trial 3/6]
      1  112.716 µs  ×2^7     C=—     [trial 4/6]
      2  113.079 µs  ×2^7     C=0.001 [trial 4/6] †
      3  112.711 µs  ×2^7     C=0.001 [trial 4/6] †
      4  113.483 µs  ×2^7     C=0.001 [trial 4/6] †
      5  114.420 µs  ×2^7     C=0.000 [trial 4/6]
      6  118.057 µs  ×2^7     C=0.000 [trial 4/6]
      7  126.728 µs  ×2^7     C=0.000 [trial 4/6]
      8  153.894 µs  ×2^6     C=0.000 [trial 4/6]
      9  120.871 µs  ×2^7     C=0.000 [trial 4/6]
     10  140.142 µs  ×2^7     C=0.000 [trial 4/6]
     11  263.696 µs  ×2^6     C=0.000 [trial 4/6]
     12    7.541 ms  ×2^1     C=0.000 [trial 4/6]
     13  133.579 µs  ×2^7     C=0.000 [trial 4/6]
     14  228.885 µs  ×2^6     C=0.000 [trial 4/6]
     15    5.542 ms  ×2^1     C=0.000 [trial 4/6]
     16  208.192 µs  ×2^6     C=0.000 [trial 4/6]
     17    6.759 ms  ×2^1     C=0.000 [trial 4/6]
     18  809.200 µs  ×2^4     C=0.000 [trial 4/6]
      1  112.872 µs  ×2^7     C=—     [trial 5/6]
      2  113.124 µs  ×2^7     C=0.001 [trial 5/6] †
      3  113.095 µs  ×2^7     C=0.001 [trial 5/6] †
      4  113.233 µs  ×2^7     C=0.001 [trial 5/6] †
      5  114.654 µs  ×2^7     C=0.000 [trial 5/6]
      6  117.981 µs  ×2^7     C=0.000 [trial 5/6]
      7  126.324 µs  ×2^7     C=0.000 [trial 5/6]
      8  154.009 µs  ×2^7     C=0.000 [trial 5/6]
      9  121.203 µs  ×2^7     C=0.000 [trial 5/6]
     10  139.927 µs  ×2^7     C=0.000 [trial 5/6]
     11  262.841 µs  ×2^6     C=0.000 [trial 5/6]
     12    7.568 ms  ×2^1     C=0.000 [trial 5/6]
     13  133.756 µs  ×2^7     C=0.000 [trial 5/6]
     14  227.838 µs  ×2^6     C=0.000 [trial 5/6]
     15    5.542 ms  ×2^1     C=0.000 [trial 5/6]
     16  207.715 µs  ×2^6     C=0.000 [trial 5/6]
     17    6.749 ms  ×2^1     C=0.000 [trial 5/6]
     18  798.049 µs  ×2^4     C=0.000 [trial 5/6]
      1  113.053 µs  ×2^7     C=—     [trial 6/6]
      2  113.045 µs  ×2^7     C=0.001 [trial 6/6] †
      3  112.916 µs  ×2^7     C=0.001 [trial 6/6] †
      4  113.611 µs  ×2^7     C=0.001 [trial 6/6] †
      5  115.496 µs  ×2^7     C=0.000 [trial 6/6]
      6  118.489 µs  ×2^7     C=0.000 [trial 6/6]
      7  126.173 µs  ×2^7     C=0.000 [trial 6/6]
      8  154.356 µs  ×2^7     C=0.000 [trial 6/6]
      9  120.571 µs  ×2^7     C=0.000 [trial 6/6]
     10  140.203 µs  ×2^7     C=0.000 [trial 6/6]
     11  262.311 µs  ×2^6     C=0.000 [trial 6/6]
     12    7.561 ms  ×2^1     C=0.000 [trial 6/6]
     13  133.980 µs  ×2^7     C=0.000 [trial 6/6]
     14  227.736 µs  ×2^6     C=0.000 [trial 6/6]
     15    5.532 ms  ×2^1     C=0.000 [trial 6/6]
     16  207.530 µs  ×2^6     C=0.000 [trial 6/6]
     17    6.740 ms  ×2^1     C=0.000 [trial 6/6]
     18  802.911 µs  ×2^4     C=0.000 [trial 6/6]
  verdict: inconclusive (cMin=0.000, cMax=0.000, β=-6.496, looks faster than declared by ~n^6.496)
  per-spawn floor (harness self-measurement): 121.852 ms
  peak RSS: 72_592 kB..74_044 kB (across 108 ok row(s))
  trial summaries (6 trials per param; spread = (max-min)/median):
    param  trials  median      min         max         spread
        1  6/6     112.859 µs  112.611 µs  113.116 µs  0.447%
        2  6/6     113.020 µs  112.535 µs  113.124 µs  0.521%
        3  6/6     113.006 µs  112.711 µs  113.152 µs  0.391%
        4  6/6     113.232 µs  112.974 µs  113.611 µs  0.563%
        5  6/6     114.654 µs  114.187 µs  115.496 µs  1.142%
        6  6/6     118.051 µs  117.942 µs  118.489 µs  0.463%
        7  6/6     126.249 µs  125.907 µs  126.728 µs  0.651%
        8  6/6     154.182 µs  153.703 µs  154.649 µs  0.613%
        9  6/6     120.797 µs  120.483 µs  121.203 µs  0.596%
       10  6/6     140.173 µs  139.511 µs  140.552 µs  0.742%
       11  6/6     262.733 µs  261.344 µs  268.314 µs  2.653%
       12  6/6       7.565 ms    7.541 ms    7.608 ms  0.888%
       13  6/6     133.819 µs  133.579 µs  139.243 µs  4.233%
       14  6/6     227.628 µs  227.219 µs  228.885 µs  0.732%
       15  6/6       5.542 ms    5.532 ms    5.738 ms  3.719%
       16  6/6     207.953 µs  207.213 µs  208.822 µs  0.774%
       17  6/6       6.735 ms    6.705 ms    6.759 ms  0.806%
       18  6/6     803.366 µs  798.049 µs  809.200 µs  1.388%

Hex.Kronecker.Bench.runProductDeclines    [fixed] repeats=5
  env: lean=4.34.0-rc2, os=linux, arch=x86_64, commit=3c789a3-dirty, 2026-09-15T09:09:53Z, host=chungus2
  repeat 0  21.000 ns  (×2^16, total 1.415 ms)
  repeat 1  21.000 ns  (×2^16, total 1.403 ms)
  repeat 2  21.000 ns  (×2^16, total 1.423 ms)
  repeat 3  21.000 ns  (×2^16, total 1.416 ms)
  repeat 4  21.000 ns  (×2^16, total 1.410 ms)
  median: 21.000 ns    min: 21.000 ns    max: 21.000 ns
  hash: all repeats agree
  observed hash: 0xb
  peak RSS: 72_972 kB..73_760 kB (across 5 ok repeat(s))
  ‼ median wall time below 1µs — possibly a compile-time-folded constant rather than work. If the workload is genuinely tiny this is fine; otherwise thread inputs through runtime state (e.g. `IO.Ref`, disk) so the body isn't closed at compile time. See issue #54.

Hex.Kronecker.Bench.runTreeDeclines    [fixed] repeats=5
  env: lean=4.34.0-rc2, os=linux, arch=x86_64, commit=3c789a3-dirty, 2026-09-15T09:09:54Z, host=chungus2
  repeat 0  21.000 ns  (×2^16, total 1.413 ms)
  repeat 1  21.000 ns  (×2^16, total 1.403 ms)
  repeat 2  21.000 ns  (×2^16, total 1.416 ms)
  repeat 3  21.000 ns  (×2^16, total 1.435 ms)
  repeat 4  21.000 ns  (×2^16, total 1.411 ms)
  median: 21.000 ns    min: 21.000 ns    max: 21.000 ns
  hash: all repeats agree
  observed hash: 0xb
  peak RSS: 72_868 kB..73_696 kB (across 5 ok repeat(s))
  ‼ median wall time below 1µs — possibly a compile-time-folded constant rather than work. If the workload is genuinely tiny this is fine; otherwise thread inputs through runtime state (e.g. `IO.Ref`, disk) so the body isn't closed at compile time. See issue #54.
exported to reports/data/hex-kronecker/bench-final.json
