CPU 69
Hex.Kronecker.Bench.runPlain    expected complexity: productWork .plain i    [warm cache]
  env: lean=4.34.0-rc2, os=linux, arch=x86_64, commit=2fb9c81-dirty, 2026-09-15T06:24:53Z, host=chungus2
  param  per-call   repeats  C
      1   7.409 ms  ×2^1     C=—     [trial 1/6]
      2   7.426 ms  ×2^1     C=0.022 [trial 1/6] †
      3   8.153 ms  ×2^1     C=0.022 [trial 1/6] †
      4  10.110 ms  ×2^0     C=0.022 [trial 1/6] †
      5  10.390 ms  ×2^0     C=0.011 [trial 1/6]
      6  10.050 ms  ×2^0     C=0.011 [trial 1/6]
      7   9.615 ms  ×2^1     C=0.011 [trial 1/6]
      8  10.166 ms  ×2^1     C=0.008 [trial 1/6]
      9  11.366 ms  ×2^0     C=0.007 [trial 1/6]
     10  11.410 ms  ×2^0     C=0.006 [trial 1/6]
     11  10.968 ms  ×2^0     C=0.002 [trial 1/6]
     12  12.056 ms  ×2^0     C=0.000 [trial 1/6]
     13  14.112 ms  ×2^0     C=0.005 [trial 1/6]
     14  13.598 ms  ×2^0     C=0.001 [trial 1/6]
     15  14.482 ms  ×2^0     C=0.000 [trial 1/6]
     16  19.402 ms  ×2^0     C=0.001 [trial 1/6]
     17  20.025 ms  ×2^0     C=0.000 [trial 1/6]
     18  28.676 ms  ×2^0     C=0.000 [trial 1/6]
      1   8.345 ms  ×2^1     C=—     [trial 2/6]
      2   9.399 ms  ×2^1     C=0.022 [trial 2/6] †
      3   7.619 ms  ×2^1     C=0.022 [trial 2/6] †
      4   8.045 ms  ×2^1     C=0.022 [trial 2/6] †
      5   9.101 ms  ×2^1     C=0.011 [trial 2/6]
      6   9.102 ms  ×2^1     C=0.011 [trial 2/6]
      7   9.340 ms  ×2^1     C=0.011 [trial 2/6]
      8   8.936 ms  ×2^1     C=0.008 [trial 2/6]
      9  10.601 ms  ×2^0     C=0.007 [trial 2/6]
     10  10.592 ms  ×2^0     C=0.006 [trial 2/6]
     11  11.451 ms  ×2^0     C=0.002 [trial 2/6]
     12  11.150 ms  ×2^0     C=0.000 [trial 2/6]
     13  12.736 ms  ×2^0     C=0.005 [trial 2/6]
     14  12.968 ms  ×2^0     C=0.001 [trial 2/6]
     15  13.496 ms  ×2^0     C=0.000 [trial 2/6]
     16  18.222 ms  ×2^0     C=0.001 [trial 2/6]
     17  17.735 ms  ×2^0     C=0.000 [trial 2/6]
     18  27.557 ms  ×2^0     C=0.000 [trial 2/6]
      1   7.559 ms  ×2^1     C=—     [trial 3/6]
      2   7.515 ms  ×2^1     C=0.022 [trial 3/6] †
      3   7.512 ms  ×2^1     C=0.022 [trial 3/6] †
      4   7.522 ms  ×2^1     C=0.022 [trial 3/6] †
      5   8.871 ms  ×2^1     C=0.011 [trial 3/6]
      6   8.899 ms  ×2^1     C=0.011 [trial 3/6]
      7   8.956 ms  ×2^1     C=0.011 [trial 3/6]
      8   8.940 ms  ×2^1     C=0.008 [trial 3/6]
      9  10.572 ms  ×2^0     C=0.007 [trial 3/6]
     10  10.740 ms  ×2^0     C=0.006 [trial 3/6]
     11  11.275 ms  ×2^0     C=0.002 [trial 3/6]
     12  10.724 ms  ×2^0     C=0.000 [trial 3/6]
     13  12.475 ms  ×2^0     C=0.005 [trial 3/6]
     14  13.571 ms  ×2^0     C=0.001 [trial 3/6]
     15  12.863 ms  ×2^0     C=0.000 [trial 3/6]
     16  17.477 ms  ×2^0     C=0.001 [trial 3/6]
     17  17.488 ms  ×2^0     C=0.000 [trial 3/6]
     18  22.377 ms  ×2^0     C=0.000 [trial 3/6]
      1   7.510 ms  ×2^1     C=—     [trial 4/6]
      2   7.595 ms  ×2^1     C=0.022 [trial 4/6] †
      3   7.534 ms  ×2^1     C=0.022 [trial 4/6] †
      4   7.554 ms  ×2^1     C=0.022 [trial 4/6] †
      5   9.016 ms  ×2^1     C=0.011 [trial 4/6]
      6   8.934 ms  ×2^1     C=0.011 [trial 4/6]
      7   8.848 ms  ×2^1     C=0.011 [trial 4/6]
      8   8.892 ms  ×2^1     C=0.008 [trial 4/6]
      9  10.541 ms  ×2^0     C=0.007 [trial 4/6]
     10  10.691 ms  ×2^0     C=0.006 [trial 4/6]
     11  10.725 ms  ×2^0     C=0.002 [trial 4/6]
     12  10.676 ms  ×2^0     C=0.000 [trial 4/6]
     13  12.337 ms  ×2^0     C=0.005 [trial 4/6]
     14  12.406 ms  ×2^0     C=0.001 [trial 4/6]
     15  12.557 ms  ×2^0     C=0.000 [trial 4/6]
     16  17.049 ms  ×2^0     C=0.001 [trial 4/6]
     17  17.352 ms  ×2^0     C=0.000 [trial 4/6]
     18  22.183 ms  ×2^0     C=0.000 [trial 4/6]
      1   7.482 ms  ×2^1     C=—     [trial 5/6]
      2   7.477 ms  ×2^1     C=0.022 [trial 5/6] †
      3   7.468 ms  ×2^1     C=0.022 [trial 5/6] †
      4   7.471 ms  ×2^1     C=0.022 [trial 5/6] †
      5   8.843 ms  ×2^1     C=0.011 [trial 5/6]
      6   8.825 ms  ×2^1     C=0.011 [trial 5/6]
      7   8.830 ms  ×2^1     C=0.011 [trial 5/6]
      8   8.850 ms  ×2^1     C=0.008 [trial 5/6]
      9  10.463 ms  ×2^0     C=0.007 [trial 5/6]
     10  10.432 ms  ×2^0     C=0.006 [trial 5/6]
     11  10.458 ms  ×2^0     C=0.002 [trial 5/6]
     12  10.560 ms  ×2^0     C=0.000 [trial 5/6]
     13  12.282 ms  ×2^0     C=0.005 [trial 5/6]
     14  12.311 ms  ×2^0     C=0.001 [trial 5/6]
     15  12.509 ms  ×2^0     C=0.000 [trial 5/6]
     16  16.697 ms  ×2^0     C=0.001 [trial 5/6]
     17  17.471 ms  ×2^0     C=0.000 [trial 5/6]
     18  22.180 ms  ×2^0     C=0.000 [trial 5/6]
      1   7.677 ms  ×2^1     C=—     [trial 6/6]
      2   7.435 ms  ×2^1     C=0.022 [trial 6/6] †
      3   7.458 ms  ×2^1     C=0.022 [trial 6/6] †
      4   7.454 ms  ×2^1     C=0.022 [trial 6/6] †
      5   8.812 ms  ×2^1     C=0.011 [trial 6/6]
      6   8.847 ms  ×2^1     C=0.011 [trial 6/6]
      7   8.837 ms  ×2^1     C=0.011 [trial 6/6]
      8   8.832 ms  ×2^1     C=0.008 [trial 6/6]
      9  10.409 ms  ×2^0     C=0.007 [trial 6/6]
     10  10.513 ms  ×2^0     C=0.006 [trial 6/6]
     11  10.487 ms  ×2^0     C=0.002 [trial 6/6]
     12  10.507 ms  ×2^0     C=0.000 [trial 6/6]
     13  12.377 ms  ×2^0     C=0.005 [trial 6/6]
     14  12.359 ms  ×2^0     C=0.001 [trial 6/6]
     15  12.460 ms  ×2^0     C=0.000 [trial 6/6]
     16  16.673 ms  ×2^0     C=0.001 [trial 6/6]
     17  17.344 ms  ×2^0     C=0.000 [trial 6/6]
     18  22.226 ms  ×2^0     C=0.000 [trial 6/6]
  verdict: inconclusive (cMin=0.000, cMax=0.011, β=-5.964, looks faster than declared by ~n^5.964)
  per-spawn floor (harness self-measurement): 4.540 s
  peak RSS: 75_020 kB..78_316 kB (across 108 ok row(s))
  trial summaries (6 trials per param; spread = (max-min)/median):
    param  trials  median     min        max        spread 
        1  6/6      7.535 ms   7.409 ms   8.345 ms  12.427%
        2  6/6      7.496 ms   7.426 ms   9.399 ms  26.317%
        3  6/6      7.523 ms   7.458 ms   8.153 ms  9.240% 
        4  6/6      7.538 ms   7.454 ms  10.110 ms  35.234%
        5  6/6      8.943 ms   8.812 ms  10.390 ms  17.645%
        6  6/6      8.917 ms   8.825 ms  10.050 ms  13.737%
        7  6/6      8.902 ms   8.830 ms   9.615 ms  8.814% 
        8  6/6      8.914 ms   8.832 ms  10.166 ms  14.973%
        9  6/6     10.556 ms  10.409 ms  11.366 ms  9.059% 
       10  6/6     10.641 ms  10.432 ms  11.410 ms  9.196% 
       11  6/6     10.846 ms  10.458 ms  11.451 ms  9.163% 
       12  6/6     10.700 ms  10.507 ms  12.056 ms  14.469%
       13  6/6     12.426 ms  12.282 ms  14.112 ms  14.730%
       14  6/6     12.687 ms  12.311 ms  13.598 ms  10.143%
       15  6/6     12.710 ms  12.460 ms  14.482 ms  15.910%
       16  6/6     17.263 ms  16.673 ms  19.402 ms  15.813%
       17  6/6     17.480 ms  17.344 ms  20.025 ms  15.339%
       18  6/6     22.302 ms  22.180 ms  28.676 ms  29.128%

Hex.Kronecker.Bench.runPacked    expected complexity: productWork .signedPacked i    [warm cache]
  env: lean=4.34.0-rc2, os=linux, arch=x86_64, commit=2fb9c81-dirty, 2026-09-15T06:34:18Z, host=chungus2
  param  per-call   repeats  C
      1   7.456 ms  ×2^1     C=—     [trial 1/6]
      2   7.448 ms  ×2^1     C=0.025 [trial 1/6] †
      3   7.437 ms  ×2^1     C=0.025 [trial 1/6] †
      4   7.458 ms  ×2^1     C=0.023 [trial 1/6] †
      5   8.844 ms  ×2^1     C=0.012 [trial 1/6]
      6   9.060 ms  ×2^1     C=0.011 [trial 1/6]
      7   8.943 ms  ×2^1     C=0.004 [trial 1/6]
      8   8.862 ms  ×2^1     C=0.000 [trial 1/6]
      9  10.433 ms  ×2^0     C=0.006 [trial 1/6]
     10  10.491 ms  ×2^0     C=0.001 [trial 1/6]
     11  10.507 ms  ×2^0     C=0.000 [trial 1/6]
     12  10.787 ms  ×2^0     C=0.000 [trial 1/6]
     13  12.327 ms  ×2^0     C=0.002 [trial 1/6]
     14  12.346 ms  ×2^0     C=0.000 [trial 1/6]
     15  13.857 ms  ×2^0     C=0.000 [trial 1/6]
     16  16.738 ms  ×2^0     C=0.000 [trial 1/6]
     17  18.426 ms  ×2^0     C=0.000 [trial 1/6]
     18  23.535 ms  ×2^0     C=0.000 [trial 1/6]
      1  10.993 ms  ×2^0     C=—     [trial 2/6]
      2  11.324 ms  ×2^0     C=0.025 [trial 2/6] †
      3   8.806 ms  ×2^1     C=0.025 [trial 2/6] †
      4   8.339 ms  ×2^1     C=0.023 [trial 2/6] †
      5  11.181 ms  ×2^0     C=0.012 [trial 2/6]
      6  14.106 ms  ×2^0     C=0.011 [trial 2/6]
      7  10.139 ms  ×2^0     C=0.004 [trial 2/6]
      8  10.445 ms  ×2^0     C=0.000 [trial 2/6]
      9  11.049 ms  ×2^0     C=0.006 [trial 2/6]
     10  10.771 ms  ×2^0     C=0.001 [trial 2/6]
     11  10.902 ms  ×2^0     C=0.000 [trial 2/6]
     12  11.582 ms  ×2^0     C=0.000 [trial 2/6]
     13  13.081 ms  ×2^0     C=0.002 [trial 2/6]
     14  13.387 ms  ×2^0     C=0.000 [trial 2/6]
     15  14.291 ms  ×2^0     C=0.000 [trial 2/6]
     16  18.198 ms  ×2^0     C=0.000 [trial 2/6]
     17  20.426 ms  ×2^0     C=0.000 [trial 2/6]
     18  25.213 ms  ×2^0     C=0.000 [trial 2/6]
      1   8.345 ms  ×2^1     C=—     [trial 3/6]
      2   8.525 ms  ×2^1     C=0.025 [trial 3/6] †
      3   8.770 ms  ×2^1     C=0.025 [trial 3/6] †
      4   8.159 ms  ×2^1     C=0.023 [trial 3/6] †
      5  10.358 ms  ×2^1     C=0.012 [trial 3/6]
      6  10.016 ms  ×2^1     C=0.011 [trial 3/6]
      7   9.746 ms  ×2^1     C=0.004 [trial 3/6]
      8   9.203 ms  ×2^1     C=0.000 [trial 3/6]
      9  11.646 ms  ×2^0     C=0.006 [trial 3/6]
     10  11.455 ms  ×2^0     C=0.001 [trial 3/6]
     11  11.754 ms  ×2^0     C=0.000 [trial 3/6]
     12  11.590 ms  ×2^0     C=0.000 [trial 3/6]
     13  13.127 ms  ×2^0     C=0.002 [trial 3/6]
     14  13.622 ms  ×2^0     C=0.000 [trial 3/6]
     15  14.813 ms  ×2^0     C=0.000 [trial 3/6]
     16  18.689 ms  ×2^0     C=0.000 [trial 3/6]
     17  19.225 ms  ×2^0     C=0.000 [trial 3/6]
     18  24.351 ms  ×2^0     C=0.000 [trial 3/6]
      1   8.055 ms  ×2^1     C=—     [trial 4/6]
      2   8.458 ms  ×2^1     C=0.025 [trial 4/6] †
      3   8.928 ms  ×2^1     C=0.025 [trial 4/6] †
      4   7.912 ms  ×2^1     C=0.023 [trial 4/6] †
      5   9.652 ms  ×2^1     C=0.012 [trial 4/6]
      6   9.730 ms  ×2^1     C=0.011 [trial 4/6]
      7  10.014 ms  ×2^0     C=0.004 [trial 4/6]
      8   9.556 ms  ×2^1     C=0.000 [trial 4/6]
      9  10.979 ms  ×2^0     C=0.006 [trial 4/6]
     10  10.920 ms  ×2^0     C=0.001 [trial 4/6]
     11  10.972 ms  ×2^0     C=0.000 [trial 4/6]
     12  11.353 ms  ×2^0     C=0.000 [trial 4/6]
     13  14.497 ms  ×2^0     C=0.002 [trial 4/6]
     14  13.058 ms  ×2^0     C=0.000 [trial 4/6]
     15  13.547 ms  ×2^0     C=0.000 [trial 4/6]
     16  17.572 ms  ×2^0     C=0.000 [trial 4/6]
     17  20.486 ms  ×2^0     C=0.000 [trial 4/6]
     18  25.442 ms  ×2^0     C=0.000 [trial 4/6]
      1   8.216 ms  ×2^1     C=—     [trial 5/6]
      2  10.017 ms  ×2^0     C=0.025 [trial 5/6] †
      3   8.240 ms  ×2^1     C=0.025 [trial 5/6] †
      4  10.756 ms  ×2^1     C=0.023 [trial 5/6] †
      5  10.471 ms  ×2^0     C=0.012 [trial 5/6]
      6  10.134 ms  ×2^0     C=0.011 [trial 5/6]
      7   9.625 ms  ×2^1     C=0.004 [trial 5/6]
      8  10.219 ms  ×2^1     C=0.000 [trial 5/6]
      9  11.837 ms  ×2^0     C=0.006 [trial 5/6]
     10  11.812 ms  ×2^0     C=0.001 [trial 5/6]
     11  11.105 ms  ×2^0     C=0.000 [trial 5/6]
     12  10.944 ms  ×2^0     C=0.000 [trial 5/6]
     13  12.398 ms  ×2^0     C=0.002 [trial 5/6]
     14  12.452 ms  ×2^0     C=0.000 [trial 5/6]
     15  12.812 ms  ×2^0     C=0.000 [trial 5/6]
     16  17.186 ms  ×2^0     C=0.000 [trial 5/6]
     17  18.554 ms  ×2^0     C=0.000 [trial 5/6]
     18  22.851 ms  ×2^0     C=0.000 [trial 5/6]
      1   7.697 ms  ×2^1     C=—     [trial 6/6]
      2   7.602 ms  ×2^1     C=0.025 [trial 6/6] †
      3   7.551 ms  ×2^1     C=0.025 [trial 6/6] †
      4   7.752 ms  ×2^1     C=0.023 [trial 6/6] †
      5   8.881 ms  ×2^1     C=0.012 [trial 6/6]
      6   8.819 ms  ×2^1     C=0.011 [trial 6/6]
      7   8.869 ms  ×2^1     C=0.004 [tri