CPU 79
Hex.Kronecker.Bench.runPlain    expected complexity: productWork .plain i    [warm cache]
  env: lean=4.34.0-rc2, os=linux, arch=x86_64, commit=b6cc624-dirty, 2026-09-15T08:34:43Z, host=chungus2
  param  per-call    repeats  C
      1  113.927 µs  ×2^7     C=—     [trial 1/6]
      2  113.899 µs  ×2^7     C=0.000 [trial 1/6] †
      3  114.309 µs  ×2^7     C=0.000 [trial 1/6] †
      4  119.592 µs  ×2^7     C=0.000 [trial 1/6] †
      5  115.472 µs  ×2^7     C=0.000 [trial 1/6]
      6  116.796 µs  ×2^7     C=0.000 [trial 1/6]
      7  117.631 µs  ×2^7     C=0.000 [trial 1/6]
      8  119.529 µs  ×2^7     C=0.000 [trial 1/6]
      9  118.945 µs  ×2^7     C=0.000 [trial 1/6]
     10  123.673 µs  ×2^7     C=0.000 [trial 1/6]
     11  127.281 µs  ×2^7     C=0.000 [trial 1/6]
     12  204.299 µs  ×2^6     C=0.000 [trial 1/6]
     13  123.504 µs  ×2^7     C=0.000 [trial 1/6]
     14  132.349 µs  ×2^7     C=0.000 [trial 1/6]
     15  282.747 µs  ×2^6     C=0.000 [trial 1/6]
     16  145.605 µs  ×2^7     C=0.000 [trial 1/6]
     17  816.891 µs  ×2^4     C=0.000 [trial 1/6]
     18  399.830 µs  ×2^5     C=0.000 [trial 1/6]
      1  113.505 µs  ×2^7     C=—     [trial 2/6]
      2  113.370 µs  ×2^7     C=0.000 [trial 2/6] †
      3  113.984 µs  ×2^7     C=0.000 [trial 2/6] †
      4  115.341 µs  ×2^7     C=0.000 [trial 2/6] †
      5  114.619 µs  ×2^7     C=0.000 [trial 2/6]
      6  116.125 µs  ×2^7     C=0.000 [trial 2/6]
      7  117.590 µs  ×2^7     C=0.000 [trial 2/6]
      8  119.232 µs  ×2^7     C=0.000 [trial 2/6]
      9  117.705 µs  ×2^7     C=0.000 [trial 2/6]
     10  120.854 µs  ×2^7     C=0.000 [trial 2/6]
     11  126.892 µs  ×2^7     C=0.000 [trial 2/6]
     12  204.215 µs  ×2^6     C=0.000 [trial 2/6]
     13  123.385 µs  ×2^7     C=0.000 [trial 2/6]
     14  132.245 µs  ×2^7     C=0.000 [trial 2/6]
     15  282.922 µs  ×2^6     C=0.000 [trial 2/6]
     16  145.684 µs  ×2^7     C=0.000 [trial 2/6]
     17  815.317 µs  ×2^4     C=0.000 [trial 2/6]
     18  400.545 µs  ×2^5     C=0.000 [trial 2/6]
      1  113.547 µs  ×2^7     C=—     [trial 3/6]
      2  113.764 µs  ×2^7     C=0.000 [trial 3/6] †
      3  114.516 µs  ×2^7     C=0.000 [trial 3/6] †
      4  114.781 µs  ×2^7     C=0.000 [trial 3/6] †
      5  114.765 µs  ×2^7     C=0.000 [trial 3/6]
      6  116.454 µs  ×2^7     C=0.000 [trial 3/6]
      7  117.283 µs  ×2^7     C=0.000 [trial 3/6]
      8  120.679 µs  ×2^7     C=0.000 [trial 3/6]
      9  117.907 µs  ×2^7     C=0.000 [trial 3/6]
     10  121.050 µs  ×2^7     C=0.000 [trial 3/6]
     11  126.749 µs  ×2^7     C=0.000 [trial 3/6]
     12  204.698 µs  ×2^6     C=0.000 [trial 3/6]
     13  123.293 µs  ×2^7     C=0.000 [trial 3/6]
     14  132.437 µs  ×2^7     C=0.000 [trial 3/6]
     15  283.468 µs  ×2^6     C=0.000 [trial 3/6]
     16  147.149 µs  ×2^7     C=0.000 [trial 3/6]
     17  819.685 µs  ×2^4     C=0.000 [trial 3/6]
     18  401.099 µs  ×2^5     C=0.000 [trial 3/6]
      1  113.752 µs  ×2^7     C=—     [trial 4/6]
      2  114.100 µs  ×2^7     C=0.000 [trial 4/6] †
      3  120.514 µs  ×2^7     C=0.000 [trial 4/6] †
      4  114.597 µs  ×2^7     C=0.000 [trial 4/6] †
      5  114.724 µs  ×2^7     C=0.000 [trial 4/6]
      6  116.545 µs  ×2^7     C=0.000 [trial 4/6]
      7  117.368 µs  ×2^7     C=0.000 [trial 4/6]
      8  119.481 µs  ×2^7     C=0.000 [trial 4/6]
      9  117.692 µs  ×2^7     C=0.000 [trial 4/6]
     10  121.004 µs  ×2^7     C=0.000 [trial 4/6]
     11  127.132 µs  ×2^7     C=0.000 [trial 4/6]
     12  203.785 µs  ×2^6     C=0.000 [trial 4/6]
     13  127.924 µs  ×2^7     C=0.000 [trial 4/6]
     14  132.464 µs  ×2^7     C=0.000 [trial 4/6]
     15  283.673 µs  ×2^6     C=0.000 [trial 4/6]
     16  146.016 µs  ×2^7     C=0.000 [trial 4/6]
     17  813.465 µs  ×2^4     C=0.000 [trial 4/6]
     18  397.731 µs  ×2^5     C=0.000 [trial 4/6]
      1  114.133 µs  ×2^7     C=—     [trial 5/6]
      2  113.618 µs  ×2^7     C=0.000 [trial 5/6] †
      3  113.827 µs  ×2^7     C=0.000 [trial 5/6] †
      4  114.680 µs  ×2^7     C=0.000 [trial 5/6] †
      5  115.002 µs  ×2^7     C=0.000 [trial 5/6]
      6  116.204 µs  ×2^7     C=0.000 [trial 5/6]
      7  117.839 µs  ×2^7     C=0.000 [trial 5/6]
      8  119.964 µs  ×2^7     C=0.000 [trial 5/6]
      9  117.605 µs  ×2^7     C=0.000 [trial 5/6]
     10  120.445 µs  ×2^7     C=0.000 [trial 5/6]
     11  127.132 µs  ×2^7     C=0.000 [trial 5/6]
     12  203.540 µs  ×2^6     C=0.000 [trial 5/6]
     13  123.305 µs  ×2^7     C=0.000 [trial 5/6]
     14  131.920 µs  ×2^7     C=0.000 [trial 5/6]
     15  282.784 µs  ×2^6     C=0.000 [trial 5/6]
     16  145.510 µs  ×2^7     C=0.000 [trial 5/6]
     17  813.644 µs  ×2^4     C=0.000 [trial 5/6]
     18  401.341 µs  ×2^5     C=0.000 [trial 5/6]
      1  113.706 µs  ×2^7     C=—     [trial 6/6]
      2  113.696 µs  ×2^7     C=0.000 [trial 6/6] †
      3  114.184 µs  ×2^7     C=0.000 [trial 6/6] †
      4  115.090 µs  ×2^7     C=0.000 [trial 6/6] †
      5  114.950 µs  ×2^7     C=0.000 [trial 6/6]
      6  116.279 µs  ×2^7     C=0.000 [trial 6/6]
      7  117.496 µs  ×2^7     C=0.000 [trial 6/6]
      8  119.141 µs  ×2^7     C=0.000 [trial 6/6]
      9  117.548 µs  ×2^7     C=0.000 [trial 6/6]
     10  121.037 µs  ×2^7     C=0.000 [trial 6/6]
     11  127.445 µs  ×2^7     C=0.000 [trial 6/6]
     12  206.011 µs  ×2^6     C=0.000 [trial 6/6]
     13  122.809 µs  ×2^7     C=0.000 [trial 6/6]
     14  132.009 µs  ×2^7     C=0.000 [trial 6/6]
     15  289.029 µs  ×2^6     C=0.000 [trial 6/6]
     16  145.554 µs  ×2^7     C=0.000 [trial 6/6]
     17  815.524 µs  ×2^4     C=0.000 [trial 6/6]
     18  398.370 µs  ×2^5     C=0.000 [trial 6/6]
  verdict: inconclusive (cMin=0.000, cMax=0.000, β=-5.620, looks faster than declared by ~n^5.620)
  per-spawn floor (harness self-measurement): 121.801 ms
  peak RSS: 71_920 kB..74_212 kB (across 108 ok row(s))
  trial summaries (6 trials per param; spread = (max-min)/median):
    param  trials  median      min         max         spread
        1  6/6     113.729 µs  113.505 µs  114.133 µs  0.552%
        2  6/6     113.730 µs  113.370 µs  114.100 µs  0.642%
        3  6/6     114.246 µs  113.827 µs  120.514 µs  5.854%
        4  6/6     114.935 µs  114.597 µs  119.592 µs  4.346%
        5  6/6     114.858 µs  114.619 µs  115.472 µs  0.743%
        6  6/6     116.367 µs  116.125 µs  116.796 µs  0.576%
        7  6/6     117.543 µs  117.283 µs  117.839 µs  0.473%
        8  6/6     119.505 µs  119.141 µs  120.679 µs  1.286%
        9  6/6     117.699 µs  117.548 µs  118.945 µs  1.188%
       10  6/6     121.021 µs  120.445 µs  123.673 µs  2.667%
       11  6/6     127.132 µs  126.749 µs  127.445 µs  0.548%
       12  6/6     204.257 µs  203.540 µs  206.011 µs  1.210%
       13  6/6     123.345 µs  122.809 µs  127.924 µs  4.147%
       14  6/6     132.297 µs  131.920 µs  132.464 µs  0.411%
       15  6/6     283.195 µs  282.747 µs  289.029 µs  2.218%
       16  6/6     145.645 µs  145.510 µs  147.149 µs  1.125%
       17  6/6     815.420 µs  813.465 µs  819.685 µs  0.763%
       18  6/6     400.188 µs  397.731 µs  401.341 µs  0.902%

Hex.Kronecker.Bench.runPacked    expected complexity: productWork .signedPacked i    [warm cache]
  env: lean=4.34.0-rc2, os=linux, arch=x86_64, commit=b6cc624-dirty, 2026-09-15T08:34:58Z, host=chungus2
  param  per-call    repeats  C
      1  114.382 µs  ×2^7     C=—     [trial 1/6]
      2  114.772 µs  ×2^7     C=0.000 [trial 1/6] †
      3  116.049 µs  ×2^7     C=0.000 [trial 1/6] †
      4  117.466 µs  ×2^7     C=0.000 [trial 1/6] †
      5  117.381 µs  ×2^7     C=0.000 [trial 1/6]
      6  118.598 µs  ×2^7     C=0.000 [trial 1/6]
      7  120.921 µs  ×2^7     C=0.000 [trial 1/6]
      8  125.697 µs  ×2^7     C=0.000 [trial 1/6]
      9  121.188 µs  ×2^7     C=0.000 [trial 1/6]
     10  124.386 µs  ×2^7     C=0.000 [trial 1/6]
     11  140.466 µs  ×2^7     C=0.000 [trial 1/6]
     12  334.832 µs  ×2^5     C=0.000 [trial 1/6]
     13  127.351 µs  ×2^7     C=0.000 [trial 1/6]
     14  146.423 µs  ×2^6     C=0.000 [trial 1/6]
     15  562.594 µs  ×2^5     C=0.000 [trial 1/6]
     16  163.887 µs  ×2^6     C=0.000 [trial 1/6]
     17    1.768 ms  ×2^3     C=0.000 [trial 1/6]
     18  785.076 µs  ×2^4     C=0.000 [trial 1/6]
      1  115.507 µs  ×2^7     C=—     [trial 2/6]
      2  114.348 µs  ×2^7     C=0.000 [trial 2/6] †
      3  116.055 µs  ×2^7     C=0.000 [trial 2/6] †
      4  117.544 µs  ×2^7     C=0.000 [trial 2/6] †
      5  116.863 µs  ×2^7     C=0.000 [trial 2/6]
      6  118.933 µs  ×2^7     C=0.000 [trial 2/6]
      7  121.336 µs  ×2^7     C=0.000 [trial 2/6]
      8  125.703 µs  ×2^7     C=0.000 [trial 2/6]
      9  120.596 µs  ×2^7     C=0.000 [trial 2/6]
     10  124.752 µs  ×2^7     C=0.000 [trial 2/6]
     11  140.811 µs  ×2^7     C=0.000 [trial 2/6]
     12  334.093 µs  ×2^5     C=0.000 [trial 2/6]
     13  127.179 µs  ×2^7     C=0.000 [trial 2/6]
     14  145.514 µs  ×2^6     C=0.000 [trial 2/6]
     15  562.919 µs  ×2^5     C=0.000 [trial 2/6]
     16  164.486 µs  ×2^6     C=0.000 [trial 2/6]
     17    1.780 ms  ×2^3     C=0.000 [trial 2/6]
     18  788.546 µs  ×2^4     C=0.000 [trial 2/6]
      1  114.278 µs  ×2^7     C=—     [trial 3/6]
      2  114.322 µs  ×2^7     C=0.000 [trial 3/6] †
      3  116.338 µs  ×2^7     C=0.000 [trial 3/6] †
      4  117.400 µs  ×2^7     C=0.000 [trial 3/6] †
      5  116.973 µs  ×2^7     C=0.000 [trial 3/6]
      6  118.384 µs  ×2^7     C=0.000 [trial 3/6]
      7  121.390 µs  ×2^7     C=0.000 [trial 3/6]
      8  125.468 µs  ×2^7     C=0.000 [trial 3/6]
      9  120.839 µs  ×2^7     C=0.000 [trial 3/6]
     10  124.984 µs  ×2^7     C=0.000 [trial 3/6]
     11  140.517 µs  ×2^7     C=0.000 [trial 3/6]
     12  333.492 µs  ×2^5     C=0.000 [trial 3/6]
     13  127.276 µs  ×2^7     C=0.000 [trial 3/6]
     14  145.376 µs  ×2^6     C=0.000 [trial 3/6]
     15  561.970 µs  ×2^5     C=0.000 [trial 3/6]
     16  163.766 µs  ×2^6     C=0.000 [trial 3/6]
     17    1.791 ms  ×2^3     C=0.000 [trial 3/6]
     18  788.891 µs  ×2^4     C=0.000 [trial 3/6]
      1  115.065 µs  ×2^7     C=—     [trial 4/6]
      2  114.558 µs  ×2^7     C=0.000 [trial 4/6] †
      3  116.310 µs  ×2^7     C=0.000 [trial 4/6] †
      4  118.596 µs  ×2^7     C=0.000 [trial 4/6] †
      5  117.198 µs  ×2^7     C=0.000 [trial 4/6]
      6  119.149 µs  ×2^7     C=0.000 [trial 4/6]
      7  120.213 µs  ×2^7     C=0.000 [trial 4/6]
      8  125.120 µs  ×2^7     C=0.000 [trial 4/6]
      9  120.266 µs  ×2^7     C=0.000 [trial 4/6]
     10  125.403 µs  ×2^7     C=0.000 [trial 4/6]
     11  140.909 µs  ×2^6     C=0.000 [trial 4/6]
     12  335.022 µs  ×2^5     C=0.000 [trial 4/6]
     13  126.794 µs  ×2^7     C=0.000 [trial 4/6]
     14  144.890 µs  ×2^6     C=0.000 [trial 4/6]
     15  564.614 µs  ×2^5     C=0.000 [trial 4/6]
     16  163.965 µs  ×2^6     C=0.000 [trial 4/6]
     17    1.795 ms  ×2^3     C=0.000 [trial 4/6]
     18  785.920 µs  ×2^4     C=0.000 [trial 4/6]
      1  114.389 µs  ×2^7     C=—     [trial 5/6]
      2  114.702 µs  ×2^7     C=0.000 [trial 5/6] †
      3  115.753 µs  ×2^7     C=0.000 [trial 5/6] †
      4  118.055 µs  ×2^7     C=0.000 [trial 5/6] †
      5  117.115 µs  ×2^7     C=0.000 [trial 5/6]
      6  118.735 µs  ×2^7     C=0.000 [trial 5/6]
      7  121.988 µs  ×2^7     C=0.000 [trial 5/6]
      8  125.279 µs  ×2^7     C=0.000 [trial 5/6]
      9  120.141 µs  ×2^7     C=0.000 [trial 5/6]
     10  124.689 µs  ×2^7     C=0.000 [trial 5/6]
     11  139.928 µs  ×2^7     C=0.000 [trial 5/6]
     12  334.011 µs  ×2^5     C=0.000 [trial 5/6]
     13  126.241 µs  ×2^7     C=0.000 [trial 5/6]
     14  146.824 µs  ×2^6     C=0.000 [trial 5/6]
     15  564.194 µs  ×2^5     C=0.000 [trial 5/6]
     16  163.849 µs  ×2^6     C=0.000 [trial 5/6]
     17    1.772 ms  ×2^3     C=0.000 [trial 5/6]
     18  787.813 µs  ×2^4     C=0.000 [trial 5/6]
      1  115.689 µs  ×2^7     C=—     [trial 6/6]
      2  115.319 µs  ×2^7     C=0.000 [trial 6/6] †
      3  116.111 µs  ×2^7     C=0.000 [trial 6/6] †
      4  117.145 µs  ×2^7     C=0.000 [trial 6/6] †
      5  117.119 µs  ×2^7     C=0.000 [trial 6/6]
      6  118.447 µs  ×2^7     C=0.000 [trial 6/6]
      7  121.556 µs  ×2^7     C=0.000 [trial 6/6]
      8  125.526 µs  ×2^7     C=0.000 [trial 6/6]
      9  120.319 µs  ×2^7     C=0.000 [trial 6/6]
     10  124.817 µs  ×2^7     C=0.000 [trial 6/6]
     11  141.243 µs  ×2^7     C=0.000 [trial 6/6]
     12  335.494 µs  ×2^5     C=0.000 [trial 6/6]
     13  138.871 µs  ×2^7     C=0.000 [trial 6/6]
     14  145.155 µs  ×2^6     C=0.000 [trial 6/6]
     15  563.934 µs  ×2^5     C=0.000 [trial 6/6]
     16  163.245 µs  ×2^6     C=0.000 [trial 6/6]
     17    1.775 ms  ×2^3     C=0.000 [trial 6/6]
     18  784.532 µs  ×2^4     C=0.000 [trial 6/6]
  verdict: inconclusive (cMin=0.000, cMax=0.000, β=-8.622, looks faster than declared by ~n^8.622)
  per-spawn floor (harness self-measurement): 121.562 ms
  peak RSS: 72_248 kB..74_204 kB (across 108 ok row(s))
  trial summaries (6 trials per param; spread = (max-min)/median):
    param  trials  median      min         max         spread
        1  6/6     114.727 µs  114.278 µs  115.689 µs  1.230%
        2  6/6     114.630 µs  114.322 µs  115.319 µs  0.870%
        3  6/6     116.083 µs  115.753 µs  116.338 µs  0.503%
        4  6/6     117.505 µs  117.145 µs  118.596 µs  1.235%
        5  6/6     117.117 µs  116.863 µs  117.381 µs  0.443%
        6  6/6     118.667 µs  118.384 µs  119.149 µs  0.645%
        7  6/6     121.363 µs  120.213 µs  121.988 µs  1.463%
        8  6/6     125.497 µs  125.120 µs  125.703 µs  0.465%
        9  6/6     120.458 µs  120.141 µs  121.188 µs  0.869%
       10  6/6     124.784 µs  124.386 µs  125.403 µs  0.815%
       11  6/6     140.664 µs  139.928 µs  141.243 µs  0.935%
       12  6/6     334.462 µs  333.492 µs  335.494 µs  0.598%
       13  6/6     127.227 µs  126.241 µs  138.871 µs  9.927%
       14  6/6     145.445 µs  144.890 µs  146.824 µs  1.330%
       15  6/6     563.427 µs  561.970 µs  564.614 µs  0.469%
       16  6/6     163.868 µs  163.245 µs  164.486 µs  0.757%
       17  6/6       1.778 ms    1.768 ms    1.795 ms  1.522%
       18  6/6     786.867 µs  784.532 µs  788.891 µs  0.554%

Hex.Kronecker.Bench.runTree    expected complexity: treeWork i    [warm cache]
  env: lean=4.34.0-rc2, os=linux, arch=x86_64, commit=b6cc624-dirty, 2026-09-15T08:35:13Z, host=chungus2
  param  per-call    repeats  C
      1  113.654 µs  ×2^7     C=—     [trial 1/6]
      2  113.194 µs  ×2^7     C=0.001 [trial 1/6] †
      3  112.716 µs  ×2^7     C=0.001 [trial 1/6] †
      4  113.311 µs  ×2^7     C=0.001 [trial 1/6] †
      5  115.241 µs  ×2^7     C=0.000 [trial 1/6]
      6  118.939 µs  ×2^7     C=0.000 [trial 1/6]
      7  133.919 µs  ×2^7     C=0.000 [trial 1/6]
      8  158.930 µs  ×2^6     C=0.000 [trial 1/6]
      9  122.691 µs  ×2^7     C=0.000 [trial 1/6]
     10  144.531 µs  ×2^7     C=0.000 [trial 1/6]
     11  273.981 µs  ×2^6     C=0.000 [trial 1/6]
     12    7.619 ms  ×2^1     C=0.000 [trial 1/6]
     13  137.773 µs  ×2^7     C=0.000 [trial 1/6]
     14  236.520 µs  ×2^6     C=0.000 [trial 1/6]
     15    5.656 ms  ×2^1     C=0.000 [trial 1/6]
     16  216.515 µs  ×2^6     C=0.000 [trial 1/6]
     17    6.799 ms  ×2^1     C=0.000 [trial 1/6]
     18  820.761 µs  ×2^4     C=0.000 [trial 1/6]
      1  112.521 µs  ×2^7     C=—     [trial 2/6]
      2  113.225 µs  ×2^7     C=0.001 [trial 2/6] †
      3  113.230 µs  ×2^7     C=0.001 [trial 2/6] †
      4  114.203 µs  ×2^7     C=0.001 [trial 2/6] †
      5  115.394 µs  ×2^7     C=0.000 [trial 2/6]
      6  124.016 µs  ×2^7     C=0.000 [trial 2/6]
      7  128.071 µs  ×2^7     C=0.000 [trial 2/6]
      8  158.104 µs  ×2^6     C=0.000 [trial 2/6]
      9  122.307 µs  ×2^7     C=0.000 [trial 2/6]
     10  143.566 µs  ×2^7     C=0.000 [trial 2/6]
     11  275.211 µs  ×2^6     C=0.000 [trial 2/6]
     12    7.624 ms  ×2^1     C=0.000 [trial 2/6]
     13  136.275 µs  ×2^7     C=0.000 [trial 2/6]
     14  237.712 µs  ×2^6     C=0.000 [trial 2/6]
     15    5.613 ms  ×2^1     C=0.000 [trial 2/6]
     16  217.042 µs  ×2^6     C=0.000 [trial 2/6]
     17    6.811 ms  ×2^1     C=0.000 [trial 2/6]
     18  825.316 µs  ×2^4     C=0.000 [trial 2/6]
      1  113.649 µs  ×2^7     C=—     [trial 3/6]
      2  112.819 µs  ×2^7     C=0.001 [trial 3/6] †
      3  113.683 µs  ×2^7     C=0.001 [trial 3/6] †
      4  113.261 µs  ×2^7     C=0.001 [trial 3/6] †
      5  115.283 µs  ×2^7     C=0.000 [trial 3/6]
      6  119.071 µs  ×2^7     C=0.000 [trial 3/6]
      7  127.999 µs  ×2^7     C=0.000 [trial 3/6]
      8  162.280 µs  ×2^6     C=0.000 [trial 3/6]
      9  122.149 µs  ×2^7     C=0.000 [trial 3/6]
     10  144.692 µs  ×2^7     C=0.000 [trial 3/6]
     11  275.092 µs  ×2^6     C=0.000 [trial 3/6]
     12    7.667 ms  ×2^1     C=0.000 [trial 3/6]
     13  138.636 µs  ×2^7     C=0.000 [trial 3/6]
     14  239.324 µs  ×2^6     C=0.000 [trial 3/6]
     15    5.710 ms  ×2^1     C=0.000 [trial 3/6]
     16  220.410 µs  ×2^6     C=0.000 [trial 3/6]
     17    6.844 ms  ×2^1     C=0.000 [trial 3/6]
     18  825.295 µs  ×2^4     C=0.000 [trial 3/6]
      1  113.375 µs  ×2^7     C=—     [trial 4/6]
      2  113.470 µs  ×2^7     C=0.001 [trial 4/6] †
      3  113.676 µs  ×2^7     C=0.001 [trial 4/6] †
      4  114.000 µs  ×2^7     C=0.001 [trial 4/6] †
      5  115.459 µs  ×2^7     C=0.000 [trial 4/6]
      6  119.601 µs  ×2^7     C=0.000 [trial 4/6]
      7  128.676 µs  ×2^7     C=0.000 [trial 4/6]
      8  158.256 µs  ×2^6     C=0.000 [trial 4/6]
      9  122.222 µs  ×2^7     C=0.000 [trial 4/6]
     10  144.307 µs  ×2^7     C=0.000 [trial 4/6]
     11  276.439 µs  ×2^6     C=0.000 [trial 4/6]
     12    7.631 ms  ×2^1     C=0.000 [trial 4/6]
     13  137.257 µs  ×2^7     C=0.000 [trial 4/6]
     14  237.783 µs  ×2^6     C=0.000 [trial 4/6]
     15    5.630 ms  ×2^1     C=0.000 [trial 4/6]
     16  216.676 µs  ×2^6     C=0.000 [trial 4/6]
     17    6.904 ms  ×2^1     C=0.000 [trial 4/6]
     18  829.303 µs  ×2^4     C=0.000 [trial 4/6]
      1  112.757 µs  ×2^7     C=—     [trial 5/6]
      2  112.787 µs  ×2^7     C=0.001 [trial 5/6] †
      3  114.431 µs  ×2^7     C=0.001 [trial 5/6] †
      4  113.834 µs  ×2^7     C=0.001 [trial 5/6] †
      5  115.150 µs  ×2^7     C=0.000 [trial 5/6]
      6  119.123 µs  ×2^7     C=0.000 [trial 5/6]
      7  128.085 µs  ×2^7     C=0.000 [trial 5/6]
      8  157.969 µs  ×2^6     C=0.000 [trial 5/6]
      9  122.567 µs  ×2^7     C=0.000 [trial 5/6]
     10  144.237 µs  ×2^7     C=0.000 [trial 5/6]
     11  275.881 µs  ×2^6     C=0.000 [trial 5/6]
     12    7.591 ms  ×2^1     C=0.000 [trial 5/6]
     13  136.465 µs  ×2^7     C=0.000 [trial 5/6]
     14  238.018 µs  ×2^6     C=0.000 [trial 5/6]
     15    5.612 ms  ×2^1     C=0.000 [trial 5/6]
     16  217.865 µs  ×2^6     C=0.000 [trial 5/6]
     17    6.804 ms  ×2^1     C=0.000 [trial 5/6]
     18  846.680 µs  ×2^4     C=0.000 [trial 5/6]
      1  134.621 µs  ×2^7     C=—     [trial 6/6]
      2  113.045 µs  ×2^7     C=0.001 [trial 6/6] †
      3  118.764 µs  ×2^7     C=0.001 [trial 6/6] †
      4  113.411 µs  ×2^7     C=0.001 [trial 6/6] †
      5  115.506 µs  ×2^7     C=0.000 [trial 6/6]
      6  125.901 µs  ×2^7     C=0.000 [trial 6/6]
      7  128.528 µs  ×2^7     C=0.000 [trial 6/6]
      8  158.536 µs  ×2^6     C=0.000 [trial 6/6]
      9  122.484 µs  ×2^7     C=0.000 [trial 6/6]
     10  143.008 µs  ×2^7     C=0.000 [trial 6/6]
     11  278.237 µs  ×2^6     C=0.000 [trial 6/6]
     12    7.630 ms  ×2^1     C=0.000 [trial 6/6]
     13  137.113 µs  ×2^7     C=0.000 [trial 6/6]
     14  237.673 µs  ×2^6     C=0.000 [trial 6/6]
     15    5.623 ms  ×2^1     C=0.000 [trial 6/6]
     16  213.705 µs  ×2^6     C=0.000 [trial 6/6]
     17    6.793 ms  ×2^1     C=0.000 [trial 6/6]
     18  821.933 µs  ×2^4     C=0.000 [trial 6/6]
  verdict: inconclusive (cMin=0.000, cMax=0.000, β=-6.482, looks faster than declared by ~n^6.482)
  per-spawn floor (harness self-measurement): 121.022 ms
  peak RSS: 72_248 kB..74_116 kB (across 108 ok row(s))
  trial summaries (6 trials per param; spread = (max-min)/median):
    param  trials  median      min         max         spread 
        1  6/6     113.512 µs  112.521 µs  134.621 µs  19.469%
        2  6/6     113.120 µs  112.787 µs  113.470 µs  0.604% 
        3  6/6     113.679 µs  112.716 µs  118.764 µs  5.320% 
        4  6/6     113.622 µs  113.261 µs  114.203 µs  0.829% 
        5  6/6     115.338 µs  115.150 µs  115.506 µs  0.308% 
        6  6/6     119.362 µs  118.939 µs  125.901 µs  5.832% 
        7  6/6     128.306 µs  127.999 µs  133.919 µs  4.614% 
        8  6/6     158.396 µs  157.969 µs  162.280 µs  2.722% 
        9  6/6     122.395 µs  122.149 µs  122.691 µs  0.442% 
       10  6/6     144.272 µs  143.008 µs  144.692 µs  1.167% 
       11  6/6     275.546 µs  273.981 µs  278.237 µs  1.544% 
       12  6/6       7.627 ms    7.591 ms    7.667 ms  1.006% 
       13  6/6     137.185 µs  136.275 µs  138.636 µs  1.721% 
       14  6/6     237.748 µs  236.520 µs  239.324 µs  1.180% 
       15  6/6       5.626 ms    5.612 ms    5.710 ms  1.736% 
       16  6/6     216.859 µs  213.705 µs  220.410 µs  3.092% 
       17  6/6       6.808 ms    6.793 ms    6.904 ms  1.639% 
       18  6/6     825.305 µs  820.761 µs  846.680 µs  3.141% 

Hex.Kronecker.Bench.runProductDeclines    [fixed] repeats=5
  env: lean=4.34.0-rc2, os=linux, arch=x86_64, commit=b6cc624-dirty, 2026-09-15T08:35:29Z, host=chungus2
  repeat 0  21.000 ns  (×2^16, total 1.415 ms)
  repeat 1  21.000 ns  (×2^16, total 1.422 ms)
  repeat 2  21.000 ns  (×2^16, total 1.403 ms)
  repeat 3  21.000 ns  (×2^16, total 1.431 ms)
  repeat 4  21.000 ns  (×2^16, total 1.404 ms)
  median: 21.000 ns    min: 21.000 ns    max: 21.000 ns
  hash: all repeats agree
  observed hash: 0xb
  peak RSS: 72_328 kB..73_776 kB (across 5 ok repeat(s))
  ‼ median wall time below 1µs — possibly a compile-time-folded constant rather than work. If the workload is genuinely tiny this is fine; otherwise thread inputs through runtime state (e.g. `IO.Ref`, disk) so the body isn't closed at compile time. See issue #54.

Hex.Kronecker.Bench.runTreeDeclines    [fixed] repeats=5
  env: lean=4.34.0-rc2, os=linux, arch=x86_64, commit=b6cc624-dirty, 2026-09-15T08:35:29Z, host=chungus2
  repeat 0  21.000 ns  (×2^16, total 1.419 ms)
  repeat 1  21.000 ns  (×2^16, total 1.413 ms)
  repeat 2  21.000 ns  (×2^16, total 1.437 ms)
  repeat 3  21.000 ns  (×2^16, total 1.422 ms)
  repeat 4  21.000 ns  (×2^16, total 1.403 ms)
  median: 21.000 ns    min: 21.000 ns    max: 21.000 ns
  hash: all repeats agree
  observed hash: 0xb
  peak RSS: 72_596 kB..73_240 kB (across 5 ok repeat(s))
  ‼ median wall time below 1µs — possibly a compile-time-folded constant rather than work. If the workload is genuinely tiny this is fine; otherwise thread inputs through runtime state (e.g. `IO.Ref`, disk) so the body isn't closed at compile time. See issue #54.
exported to reports/data/hex-kronecker/bench-direct.json
