CPU 85
Hex.Kronecker.Bench.runPlain    expected complexity: productWork .plain i    [warm cache]
  env: lean=4.34.0, os=linux, arch=x86_64, commit=658822c-dirty, 2026-09-15T09:15:06Z, host=chungus2
  param  per-call    repeats  C
      1  114.674 µs  ×2^7     C=—     [trial 1/6]
      2  114.574 µs  ×2^7     C=0.000 [trial 1/6] †
      3  115.542 µs  ×2^7     C=0.000 [trial 1/6] †
      4  115.774 µs  ×2^7     C=0.000 [trial 1/6] †
      5  156.018 µs  ×2^7     C=0.000 [trial 1/6]
      6  117.286 µs  ×2^7     C=0.000 [trial 1/6]
      7  118.308 µs  ×2^7     C=0.000 [trial 1/6]
      8  122.175 µs  ×2^7     C=0.000 [trial 1/6]
      9  122.402 µs  ×2^7     C=0.000 [trial 1/6]
     10  122.557 µs  ×2^7     C=0.000 [trial 1/6]
     11  128.869 µs  ×2^7     C=0.000 [trial 1/6]
     12  207.512 µs  ×2^6     C=0.000 [trial 1/6]
     13  124.604 µs  ×2^7     C=0.000 [trial 1/6]
     14  133.824 µs  ×2^7     C=0.000 [trial 1/6]
     15  286.603 µs  ×2^6     C=0.000 [trial 1/6]
     16  145.239 µs  ×2^6     C=0.000 [trial 1/6]
     17  823.076 µs  ×2^3     C=0.000 [trial 1/6]
     18  406.464 µs  ×2^5     C=0.000 [trial 1/6]
      1  114.486 µs  ×2^7     C=—     [trial 2/6]
      2  114.819 µs  ×2^7     C=0.000 [trial 2/6] †
      3  115.815 µs  ×2^7     C=0.000 [trial 2/6] †
      4  116.045 µs  ×2^7     C=0.000 [trial 2/6] †
      5  115.483 µs  ×2^7     C=0.000 [trial 2/6]
      6  118.097 µs  ×2^7     C=0.000 [trial 2/6]
      7  118.715 µs  ×2^7     C=0.000 [trial 2/6]
      8  123.507 µs  ×2^7     C=0.000 [trial 2/6]
      9  118.561 µs  ×2^7     C=0.000 [trial 2/6]
     10  121.705 µs  ×2^7     C=0.000 [trial 2/6]
     11  128.035 µs  ×2^7     C=0.000 [trial 2/6]
     12  205.196 µs  ×2^6     C=0.000 [trial 2/6]
     13  124.255 µs  ×2^7     C=0.000 [trial 2/6]
     14  133.078 µs  ×2^7     C=0.000 [trial 2/6]
     15  283.403 µs  ×2^6     C=0.000 [trial 2/6]
     16  147.854 µs  ×2^7     C=0.000 [trial 2/6]
     17  823.773 µs  ×2^4     C=0.000 [trial 2/6]
     18  407.767 µs  ×2^5     C=0.000 [trial 2/6]
      1  116.074 µs  ×2^7     C=—     [trial 3/6]
      2  115.854 µs  ×2^7     C=0.000 [trial 3/6] †
      3  119.174 µs  ×2^7     C=0.000 [trial 3/6] †
      4  115.392 µs  ×2^7     C=0.000 [trial 3/6] †
      5  115.445 µs  ×2^7     C=0.000 [trial 3/6]
      6  117.077 µs  ×2^7     C=0.000 [trial 3/6]
      7  120.079 µs  ×2^7     C=0.000 [trial 3/6]
      8  119.784 µs  ×2^7     C=0.000 [trial 3/6]
      9  117.886 µs  ×2^7     C=0.000 [trial 3/6]
     10  122.009 µs  ×2^7     C=0.000 [trial 3/6]
     11  128.685 µs  ×2^7     C=0.000 [trial 3/6]
     12  204.760 µs  ×2^6     C=0.000 [trial 3/6]
     13  123.891 µs  ×2^7     C=0.000 [trial 3/6]
     14  132.745 µs  ×2^7     C=0.000 [trial 3/6]
     15  285.946 µs  ×2^6     C=0.000 [trial 3/6]
     16  147.507 µs  ×2^6     C=0.000 [trial 3/6]
     17  837.938 µs  ×2^4     C=0.000 [trial 3/6]
     18  406.393 µs  ×2^5     C=0.000 [trial 3/6]
      1  113.872 µs  ×2^7     C=—     [trial 4/6]
      2  114.230 µs  ×2^7     C=0.000 [trial 4/6] †
      3  114.919 µs  ×2^7     C=0.000 [trial 4/6] †
      4  116.217 µs  ×2^7     C=0.000 [trial 4/6] †
      5  116.023 µs  ×2^7     C=0.000 [trial 4/6]
      6  117.674 µs  ×2^7     C=0.000 [trial 4/6]
      7  123.253 µs  ×2^7     C=0.000 [trial 4/6]
      8  125.544 µs  ×2^7     C=0.000 [trial 4/6]
      9  119.539 µs  ×2^7     C=0.000 [trial 4/6]
     10  120.993 µs  ×2^7     C=0.000 [trial 4/6]
     11  134.547 µs  ×2^7     C=0.000 [trial 4/6]
     12  210.378 µs  ×2^6     C=0.000 [trial 4/6]
     13  126.868 µs  ×2^7     C=0.000 [trial 4/6]
     14  134.934 µs  ×2^7     C=0.000 [trial 4/6]
     15  285.017 µs  ×2^6     C=0.000 [trial 4/6]
     16  149.423 µs  ×2^7     C=0.000 [trial 4/6]
     17  833.241 µs  ×2^4     C=0.000 [trial 4/6]
     18  404.144 µs  ×2^5     C=0.000 [trial 4/6]
      1  114.071 µs  ×2^7     C=—     [trial 5/6]
      2  117.859 µs  ×2^7     C=0.000 [trial 5/6] †
      3  114.755 µs  ×2^7     C=0.000 [trial 5/6] †
      4  115.902 µs  ×2^7     C=0.000 [trial 5/6] †
      5  115.516 µs  ×2^7     C=0.000 [trial 5/6]
      6  117.865 µs  ×2^7     C=0.000 [trial 5/6]
      7  117.918 µs  ×2^7     C=0.000 [trial 5/6]
      8  120.237 µs  ×2^7     C=0.000 [trial 5/6]
      9  118.606 µs  ×2^7     C=0.000 [trial 5/6]
     10  123.109 µs  ×2^7     C=0.000 [trial 5/6]
     11  128.092 µs  ×2^7     C=0.000 [trial 5/6]
     12  204.438 µs  ×2^6     C=0.000 [trial 5/6]
     13  123.635 µs  ×2^7     C=0.000 [trial 5/6]
     14  135.864 µs  ×2^7     C=0.000 [trial 5/6]
     15  287.875 µs  ×2^6     C=0.000 [trial 5/6]
     16  148.100 µs  ×2^7     C=0.000 [trial 5/6]
     17  821.590 µs  ×2^4     C=0.000 [trial 5/6]
     18  417.865 µs  ×2^5     C=0.000 [trial 5/6]
      1  114.493 µs  ×2^7     C=—     [trial 6/6]
      2  116.059 µs  ×2^7     C=0.000 [trial 6/6] †
      3  115.146 µs  ×2^7     C=0.000 [trial 6/6] †
      4  115.402 µs  ×2^7     C=0.000 [trial 6/6] †
      5  115.402 µs  ×2^7     C=0.000 [trial 6/6]
      6  121.201 µs  ×2^7     C=0.000 [trial 6/6]
      7  118.124 µs  ×2^7     C=0.000 [trial 6/6]
      8  120.591 µs  ×2^7     C=0.000 [trial 6/6]
      9  118.805 µs  ×2^7     C=0.000 [trial 6/6]
     10  125.085 µs  ×2^7     C=0.000 [trial 6/6]
     11  131.084 µs  ×2^7     C=0.000 [trial 6/6]
     12  205.854 µs  ×2^6     C=0.000 [trial 6/6]
     13  128.162 µs  ×2^7     C=0.000 [trial 6/6]
     14  134.454 µs  ×2^7     C=0.000 [trial 6/6]
     15  284.026 µs  ×2^6     C=0.000 [trial 6/6]
     16  146.334 µs  ×2^7     C=0.000 [trial 6/6]
     17  826.960 µs  ×2^4     C=0.000 [trial 6/6]
     18  402.839 µs  ×2^5     C=0.000 [trial 6/6]
  verdict: inconclusive (cMin=0.000, cMax=0.000, β=-5.617, looks faster than declared by ~n^5.617)
  per-spawn floor (harness self-measurement): 194.877 ms
  peak RSS: 66_888 kB..72_588 kB (across 108 ok row(s))
  trial summaries (6 trials per param; spread = (max-min)/median):
    param  trials  median      min         max         spread 
        1  6/6     114.490 µs  113.872 µs  116.074 µs  1.924% 
        2  6/6     115.337 µs  114.230 µs  117.859 µs  3.146% 
        3  6/6     115.344 µs  114.755 µs  119.174 µs  3.831% 
        4  6/6     115.838 µs  115.392 µs  116.217 µs  0.712% 
        5  6/6     115.500 µs  115.402 µs  156.018 µs  35.166%
        6  6/6     117.770 µs  117.077 µs  121.201 µs  3.502% 
        7  6/6     118.512 µs  117.918 µs  123.253 µs  4.501% 
        8  6/6     121.383 µs  119.784 µs  125.544 µs  4.745% 
        9  6/6     118.706 µs  117.886 µs  122.402 µs  3.805% 
       10  6/6     122.283 µs  120.993 µs  125.085 µs  3.347% 
       11  6/6     128.777 µs  128.035 µs  134.547 µs  5.057% 
       12  6/6     205.525 µs  204.438 µs  210.378 µs  2.890% 
       13  6/6     124.430 µs  123.635 µs  128.162 µs  3.638% 
       14  6/6     134.139 µs  132.745 µs  135.864 µs  2.325% 
       15  6/6     285.481 µs  283.403 µs  287.875 µs  1.567% 
       16  6/6     147.680 µs  145.239 µs  149.423 µs  2.833% 
       17  6/6     825.367 µs  821.590 µs  837.938 µs  1.981% 
       18  6/6     406.429 µs  402.839 µs  417.865 µs  3.697% 

Hex.Kronecker.Bench.runPacked    expected complexity: productWork .signedPacked i    [warm cache]
  env: lean=4.34.0, os=linux, arch=x86_64, commit=658822c-dirty, 2026-09-15T09:15:29Z, host=chungus2
  param  per-call    repeats  C
      1  115.364 µs  ×2^7     C=—     [trial 1/6]
      2  116.925 µs  ×2^7     C=0.000 [trial 1/6] †
      3  115.617 µs  ×2^7     C=0.000 [trial 1/6] †
      4  122.671 µs  ×2^7     C=0.000 [trial 1/6] †
      5  118.086 µs  ×2^7     C=0.000 [trial 1/6]
      6  119.897 µs  ×2^7     C=0.000 [trial 1/6]
      7  121.022 µs  ×2^7     C=0.000 [trial 1/6]
      8  126.790 µs  ×2^7     C=0.000 [trial 1/6]
      9  122.160 µs  ×2^7     C=0.000 [trial 1/6]
     10  127.295 µs  ×2^7     C=0.000 [trial 1/6]
     11  141.917 µs  ×2^7     C=0.000 [trial 1/6]
     12  335.527 µs  ×2^5     C=0.000 [trial 1/6]
     13  127.036 µs  ×2^7     C=0.000 [trial 1/6]
     14  147.292 µs  ×2^6     C=0.000 [trial 1/6]
     15  646.450 µs  ×2^4     C=0.000 [trial 1/6]
     16  162.667 µs  ×2^6     C=0.000 [trial 1/6]
     17    1.853 ms  ×2^3     C=0.000 [trial 1/6]
     18  882.831 µs  ×2^4     C=0.000 [trial 1/6]
      1  114.968 µs  ×2^7     C=—     [trial 2/6]
      2  113.804 µs  ×2^7     C=0.000 [trial 2/6] †
      3  128.127 µs  ×2^7     C=0.000 [trial 2/6] †
      4  118.563 µs  ×2^7     C=0.000 [trial 2/6] †
      5  123.887 µs  ×2^7     C=0.000 [trial 2/6]
      6  119.813 µs  ×2^7     C=0.000 [trial 2/6]
      7  120.874 µs  ×2^7     C=0.000 [trial 2/6]
      8  126.702 µs  ×2^7     C=0.000 [trial 2/6]
      9  121.037 µs  ×2^7     C=0.000 [trial 2/6]
     10  125.222 µs  ×2^7     C=0.000 [trial 2/6]
     11  141.178 µs  ×2^7     C=0.000 [trial 2/6]
     12  335.006 µs  ×2^5     C=0.000 [trial 2/6]
     13  131.302 µs  ×2^7     C=0.000 [trial 2/6]
     14  146.546 µs  ×2^6     C=0.000 [trial 2/6]
     15  571.379 µs  ×2^5     C=0.000 [trial 2/6]
     16  165.645 µs  ×2^6     C=0.000 [trial 2/6]
     17    1.797 ms  ×2^3     C=0.000 [trial 2/6]
     18  794.884 µs  ×2^4     C=0.000 [trial 2/6]
      1  117.839 µs  ×2^7     C=—     [trial 3/6]
      2  115.195 µs  ×2^7     C=0.000 [trial 3/6] †
      3  116.769 µs  ×2^7     C=0.000 [trial 3/6] †
      4  117.768 µs  ×2^7     C=0.000 [trial 3/6] †
      5  117.056 µs  ×2^7     C=0.000 [trial 3/6]
      6  120.396 µs  ×2^7     C=0.000 [trial 3/6]
      7  121.186 µs  ×2^7     C=0.000 [trial 3/6]
      8  126.158 µs  ×2^7     C=0.000 [trial 3/6]
      9  121.463 µs  ×2^7     C=0.000 [trial 3/6]
     10  126.482 µs  ×2^7     C=0.000 [trial 3/6]
     11  141.243 µs  ×2^6     C=0.000 [trial 3/6]
     12  336.126 µs  ×2^5     C=0.000 [trial 3/6]
     13  126.553 µs  ×2^7     C=0.000 [trial 3/6]
     14  146.004 µs  ×2^6     C=0.000 [trial 3/6]
     15  569.774 µs  ×2^5     C=0.000 [trial 3/6]
     16  167.821 µs  ×2^6     C=0.000 [trial 3/6]
     17    1.897 ms  ×2^3     C=0.000 [trial 3/6]
     18  834.961 µs  ×2^4     C=0.000 [trial 3/6]
      1  116.330 µs  ×2^7     C=—     [trial 4/6]
      2  115.604 µs  ×2^7     C=0.000 [trial 4/6] †
      3  115.973 µs  ×2^7     C=0.000 [trial 4/6] †
      4  118.095 µs  ×2^7     C=0.000 [trial 4/6] †
      5  117.587 µs  ×2^7     C=0.000 [trial 4/6]
      6  120.836 µs  ×2^7     C=0.000 [trial 4/6]
      7  121.992 µs  ×2^7     C=0.000 [trial 4/6]
      8  127.499 µs  ×2^7     C=0.000 [trial 4/6]
      9  121.062 µs  ×2^7     C=0.000 [trial 4/6]
     10  126.443 µs  ×2^7     C=0.000 [trial 4/6]
     11  141.276 µs  ×2^6     C=0.000 [trial 4/6]
     12  337.350 µs  ×2^5     C=0.000 [trial 4/6]
     13  127.314 µs  ×2^7     C=0.000 [trial 4/6]
     14  148.442 µs  ×2^6     C=0.000 [trial 4/6]
     15  572.124 µs  ×2^5     C=0.000 [trial 4/6]
     16  168.742 µs  ×2^6     C=0.000 [trial 4/6]
     17    1.846 ms  ×2^3     C=0.000 [trial 4/6]
     18  830.431 µs  ×2^4     C=0.000 [trial 4/6]
      1  115.866 µs  ×2^7     C=—     [trial 5/6]
      2  115.647 µs  ×2^7     C=0.000 [trial 5/6] †
      3  116.468 µs  ×2^7     C=0.000 [trial 5/6] †
      4  118.629 µs  ×2^7     C=0.000 [trial 5/6] †
      5  117.900 µs  ×2^7     C=0.000 [trial 5/6]
      6  120.299 µs  ×2^7     C=0.000 [trial 5/6]
      7  122.481 µs  ×2^7     C=0.000 [trial 5/6]
      8  126.614 µs  ×2^7     C=0.000 [trial 5/6]
      9  121.570 µs  ×2^7     C=0.000 [trial 5/6]
     10  128.332 µs  ×2^7     C=0.000 [trial 5/6]
     11  141.968 µs  ×2^6     C=0.000 [trial 5/6]
     12  336.278 µs  ×2^5     C=0.000 [trial 5/6]
     13  131.972 µs  ×2^7     C=0.000 [trial 5/6]
     14  148.971 µs  ×2^6     C=0.000 [trial 5/6]
     15  587.821 µs  ×2^5     C=0.000 [trial 5/6]
     16  163.993 µs  ×2^6     C=0.000 [trial 5/6]
     17    1.856 ms  ×2^3     C=0.000 [trial 5/6]
     18  810.779 µs  ×2^4     C=0.000 [trial 5/6]
      1  115.525 µs  ×2^7     C=—     [trial 6/6]
      2  115.030 µs  ×2^7     C=0.000 [trial 6/6] †
      3  117.053 µs  ×2^7     C=0.000 [trial 6/6] †
      4  117.884 µs  ×2^7     C=0.000 [trial 6/6] †
      5  117.563 µs  ×2^7     C=0.000 [trial 6/6]
      6  119.069 µs  ×2^7     C=0.000 [trial 6/6]
      7  123.036 µs  ×2^7     C=0.000 [trial 6/6]
      8  128.544 µs  ×2^7     C=0.000 [trial 6/6]
      9  121.470 µs  ×2^7     C=0.000 [trial 6/6]
     10  126.435 µs  ×2^7     C=0.000 [trial 6/6]
     11  141.665 µs  ×2^7     C=0.000 [trial 6/6]
     12  337.066 µs  ×2^5     C=0.000 [trial 6/6]
     13  128.955 µs  ×2^7     C=0.000 [trial 6/6]
     14  145.506 µs  ×2^6     C=0.000 [trial 6/6]
     15  599.833 µs  ×2^4     C=0.000 [trial 6/6]
     16  166.791 µs  ×2^6     C=0.000 [trial 6/6]
     17    1.804 ms  ×2^3     C=0.000 [trial 6/6]
     18  815.704 µs  ×2^4     C=0.000 [trial 6/6]
  verdict: inconclusive (cMin=0.000, cMax=0.000, β=-8.601, looks faster than declared by ~n^8.601)
  per-spawn floor (harness self-measurement): 213.881 ms
  peak RSS: 66_196 kB..72_596 kB (across 108 ok row(s))
  trial summaries (6 trials per param; spread = (max-min)/median):
    param  trials  median      min         max         spread 
        1  6/6     115.695 µs  114.968 µs  117.839 µs  2.481% 
        2  6/6     115.400 µs  113.804 µs  116.925 µs  2.705% 
        3  6/6     116.619 µs  115.617 µs  128.127 µs  10.727%
        4  6/6     118.329 µs  117.768 µs  122.671 µs  4.143% 
        5  6/6     117.743 µs  117.056 µs  123.887 µs  5.801% 
        6  6/6     120.098 µs  119.069 µs  120.836 µs  1.471% 
        7  6/6     121.589 µs  120.874 µs  123.036 µs  1.778% 
        8  6/6     126.746 µs  126.158 µs  128.544 µs  1.883% 
        9  6/6     121.467 µs  121.037 µs  122.160 µs  0.925% 
       10  6/6     126.463 µs  125.222 µs  128.332 µs  2.459% 
       11  6/6     141.471 µs  141.178 µs  141.968 µs  0.558% 
       12  6/6     336.202 µs  335.006 µs  337.350 µs  0.697% 
       13  6/6     128.134 µs  126.553 µs  131.972 µs  4.229% 
       14  6/6     146.919 µs  145.506 µs  148.971 µs  2.359% 
       15  6/6     579.973 µs  569.774 µs  646.450 µs  13.221%
       16  6/6     166.218 µs  162.667 µs  168.742 µs  3.655% 
       17  6/6       1.849 ms    1.797 ms    1.897 ms  5.452% 
       18  6/6     823.067 µs  794.884 µs  882.831 µs  10.685%

Hex.Kronecker.Bench.runTree    expected complexity: treeWork i    [warm cache]
  env: lean=4.34.0, os=linux, arch=x86_64, commit=658822c-dirty, 2026-09-15T09:15:52Z, host=chungus2
  param  per-call    repeats  C
      1  114.016 µs  ×2^7     C=—     [trial 1/6]
      2  114.015 µs  ×2^7     C=0.001 [trial 1/6] †
      3  113.864 µs  ×2^7     C=0.001 [trial 1/6] †
      4  125.573 µs  ×2^7     C=0.001 [trial 1/6] †
      5  115.056 µs  ×2^7     C=0.000 [trial 1/6]
      6  118.582 µs  ×2^7     C=0.000 [trial 1/6]
      7  127.459 µs  ×2^7     C=0.000 [trial 1/6]
      8  161.223 µs  ×2^6     C=0.000 [trial 1/6]
      9  123.108 µs  ×2^7     C=0.000 [trial 1/6]
     10  141.288 µs  ×2^7     C=0.000 [trial 1/6]
     11  265.114 µs  ×2^6     C=0.000 [trial 1/6]
     12    7.677 ms  ×2^1     C=0.000 [trial 1/6]
     13  134.431 µs  ×2^7     C=0.000 [trial 1/6]
     14  229.984 µs  ×2^6     C=0.000 [trial 1/6]
     15    5.646 ms  ×2^1     C=0.000 [trial 1/6]
     16  208.082 µs  ×2^6     C=0.000 [trial 1/6]
     17    6.774 ms  ×2^1     C=0.000 [trial 1/6]
     18  826.411 µs  ×2^4     C=0.000 [trial 1/6]
      1  113.344 µs  ×2^7     C=—     [trial 2/6]
      2  113.205 µs  ×2^7     C=0.001 [trial 2/6] †
      3  113.129 µs  ×2^7     C=0.001 [trial 2/6] †
      4  113.408 µs  ×2^7     C=0.001 [trial 2/6] †
      5  116.210 µs  ×2^7     C=0.000 [trial 2/6]
      6  119.026 µs  ×2^7     C=0.000 [trial 2/6]
      7  127.981 µs  ×2^7     C=0.000 [trial 2/6]
      8  155.437 µs  ×2^6     C=0.000 [trial 2/6]
      9  120.978 µs  ×2^7     C=0.000 [trial 2/6]
     10  140.683 µs  ×2^7     C=0.000 [trial 2/6]
     11  265.974 µs  ×2^6     C=0.000 [trial 2/6]
     12    7.955 ms  ×2^1     C=0.000 [trial 2/6]
     13  134.549 µs  ×2^7     C=0.000 [trial 2/6]
     14  230.994 µs  ×2^6     C=0.000 [trial 2/6]
     15    5.615 ms  ×2^1     C=0.000 [trial 2/6]
     16  210.542 µs  ×2^6     C=0.000 [trial 2/6]
     17    6.758 ms  ×2^1     C=0.000 [trial 2/6]
     18  828.047 µs  ×2^4     C=0.000 [trial 2/6]
      1  114.473 µs  ×2^7     C=—     [trial 3/6]
      2  114.783 µs  ×2^7     C=0.001 [trial 3/6] †
      3  114.447 µs  ×2^7     C=0.001 [trial 3/6] †
      4  122.505 µs  ×2^7     C=0.001 [trial 3/6] †
      5  114.988 µs  ×2^7     C=0.000 [trial 3/6]
      6  123.793 µs  ×2^7     C=0.000 [trial 3/6]
      7  127.520 µs  ×2^7     C=0.000 [trial 3/6]
      8  155.313 µs  ×2^6     C=0.000 [trial 3/6]
      9  121.527 µs  ×2^7     C=0.000 [trial 3/6]
     10  141.011 µs  ×2^7     C=0.000 [trial 3/6]
     11  265.172 µs  ×2^6     C=0.000 [trial 3/6]
     12    7.616 ms  ×2^1     C=0.000 [trial 3/6]
     13  135.038 µs  ×2^7     C=0.000 [trial 3/6]
     14  229.553 µs  ×2^6     C=0.000 [trial 3/6]
     15    5.617 ms  ×2^1     C=0.000 [trial 3/6]
     16  209.142 µs  ×2^6     C=0.000 [trial 3/6]
     17    6.842 ms  ×2^1     C=0.000 [trial 3/6]
     18  841.143 µs  ×2^4     C=0.000 [trial 3/6]
      1  113.305 µs  ×2^7     C=—     [trial 4/6]
      2  114.000 µs  ×2^7     C=0.001 [trial 4/6] †
      3  115.879 µs  ×2^7     C=0.001 [trial 4/6] †
      4  124.291 µs  ×2^7     C=0.001 [trial 4/6] †
      5  116.223 µs  ×2^7     C=0.000 [trial 4/6]
      6  125.714 µs  ×2^6     C=0.000 [trial 4/6]
      7  126.752 µs  ×2^7     C=0.000 [trial 4/6]
      8  161.461 µs  ×2^6     C=0.000 [trial 4/6]
      9  121.468 µs  ×2^7     C=0.000 [trial 4/6]
     10  140.539 µs  ×2^7     C=0.000 [trial 4/6]
     11  263.489 µs  ×2^6     C=0.000 [trial 4/6]
     12    7.811 ms  ×2^1     C=0.000 [trial 4/6]
     13  134.670 µs  ×2^7     C=0.000 [trial 4/6]
     14  228.956 µs  ×2^6     C=0.000 [trial 4/6]
     15    5.916 ms  ×2^1     C=0.000 [trial 4/6]
     16  207.725 µs  ×2^6     C=0.000 [trial 4/6]
     17    6.815 ms  ×2^1     C=0.000 [trial 4/6]
     18  824.311 µs  ×2^4     C=0.000 [trial 4/6]
      1  114.192 µs  ×2^7     C=—     [trial 5/6]
      2  113.689 µs  ×2^7     C=0.001 [trial 5/6] †
      3  117.074 µs  ×2^7     C=0.001 [trial 5/6] †
      4  113.809 µs  ×2^7     C=0.001 [trial 5/6] †
      5  116.805 µs  ×2^7     C=0.000 [trial 5/6]
      6  119.478 µs  ×2^7     C=0.000 [trial 5/6]
      7  127.196 µs  ×2^7     C=0.000 [trial 5/6]
      8  155.301 µs  ×2^6     C=0.000 [trial 5/6]
      9  123.459 µs  ×2^7     C=0.000 [trial 5/6]
     10  141.354 µs  ×2^6     C=0.000 [trial 5/6]
     11  265.209 µs  ×2^6     C=0.000 [trial 5/6]
     12    7.687 ms  ×2^1     C=0.000 [trial 5/6]
     13  140.359 µs  ×2^6     C=0.000 [trial 5/6]
     14  232.291 µs  ×2^6     C=0.000 [trial 5/6]
     15    5.612 ms  ×2^1     C=0.000 [trial 5/6]
     16  211.419 µs  ×2^6     C=0.000 [trial 5/6]
     17    6.863 ms  ×2^1     C=0.000 [trial 5/6]
     18  816.908 µs  ×2^4     C=0.000 [trial 5/6]
      1  112.983 µs  ×2^7     C=—     [trial 6/6]
      2  113.306 µs  ×2^7     C=0.001 [trial 6/6] †
      3  113.810 µs  ×2^7     C=0.001 [trial 6/6] †
      4  117.326 µs  ×2^7     C=0.001 [trial 6/6] †
      5  117.771 µs  ×2^7     C=0.000 [trial 6/6]
      6  119.306 µs  ×2^7     C=0.000 [trial 6/6]
      7  127.859 µs  ×2^7     C=0.000 [trial 6/6]
      8  158.494 µs  ×2^6     C=0.000 [trial 6/6]
      9  121.686 µs  ×2^7     C=0.000 [trial 6/6]
     10  141.047 µs  ×2^7     C=0.000 [trial 6/6]
     11  265.645 µs  ×2^6     C=0.000 [trial 6/6]
     12    7.668 ms  ×2^1     C=0.000 [trial 6/6]
     13  134.704 µs  ×2^7     C=0.000 [trial 6/6]
     14  230.893 µs  ×2^6     C=0.000 [trial 6/6]
     15    5.640 ms  ×2^1     C=0.000 [trial 6/6]
     16  209.346 µs  ×2^6     C=0.000 [trial 6/6]
     17    6.868 ms  ×2^1     C=0.000 [trial 6/6]
     18  822.816 µs  ×2^4     C=0.000 [trial 6/6]
  verdict: inconclusive (cMin=0.000, cMax=0.000, β=-6.493, looks faster than declared by ~n^6.493)
  per-spawn floor (harness self-measurement): 190.923 ms
  peak RSS: 66_508 kB..71_780 kB (across 108 ok row(s))
  trial summaries (6 trials per param; spread = (max-min)/median):
    param  trials  median      min         max         spread 
        1  6/6     113.680 µs  112.983 µs  114.473 µs  1.311% 
        2  6/6     113.845 µs  113.205 µs  114.783 µs  1.386% 
        3  6/6     114.155 µs  113.129 µs  117.074 µs  3.456% 
        4  6/6     119.916 µs  113.408 µs  125.573 µs  10.145%
        5  6/6     116.217 µs  114.988 µs  117.771 µs  2.395% 
        6  6/6     119.392 µs  118.582 µs  125.714 µs  5.973% 
        7  6/6     127.490 µs  126.752 µs  127.981 µs  0.963% 
        8  6/6     156.966 µs  155.301 µs  161.461 µs  3.924% 
        9  6/6     121.607 µs  120.978 µs  123.459 µs  2.040% 
       10  6/6     141.029 µs  140.539 µs  141.354 µs  0.578% 
       11  6/6     265.190 µs  263.489 µs  265.974 µs  0.937% 
       12  6/6       7.682 ms    7.616 ms    7.955 ms  4.411% 
       13  6/6     134.687 µs  134.431 µs  140.359 µs  4.402% 
       14  6/6     230.438 µs  228.956 µs  232.291 µs  1.447% 
       15  6/6       5.628 ms    5.612 ms    5.916 ms  5.392% 
       16  6/6     209.244 µs  207.725 µs  211.419 µs  1.765% 
       17  6/6       6.829 ms    6.758 ms    6.868 ms  1.620% 
       18  6/6     825.361 µs  816.908 µs  841.143 µs  2.936% 

Hex.Kronecker.Bench.runProductDeclines    [fixed] repeats=5
  env: lean=4.34.0, os=linux, arch=x86_64, commit=658822c-dirty, 2026-09-15T09:16:16Z, host=chungus2
  repeat 0  21.000 ns  (×2^16, total 1.411 ms)
  repeat 1  21.000 ns  (×2^16, total 1.414 ms)
  repeat 2  21.000 ns  (×2^16, total 1.411 ms)
  repeat 3  22.000 ns  (×2^16, total 1.450 ms)
  repeat 4  21.000 ns  (×2^16, total 1.425 ms)
  median: 21.000 ns    min: 21.000 ns    max: 22.000 ns
  hash: all repeats agree
  observed hash: 0xb
  peak RSS: 67_736 kB..68_712 kB (across 5 ok repeat(s))
  ‼ median wall time below 1µs — possibly a compile-time-folded constant rather than work. If the workload is genuinely tiny this is fine; otherwise thread inputs through runtime state (e.g. `IO.Ref`, disk) so the body isn't closed at compile time. See issue #54.

Hex.Kronecker.Bench.runTreeDeclines    [fixed] repeats=5
  env: lean=4.34.0, os=linux, arch=x86_64, commit=658822c-dirty, 2026-09-15T09:16:18Z, host=chungus2
  repeat 0  21.000 ns  (×2^16, total 1.416 ms)
  repeat 1  21.000 ns  (×2^16, total 1.419 ms)
  repeat 2  21.000 ns  (×2^16, total 1.415 ms)
  repeat 3  21.000 ns  (×2^16, total 1.424 ms)
  repeat 4  21.000 ns  (×2^16, total 1.416 ms)
  median: 21.000 ns    min: 21.000 ns    max: 21.000 ns
  hash: all repeats agree
  observed hash: 0xb
  peak RSS: 66_824 kB..70_920 kB (across 5 ok repeat(s))
  ‼ median wall time below 1µs — possibly a compile-time-folded constant rather than work. If the workload is genuinely tiny this is fine; otherwise thread inputs through runtime state (e.g. `IO.Ref`, disk) so the body isn't closed at compile time. See issue #54.
exported to reports/data/hex-kronecker/bench-integrated.json
