{"schema_version":1,"kind":"parametric","function":"Hex.LatticeEnumBench.runAmbientReplay","param":2048,"inner_repeats":128,"total_nanos":891020667,"per_call_nanos":6961098.960938,"cache_mode":"warm","result_hash":"0xb","status":"ok","error":null,"alloc_bytes":null,"peak_rss_kb":77296,"env":{"arch":"x86_64","cpu_cores":96,"cpu_model":"AMD EPYC 9455 48-Core Processor","exe_name":"hexlatticeenum_bench","git_commit":"df2cbf92dbd8b810971632cb62efd6128ba0c03c","git_dirty":true,"hostname":"chungus2","lean_bench_version":"0.1.0","lean_toolchain":"leanprover/lean4:4.34.0-rc2","lean_version":"4.34.0-rc2","os":"linux","platform_target":"x86_64-unknown-linux-gnu","timestamp_iso":"2026-09-07T15:44:01Z","timestamp_unix_ms":1788795841503}}

filtered profile: /tmp/hex-lattice-samply-current/runAmbientReplay.json.gz
symbols:          /tmp/hex-lattice-samply-current/runAmbientReplay.json.syms.json
diagnostics:      /tmp/hex-lattice-samply-current/runAmbientReplay.json.gz.diagnostics.json
{
  "schema": 2,
  "stage": "complete",
  "confidence": "passed",
  "low_confidence_reasons": [],
  "bench_pid": 1937830,
  "bench_thread_name": "hexlatticeenum_bench",
  "bench_thread_tid": "1937844",
  "regions_total": 2,
  "total_timed_ms": 898.020969,
  "expected_samples_bench_thread": 897.1,
  "retained_samples_bench_thread": 884,
  "rejected_samples_bench_thread": 9,
  "off_bench_thread_samples_in_window": 0,
  "samply_interval_ms": 1.001001,
  "spawn_anchor_wall_ns": 1788795841311732304,
  "spawn_anchor_mono_ns": 20268494021634,
  "sidecar_mono_anchor_ns": 20268692162104,
  "samply_meta_start_time_ms": 1788795841313.0293,
  "samply_timestamp_mode": "absolute-monotonic-ms",
  "calibration_residual_ms": 1.1070020012557507,
  "calibration_max_residual_ms": 5.0,
  "calibration": {
    "selected_mode": "absolute-monotonic-ms",
    "residual_ms": 1.1070020012557507,
    "raw_max_residual_ms": 1.3376950025558472,
    "residual_statistic": "one-boundary-trimmed-maximum",
    "configured_max_residual_ms": 5.0,
    "sample_interval_ms": 1.001001,
    "effective_max_residual_ms": 5.0,
    "within_residual_limit": true,
    "candidates": {
      "absolute-monotonic-ms": {
        "hit_count": 884,
        "regions_without_samples": 0,
        "boundary_residual_trimmed_max_ms": 1.1070020012557507,
        "boundary_residual_raw_max_ms": 1.3376950025558472,
        "within_residual_limit": true
      },
      "relative-to-meta-start-ms": {
        "hit_count": 0,
        "regions_without_samples": 2,
        "boundary_residual_trimmed_max_ms": null,
        "boundary_residual_raw_max_ms": null,
        "within_residual_limit": false
      }
    }
  },
  "minimum_retained_samples": 100,
  "sensitivity": {
    "shift_ms": 5.0,
    "reported_top_function_count": 3,
    "configured_max_total_variation_distance": 0.1,
    "sampling_noise_coefficient": 0.6,
    "minimum_comparison_samples": 100,
    "maximum_sampling_noise_allowance": 0.5,
    "verdict": "passed",
    "leaf_function_distributions_stable": true,
    "comparisons": {
      "minus": {
        "total_variation_distance": 0.005316742081447927,
        "leaf_function_support_size": 334,
        "comparison_samples": 880,
        "exchanged_samples": 6,
        "exchanged_fraction": 0.006818181818181818,
        "sampling_noise_allowance": 0.043165068521848406,
        "maximum_sampling_noise_allowance": 0.5,
        "sample_count_adequate": true,
        "noise_allowance_discriminating": true,
        "effective_max_total_variation_distance": 0.1,
        "verdict": "passed",
        "failure_reasons": []
      },
      "plus": {
        "total_variation_distance": 0.0022624434389140104,
        "leaf_function_support_size": 333,
        "comparison_samples": 882,
        "exchanged_samples": 2,
        "exchanged_fraction": 0.0022675736961451248,
        "sampling_noise_allowance": 0.02482760216448253,
        "maximum_sampling_noise_allowance": 0.5,
        "sample_count_adequate": true,
        "noise_allowance_discriminating": true,
        "effective_max_total_variation_distance": 0.1,
        "verdict": "passed",
        "failure_reasons": []
      }
    },
    "cases": {
      "minus": {
        "shift_ms": -5.0,
        "retained_samples": 880,
        "top_leaf_functions": [
          {
            "function": 172,
            "name": "0xaef3c",
            "samples": 51
          },
          {
            "function": 96,
            "name": "0xae923",
            "samples": 39
          },
          {
            "function": 124,
            "name": "0xae90c",
            "samples": 25
          }
        ]
      },
      "nominal": {
        "shift_ms": 0.0,
        "retained_samples": 884,
        "top_leaf_functions": [
          {
            "function": 172,
            "name": "0xaef3c",
            "samples": 52
          },
          {
            "function": 96,
            "name": "0xae923",
            "samples": 39
          },
          {
            "function": 124,
            "name": "0xae90c",
            "samples": 25
          }
        ]
      },
      "plus": {
        "shift_ms": 5.0,
        "retained_samples": 882,
        "top_leaf_functions": [
          {
            "function": 172,
            "name": "0xaef3c",
            "samples": 52
          },
          {
            "function": 96,
            "name": "0xae923",
            "samples": 39
          },
          {
            "function": 124,
            "name": "0xae90c",
            "samples": 25
          }
        ]
      }
    }
  }
}
+ samply record --save-only --no-open -o /tmp/lean-bench-samply-5au42y2i/samply.json.gz --rate 999 --unstable-presymbolicate -- /home/kim/worktrees/hex-dev/hex-dev-pr-10089/.lake/build/bin/hexlatticeenum_bench _child --bench Hex.LatticeEnumBench.runAmbientReplay --param 2048 --target-nanos 1000000000 --cache-mode warm
=== lean-bench-samply filter diagnostics ===
bench thread:       name='hexlatticeenum_bench' tid=1937844
calibration:        mode=absolute-monotonic-ms, residual = 1.107 ms (effective limit 5 ms)
regions:            2, total timed = 898.0 ms
expected samples:   ~897 on bench thread
retained samples:   884 on bench thread (9 rejected outside windows)
other-thread noise: 0 samples on non-bench threads within timed windows (informational)
sensitivity ±5 ms: passed (leaf functions; configured total-variation floor 0.10)
confidence:         passed
filtered profile:   /tmp/hex-lattice-samply-current/runAmbientReplay.json.gz
