{"schema_version":1,"kind":"parametric","function":"Hex.LatticeEnumBench.runAmbientEncode","param":2048,"inner_repeats":1024,"total_nanos":1119497026,"per_call_nanos":1093258.814453,"cache_mode":"warm","result_hash":"0xab48ea415e5e0213","status":"ok","error":null,"alloc_bytes":null,"peak_rss_kb":76260,"env":{"arch":"x86_64","cpu_cores":96,"cpu_model":"AMD EPYC 9455 48-Core Processor","exe_name":"hexlatticeenum_bench","git_commit":"df2cbf92dbd8b810971632cb62efd6128ba0c03c","git_dirty":true,"hostname":"chungus2","lean_bench_version":"0.1.0","lean_toolchain":"leanprover/lean4:4.34.0-rc2","lean_version":"4.34.0-rc2","os":"linux","platform_target":"x86_64-unknown-linux-gnu","timestamp_iso":"2026-09-07T15:44:07Z","timestamp_unix_ms":1788795847762}}

filtered profile: /tmp/hex-lattice-samply-current/runAmbientEncode.json.gz
symbols:          /tmp/hex-lattice-samply-current/runAmbientEncode.json.syms.json
diagnostics:      /tmp/hex-lattice-samply-current/runAmbientEncode.json.gz.diagnostics.json
{
  "schema": 2,
  "stage": "complete",
  "confidence": "passed",
  "low_confidence_reasons": [],
  "bench_pid": 1939123,
  "bench_thread_name": "hexlatticeenum_bench",
  "bench_thread_tid": "1939166",
  "regions_total": 3,
  "total_timed_ms": 1122.451858,
  "expected_samples_bench_thread": 1121.3,
  "retained_samples_bench_thread": 1117,
  "rejected_samples_bench_thread": 9,
  "off_bench_thread_samples_in_window": 0,
  "samply_interval_ms": 1.001001,
  "spawn_anchor_wall_ns": 1788795847566937499,
  "spawn_anchor_mono_ns": 20274749226789,
  "sidecar_mono_anchor_ns": 20274950870254,
  "samply_meta_start_time_ms": 1788795847568.544,
  "samply_timestamp_mode": "absolute-monotonic-ms",
  "calibration_residual_ms": 1.8559929989278316,
  "calibration_max_residual_ms": 5.0,
  "calibration": {
    "selected_mode": "absolute-monotonic-ms",
    "residual_ms": 1.8559929989278316,
    "raw_max_residual_ms": 1.883442997932434,
    "residual_statistic": "one-boundary-trimmed-maximum",
    "configured_max_residual_ms": 5.0,
    "sample_interval_ms": 1.001001,
    "effective_max_residual_ms": 5.0,
    "within_residual_limit": true,
    "candidates": {
      "absolute-monotonic-ms": {
        "hit_count": 1117,
        "regions_without_samples": 0,
        "boundary_residual_trimmed_max_ms": 1.8559929989278316,
        "boundary_residual_raw_max_ms": 1.883442997932434,
        "within_residual_limit": true
      },
      "relative-to-meta-start-ms": {
        "hit_count": 0,
        "regions_without_samples": 3,
        "boundary_residual_trimmed_max_ms": null,
        "boundary_residual_raw_max_ms": null,
        "within_residual_limit": false
      }
    }
  },
  "minimum_retained_samples": 100,
  "sensitivity": {
    "shift_ms": 5.0,
    "reported_top_function_count": 3,
    "configured_max_total_variation_distance": 0.1,
    "sampling_noise_coefficient": 0.6,
    "minimum_comparison_samples": 100,
    "maximum_sampling_noise_allowance": 0.5,
    "verdict": "passed",
    "leaf_function_distributions_stable": true,
    "comparisons": {
      "minus": {
        "total_variation_distance": 0.0035617158976561864,
        "leaf_function_support_size": 206,
        "comparison_samples": 1113,
        "exchanged_samples": 6,
        "exchanged_fraction": 0.005390835579514825,
        "sampling_noise_allowance": 0.02680280947634728,
        "maximum_sampling_noise_allowance": 0.5,
        "sample_count_adequate": true,
        "noise_allowance_discriminating": true,
        "effective_max_total_variation_distance": 0.1,
        "verdict": "passed",
        "failure_reasons": []
      },
      "plus": {
        "total_variation_distance": 0.002654423476579512,
        "leaf_function_support_size": 205,
        "comparison_samples": 1114,
        "exchanged_samples": 3,
        "exchanged_fraction": 0.0026929982046678637,
        "sampling_noise_allowance": 0.018889419658976853,
        "maximum_sampling_noise_allowance": 0.5,
        "sample_count_adequate": true,
        "noise_allowance_discriminating": true,
        "effective_max_total_variation_distance": 0.1,
        "verdict": "passed",
        "failure_reasons": []
      }
    },
    "cases": {
      "minus": {
        "shift_ms": -5.0,
        "retained_samples": 1113,
        "top_leaf_functions": [
          {
            "function": 64,
            "name": "0x4b47b44",
            "samples": 330
          },
          {
            "function": 85,
            "name": "0x4d34388",
            "samples": 55
          },
          {
            "function": 155,
            "name": "0x197ee3",
            "samples": 50
          }
        ]
      },
      "nominal": {
        "shift_ms": 0.0,
        "retained_samples": 1117,
        "top_leaf_functions": [
          {
            "function": 64,
            "name": "0x4b47b44",
            "samples": 331
          },
          {
            "function": 85,
            "name": "0x4d34388",
            "samples": 55
          },
          {
            "function": 155,
            "name": "0x197ee3",
            "samples": 50
          }
        ]
      },
      "plus": {
        "shift_ms": 5.0,
        "retained_samples": 1114,
        "top_leaf_functions": [
          {
            "function": 64,
            "name": "0x4b47b44",
            "samples": 331
          },
          {
            "function": 85,
            "name": "0x4d34388",
            "samples": 55
          },
          {
            "function": 155,
            "name": "0x197ee3",
            "samples": 50
          }
        ]
      }
    }
  }
}
+ samply record --save-only --no-open -o /tmp/lean-bench-samply-30oz74dz/samply.json.gz --rate 999 --unstable-presymbolicate -- /home/kim/worktrees/hex-dev/hex-dev-pr-10089/.lake/build/bin/hexlatticeenum_bench _child --bench Hex.LatticeEnumBench.runAmbientEncode --param 2048 --target-nanos 1000000000 --cache-mode warm
=== lean-bench-samply filter diagnostics ===
bench thread:       name='hexlatticeenum_bench' tid=1939166
calibration:        mode=absolute-monotonic-ms, residual = 1.856 ms (effective limit 5 ms)
regions:            3, total timed = 1122.5 ms
expected samples:   ~1121 on bench thread
retained samples:   1117 on bench thread (9 rejected outside windows)
other-thread noise: 0 samples on non-bench threads within timed windows (informational)
sensitivity ±5 ms: passed (leaf functions; configured total-variation floor 0.10)
confidence:         passed
filtered profile:   /tmp/hex-lattice-samply-current/runAmbientEncode.json.gz
