{"schema_version":1,"kind":"parametric","function":"Hex.LatticeEnumBench.runAmbientShortest","param":2048,"inner_repeats":64,"total_nanos":662138806,"per_call_nanos":10345918.843750,"cache_mode":"warm","result_hash":"0x3218241bf63e3399","status":"ok","error":null,"alloc_bytes":null,"peak_rss_kb":77008,"env":{"arch":"x86_64","cpu_cores":96,"cpu_model":"AMD EPYC 9455 48-Core Processor","exe_name":"hexlatticeenum_bench","git_commit":"df2cbf92dbd8b810971632cb62efd6128ba0c03c","git_dirty":true,"hostname":"chungus2","lean_bench_version":"0.1.0","lean_toolchain":"leanprover/lean4:4.34.0-rc2","lean_version":"4.34.0-rc2","os":"linux","platform_target":"x86_64-unknown-linux-gnu","timestamp_iso":"2026-09-07T15:44:14Z","timestamp_unix_ms":1788795854450}}

filtered profile: /tmp/hex-lattice-samply-current/runAmbientShortest.json.gz
symbols:          /tmp/hex-lattice-samply-current/runAmbientShortest.json.syms.json
diagnostics:      /tmp/hex-lattice-samply-current/runAmbientShortest.json.gz.diagnostics.json
{
  "schema": 2,
  "stage": "complete",
  "confidence": "passed",
  "low_confidence_reasons": [],
  "bench_pid": 1940603,
  "bench_thread_name": "hexlatticeenum_bench",
  "bench_thread_tid": "1940657",
  "regions_total": 2,
  "total_timed_ms": 672.524307,
  "expected_samples_bench_thread": 671.9,
  "retained_samples_bench_thread": 670,
  "rejected_samples_bench_thread": 12,
  "off_bench_thread_samples_in_window": 0,
  "samply_interval_ms": 1.001001,
  "spawn_anchor_wall_ns": 1788795854266374170,
  "spawn_anchor_mono_ns": 20281448663440,
  "sidecar_mono_anchor_ns": 20281644816953,
  "samply_meta_start_time_ms": 1788795854267.9385,
  "samply_timestamp_mode": "absolute-monotonic-ms",
  "calibration_residual_ms": 0.6588770002126694,
  "calibration_max_residual_ms": 5.0,
  "calibration": {
    "selected_mode": "absolute-monotonic-ms",
    "residual_ms": 0.6588770002126694,
    "raw_max_residual_ms": 0.726367000490427,
    "residual_statistic": "one-boundary-trimmed-maximum",
    "configured_max_residual_ms": 5.0,
    "sample_interval_ms": 1.001001,
    "effective_max_residual_ms": 5.0,
    "within_residual_limit": true,
    "candidates": {
      "absolute-monotonic-ms": {
        "hit_count": 670,
        "regions_without_samples": 0,
        "boundary_residual_trimmed_max_ms": 0.6588770002126694,
        "boundary_residual_raw_max_ms": 0.726367000490427,
        "within_residual_limit": true
      },
      "relative-to-meta-start-ms": {
        "hit_count": 0,
        "regions_without_samples": 2,
        "boundary_residual_trimmed_max_ms": null,
        "boundary_residual_raw_max_ms": null,
        "within_residual_limit": false
      }
    }
  },
  "minimum_retained_samples": 100,
  "sensitivity": {
    "shift_ms": 5.0,
    "reported_top_function_count": 3,
    "configured_max_total_variation_distance": 0.1,
    "sampling_noise_coefficient": 0.6,
    "minimum_comparison_samples": 100,
    "maximum_sampling_noise_allowance": 0.5,
    "verdict": "passed",
    "leaf_function_distributions_stable": true,
    "comparisons": {
      "minus": {
        "total_variation_distance": 0.005912056484046833,
        "leaf_function_support_size": 281,
        "comparison_samples": 668,
        "exchanged_samples": 8,
        "exchanged_fraction": 0.011976047904191617,
        "sampling_noise_allowance": 0.060226543524216324,
        "maximum_sampling_noise_allowance": 0.5,
        "sample_count_adequate": true,
        "noise_allowance_discriminating": true,
        "effective_max_total_variation_distance": 0.1,
        "verdict": "passed",
        "failure_reasons": []
      },
      "plus": {
        "total_variation_distance": 0.005584689166778711,
        "leaf_function_support_size": 280,
        "comparison_samples": 666,
        "exchanged_samples": 4,
        "exchanged_fraction": 0.006006006006006006,
        "sampling_noise_allowance": 0.04263841285116841,
        "maximum_sampling_noise_allowance": 0.5,
        "sample_count_adequate": true,
        "noise_allowance_discriminating": true,
        "effective_max_total_variation_distance": 0.1,
        "verdict": "passed",
        "failure_reasons": []
      }
    },
    "cases": {
      "minus": {
        "shift_ms": -5.0,
        "retained_samples": 668,
        "top_leaf_functions": [
          {
            "function": 94,
            "name": "0xaef3c",
            "samples": 35
          },
          {
            "function": 114,
            "name": "0xae923",
            "samples": 25
          },
          {
            "function": 170,
            "name": "0xaf314",
            "samples": 14
          }
        ]
      },
      "nominal": {
        "shift_ms": 0.0,
        "retained_samples": 670,
        "top_leaf_functions": [
          {
            "function": 94,
            "name": "0xaef3c",
            "samples": 35
          },
          {
            "function": 114,
            "name": "0xae923",
            "samples": 25
          },
          {
            "function": 170,
            "name": "0xaf314",
            "samples": 14
          }
        ]
      },
      "plus": {
        "shift_ms": 5.0,
        "retained_samples": 666,
        "top_leaf_functions": [
          {
            "function": 94,
            "name": "0xaef3c",
            "samples": 34
          },
          {
            "function": 114,
            "name": "0xae923",
            "samples": 25
          },
          {
            "function": 170,
            "name": "0xaf314",
            "samples": 14
          }
        ]
      }
    }
  }
}
+ samply record --save-only --no-open -o /tmp/lean-bench-samply-7vyusa48/samply.json.gz --rate 999 --unstable-presymbolicate -- /home/kim/worktrees/hex-dev/hex-dev-pr-10089/.lake/build/bin/hexlatticeenum_bench _child --bench Hex.LatticeEnumBench.runAmbientShortest --param 2048 --target-nanos 1000000000 --cache-mode warm
=== lean-bench-samply filter diagnostics ===
bench thread:       name='hexlatticeenum_bench' tid=1940657
calibration:        mode=absolute-monotonic-ms, residual = 0.659 ms (effective limit 5 ms)
regions:            2, total timed = 672.5 ms
expected samples:   ~672 on bench thread
retained samples:   670 on bench thread (12 rejected outside windows)
other-thread noise: 0 samples on non-bench threads within timed windows (informational)
sensitivity ±5 ms: passed (leaf functions; configured total-variation floor 0.10)
confidence:         passed
filtered profile:   /tmp/hex-lattice-samply-current/runAmbientShortest.json.gz
