{"schema_version":1,"kind":"parametric","function":"Hex.LatticeEnumBench.runAmbientTies","param":2048,"inner_repeats":1024,"total_nanos":1022001676,"per_call_nanos":998048.511719,"cache_mode":"warm","result_hash":"0xe8eb0751eb778d9","status":"ok","error":null,"alloc_bytes":null,"peak_rss_kb":76272,"env":{"arch":"x86_64","cpu_cores":96,"cpu_model":"AMD EPYC 9455 48-Core Processor","exe_name":"hexlatticeenum_bench","git_commit":"df2cbf92dbd8b810971632cb62efd6128ba0c03c","git_dirty":true,"hostname":"chungus2","lean_bench_version":"0.1.0","lean_toolchain":"leanprover/lean4:4.34.0-rc2","lean_version":"4.34.0-rc2","os":"linux","platform_target":"x86_64-unknown-linux-gnu","timestamp_iso":"2026-09-07T15:44:11Z","timestamp_unix_ms":1788795851870}}

filtered profile: /tmp/hex-lattice-samply-current/runAmbientTies.json.gz
symbols:          /tmp/hex-lattice-samply-current/runAmbientTies.json.syms.json
diagnostics:      /tmp/hex-lattice-samply-current/runAmbientTies.json.gz.diagnostics.json
{
  "schema": 2,
  "stage": "complete",
  "confidence": "passed",
  "low_confidence_reasons": [],
  "bench_pid": 1940017,
  "bench_thread_name": "hexlatticeenum_bench",
  "bench_thread_tid": "1940039",
  "regions_total": 3,
  "total_timed_ms": 1024.992911,
  "expected_samples_bench_thread": 1024.0,
  "retained_samples_bench_thread": 1020,
  "rejected_samples_bench_thread": 10,
  "off_bench_thread_samples_in_window": 0,
  "samply_interval_ms": 1.001001,
  "spawn_anchor_wall_ns": 1788795851679082492,
  "spawn_anchor_mono_ns": 20278861371782,
  "sidecar_mono_anchor_ns": 20279060399778,
  "samply_meta_start_time_ms": 1788795851680.696,
  "samply_timestamp_mode": "absolute-monotonic-ms",
  "calibration_residual_ms": 0.44862500205636024,
  "calibration_max_residual_ms": 5.0,
  "calibration": {
    "selected_mode": "absolute-monotonic-ms",
    "residual_ms": 0.44862500205636024,
    "raw_max_residual_ms": 1.5393829979002476,
    "residual_statistic": "one-boundary-trimmed-maximum",
    "configured_max_residual_ms": 5.0,
    "sample_interval_ms": 1.001001,
    "effective_max_residual_ms": 5.0,
    "within_residual_limit": true,
    "candidates": {
      "absolute-monotonic-ms": {
        "hit_count": 1020,
        "regions_without_samples": 1,
        "boundary_residual_trimmed_max_ms": 0.44862500205636024,
        "boundary_residual_raw_max_ms": 1.5393829979002476,
        "within_residual_limit": true
      },
      "relative-to-meta-start-ms": {
        "hit_count": 0,
        "regions_without_samples": 3,
        "boundary_residual_trimmed_max_ms": null,
        "boundary_residual_raw_max_ms": null,
        "within_residual_limit": false
      }
    }
  },
  "minimum_retained_samples": 100,
  "sensitivity": {
    "shift_ms": 5.0,
    "reported_top_function_count": 3,
    "configured_max_total_variation_distance": 0.1,
    "sampling_noise_coefficient": 0.6,
    "minimum_comparison_samples": 100,
    "maximum_sampling_noise_allowance": 0.5,
    "verdict": "passed",
    "leaf_function_distributions_stable": true,
    "comparisons": {
      "minus": {
        "total_variation_distance": 0.004728440048585819,
        "leaf_function_support_size": 323,
        "comparison_samples": 1017,
        "exchanged_samples": 7,
        "exchanged_fraction": 0.00688298918387414,
        "sampling_noise_allowance": 0.039673048798712515,
        "maximum_sampling_noise_allowance": 0.5,
        "sample_count_adequate": true,
        "noise_allowance_discriminating": true,
        "effective_max_total_variation_distance": 0.1,
        "verdict": "passed",
        "failure_reasons": []
      },
      "plus": {
        "total_variation_distance": 0.0019511537424399972,
        "leaf_function_support_size": 322,
        "comparison_samples": 1018,
        "exchanged_samples": 2,
        "exchanged_fraction": 0.0019646365422396855,
        "sampling_noise_allowance": 0.021152485396769775,
        "maximum_sampling_noise_allowance": 0.5,
        "sample_count_adequate": true,
        "noise_allowance_discriminating": true,
        "effective_max_total_variation_distance": 0.1,
        "verdict": "passed",
        "failure_reasons": []
      }
    },
    "cases": {
      "minus": {
        "shift_ms": -5.0,
        "retained_samples": 1017,
        "top_leaf_functions": [
          {
            "function": 109,
            "name": "0xaef3c",
            "samples": 46
          },
          {
            "function": 115,
            "name": "0xae923",
            "samples": 26
          },
          {
            "function": 129,
            "name": "0xaf314",
            "samples": 26
          }
        ]
      },
      "nominal": {
        "shift_ms": 0.0,
        "retained_samples": 1020,
        "top_leaf_functions": [
          {
            "function": 109,
            "name": "0xaef3c",
            "samples": 46
          },
          {
            "function": 115,
            "name": "0xae923",
            "samples": 27
          },
          {
            "function": 129,
            "name": "0xaf314",
            "samples": 26
          }
        ]
      },
      "plus": {
        "shift_ms": 5.0,
        "retained_samples": 1018,
        "top_leaf_functions": [
          {
            "function": 109,
            "name": "0xaef3c",
            "samples": 46
          },
          {
            "function": 115,
            "name": "0xae923",
            "samples": 27
          },
          {
            "function": 129,
            "name": "0xaf314",
            "samples": 26
          }
        ]
      }
    }
  }
}
+ samply record --save-only --no-open -o /tmp/lean-bench-samply-03jbc41s/samply.json.gz --rate 999 --unstable-presymbolicate -- /home/kim/worktrees/hex-dev/hex-dev-pr-10089/.lake/build/bin/hexlatticeenum_bench _child --bench Hex.LatticeEnumBench.runAmbientTies --param 2048 --target-nanos 1000000000 --cache-mode warm
=== lean-bench-samply filter diagnostics ===
bench thread:       name='hexlatticeenum_bench' tid=1940039
calibration:        mode=absolute-monotonic-ms, residual = 0.449 ms (effective limit 5 ms)
regions:            3, total timed = 1025.0 ms
expected samples:   ~1024 on bench thread
retained samples:   1020 on bench thread (10 rejected outside windows)
other-thread noise: 0 samples on non-bench threads within timed windows (informational)
sensitivity ±5 ms: passed (leaf functions; configured total-variation floor 0.10)
confidence:         passed
filtered profile:   /tmp/hex-lattice-samply-current/runAmbientTies.json.gz
