{"schema_version":1,"kind":"parametric","function":"Hex.LatticeEnumBench.runAmbientOptimum","param":2048,"inner_repeats":256,"total_nanos":916261498,"per_call_nanos":3579146.476562,"cache_mode":"warm","result_hash":"0xedb20a7c79225a40","status":"ok","error":null,"alloc_bytes":null,"peak_rss_kb":76276,"env":{"arch":"x86_64","cpu_cores":96,"cpu_model":"AMD EPYC 9455 48-Core Processor","exe_name":"hexlatticeenum_bench","git_commit":"df2cbf92dbd8b810971632cb62efd6128ba0c03c","git_dirty":true,"hostname":"chungus2","lean_bench_version":"0.1.0","lean_toolchain":"leanprover/lean4:4.34.0-rc2","lean_version":"4.34.0-rc2","os":"linux","platform_target":"x86_64-unknown-linux-gnu","timestamp_iso":"2026-09-07T15:44:22Z","timestamp_unix_ms":1788795862439}}

filtered profile: /tmp/hex-lattice-samply-current/runAmbientOptimum.json.gz
symbols:          /tmp/hex-lattice-samply-current/runAmbientOptimum.json.syms.json
diagnostics:      /tmp/hex-lattice-samply-current/runAmbientOptimum.json.gz.diagnostics.json
{
  "schema": 2,
  "stage": "complete",
  "confidence": "passed",
  "low_confidence_reasons": [],
  "bench_pid": 1943184,
  "bench_thread_name": "hexlatticeenum_bench",
  "bench_thread_tid": "1943228",
  "regions_total": 2,
  "total_timed_ms": 919.913133,
  "expected_samples_bench_thread": 919.0,
  "retained_samples_bench_thread": 917,
  "rejected_samples_bench_thread": 14,
  "off_bench_thread_samples_in_window": 0,
  "samply_interval_ms": 1.001001,
  "spawn_anchor_wall_ns": 1788795862191932207,
  "spawn_anchor_mono_ns": 20289374221828,
  "sidecar_mono_anchor_ns": 20289634594911,
  "samply_meta_start_time_ms": 1788795862193.8286,
  "samply_timestamp_mode": "absolute-monotonic-ms",
  "calibration_residual_ms": 0.9444099999964237,
  "calibration_max_residual_ms": 5.0,
  "calibration": {
    "selected_mode": "absolute-monotonic-ms",
    "residual_ms": 0.9444099999964237,
    "raw_max_residual_ms": 1.4137770012021065,
    "residual_statistic": "one-boundary-trimmed-maximum",
    "configured_max_residual_ms": 5.0,
    "sample_interval_ms": 1.001001,
    "effective_max_residual_ms": 5.0,
    "within_residual_limit": true,
    "candidates": {
      "absolute-monotonic-ms": {
        "hit_count": 917,
        "regions_without_samples": 0,
        "boundary_residual_trimmed_max_ms": 0.9444099999964237,
        "boundary_residual_raw_max_ms": 1.4137770012021065,
        "within_residual_limit": true
      },
      "relative-to-meta-start-ms": {
        "hit_count": 0,
        "regions_without_samples": 2,
        "boundary_residual_trimmed_max_ms": null,
        "boundary_residual_raw_max_ms": null,
        "within_residual_limit": false
      }
    }
  },
  "minimum_retained_samples": 100,
  "sensitivity": {
    "shift_ms": 5.0,
    "reported_top_function_count": 3,
    "configured_max_total_variation_distance": 0.1,
    "sampling_noise_coefficient": 0.6,
    "minimum_comparison_samples": 100,
    "maximum_sampling_noise_allowance": 0.5,
    "verdict": "passed",
    "leaf_function_distributions_stable": true,
    "comparisons": {
      "minus": {
        "total_variation_distance": 0.0052904755945677,
        "leaf_function_support_size": 182,
        "comparison_samples": 915,
        "exchanged_samples": 8,
        "exchanged_fraction": 0.008743169398907104,
        "sampling_noise_allowance": 0.03538554114946109,
        "maximum_sampling_noise_allowance": 0.5,
        "sample_count_adequate": true,
        "noise_allowance_discriminating": true,
        "effective_max_total_variation_distance": 0.1,
        "verdict": "passed",
        "failure_reasons": []
      },
      "plus": {
        "total_variation_distance": 0.00326795825985695,
        "leaf_function_support_size": 180,
        "comparison_samples": 914,
        "exchanged_samples": 3,
        "exchanged_fraction": 0.0032822757111597373,
        "sampling_noise_allowance": 0.02157331736344199,
        "maximum_sampling_noise_allowance": 0.5,
        "sample_count_adequate": true,
        "noise_allowance_discriminating": true,
        "effective_max_total_variation_distance": 0.1,
        "verdict": "passed",
        "failure_reasons": []
      }
    },
    "cases": {
      "minus": {
        "shift_ms": -5.0,
        "retained_samples": 915,
        "top_leaf_functions": [
          {
            "function": 123,
            "name": "0x4cd9632",
            "samples": 40
          },
          {
            "function": 147,
            "name": "0x4cd95b4",
            "samples": 35
          },
          {
            "function": 183,
            "name": "0x4cc2cf1",
            "samples": 35
          }
        ]
      },
      "nominal": {
        "shift_ms": 0.0,
        "retained_samples": 917,
        "top_leaf_functions": [
          {
            "function": 123,
            "name": "0x4cd9632",
            "samples": 40
          },
          {
            "function": 147,
            "name": "0x4cd95b4",
            "samples": 35
          },
          {
            "function": 183,
            "name": "0x4cc2cf1",
            "samples": 35
          }
        ]
      },
      "plus": {
        "shift_ms": 5.0,
        "retained_samples": 914,
        "top_leaf_functions": [
          {
            "function": 123,
            "name": "0x4cd9632",
            "samples": 40
          },
          {
            "function": 147,
            "name": "0x4cd95b4",
            "samples": 35
          },
          {
            "function": 183,
            "name": "0x4cc2cf1",
            "samples": 35
          }
        ]
      }
    }
  }
}
+ samply record --save-only --no-open -o /tmp/lean-bench-samply-cgjcbnzb/samply.json.gz --rate 999 --unstable-presymbolicate -- /home/kim/worktrees/hex-dev/hex-dev-pr-10089/.lake/build/bin/hexlatticeenum_bench _child --bench Hex.LatticeEnumBench.runAmbientOptimum --param 2048 --target-nanos 1000000000 --cache-mode warm
=== lean-bench-samply filter diagnostics ===
bench thread:       name='hexlatticeenum_bench' tid=1943228
calibration:        mode=absolute-monotonic-ms, residual = 0.944 ms (effective limit 5 ms)
regions:            2, total timed = 919.9 ms
expected samples:   ~919 on bench thread
retained samples:   917 on bench thread (14 rejected outside windows)
other-thread noise: 0 samples on non-bench threads within timed windows (informational)
sensitivity ±5 ms: passed (leaf functions; configured total-variation floor 0.10)
confidence:         passed
filtered profile:   /tmp/hex-lattice-samply-current/runAmbientOptimum.json.gz
