{"schema_version":1,"kind":"parametric","function":"Hex.LatticeEnumBench.runRank","param":128,"inner_repeats":1,"total_nanos":566522944,"per_call_nanos":566522944.000000,"cache_mode":"warm","result_hash":"0xf2ffafa958ebd6ea","status":"ok","error":null,"alloc_bytes":null,"peak_rss_kb":76256,"env":{"arch":"x86_64","cpu_cores":96,"cpu_model":"AMD EPYC 9455 48-Core Processor","exe_name":"hexlatticeenum_bench","git_commit":"df2cbf92dbd8b810971632cb62efd6128ba0c03c","git_dirty":true,"hostname":"chungus2","lean_bench_version":"0.1.0","lean_toolchain":"leanprover/lean4:4.34.0-rc2","lean_version":"4.34.0-rc2","os":"linux","platform_target":"x86_64-unknown-linux-gnu","timestamp_iso":"2026-09-07T15:44:03Z","timestamp_unix_ms":1788795843951}}

filtered profile: /tmp/hex-lattice-samply-current/runRank.json.gz
symbols:          /tmp/hex-lattice-samply-current/runRank.json.syms.json
diagnostics:      /tmp/hex-lattice-samply-current/runRank.json.gz.diagnostics.json
{
  "schema": 2,
  "stage": "complete",
  "confidence": "passed",
  "low_confidence_reasons": [],
  "bench_pid": 1938311,
  "bench_thread_name": "hexlatticeenum_bench",
  "bench_thread_tid": "1938328",
  "regions_total": 1,
  "total_timed_ms": 566.523716,
  "expected_samples_bench_thread": 566.0,
  "retained_samples_bench_thread": 566,
  "rejected_samples_bench_thread": 1736,
  "off_bench_thread_samples_in_window": 0,
  "samply_interval_ms": 1.001001,
  "spawn_anchor_wall_ns": 1788795843767040078,
  "spawn_anchor_mono_ns": 20270949329339,
  "sidecar_mono_anchor_ns": 20272872411652,
  "samply_meta_start_time_ms": 1788795843768.6284,
  "samply_timestamp_mode": "absolute-monotonic-ms",
  "calibration_residual_ms": 0.1598369963467121,
  "calibration_max_residual_ms": 5.0,
  "calibration": {
    "selected_mode": "absolute-monotonic-ms",
    "residual_ms": 0.1598369963467121,
    "raw_max_residual_ms": 0.7994350008666515,
    "residual_statistic": "one-boundary-trimmed-maximum",
    "configured_max_residual_ms": 5.0,
    "sample_interval_ms": 1.001001,
    "effective_max_residual_ms": 5.0,
    "within_residual_limit": true,
    "candidates": {
      "absolute-monotonic-ms": {
        "hit_count": 566,
        "regions_without_samples": 0,
        "boundary_residual_trimmed_max_ms": 0.1598369963467121,
        "boundary_residual_raw_max_ms": 0.7994350008666515,
        "within_residual_limit": true
      },
      "relative-to-meta-start-ms": {
        "hit_count": 0,
        "regions_without_samples": 1,
        "boundary_residual_trimmed_max_ms": null,
        "boundary_residual_raw_max_ms": null,
        "within_residual_limit": false
      }
    }
  },
  "minimum_retained_samples": 100,
  "sensitivity": {
    "shift_ms": 5.0,
    "reported_top_function_count": 3,
    "configured_max_total_variation_distance": 0.1,
    "sampling_noise_coefficient": 0.6,
    "minimum_comparison_samples": 100,
    "maximum_sampling_noise_allowance": 0.5,
    "verdict": "passed",
    "leaf_function_distributions_stable": true,
    "comparisons": {
      "minus": {
        "total_variation_distance": 0.0088339222614841,
        "leaf_function_support_size": 269,
        "comparison_samples": 566,
        "exchanged_samples": 10,
        "exchanged_fraction": 0.0176678445229682,
        "sampling_noise_allowance": 0.07775457591897773,
        "maximum_sampling_noise_allowance": 0.5,
        "sample_count_adequate": true,
        "noise_allowance_discriminating": true,
        "effective_max_total_variation_distance": 0.1,
        "verdict": "passed",
        "failure_reasons": []
      },
      "plus": {
        "total_variation_distance": 0.008808772304867768,
        "leaf_function_support_size": 265,
        "comparison_samples": 562,
        "exchanged_samples": 6,
        "exchanged_fraction": 0.010676156583629894,
        "sampling_noise_allowance": 0.06020443635532392,
        "maximum_sampling_noise_allowance": 0.5,
        "sample_count_adequate": true,
        "noise_allowance_discriminating": true,
        "effective_max_total_variation_distance": 0.1,
        "verdict": "passed",
        "failure_reasons": []
      }
    },
    "cases": {
      "minus": {
        "shift_ms": -5.0,
        "retained_samples": 566,
        "top_leaf_functions": [
          {
            "function": 308,
            "name": "0xaef3c",
            "samples": 36
          },
          {
            "function": 309,
            "name": "0xae923",
            "samples": 19
          },
          {
            "function": 319,
            "name": "0xae90c",
            "samples": 18
          }
        ]
      },
      "nominal": {
        "shift_ms": 0.0,
        "retained_samples": 566,
        "top_leaf_functions": [
          {
            "function": 308,
            "name": "0xaef3c",
            "samples": 36
          },
          {
            "function": 309,
            "name": "0xae923",
            "samples": 19
          },
          {
            "function": 319,
            "name": "0xae90c",
            "samples": 18
          }
        ]
      },
      "plus": {
        "shift_ms": 5.0,
        "retained_samples": 562,
        "top_leaf_functions": [
          {
            "function": 308,
            "name": "0xaef3c",
            "samples": 36
          },
          {
            "function": 309,
            "name": "0xae923",
            "samples": 19
          },
          {
            "function": 319,
            "name": "0xae90c",
            "samples": 18
          }
        ]
      }
    }
  }
}
+ samply record --save-only --no-open -o /tmp/lean-bench-samply-0hdarry3/samply.json.gz --rate 999 --unstable-presymbolicate -- /home/kim/worktrees/hex-dev/hex-dev-pr-10089/.lake/build/bin/hexlatticeenum_bench _child --bench Hex.LatticeEnumBench.runRank --param 128 --target-nanos 1000000000 --cache-mode warm
=== lean-bench-samply filter diagnostics ===
bench thread:       name='hexlatticeenum_bench' tid=1938328
calibration:        mode=absolute-monotonic-ms, residual = 0.160 ms (effective limit 5 ms)
regions:            1, total timed = 566.5 ms
expected samples:   ~566 on bench thread
retained samples:   566 on bench thread (1736 rejected outside windows)
other-thread noise: 0 samples on non-bench threads within timed windows (informational)
sensitivity ±5 ms: passed (leaf functions; configured total-variation floor 0.10)
confidence:         passed
filtered profile:   /tmp/hex-lattice-samply-current/runRank.json.gz
