{"schema_version":1,"kind":"parametric","function":"Hex.LatticeEnumBench.runShear","param":128,"inner_repeats":32,"total_nanos":589494672,"per_call_nanos":18421708.500000,"cache_mode":"warm","result_hash":"0xf1f51d643768e226","status":"ok","error":null,"alloc_bytes":null,"peak_rss_kb":75040,"env":{"arch":"x86_64","cpu_cores":96,"cpu_model":"AMD EPYC 9455 48-Core Processor","exe_name":"hexlatticeenum_bench","git_commit":"df2cbf92dbd8b810971632cb62efd6128ba0c03c","git_dirty":true,"hostname":"chungus2","lean_bench_version":"0.1.0","lean_toolchain":"leanprover/lean4:4.34.0-rc2","lean_version":"4.34.0-rc2","os":"linux","platform_target":"x86_64-unknown-linux-gnu","timestamp_iso":"2026-09-07T15:44:06Z","timestamp_unix_ms":1788795846705}}

filtered profile: /tmp/hex-lattice-samply-current/runShear.json.gz
symbols:          /tmp/hex-lattice-samply-current/runShear.json.syms.json
diagnostics:      /tmp/hex-lattice-samply-current/runShear.json.gz.diagnostics.json
{
  "schema": 2,
  "stage": "complete",
  "confidence": "passed",
  "low_confidence_reasons": [],
  "bench_pid": 1938840,
  "bench_thread_name": "hexlatticeenum_bench",
  "bench_thread_tid": "1938876",
  "regions_total": 2,
  "total_timed_ms": 607.74673,
  "expected_samples_bench_thread": 607.1,
  "retained_samples_bench_thread": 599,
  "rejected_samples_bench_thread": 17,
  "off_bench_thread_samples_in_window": 0,
  "samply_interval_ms": 1.001001,
  "spawn_anchor_wall_ns": 1788795846508376082,
  "spawn_anchor_mono_ns": 20273690665413,
  "sidecar_mono_anchor_ns": 20273905936168,
  "samply_meta_start_time_ms": 1788795846509.8757,
  "samply_timestamp_mode": "absolute-monotonic-ms",
  "calibration_residual_ms": 0.7553399987518787,
  "calibration_max_residual_ms": 5.0,
  "calibration": {
    "selected_mode": "absolute-monotonic-ms",
    "residual_ms": 0.7553399987518787,
    "raw_max_residual_ms": 0.7736569978296757,
    "residual_statistic": "one-boundary-trimmed-maximum",
    "configured_max_residual_ms": 5.0,
    "sample_interval_ms": 1.001001,
    "effective_max_residual_ms": 5.0,
    "within_residual_limit": true,
    "candidates": {
      "absolute-monotonic-ms": {
        "hit_count": 599,
        "regions_without_samples": 0,
        "boundary_residual_trimmed_max_ms": 0.7553399987518787,
        "boundary_residual_raw_max_ms": 0.7736569978296757,
        "within_residual_limit": true
      },
      "relative-to-meta-start-ms": {
        "hit_count": 0,
        "regions_without_samples": 2,
        "boundary_residual_trimmed_max_ms": null,
        "boundary_residual_raw_max_ms": null,
        "within_residual_limit": false
      }
    }
  },
  "minimum_retained_samples": 100,
  "sensitivity": {
    "shift_ms": 5.0,
    "reported_top_function_count": 3,
    "configured_max_total_variation_distance": 0.1,
    "sampling_noise_coefficient": 0.6,
    "minimum_comparison_samples": 100,
    "maximum_sampling_noise_allowance": 0.5,
    "verdict": "passed",
    "leaf_function_distributions_stable": true,
    "comparisons": {
      "minus": {
        "total_variation_distance": 0.008324911642034371,
        "leaf_function_support_size": 256,
        "comparison_samples": 598,
        "exchanged_samples": 9,
        "exchanged_fraction": 0.015050167224080268,
        "sampling_noise_allowance": 0.06810928193368752,
        "maximum_sampling_noise_allowance": 0.5,
        "sample_count_adequate": true,
        "noise_allowance_discriminating": true,
        "effective_max_total_variation_distance": 0.1,
        "verdict": "passed",
        "failure_reasons": []
      },
      "plus": {
        "total_variation_distance": 0.007546247112190335,
        "leaf_function_support_size": 255,
        "comparison_samples": 594,
        "exchanged_samples": 5,
        "exchanged_fraction": 0.008417508417508417,
        "sampling_noise_allowance": 0.051007600698798373,
        "maximum_sampling_noise_allowance": 0.5,
        "sample_count_adequate": true,
        "noise_allowance_discriminating": true,
        "effective_max_total_variation_distance": 0.1,
        "verdict": "passed",
        "failure_reasons": []
      }
    },
    "cases": {
      "minus": {
        "shift_ms": -5.0,
        "retained_samples": 598,
        "top_leaf_functions": [
          {
            "function": 70,
            "name": "0xaef3c",
            "samples": 31
          },
          {
            "function": 68,
            "name": "0xae923",
            "samples": 24
          },
          {
            "function": 120,
            "name": "0x4ca7f20",
            "samples": 23
          }
        ]
      },
      "nominal": {
        "shift_ms": 0.0,
        "retained_samples": 599,
        "top_leaf_functions": [
          {
            "function": 70,
            "name": "0xaef3c",
            "samples": 31
          },
          {
            "function": 68,
            "name": "0xae923",
            "samples": 24
          },
          {
            "function": 120,
            "name": "0x4ca7f20",
            "samples": 23
          }
        ]
      },
      "plus": {
        "shift_ms": 5.0,
        "retained_samples": 594,
        "top_leaf_functions": [
          {
            "function": 70,
            "name": "0xaef3c",
            "samples": 29
          },
          {
            "function": 68,
            "name": "0xae923",
            "samples": 23
          },
          {
            "function": 120,
            "name": "0x4ca7f20",
            "samples": 23
          }
        ]
      }
    }
  }
}
+ samply record --save-only --no-open -o /tmp/lean-bench-samply-1nk840fw/samply.json.gz --rate 999 --unstable-presymbolicate -- /home/kim/worktrees/hex-dev/hex-dev-pr-10089/.lake/build/bin/hexlatticeenum_bench _child --bench Hex.LatticeEnumBench.runShear --param 128 --target-nanos 1000000000 --cache-mode warm
=== lean-bench-samply filter diagnostics ===
bench thread:       name='hexlatticeenum_bench' tid=1938876
calibration:        mode=absolute-monotonic-ms, residual = 0.755 ms (effective limit 5 ms)
regions:            2, total timed = 607.7 ms
expected samples:   ~607 on bench thread
retained samples:   599 on bench thread (17 rejected outside windows)
other-thread noise: 0 samples on non-bench threads within timed windows (informational)
sensitivity ±5 ms: passed (leaf functions; configured total-variation floor 0.10)
confidence:         passed
filtered profile:   /tmp/hex-lattice-samply-current/runShear.json.gz
