AlgebraicRoot.mul: certification failed
backtrace:
.lake/build/bin/hexnumberfield_bench(+0x4b5f905) [0x648456dfc905]
.lake/build/bin/hexnumberfield_bench(+0x4b56497) [0x648456df3497]
.lake/build/bin/hexnumberfield_bench(+0x4b5657b) [0x648456df357b]
.lake/build/bin/hexnumberfield_bench(+0xd4ec43) [0x648452febc43]
.lake/build/bin/hexnumberfield_bench(+0xd6ebf9) [0x64845300bbf9]
.lake/build/bin/hexnumberfield_bench(+0xd6ebc9) [0x64845300bbc9]
.lake/build/bin/hexnumberfield_bench(+0xd6ebc9) [0x64845300bbc9]
.lake/build/bin/hexnumberfield_bench(+0xbee33f) [0x648452e8b33f]
.lake/build/bin/hexnumberfield_bench(+0xbf0094) [0x648452e8d094]
.lake/build/bin/hexnumberfield_bench(+0x4b647c0) [0x648456e017c0]
.lake/build/bin/hexnumberfield_bench(+0xdc0cc3) [0x64845305dcc3]
.lake/build/bin/hexnumberfield_bench(+0xdc1418) [0x64845305e418]
.lake/build/bin/hexnumberfield_bench(+0xdc2479) [0x64845305f479]
.lake/build/bin/hexnumberfield_bench(+0xe25541) [0x6484530c2541]
.lake/build/bin/hexnumberfield_bench(+0x4b647c0) [0x648456e017c0]
.lake/build/bin/hexnumberfield_bench(+0x4b65281) [0x648456e02281]
.lake/build/bin/hexnumberfield_bench(+0x4b65281) [0x648456e02281]
.lake/build/bin/hexnumberfield_bench(+0x4b6525e) [0x648456e0225e]
.lake/build/bin/hexnumberfield_bench(+0x4b6525e) [0x648456e0225e]
.lake/build/bin/hexnumberfield_bench(+0x4b6525e) [0x648456e0225e]
.lake/build/bin/hexnumberfield_bench(+0x4b6525e) [0x648456e0225e]
.lake/build/bin/hexnumberfield_bench(+0x4b6525e) [0x648456e0225e]
.lake/build/bin/hexnumberfield_bench(+0x4b6525e) [0x648456e0225e]
.lake/build/bin/hexnumberfield_bench(+0x4b6525e) [0x648456e0225e]
.lake/build/bin/hexnumberfield_bench(+0x4b6525e) [0x648456e0225e]
.lake/build/bin/hexnumberfield_bench(+0x4b6525e) [0x648456e0225e]
.lake/build/bin/hexnumberfield_bench(+0x4b45b37) [0x648456de2b37]
.lake/build/bin/hexnumberfield_bench(+0x4b461aa) [0x648456de31aa]
/nix/store/qqiqd3ah10x8hzsif4j1y4xc1miw23nx-glibc-2.42-67/lib/libc.so.6(+0x9ce53) [0x7b837da9ce53]
/nix/store/qqiqd3ah10x8hzsif4j1y4xc1miw23nx-glibc-2.42-67/lib/libc.so.6(+0x12407c) [0x7b837db2407c]
AlgebraicRoot.mul: certification failed
backtrace:
.lake/build/bin/hexnumberfield_bench(+0x4b5f905) [0x648456dfc905]
.lake/build/bin/hexnumberfield_bench(+0x4b56497) [0x648456df3497]
.lake/build/bin/hexnumberfield_bench(+0x4b5657b) [0x648456df357b]
.lake/build/bin/hexnumberfield_bench(+0xd4ec43) [0x648452febc43]
.lake/build/bin/hexnumberfield_bench(+0xd6ebc9) [0x64845300bbc9]
.lake/build/bin/hexnumberfield_bench(+0xd6ebc9) [0x64845300bbc9]
.lake/build/bin/hexnumberfield_bench(+0xbee33f) [0x648452e8b33f]
.lake/build/bin/hexnumberfield_bench(+0xbf0094) [0x648452e8d094]
.lake/build/bin/hexnumberfield_bench(+0x4b647c0) [0x648456e017c0]
.lake/build/bin/hexnumberfield_bench(+0xdc0cc3) [0x64845305dcc3]
.lake/build/bin/hexnumberfield_bench(+0xdc1418) [0x64845305e418]
.lake/build/bin/hexnumberfield_bench(+0xdc2479) [0x64845305f479]
.lake/build/bin/hexnumberfield_bench(+0xe25541) [0x6484530c2541]
.lake/build/bin/hexnumberfield_bench(+0x4b647c0) [0x648456e017c0]
.lake/build/bin/hexnumberfield_bench(+0x4b65281) [0x648456e02281]
.lake/build/bin/hexnumberfield_bench(+0x4b65281) [0x648456e02281]
.lake/build/bin/hexnumberfield_bench(+0x4b6525e) [0x648456e0225e]
.lake/build/bin/hexnumberfield_bench(+0x4b6525e) [0x648456e0225e]
.lake/build/bin/hexnumberfield_bench(+0x4b6525e) [0x648456e0225e]
.lake/build/bin/hexnumberfield_bench(+0x4b6525e) [0x648456e0225e]
.lake/build/bin/hexnumberfield_bench(+0x4b6525e) [0x648456e0225e]
.lake/build/bin/hexnumberfield_bench(+0x4b6525e) [0x648456e0225e]
.lake/build/bin/hexnumberfield_bench(+0x4b6525e) [0x648456e0225e]
.lake/build/bin/hexnumberfield_bench(+0x4b6525e) [0x648456e0225e]
.lake/build/bin/hexnumberfield_bench(+0x4b6525e) [0x648456e0225e]
.lake/build/bin/hexnumberfield_bench(+0x4b45b37) [0x648456de2b37]
.lake/build/bin/hexnumberfield_bench(+0x4b461aa) [0x648456de31aa]
/nix/store/qqiqd3ah10x8hzsif4j1y4xc1miw23nx-glibc-2.42-67/lib/libc.so.6(+0x9ce53) [0x7b837da9ce53]
/nix/store/qqiqd3ah10x8hzsif4j1y4xc1miw23nx-glibc-2.42-67/lib/libc.so.6(+0x12407c) [0x7b837db2407c]
AlgebraicRoot.mul: certification failed
backtrace:
.lake/build/bin/hexnumberfield_bench(+0x4b5f905) [0x648456dfc905]
.lake/build/bin/hexnumberfield_bench(+0x4b56497) [0x648456df3497]
.lake/build/bin/hexnumberfield_bench(+0x4b5657b) [0x648456df357b]
.lake/build/bin/hexnumberfield_bench(+0xd4ec43) [0x648452febc43]
.lake/build/bin/hexnumberfield_bench(+0xd6ebf9) [0x64845300bbf9]
.lake/build/bin/hexnumberfield_bench(+0xd6ebc9) [0x64845300bbc9]
.lake/build/bin/hexnumberfield_bench(+0xbee33f) [0x648452e8b33f]
.lake/build/bin/hexnumberfield_bench(+0xbf0094) [0x648452e8d094]
.lake/build/bin/hexnumberfield_bench(+0x4b647c0) [0x648456e017c0]
.lake/build/bin/hexnumberfield_bench(+0xdc0cc3) [0x64845305dcc3]
.lake/build/bin/hexnumberfield_bench(+0xdc1418) [0x64845305e418]
.lake/build/bin/hexnumberfield_bench(+0xdc2479) [0x64845305f479]
.lake/build/bin/hexnumberfield_bench(+0xe25541) [0x6484530c2541]
.lake/build/bin/hexnumberfield_bench(+0x4b647c0) [0x648456e017c0]
.lake/build/bin/hexnumberfield_bench(+0x4b65281) [0x648456e02281]
.lake/build/bin/hexnumberfield_bench(+0x4b65281) [0x648456e02281]
.lake/build/bin/hexnumberfield_bench(+0x4b6525e) [0x648456e0225e]
.lake/build/bin/hexnumberfield_bench(+0x4b6525e) [0x648456e0225e]
.lake/build/bin/hexnumberfield_bench(+0x4b6525e) [0x648456e0225e]
.lake/build/bin/hexnumberfield_bench(+0x4b6525e) [0x648456e0225e]
.lake/build/bin/hexnumberfield_bench(+0x4b6525e) [0x648456e0225e]
.lake/build/bin/hexnumberfield_bench(+0x4b6525e) [0x648456e0225e]
.lake/build/bin/hexnumberfield_bench(+0x4b6525e) [0x648456e0225e]
.lake/build/bin/hexnumberfield_bench(+0x4b6525e) [0x648456e0225e]
.lake/build/bin/hexnumberfield_bench(+0x4b6525e) [0x648456e0225e]
.lake/build/bin/hexnumberfield_bench(+0x4b45b37) [0x648456de2b37]
.lake/build/bin/hexnumberfield_bench(+0x4b461aa) [0x648456de31aa]
/nix/store/qqiqd3ah10x8hzsif4j1y4xc1miw23nx-glibc-2.42-67/lib/libc.so.6(+0x9ce53) [0x7b837da9ce53]
/nix/store/qqiqd3ah10x8hzsif4j1y4xc1miw23nx-glibc-2.42-67/lib/libc.so.6(+0x12407c) [0x7b837db2407c]
AlgebraicRoot.mul: certification failed
backtrace:
.lake/build/bin/hexnumberfield_bench(+0x4b5f905) [0x648456dfc905]
.lake/build/bin/hexnumberfield_bench(+0x4b56497) [0x648456df3497]
.lake/build/bin/hexnumberfield_bench(+0x4b5657b) [0x648456df357b]
.lake/build/bin/hexnumberfield_bench(+0xd4ec43) [0x648452febc43]
.lake/build/bin/hexnumberfield_bench(+0xd6ebc9) [0x64845300bbc9]
.lake/build/bin/hexnumberfield_bench(+0xbee33f) [0x648452e8b33f]
.lake/build/bin/hexnumberfield_bench(+0xbf0094) [0x648452e8d094]
.lake/build/bin/hexnumberfield_bench(+0x4b647c0) [0x648456e017c0]
.lake/build/bin/hexnumberfield_bench(+0xdc0cc3) [0x64845305dcc3]
.lake/build/bin/hexnumberfield_bench(+0xdc1418) [0x64845305e418]
.lake/build/bin/hexnumberfield_bench(+0xdc2479) [0x64845305f479]
.lake/build/bin/hexnumberfield_bench(+0xe25541) [0x6484530c2541]
.lake/build/bin/hexnumberfield_bench(+0x4b647c0) [0x648456e017c0]
.lake/build/bin/hexnumberfield_bench(+0x4b65281) [0x648456e02281]
.lake/build/bin/hexnumberfield_bench(+0x4b65281) [0x648456e02281]
.lake/build/bin/hexnumberfield_bench(+0x4b6525e) [0x648456e0225e]
.lake/build/bin/hexnumberfield_bench(+0x4b6525e) [0x648456e0225e]
.lake/build/bin/hexnumberfield_bench(+0x4b6525e) [0x648456e0225e]
.lake/build/bin/hexnumberfield_bench(+0x4b6525e) [0x648456e0225e]
.lake/build/bin/hexnumberfield_bench(+0x4b6525e) [0x648456e0225e]
.lake/build/bin/hexnumberfield_bench(+0x4b6525e) [0x648456e0225e]
.lake/build/bin/hexnumberfield_bench(+0x4b6525e) [0x648456e0225e]
.lake/build/bin/hexnumberfield_bench(+0x4b6525e) [0x648456e0225e]
.lake/build/bin/hexnumberfield_bench(+0x4b6525e) [0x648456e0225e]
.lake/build/bin/hexnumberfield_bench(+0x4b45b37) [0x648456de2b37]
.lake/build/bin/hexnumberfield_bench(+0x4b461aa) [0x648456de31aa]
/nix/store/qqiqd3ah10x8hzsif4j1y4xc1miw23nx-glibc-2.42-67/lib/libc.so.6(+0x9ce53) [0x7b837da9ce53]
/nix/store/qqiqd3ah10x8hzsif4j1y4xc1miw23nx-glibc-2.42-67/lib/libc.so.6(+0x12407c) [0x7b837db2407c]
AlgebraicRoot.mul: certification failed
backtrace:
.lake/build/bin/hexnumberfield_bench(+0x4b5f905) [0x648456dfc905]
.lake/build/bin/hexnumberfield_bench(+0x4b56497) [0x648456df3497]
.lake/build/bin/hexnumberfield_bench(+0x4b5657b) [0x648456df357b]
.lake/build/bin/hexnumberfield_bench(+0xd4ec43) [0x648452febc43]
.lake/build/bin/hexnumberfield_bench(+0xd6ebf9) [0x64845300bbf9]
.lake/build/bin/hexnumberfield_bench(+0xbee33f) [0x648452e8b33f]
.lake/build/bin/hexnumberfield_bench(+0xbf0094) [0x648452e8d094]
.lake/build/bin/hexnumberfield_bench(+0x4b647c0) [0x648456e017c0]
.lake/build/bin/hexnumberfield_bench(+0xdc0cc3) [0x64845305dcc3]
.lake/build/bin/hexnumberfield_bench(+0xdc1418) [0x64845305e418]
.lake/build/bin/hexnumberfield_bench(+0xdc2479) [0x64845305f479]
.lake/build/bin/hexnumberfield_bench(+0xe25541) [0x6484530c2541]
.lake/build/bin/hexnumberfield_bench(+0x4b647c0) [0x648456e017c0]
.lake/build/bin/hexnumberfield_bench(+0x4b65281) [0x648456e02281]
.lake/build/bin/hexnumberfield_bench(+0x4b65281) [0x648456e02281]
.lake/build/bin/hexnumberfield_bench(+0x4b6525e) [0x648456e0225e]
.lake/build/bin/hexnumberfield_bench(+0x4b6525e) [0x648456e0225e]
.lake/build/bin/hexnumberfield_bench(+0x4b6525e) [0x648456e0225e]
.lake/build/bin/hexnumberfield_bench(+0x4b6525e) [0x648456e0225e]
.lake/build/bin/hexnumberfield_bench(+0x4b6525e) [0x648456e0225e]
.lake/build/bin/hexnumberfield_bench(+0x4b6525e) [0x648456e0225e]
.lake/build/bin/hexnumberfield_bench(+0x4b6525e) [0x648456e0225e]
.lake/build/bin/hexnumberfield_bench(+0x4b6525e) [0x648456e0225e]
.lake/build/bin/hexnumberfield_bench(+0x4b6525e) [0x648456e0225e]
.lake/build/bin/hexnumberfield_bench(+0x4b45b37) [0x648456de2b37]
.lake/build/bin/hexnumberfield_bench(+0x4b461aa) [0x648456de31aa]
/nix/store/qqiqd3ah10x8hzsif4j1y4xc1miw23nx-glibc-2.42-67/lib/libc.so.6(+0x9ce53) [0x7b837da9ce53]
/nix/store/qqiqd3ah10x8hzsif4j1y4xc1miw23nx-glibc-2.42-67/lib/libc.so.6(+0x12407c) [0x7b837db2407c]
AlgebraicRoot.mul: certification failed
backtrace:
.lake/build/bin/hexnumberfield_bench(+0x4b5f905) [0x648456dfc905]
.lake/build/bin/hexnumberfield_bench(+0x4b56497) [0x648456df3497]
.lake/build/bin/hexnumberfield_bench(+0x4b5657b) [0x648456df357b]
.lake/build/bin/hexnumberfield_bench(+0xd4ec43) [0x648452febc43]
.lake/build/bin/hexnumberfield_bench(+0xbee33f) [0x648452e8b33f]
.lake/build/bin/hexnumberfield_bench(+0xbf0094) [0x648452e8d094]
.lake/build/bin/hexnumberfield_bench(+0x4b647c0) [0x648456e017c0]
.lake/build/bin/hexnumberfield_bench(+0xdc0cc3) [0x64845305dcc3]
.lake/build/bin/hexnumberfield_bench(+0xdc1418) [0x64845305e418]
.lake/build/bin/hexnumberfield_bench(+0xdc2479) [0x64845305f479]
.lake/build/bin/hexnumberfield_bench(+0xe25541) [0x6484530c2541]
.lake/build/bin/hexnumberfield_bench(+0x4b647c0) [0x648456e017c0]
.lake/build/bin/hexnumberfield_bench(+0x4b65281) [0x648456e02281]
.lake/build/bin/hexnumberfield_bench(+0x4b65281) [0x648456e02281]
.lake/build/bin/hexnumberfield_bench(+0x4b6525e) [0x648456e0225e]
.lake/build/bin/hexnumberfield_bench(+0x4b6525e) [0x648456e0225e]
.lake/build/bin/hexnumberfield_bench(+0x4b6525e) [0x648456e0225e]
.lake/build/bin/hexnumberfield_bench(+0x4b6525e) [0x648456e0225e]
.lake/build/bin/hexnumberfield_bench(+0x4b6525e) [0x648456e0225e]
.lake/build/bin/hexnumberfield_bench(+0x4b6525e) [0x648456e0225e]
.lake/build/bin/hexnumberfield_bench(+0x4b6525e) [0x648456e0225e]
.lake/build/bin/hexnumberfield_bench(+0x4b6525e) [0x648456e0225e]
.lake/build/bin/hexnumberfield_bench(+0x4b6525e) [0x648456e0225e]
.lake/build/bin/hexnumberfield_bench(+0x4b45b37) [0x648456de2b37]
.lake/build/bin/hexnumberfield_bench(+0x4b461aa) [0x648456de31aa]
/nix/store/qqiqd3ah10x8hzsif4j1y4xc1miw23nx-glibc-2.42-67/lib/libc.so.6(+0x9ce53) [0x7b837da9ce53]
/nix/store/qqiqd3ah10x8hzsif4j1y4xc1miw23nx-glibc-2.42-67/lib/libc.so.6(+0x12407c) [0x7b837db2407c]
AlgebraicRoot.mul: certification failed
backtrace:
.lake/build/bin/hexnumberfield_bench(+0x4b5f905) [0x648456dfc905]
.lake/build/bin/hexnumberfield_bench(+0x4b56497) [0x648456df3497]
.lake/build/bin/hexnumberfield_bench(+0x4b5657b) [0x648456df357b]
.lake/build/bin/hexnumberfield_bench(+0xd4ec43) [0x648452febc43]
.lake/build/bin/hexnumberfield_bench(+0x4b647c0) [0x648456e017c0]
.lake/build/bin/hexnumberfield_bench(+0xbe8ebe) [0x648452e85ebe]
.lake/build/bin/hexnumberfield_bench(+0xbeb0ab) [0x648452e880ab]
.lake/build/bin/hexnumberfield_bench(+0x4b647c0) [0x648456e017c0]
.lake/build/bin/hexnumberfield_bench(+0xdc0cc3) [0x64845305dcc3]
.lake/build/bin/hexnumberfield_bench(+0xdc1418) [0x64845305e418]
.lake/build/bin/hexnumberfield_bench(+0xdc2479) [0x64845305f479]
.lake/build/bin/hexnumberfield_bench(+0xe25541) [0x6484530c2541]
.lake/build/bin/hexnumberfield_bench(+0x4b647c0) [0x648456e017c0]
.lake/build/bin/hexnumberfield_bench(+0x4b65281) [0x648456e02281]
.lake/build/bin/hexnumberfield_bench(+0x4b65281) [0x648456e02281]
.lake/build/bin/hexnumberfield_bench(+0x4b6525e) [0x648456e0225e]
.lake/build/bin/hexnumberfield_bench(+0x4b6525e) [0x648456e0225e]
.lake/build/bin/hexnumberfield_bench(+0x4b6525e) [0x648456e0225e]
.lake/build/bin/hexnumberfield_bench(+0x4b6525e) [0x648456e0225e]
.lake/build/bin/hexnumberfield_bench(+0x4b6525e) [0x648456e0225e]
.lake/build/bin/hexnumberfield_bench(+0x4b6525e) [0x648456e0225e]
.lake/build/bin/hexnumberfield_bench(+0x4b6525e) [0x648456e0225e]
.lake/build/bin/hexnumberfield_bench(+0x4b6525e) [0x648456e0225e]
.lake/build/bin/hexnumberfield_bench(+0x4b6525e) [0x648456e0225e]
.lake/build/bin/hexnumberfield_bench(+0x4b45b37) [0x648456de2b37]
.lake/build/bin/hexnumberfield_bench(+0x4b461aa) [0x648456de31aa]
/nix/store/qqiqd3ah10x8hzsif4j1y4xc1miw23nx-glibc-2.42-67/lib/libc.so.6(+0x9ce53) [0x7b837da9ce53]
/nix/store/qqiqd3ah10x8hzsif4j1y4xc1miw23nx-glibc-2.42-67/lib/libc.so.6(+0x12407c) [0x7b837db2407c]
AlgebraicRoot.mul: certification failed
backtrace:
.lake/build/bin/hexnumberfield_bench(+0x4b5f905) [0x648456dfc905]
.lake/build/bin/hexnumberfield_bench(+0x4b56497) [0x648456df3497]
.lake/build/bin/hexnumberfield_bench(+0x4b5657b) [0x648456df357b]
.lake/build/bin/hexnumberfield_bench(+0xd4ec43) [0x648452febc43]
.lake/build/bin/hexnumberfield_bench(+0xbee042) [0x648452e8b042]
.lake/build/bin/hexnumberfield_bench(+0xbef4c4) [0x648452e8c4c4]
.lake/build/bin/hexnumberfield_bench(+0x4b647c0) [0x648456e017c0]
.lake/build/bin/hexnumberfield_bench(+0xdc0cc3) [0x64845305dcc3]
.lake/build/bin/hexnumberfield_bench(+0xdc1418) [0x64845305e418]
.lake/build/bin/hexnumberfield_bench(+0xdc2479) [0x64845305f479]
.lake/build/bin/hexnumberfield_bench(+0xe25541) [0x6484530c2541]
.lake/build/bin/hexnumberfield_bench(+0x4b647c0) [0x648456e017c0]
.lake/build/bin/hexnumberfield_bench(+0x4b65281) [0x648456e02281]
.lake/build/bin/hexnumberfield_bench(+0x4b65281) [0x648456e02281]
.lake/build/bin/hexnumberfield_bench(+0x4b6525e) [0x648456e0225e]
.lake/build/bin/hexnumberfield_bench(+0x4b6525e) [0x648456e0225e]
.lake/build/bin/hexnumberfield_bench(+0x4b6525e) [0x648456e0225e]
.lake/build/bin/hexnumberfield_bench(+0x4b6525e) [0x648456e0225e]
.lake/build/bin/hexnumberfield_bench(+0x4b6525e) [0x648456e0225e]
.lake/build/bin/hexnumberfield_bench(+0x4b6525e) [0x648456e0225e]
.lake/build/bin/hexnumberfield_bench(+0x4b6525e) [0x648456e0225e]
.lake/build/bin/hexnumberfield_bench(+0x4b6525e) [0x648456e0225e]
.lake/build/bin/hexnumberfield_bench(+0x4b6525e) [0x648456e0225e]
.lake/build/bin/hexnumberfield_bench(+0x4b45b37) [0x648456de2b37]
.lake/build/bin/hexnumberfield_bench(+0x4b461aa) [0x648456de31aa]
/nix/store/qqiqd3ah10x8hzsif4j1y4xc1miw23nx-glibc-2.42-67/lib/libc.so.6(+0x9ce53) [0x7b837da9ce53]
/nix/store/qqiqd3ah10x8hzsif4j1y4xc1miw23nx-glibc-2.42-67/lib/libc.so.6(+0x12407c) [0x7b837db2407c]
AlgebraicRoot.mul: certification failed
backtrace:
.lake/build/bin/hexnumberfield_bench(+0x4b5f905) [0x648456dfc905]
.lake/build/bin/hexnumberfield_bench(+0x4b56497) [0x648456df3497]
.lake/build/bin/hexnumberfield_bench(+0x4b5657b) [0x648456df357b]
.lake/build/bin/hexnumberfield_bench(+0xd4ec43) [0x648452febc43]
.lake/build/bin/hexnumberfield_bench(+0xbee06b) [0x648452e8b06b]
.lake/build/bin/hexnumberfield_bench(+0xbef4c4) [0x648452e8c4c4]
.lake/build/bin/hexnumberfield_bench(+0x4b647c0) [0x648456e017c0]
.lake/build/bin/hexnumberfield_bench(+0xdc0cc3) [0x64845305dcc3]
.lake/build/bin/hexnumberfield_bench(+0xdc1418) [0x64845305e418]
.lake/build/bin/hexnumberfield_bench(+0xdc2479) [0x64845305f479]
.lake/build/bin/hexnumberfield_bench(+0xe25541) [0x6484530c2541]
.lake/build/bin/hexnumberfield_bench(+0x4b647c0) [0x648456e017c0]
.lake/build/bin/hexnumberfield_bench(+0x4b65281) [0x648456e02281]
.lake/build/bin/hexnumberfield_bench(+0x4b65281) [0x648456e02281]
.lake/build/bin/hexnumberfield_bench(+0x4b6525e) [0x648456e0225e]
.lake/build/bin/hexnumberfield_bench(+0x4b6525e) [0x648456e0225e]
.lake/build/bin/hexnumberfield_bench(+0x4b6525e) [0x648456e0225e]
.lake/build/bin/hexnumberfield_bench(+0x4b6525e) [0x648456e0225e]
.lake/build/bin/hexnumberfield_bench(+0x4b6525e) [0x648456e0225e]
.lake/build/bin/hexnumberfield_bench(+0x4b6525e) [0x648456e0225e]
.lake/build/bin/hexnumberfield_bench(+0x4b6525e) [0x648456e0225e]
.lake/build/bin/hexnumberfield_bench(+0x4b6525e) [0x648456e0225e]
.lake/build/bin/hexnumberfield_bench(+0x4b6525e) [0x648456e0225e]
.lake/build/bin/hexnumberfield_bench(+0x4b45b37) [0x648456de2b37]
.lake/build/bin/hexnumberfield_bench(+0x4b461aa) [0x648456de31aa]
/nix/store/qqiqd3ah10x8hzsif4j1y4xc1miw23nx-glibc-2.42-67/lib/libc.so.6(+0x9ce53) [0x7b837da9ce53]
/nix/store/qqiqd3ah10x8hzsif4j1y4xc1miw23nx-glibc-2.42-67/lib/libc.so.6(+0x12407c) [0x7b837db2407c]
AlgebraicRoot.mul: certification failed
backtrace:
.lake/build/bin/hexnumberfield_bench(+0x4b5f905) [0x648456dfc905]
.lake/build/bin/hexnumberfield_bench(+0x4b56497) [0x648456df3497]
.lake/build/bin/hexnumberfield_bench(+0x4b5657b) [0x648456df357b]
.lake/build/bin/hexnumberfield_bench(+0xd4ec43) [0x648452febc43]
.lake/build/bin/hexnumberfield_bench(+0xbee094) [0x648452e8b094]
.lake/build/bin/hexnumberfield_bench(+0xbef4c4) [0x648452e8c4c4]
.lake/build/bin/hexnumberfield_bench(+0x4b647c0) [0x648456e017c0]
.lake/build/bin/hexnumberfield_bench(+0xdc0cc3) [0x64845305dcc3]
.lake/build/bin/hexnumberfield_bench(+0xdc1418) [0x64845305e418]
.lake/build/bin/hexnumberfield_bench(+0xdc2479) [0x64845305f479]
.lake/build/bin/hexnumberfield_bench(+0xe25541) [0x6484530c2541]
.lake/build/bin/hexnumberfield_bench(+0x4b647c0) [0x648456e017c0]
.lake/build/bin/hexnumberfield_bench(+0x4b65281) [0x648456e02281]
.lake/build/bin/hexnumberfield_bench(+0x4b65281) [0x648456e02281]
.lake/build/bin/hexnumberfield_bench(+0x4b6525e) [0x648456e0225e]
.lake/build/bin/hexnumberfield_bench(+0x4b6525e) [0x648456e0225e]
.lake/build/bin/hexnumberfield_bench(+0x4b6525e) [0x648456e0225e]
.lake/build/bin/hexnumberfield_bench(+0x4b6525e) [0x648456e0225e]
.lake/build/bin/hexnumberfield_bench(+0x4b6525e) [0x648456e0225e]
.lake/build/bin/hexnumberfield_bench(+0x4b6525e) [0x648456e0225e]
.lake/build/bin/hexnumberfield_bench(+0x4b6525e) [0x648456e0225e]
.lake/build/bin/hexnumberfield_bench(+0x4b6525e) [0x648456e0225e]
.lake/build/bin/hexnumberfield_bench(+0x4b6525e) [0x648456e0225e]
.lake/build/bin/hexnumberfield_bench(+0x4b45b37) [0x648456de2b37]
.lake/build/bin/hexnumberfield_bench(+0x4b461aa) [0x648456de31aa]
/nix/store/qqiqd3ah10x8hzsif4j1y4xc1miw23nx-glibc-2.42-67/lib/libc.so.6(+0x9ce53) [0x7b837da9ce53]
/nix/store/qqiqd3ah10x8hzsif4j1y4xc1miw23nx-glibc-2.42-67/lib/libc.so.6(+0x12407c) [0x7b837db2407c]
AlgebraicRoot.add: certification failed
backtrace:
.lake/build/bin/hexnumberfield_bench(+0x4b5f905) [0x648456dfc905]
.lake/build/bin/hexnumberfield_bench(+0x4b56497) [0x648456df3497]
.lake/build/bin/hexnumberfield_bench(+0x4b5657b) [0x648456df357b]
.lake/build/bin/hexnumberfield_bench(+0xd4e9e7) [0x648452feb9e7]
.lake/build/bin/hexnumberfield_bench(+0x4b647c0) [0x648456e017c0]
.lake/build/bin/hexnumberfield_bench(+0xbe8ebe) [0x648452e85ebe]
.lake/build/bin/hexnumberfield_bench(+0xbe988b) [0x648452e8688b]
.lake/build/bin/hexnumberfield_bench(+0x4b647c0) [0x648456e017c0]
.lake/build/bin/hexnumberfield_bench(+0xdc0cc3) [0x64845305dcc3]
.lake/build/bin/hexnumberfield_bench(+0xdc1418) [0x64845305e418]
.lake/build/bin/hexnumberfield_bench(+0xdc2479) [0x64845305f479]
.lake/build/bin/hexnumberfield_bench(+0xe25541) [0x6484530c2541]
.lake/build/bin/hexnumberfield_bench(+0x4b647c0) [0x648456e017c0]
.lake/build/bin/hexnumberfield_bench(+0x4b65281) [0x648456e02281]
.lake/build/bin/hexnumberfield_bench(+0x4b65281) [0x648456e02281]
.lake/build/bin/hexnumberfield_bench(+0x4b6525e) [0x648456e0225e]
.lake/build/bin/hexnumberfield_bench(+0x4b6525e) [0x648456e0225e]
.lake/build/bin/hexnumberfield_bench(+0x4b6525e) [0x648456e0225e]
.lake/build/bin/hexnumberfield_bench(+0x4b6525e) [0x648456e0225e]
.lake/build/bin/hexnumberfield_bench(+0x4b6525e) [0x648456e0225e]
.lake/build/bin/hexnumberfield_bench(+0x4b6525e) [0x648456e0225e]
.lake/build/bin/hexnumberfield_bench(+0x4b6525e) [0x648456e0225e]
.lake/build/bin/hexnumberfield_bench(+0x4b6525e) [0x648456e0225e]
.lake/build/bin/hexnumberfield_bench(+0x4b6525e) [0x648456e0225e]
.lake/build/bin/hexnumberfield_bench(+0x4b45b37) [0x648456de2b37]
.lake/build/bin/hexnumberfield_bench(+0x4b461aa) [0x648456de31aa]
/nix/store/qqiqd3ah10x8hzsif4j1y4xc1miw23nx-glibc-2.42-67/lib/libc.so.6(+0x9ce53) [0x7b837da9ce53]
/nix/store/qqiqd3ah10x8hzsif4j1y4xc1miw23nx-glibc-2.42-67/lib/libc.so.6(+0x12407c) [0x7b837db2407c]
AlgebraicRoot.mul: certification failed
backtrace:
.lake/build/bin/hexnumberfield_bench(+0x4b5f905) [0x648456dfc905]
.lake/build/bin/hexnumberfield_bench(+0x4b56497) [0x648456df3497]
.lake/build/bin/hexnumberfield_bench(+0x4b5657b) [0x648456df357b]
.lake/build/bin/hexnumberfield_bench(+0xd4ec43) [0x648452febc43]
.lake/build/bin/hexnumberfield_bench(+0xd6ebf9) [0x64845300bbf9]
.lake/build/bin/hexnumberfield_bench(+0xd6ebc9) [0x64845300bbc9]
.lake/build/bin/hexnumberfield_bench(+0xd6ebc9) [0x64845300bbc9]
.lake/build/bin/hexnumberfield_bench(+0xd6ef47) [0x64845300bf47]
.lake/build/bin/hexnumberfield_bench(+0xbee504) [0x648452e8b504]
.lake/build/bin/hexnumberfield_bench(+0xbf0c64) [0x648452e8dc64]
.lake/build/bin/hexnumberfield_bench(+0x4b647c0) [0x648456e017c0]
.lake/build/bin/hexnumberfield_bench(+0xdc0cc3) [0x64845305dcc3]
.lake/build/bin/hexnumberfield_bench(+0xdc1418) [0x64845305e418]
.lake/build/bin/hexnumberfield_bench(+0xdc2479) [0x64845305f479]
.lake/build/bin/hexnumberfield_bench(+0xe25541) [0x6484530c2541]
.lake/build/bin/hexnumberfield_bench(+0x4b647c0) [0x648456e017c0]
.lake/build/bin/hexnumberfield_bench(+0x4b65281) [0x648456e02281]
.lake/build/bin/hexnumberfield_bench(+0x4b65281) [0x648456e02281]
.lake/build/bin/hexnumberfield_bench(+0x4b6525e) [0x648456e0225e]
.lake/build/bin/hexnumberfield_bench(+0x4b6525e) [0x648456e0225e]
.lake/build/bin/hexnumberfield_bench(+0x4b6525e) [0x648456e0225e]
.lake/build/bin/hexnumberfield_bench(+0x4b6525e) [0x648456e0225e]
.lake/build/bin/hexnumberfield_bench(+0x4b6525e) [0x648456e0225e]
.lake/build/bin/hexnumberfield_bench(+0x4b6525e) [0x648456e0225e]
.lake/build/bin/hexnumberfield_bench(+0x4b6525e) [0x648456e0225e]
.lake/build/bin/hexnumberfield_bench(+0x4b6525e) [0x648456e0225e]
.lake/build/bin/hexnumberfield_bench(+0x4b6525e) [0x648456e0225e]
.lake/build/bin/hexnumberfield_bench(+0x4b45b37) [0x648456de2b37]
.lake/build/bin/hexnumberfield_bench(+0x4b461aa) [0x648456de31aa]
/nix/store/qqiqd3ah10x8hzsif4j1y4xc1miw23nx-glibc-2.42-67/lib/libc.so.6(+0x9ce53) [0x7b837da9ce53]
/nix/store/qqiqd3ah10x8hzsif4j1y4xc1miw23nx-glibc-2.42-67/lib/libc.so.6(+0x12407c) [0x7b837db2407c]
AlgebraicRoot.mul: certification failed
backtrace:
.lake/build/bin/hexnumberfield_bench(+0x4b5f905) [0x648456dfc905]
.lake/build/bin/hexnumberfield_bench(+0x4b56497) [0x648456df3497]
.lake/build/bin/hexnumberfield_bench(+0x4b5657b) [0x648456df357b]
.lake/build/bin/hexnumberfield_bench(+0xd4ec43) [0x648452febc43]
.lake/build/bin/hexnumberfield_bench(+0xd6ebc9) [0x64845300bbc9]
.lake/build/bin/hexnumberfield_bench(+0xd6ebc9) [0x64845300bbc9]
.lake/build/bin/hexnumberfield_bench(+0xd6ef47) [0x64845300bf47]
.lake/build/bin/hexnumberfield_bench(+0xbee504) [0x648452e8b504]
.lake/build/bin/hexnumberfield_bench(+0xbf0c64) [0x648452e8dc64]
.lake/build/bin/hexnumberfield_bench(+0x4b647c0) [0x648456e017c0]
.lake/build/bin/hexnumberfield_bench(+0xdc0cc3) [0x64845305dcc3]
.lake/build/bin/hexnumberfield_bench(+0xdc1418) [0x64845305e418]
.lake/build/bin/hexnumberfield_bench(+0xdc2479) [0x64845305f479]
.lake/build/bin/hexnumberfield_bench(+0xe25541) [0x6484530c2541]
.lake/build/bin/hexnumberfield_bench(+0x4b647c0) [0x648456e017c0]
.lake/build/bin/hexnumberfield_bench(+0x4b65281) [0x648456e02281]
.lake/build/bin/hexnumberfield_bench(+0x4b65281) [0x648456e02281]
.lake/build/bin/hexnumberfield_bench(+0x4b6525e) [0x648456e0225e]
.lake/build/bin/hexnumberfield_bench(+0x4b6525e) [0x648456e0225e]
.lake/build/bin/hexnumberfield_bench(+0x4b6525e) [0x648456e0225e]
.lake/build/bin/hexnumberfield_bench(+0x4b6525e) [0x648456e0225e]
.lake/build/bin/hexnumberfield_bench(+0x4b6525e) [0x648456e0225e]
.lake/build/bin/hexnumberfield_bench(+0x4b6525e) [0x648456e0225e]
.lake/build/bin/hexnumberfield_bench(+0x4b6525e) [0x648456e0225e]
.lake/build/bin/hexnumberfield_bench(+0x4b6525e) [0x648456e0225e]
.lake/build/bin/hexnumberfield_bench(+0x4b6525e) [0x648456e0225e]
.lake/build/bin/hexnumberfield_bench(+0x4b45b37) [0x648456de2b37]
.lake/build/bin/hexnumberfield_bench(+0x4b461aa) [0x648456de31aa]
/nix/store/qqiqd3ah10x8hzsif4j1y4xc1miw23nx-glibc-2.42-67/lib/libc.so.6(+0x9ce53) [0x7b837da9ce53]
/nix/store/qqiqd3ah10x8hzsif4j1y4xc1miw23nx-glibc-2.42-67/lib/libc.so.6(+0x12407c) [0x7b837db2407c]
AlgebraicRoot.mul: certification failed
backtrace:
.lake/build/bin/hexnumberfield_bench(+0x4b5f905) [0x648456dfc905]
.lake/build/bin/hexnumberfield_bench(+0x4b56497) [0x648456df3497]
.lake/build/bin/hexnumberfield_bench(+0x4b5657b) [0x648456df357b]
.lake/build/bin/hexnumberfield_bench(+0xd4ec43) [0x648452febc43]
.lake/build/bin/hexnumberfield_bench(+0xd6ebf9) [0x64845300bbf9]
.lake/build/bin/hexnumberfield_bench(+0xd6ebc9) [0x64845300bbc9]
.lake/build/bin/hexnumberfield_bench(+0xd6ef47) [0x64845300bf47]
.lake/build/bin/hexnumberfield_bench(+0xbee504) [0x648452e8b504]
.lake/build/bin/hexnumberfield_bench(+0xbf0c64) [0x648452e8dc64]
.lake/build/bin/hexnumberfield_bench(+0x4b647c0) [0x648456e017c0]
.lake/build/bin/hexnumberfield_bench(+0xdc0cc3) [0x64845305dcc3]
.lake/build/bin/hexnumberfield_bench(+0xdc1418) [0x64845305e418]
.lake/build/bin/hexnumberfield_bench(+0xdc2479) [0x64845305f479]
.lake/build/bin/hexnumberfield_bench(+0xe25541) [0x6484530c2541]
.lake/build/bin/hexnumberfield_bench(+0x4b647c0) [0x648456e017c0]
.lake/build/bin/hexnumberfield_bench(+0x4b65281) [0x648456e02281]
.lake/build/bin/hexnumberfield_bench(+0x4b65281) [0x648456e02281]
.lake/build/bin/hexnumberfield_bench(+0x4b6525e) [0x648456e0225e]
.lake/build/bin/hexnumberfield_bench(+0x4b6525e) [0x648456e0225e]
.lake/build/bin/hexnumberfield_bench(+0x4b6525e) [0x648456e0225e]
.lake/build/bin/hexnumberfield_bench(+0x4b6525e) [0x648456e0225e]
.lake/build/bin/hexnumberfield_bench(+0x4b6525e) [0x648456e0225e]
.lake/build/bin/hexnumberfield_bench(+0x4b6525e) [0x648456e0225e]
.lake/build/bin/hexnumberfield_bench(+0x4b6525e) [0x648456e0225e]
.lake/build/bin/hexnumberfield_bench(+0x4b6525e) [0x648456e0225e]
.lake/build/bin/hexnumberfield_bench(+0x4b6525e) [0x648456e0225e]
.lake/build/bin/hexnumberfield_bench(+0x4b45b37) [0x648456de2b37]
.lake/build/bin/hexnumberfield_bench(+0x4b461aa) [0x648456de31aa]
/nix/store/qqiqd3ah10x8hzsif4j1y4xc1miw23nx-glibc-2.42-67/lib/libc.so.6(+0x9ce53) [0x7b837da9ce53]
/nix/store/qqiqd3ah10x8hzsif4j1y4xc1miw23nx-glibc-2.42-67/lib/libc.so.6(+0x12407c) [0x7b837db2407c]
AlgebraicRoot.mul: certification failed
backtrace:
.lake/build/bin/hexnumberfield_bench(+0x4b5f905) [0x648456dfc905]
.lake/build/bin/hexnumberfield_bench(+0x4b56497) [0x648456df3497]
.lake/build/bin/hexnumberfield_bench(+0x4b5657b) [0x648456df357b]
.lake/build/bin/hexnumberfield_bench(+0xd4ec43) [0x648452febc43]
.lake/build/bin/hexnumberfield_bench(+0xd6ebf9) [0x64845300bbf9]
.lake/build/bin/hexnumberfield_bench(+0xd6ef47) [0x64845300bf47]
.lake/build/bin/hexnumberfield_bench(+0xbee504) [0x648452e8b504]
.lake/build/bin/hexnumberfield_bench(+0xbf0c64) [0x648452e8dc64]
.lake/build/bin/hexnumberfield_bench(+0x4b647c0) [0x648456e017c0]
.lake/build/bin/hexnumberfield_bench(+0xdc0cc3) [0x64845305dcc3]
.lake/build/bin/hexnumberfield_bench(+0xdc1418) [0x64845305e418]
.lake/build/bin/hexnumberfield_bench(+0xdc2479) [0x64845305f479]
.lake/build/bin/hexnumberfield_bench(+0xe25541) [0x6484530c2541]
.lake/build/bin/hexnumberfield_bench(+0x4b647c0) [0x648456e017c0]
.lake/build/bin/hexnumberfield_bench(+0x4b65281) [0x648456e02281]
.lake/build/bin/hexnumberfield_bench(+0x4b65281) [0x648456e02281]
.lake/build/bin/hexnumberfield_bench(+0x4b6525e) [0x648456e0225e]
.lake/build/bin/hexnumberfield_bench(+0x4b6525e) [0x648456e0225e]
.lake/build/bin/hexnumberfield_bench(+0x4b6525e) [0x648456e0225e]
.lake/build/bin/hexnumberfield_bench(+0x4b6525e) [0x648456e0225e]
.lake/build/bin/hexnumberfield_bench(+0x4b6525e) [0x648456e0225e]
.lake/build/bin/hexnumberfield_bench(+0x4b6525e) [0x648456e0225e]
.lake/build/bin/hexnumberfield_bench(+0x4b6525e) [0x648456e0225e]
.lake/build/bin/hexnumberfield_bench(+0x4b6525e) [0x648456e0225e]
.lake/build/bin/hexnumberfield_bench(+0x4b6525e) [0x648456e0225e]
.lake/build/bin/hexnumberfield_bench(+0x4b45b37) [0x648456de2b37]
.lake/build/bin/hexnumberfield_bench(+0x4b461aa) [0x648456de31aa]
/nix/store/qqiqd3ah10x8hzsif4j1y4xc1miw23nx-glibc-2.42-67/lib/libc.so.6(+0x9ce53) [0x7b837da9ce53]
/nix/store/qqiqd3ah10x8hzsif4j1y4xc1miw23nx-glibc-2.42-67/lib/libc.so.6(+0x12407c) [0x7b837db2407c]
AlgebraicRoot.mul: certification failed
backtrace:
.lake/build/bin/hexnumberfield_bench(+0x4b5f905) [0x648456dfc905]
.lake/build/bin/hexnumberfield_bench(+0x4b56497) [0x648456df3497]
.lake/build/bin/hexnumberfield_bench(+0x4b5657b) [0x648456df357b]
.lake/build/bin/hexnumberfield_bench(+0xd4ec43) [0x648452febc43]
.lake/build/bin/hexnumberfield_bench(+0xd6ef47) [0x64845300bf47]
.lake/build/bin/hexnumberfield_bench(+0xbee504) [0x648452e8b504]
.lake/build/bin/hexnumberfield_bench(+0xbf0c64) [0x648452e8dc64]
.lake/build/bin/hexnumberfield_bench(+0x4b647c0) [0x648456e017c0]
.lake/build/bin/hexnumberfield_bench(+0xdc0cc3) [0x64845305dcc3]
.lake/build/bin/hexnumberfield_bench(+0xdc1418) [0x64845305e418]
.lake/build/bin/hexnumberfield_bench(+0xdc2479) [0x64845305f479]
.lake/build/bin/hexnumberfield_bench(+0xe25541) [0x6484530c2541]
.lake/build/bin/hexnumberfield_bench(+0x4b647c0) [0x648456e017c0]
.lake/build/bin/hexnumberfield_bench(+0x4b65281) [0x648456e02281]
.lake/build/bin/hexnumberfield_bench(+0x4b65281) [0x648456e02281]
.lake/build/bin/hexnumberfield_bench(+0x4b6525e) [0x648456e0225e]
.lake/build/bin/hexnumberfield_bench(+0x4b6525e) [0x648456e0225e]
.lake/build/bin/hexnumberfield_bench(+0x4b6525e) [0x648456e0225e]
.lake/build/bin/hexnumberfield_bench(+0x4b6525e) [0x648456e0225e]
.lake/build/bin/hexnumberfield_bench(+0x4b6525e) [0x648456e0225e]
.lake/build/bin/hexnumberfield_bench(+0x4b6525e) [0x648456e0225e]
.lake/build/bin/hexnumberfield_bench(+0x4b6525e) [0x648456e0225e]
.lake/build/bin/hexnumberfield_bench(+0x4b6525e) [0x648456e0225e]
.lake/build/bin/hexnumberfield_bench(+0x4b6525e) [0x648456e0225e]
.lake/build/bin/hexnumberfield_bench(+0x4b45b37) [0x648456de2b37]
.lake/build/bin/hexnumberfield_bench(+0x4b461aa) [0x648456de31aa]
/nix/store/qqiqd3ah10x8hzsif4j1y4xc1miw23nx-glibc-2.42-67/lib/libc.so.6(+0x9ce53) [0x7b837da9ce53]
/nix/store/qqiqd3ah10x8hzsif4j1y4xc1miw23nx-glibc-2.42-67/lib/libc.so.6(+0x12407c) [0x7b837db2407c]
verifying 92 benchmark(s)...
  [ok ] Hex.NumberFieldBench.runCommonPresentationLadder
  [ok ] Hex.NumberFieldBench.runAlgebraicPolyBeq
  [ok ] Hex.NumberFieldBench.runQAdjoinDivLadder
  [ok ] Hex.NumberFieldBench.runQAdjoinNegLadder
  [ok ] Hex.NumberFieldBench.runQAdjoinSmulLadder
  [ok ] Hex.NumberFieldBench.runQAdjoinMulLadder
  [ok ] Hex.NumberFieldBench.runCommonPrimitive
  [ok ] Hex.NumberFieldBench.runContainedPresentation
  [ok ] Hex.NumberFieldBench.runQAdjoinInvLadder
  [ok ] Hex.NumberFieldBench.runMergeRootListLadder
  [ok ] Hex.NumberFieldBench.runQAdjoinSubLadder
  [ok ] Hex.NumberFieldBench.runAddEliminantLadder
  [ok ] Hex.NumberFieldBench.runQAdjoinAddLadder
  [ok ] Hex.NumberFieldBench.runAlgebraicPolyOfArray
  [ok ] Hex.NumberFieldBench.runComponentRoots  [fixed]
  [ok ] Hex.NumberFieldBench.runQAdjoinMulPair20  [fixed]
  [ok ] Hex.NumberFieldBench.runQAdjoinMulPair4  [fixed]
  [ok ] Hex.NumberFieldBench.runQAdjoinInvPair10  [fixed]
  [ok ] Hex.NumberFieldBench.runQAdjoinInvPair4  [fixed]
  [ok ] Hex.NumberFieldBench.runPariPolmodMul6  [fixed]
  [ok ] Hex.NumberFieldBench.runQAdjoinInvPair12  [fixed]
  [ok ] Hex.NumberFieldBench.runLazyNeg  [fixed]
  [ok ] Hex.NumberFieldBench.runCommonPowers  [fixed]
  [ok ] Hex.NumberFieldBench.runAlgebraicRootsZ  [fixed]
  [ok ] Hex.NumberFieldBench.runIsReal  [fixed]
  [ok ] Hex.NumberFieldBench.runPariPolmodMul4  [fixed]
  [ok ] Hex.NumberFieldBench.runQAdjoinMulPair6  [fixed]
  [ok ] Hex.NumberFieldBench.runPariPolmodInv4  [fixed]
  [ok ] Hex.NumberFieldBench.runAlgebraicSub  [fixed]
  [ok ] Hex.NumberFieldBench.runAlgebraicPolyAccessors  [fixed]
  [ok ] Hex.NumberFieldBench.runPariPolmodMul16  [fixed]
  [ok ] Hex.NumberFieldBench.runCommonScale  [fixed]
  [ok ] Hex.NumberFieldBench.runPariPolmodMul20  [fixed]
  [ok ] Hex.NumberFieldBench.runPariPolmodMul8  [fixed]
  [ok ] Hex.NumberFieldBench.runLazySub  [fixed]
  [ok ] Hex.NumberFieldBench.runExactFactorLadder  [fixed]
  [ok ] Hex.NumberFieldBench.runPariPolmodInv6  [fixed]
  [ok ] Hex.NumberFieldBench.runCommonSignedDegree  [fixed]
  [ok ] Hex.NumberFieldBench.runQAdjoinInvPair8  [fixed]
  [ok ] Hex.NumberFieldBench.runLazyMul  [fixed]
  [ok ] Hex.NumberFieldBench.runCommonAdd  [fixed]
  [ok ] Hex.NumberFieldBench.runQAdjoinInvPair6  [fixed]
  [ok ] Hex.NumberFieldBench.runExactLadder  [fixed]
  [ok ] Hex.NumberFieldBench.runPariPolmodInv16  [fixed]
  [ok ] Hex.NumberFieldBench.runCommonRational  [fixed]
  [ok ] Hex.NumberFieldBench.runRoots  [fixed]
  [ok ] Hex.NumberFieldBench.runPariPolmodInv8  [fixed]
  [ok ] Hex.NumberFieldBench.runQAdjoinMulPair16  [fixed]
  [ok ] Hex.NumberFieldBench.runQAdjoinApprox  [fixed]
  [ok ] Hex.NumberFieldBench.runCommonExtend  [fixed]
  [ok ] Hex.NumberFieldBench.runQAdjoinMulPair8  [fixed]
  [ok ] Hex.NumberFieldBench.runAlgebraicNatPow  [fixed]
  [ok ] Hex.NumberFieldBench.runFixedMul  [fixed]
  [ok ] Hex.NumberFieldBench.runCommonCoordinates  [fixed]
  [ok ] Hex.NumberFieldBench.runAlgebraicMul  [fixed]
  [ok ] Hex.NumberFieldBench.runLazyAddLadder  [fixed]
  [ok ] Hex.NumberFieldBench.runCommonMul  [fixed]
  [ok ] Hex.NumberFieldBench.runAlgebraicConstructors  [fixed]
  [ok ] Hex.NumberFieldBench.runPariPolmodOverhead  [fixed]
  [ok ] Hex.NumberFieldBench.runAlgebraicNeg  [fixed]
  [ok ] Hex.NumberFieldBench.runAlgebraicDiv  [fixed]
  [ok ] Hex.NumberFieldBench.runCommonExtendStep  [fixed]
  [ok ] Hex.NumberFieldBench.runPariPolmodInv10  [fixed]
  [ok ] Hex.NumberFieldBench.runAddEliminant  [fixed]
  [ok ] Hex.NumberFieldBench.runQAdjoinRootsLadder  [fixed]
  [ok ] Hex.NumberFieldBench.runNormEliminant  [fixed]
  [ok ] Hex.NumberFieldBench.runSelectAdd  [fixed]
  [ok ] Hex.NumberFieldBench.runExact  [fixed]
  [ok ] Hex.NumberFieldBench.runLazyDiv  [fixed]
  [ok ] Hex.NumberFieldBench.runCommonShift  [fixed]
  [ok ] Hex.NumberFieldBench.runLazyInv  [fixed]
  [ok ] Hex.NumberFieldBench.runFixedMinpoly  [fixed]
  [ok ] Hex.NumberFieldBench.runLazyAdd  [fixed]
  [ok ] Hex.NumberFieldBench.runAlgebraicRootsLadder  [fixed]
  [ok ] Hex.NumberFieldBench.runQAdjoinMulPair12  [fixed]
  [ok ] Hex.NumberFieldBench.runAlgebraicInv  [fixed]
  [ok ] Hex.NumberFieldBench.runExactSelection  [fixed]
  [ok ] Hex.NumberFieldBench.runAlgebraicScalars  [fixed]
  [ok ] Hex.NumberFieldBench.runPariPolmodMul12  [fixed]
  [ok ] Hex.NumberFieldBench.runEvalMajorantFixed  [fixed]
  [ok ] Hex.NumberFieldBench.runCanonicalRepLadder  [fixed]
  [ok ] Hex.NumberFieldBench.runEvalEliminant  [fixed]
  [ok ] Hex.NumberFieldBench.runZeroDecisions  [fixed]
  [ok ] Hex.NumberFieldBench.runCommonTrace  [fixed]
  [ok ] Hex.NumberFieldBench.runPariPolmodInv12  [fixed]
  [ok ] Hex.NumberFieldBench.runQAdjoinInvPair16  [fixed]
  [ok ] Hex.NumberFieldBench.runQAdjoinCanonical  [fixed]
  [ok ] Hex.NumberFieldBench.runCommonExtendShift  [fixed]
  [ok ] Hex.NumberFieldBench.runAlgebraicAdd  [fixed]
  [ok ] Hex.NumberFieldBench.runAlgebraicIntPow  [fixed]
  [ok ] Hex.NumberFieldBench.runFixedInv  [fixed]
  [ok ] Hex.NumberFieldBench.runIsolateAdd  [fixed]
all 92 benchmark(s) passed
