checking sqrtApprox
AlgebraicRoot.mul: certification failed
backtrace:
.lake/build/bin/hexrealalgebraic_conformance(+0x4a11305) [0x5a0998029305]
.lake/build/bin/hexrealalgebraic_conformance(+0x4a07e97) [0x5a099801fe97]
.lake/build/bin/hexrealalgebraic_conformance(+0x4a07f7b) [0x5a099801ff7b]
.lake/build/bin/hexrealalgebraic_conformance(+0xca7503) [0x5a09942bf503]
.lake/build/bin/hexrealalgebraic_conformance(+0xcd2416) [0x5a09942ea416]
.lake/build/bin/hexrealalgebraic_conformance(+0xcdd961) [0x5a09942f5961]
.lake/build/bin/hexrealalgebraic_conformance(+0xcde2e4) [0x5a09942f62e4]
.lake/build/bin/hexrealalgebraic_conformance(+0x4a11886) [0x5a0998029886]
.lake/build/bin/hexrealalgebraic_conformance(+0xce1727) [0x5a09942f9727]
.lake/build/bin/hexrealalgebraic_conformance(+0xba0fd6) [0x5a09941b8fd6]
.lake/build/bin/hexrealalgebraic_conformance(+0x49f7537) [0x5a099800f537]
.lake/build/bin/hexrealalgebraic_conformance(+0x49f7baa) [0x5a099800fbaa]
/nix/store/qqiqd3ah10x8hzsif4j1y4xc1miw23nx-glibc-2.42-67/lib/libc.so.6(+0x9ce53) [0x72fa25e9ce53]
/nix/store/qqiqd3ah10x8hzsif4j1y4xc1miw23nx-glibc-2.42-67/lib/libc.so.6(+0x12407c) [0x72fa25f2407c]
AlgebraicRoot.mul: certification failed
backtrace:
.lake/build/bin/hexrealalgebraic_conformance(+0x4a11305) [0x5a0998029305]
.lake/build/bin/hexrealalgebraic_conformance(+0x4a07e97) [0x5a099801fe97]
.lake/build/bin/hexrealalgebraic_conformance(+0x4a07f7b) [0x5a099801ff7b]
.lake/build/bin/hexrealalgebraic_conformance(+0xca7503) [0x5a09942bf503]
.lake/build/bin/hexrealalgebraic_conformance(+0xcd2416) [0x5a09942ea416]
.lake/build/bin/hexrealalgebraic_conformance(+0xcdd961) [0x5a09942f5961]
.lake/build/bin/hexrealalgebraic_conformance(+0xcde2e4) [0x5a09942f62e4]
.lake/build/bin/hexrealalgebraic_conformance(+0x4a11886) [0x5a0998029886]
.lake/build/bin/hexrealalgebraic_conformance(+0xce1727) [0x5a09942f9727]
.lake/build/bin/hexrealalgebraic_conformance(+0xba0fd6) [0x5a09941b8fd6]
.lake/build/bin/hexrealalgebraic_conformance(+0x49f7537) [0x5a099800f537]
.lake/build/bin/hexrealalgebraic_conformance(+0x49f7baa) [0x5a099800fbaa]
/nix/store/qqiqd3ah10x8hzsif4j1y4xc1miw23nx-glibc-2.42-67/lib/libc.so.6(+0x9ce53) [0x72fa25e9ce53]
/nix/store/qqiqd3ah10x8hzsif4j1y4xc1miw23nx-glibc-2.42-67/lib/libc.so.6(+0x12407c) [0x72fa25f2407c]
AlgebraicRoot.mul: certification failed
backtrace:
.lake/build/bin/hexrealalgebraic_conformance(+0x4a11305) [0x5a0998029305]
.lake/build/bin/hexrealalgebraic_conformance(+0x4a07e97) [0x5a099801fe97]
.lake/build/bin/hexrealalgebraic_conformance(+0x4a07f7b) [0x5a099801ff7b]
.lake/build/bin/hexrealalgebraic_conformance(+0xca7503) [0x5a09942bf503]
.lake/build/bin/hexrealalgebraic_conformance(+0xcd2416) [0x5a09942ea416]
.lake/build/bin/hexrealalgebraic_conformance(+0xcdd961) [0x5a09942f5961]
.lake/build/bin/hexrealalgebraic_conformance(+0xcde2e4) [0x5a09942f62e4]
.lake/build/bin/hexrealalgebraic_conformance(+0x4a11886) [0x5a0998029886]
.lake/build/bin/hexrealalgebraic_conformance(+0xce1727) [0x5a09942f9727]
.lake/build/bin/hexrealalgebraic_conformance(+0xba0fd6) [0x5a09941b8fd6]
.lake/build/bin/hexrealalgebraic_conformance(+0x49f7537) [0x5a099800f537]
.lake/build/bin/hexrealalgebraic_conformance(+0x49f7baa) [0x5a099800fbaa]
/nix/store/qqiqd3ah10x8hzsif4j1y4xc1miw23nx-glibc-2.42-67/lib/libc.so.6(+0x9ce53) [0x72fa25e9ce53]
/nix/store/qqiqd3ah10x8hzsif4j1y4xc1miw23nx-glibc-2.42-67/lib/libc.so.6(+0x12407c) [0x72fa25f2407c]
AlgebraicRoot.add: certification failed
backtrace:
.lake/build/bin/hexrealalgebraic_conformance(+0x4a11305) [0x5a0998029305]
.lake/build/bin/hexrealalgebraic_conformance(+0x4a07e97) [0x5a099801fe97]
.lake/build/bin/hexrealalgebraic_conformance(+0x4a07f7b) [0x5a099801ff7b]
.lake/build/bin/hexrealalgebraic_conformance(+0xca72a7) [0x5a09942bf2a7]
.lake/build/bin/hexrealalgebraic_conformance(+0xcd23f6) [0x5a09942ea3f6]
.lake/build/bin/hexrealalgebraic_conformance(+0xcddb89) [0x5a09942f5b89]
.lake/build/bin/hexrealalgebraic_conformance(+0xcde395) [0x5a09942f6395]
.lake/build/bin/hexrealalgebraic_conformance(+0x4a11886) [0x5a0998029886]
.lake/build/bin/hexrealalgebraic_conformance(+0xce1727) [0x5a09942f9727]
.lake/build/bin/hexrealalgebraic_conformance(+0xba0fd6) [0x5a09941b8fd6]
.lake/build/bin/hexrealalgebraic_conformance(+0x49f7537) [0x5a099800f537]
.lake/build/bin/hexrealalgebraic_conformance(+0x49f7baa) [0x5a099800fbaa]
/nix/store/qqiqd3ah10x8hzsif4j1y4xc1miw23nx-glibc-2.42-67/lib/libc.so.6(+0x9ce53) [0x72fa25e9ce53]
/nix/store/qqiqd3ah10x8hzsif4j1y4xc1miw23nx-glibc-2.42-67/lib/libc.so.6(+0x12407c) [0x72fa25f2407c]
AlgebraicRoot.add: certification failed
backtrace:
.lake/build/bin/hexrealalgebraic_conformance(+0x4a11305) [0x5a0998029305]
.lake/build/bin/hexrealalgebraic_conformance(+0x4a07e97) [0x5a099801fe97]
.lake/build/bin/hexrealalgebraic_conformance(+0x4a07f7b) [0x5a099801ff7b]
.lake/build/bin/hexrealalgebraic_conformance(+0xca72a7) [0x5a09942bf2a7]
.lake/build/bin/hexrealalgebraic_conformance(+0xcd23f6) [0x5a09942ea3f6]
.lake/build/bin/hexrealalgebraic_conformance(+0xcddb89) [0x5a09942f5b89]
.lake/build/bin/hexrealalgebraic_conformance(+0xcde395) [0x5a09942f6395]
.lake/build/bin/hexrealalgebraic_conformance(+0x4a11886) [0x5a0998029886]
.lake/build/bin/hexrealalgebraic_conformance(+0xce1727) [0x5a09942f9727]
.lake/build/bin/hexrealalgebraic_conformance(+0xba0fd6) [0x5a09941b8fd6]
.lake/build/bin/hexrealalgebraic_conformance(+0x49f7537) [0x5a099800f537]
.lake/build/bin/hexrealalgebraic_conformance(+0x49f7baa) [0x5a099800fbaa]
/nix/store/qqiqd3ah10x8hzsif4j1y4xc1miw23nx-glibc-2.42-67/lib/libc.so.6(+0x9ce53) [0x72fa25e9ce53]
/nix/store/qqiqd3ah10x8hzsif4j1y4xc1miw23nx-glibc-2.42-67/lib/libc.so.6(+0x12407c) [0x72fa25f2407c]
AlgebraicRoot.add: certification failed
backtrace:
.lake/build/bin/hexrealalgebraic_conformance(+0x4a11305) [0x5a0998029305]
.lake/build/bin/hexrealalgebraic_conformance(+0x4a07e97) [0x5a099801fe97]
.lake/build/bin/hexrealalgebraic_conformance(+0x4a07f7b) [0x5a099801ff7b]
.lake/build/bin/hexrealalgebraic_conformance(+0xca72a7) [0x5a09942bf2a7]
.lake/build/bin/hexrealalgebraic_conformance(+0xcd23f6) [0x5a09942ea3f6]
.lake/build/bin/hexrealalgebraic_conformance(+0xcddb89) [0x5a09942f5b89]
.lake/build/bin/hexrealalgebraic_conformance(+0xcde395) [0x5a09942f6395]
.lake/build/bin/hexrealalgebraic_conformance(+0x4a11886) [0x5a0998029886]
.lake/build/bin/hexrealalgebraic_conformance(+0xce1727) [0x5a09942f9727]
.lake/build/bin/hexrealalgebraic_conformance(+0xba0fd6) [0x5a09941b8fd6]
.lake/build/bin/hexrealalgebraic_conformance(+0x49f7537) [0x5a099800f537]
.lake/build/bin/hexrealalgebraic_conformance(+0x49f7baa) [0x5a099800fbaa]
/nix/store/qqiqd3ah10x8hzsif4j1y4xc1miw23nx-glibc-2.42-67/lib/libc.so.6(+0x9ce53) [0x72fa25e9ce53]
/nix/store/qqiqd3ah10x8hzsif4j1y4xc1miw23nx-glibc-2.42-67/lib/libc.so.6(+0x12407c) [0x72fa25f2407c]
checking mignotte
checking crossFactor
AlgebraicRoot.add: certification failed
backtrace:
.lake/build/bin/hexrealalgebraic_conformance(+0x4a11305) [0x5a0998029305]
.lake/build/bin/hexrealalgebraic_conformance(+0x4a07e97) [0x5a099801fe97]
.lake/build/bin/hexrealalgebraic_conformance(+0x4a07f7b) [0x5a099801ff7b]
.lake/build/bin/hexrealalgebraic_conformance(+0xca72a7) [0x5a09942bf2a7]
.lake/build/bin/hexrealalgebraic_conformance(+0xcd23f6) [0x5a09942ea3f6]
.lake/build/bin/hexrealalgebraic_conformance(+0x4a117a6) [0x5a09980297a6]
.lake/build/bin/hexrealalgebraic_conformance(+0xcdf28b) [0x5a09942f728b]
.lake/build/bin/hexrealalgebraic_conformance(+0x4a11886) [0x5a0998029886]
.lake/build/bin/hexrealalgebraic_conformance(+0xce17c4) [0x5a09942f97c4]
.lake/build/bin/hexrealalgebraic_conformance(+0xba0fd6) [0x5a09941b8fd6]
.lake/build/bin/hexrealalgebraic_conformance(+0x49f7537) [0x5a099800f537]
.lake/build/bin/hexrealalgebraic_conformance(+0x49f7baa) [0x5a099800fbaa]
/nix/store/qqiqd3ah10x8hzsif4j1y4xc1miw23nx-glibc-2.42-67/lib/libc.so.6(+0x9ce53) [0x72fa25e9ce53]
/nix/store/qqiqd3ah10x8hzsif4j1y4xc1miw23nx-glibc-2.42-67/lib/libc.so.6(+0x12407c) [0x72fa25f2407c]
checking degreeEight
AlgebraicRoot.mul: certification failed
backtrace:
.lake/build/bin/hexrealalgebraic_conformance(+0x4a11305) [0x5a0998029305]
.lake/build/bin/hexrealalgebraic_conformance(+0x4a07e97) [0x5a099801fe97]
.lake/build/bin/hexrealalgebraic_conformance(+0x4a07f7b) [0x5a099801ff7b]
.lake/build/bin/hexrealalgebraic_conformance(+0xca7503) [0x5a09942bf503]
.lake/build/bin/hexrealalgebraic_conformance(+0xcd2416) [0x5a09942ea416]
.lake/build/bin/hexrealalgebraic_conformance(+0xcdf828) [0x5a09942f7828]
.lake/build/bin/hexrealalgebraic_conformance(+0x4a117a6) [0x5a09980297a6]
.lake/build/bin/hexrealalgebraic_conformance(+0xce384b) [0x5a09942fb84b]
.lake/build/bin/hexrealalgebraic_conformance(+0x4a117a6) [0x5a09980297a6]
.lake/build/bin/hexrealalgebraic_conformance(+0xcdfeab) [0x5a09942f7eab]
.lake/build/bin/hexrealalgebraic_conformance(+0x4a11886) [0x5a0998029886]
.lake/build/bin/hexrealalgebraic_conformance(+0xcdfbdb) [0x5a09942f7bdb]
.lake/build/bin/hexrealalgebraic_conformance(+0x4a11886) [0x5a0998029886]
.lake/build/bin/hexrealalgebraic_conformance(+0xce1835) [0x5a09942f9835]
.lake/build/bin/hexrealalgebraic_conformance(+0xba0fd6) [0x5a09941b8fd6]
.lake/build/bin/hexrealalgebraic_conformance(+0x49f7537) [0x5a099800f537]
.lake/build/bin/hexrealalgebraic_conformance(+0x49f7baa) [0x5a099800fbaa]
/nix/store/qqiqd3ah10x8hzsif4j1y4xc1miw23nx-glibc-2.42-67/lib/libc.so.6(+0x9ce53) [0x72fa25e9ce53]
/nix/store/qqiqd3ah10x8hzsif4j1y4xc1miw23nx-glibc-2.42-67/lib/libc.so.6(+0x12407c) [0x72fa25f2407c]
AlgebraicRoot.mul: certification failed
backtrace:
.lake/build/bin/hexrealalgebraic_conformance(+0x4a11305) [0x5a0998029305]
.lake/build/bin/hexrealalgebraic_conformance(+0x4a07e97) [0x5a099801fe97]
.lake/build/bin/hexrealalgebraic_conformance(+0x4a07f7b) [0x5a099801ff7b]
.lake/build/bin/hexrealalgebraic_conformance(+0xca7503) [0x5a09942bf503]
.lake/build/bin/hexrealalgebraic_conformance(+0xcd2416) [0x5a09942ea416]
.lake/build/bin/hexrealalgebraic_conformance(+0xcdf828) [0x5a09942f7828]
.lake/build/bin/hexrealalgebraic_conformance(+0x4a117a6) [0x5a09980297a6]
.lake/build/bin/hexrealalgebraic_conformance(+0xce384b) [0x5a09942fb84b]
.lake/build/bin/hexrealalgebraic_conformance(+0x4a117a6) [0x5a09980297a6]
.lake/build/bin/hexrealalgebraic_conformance(+0xcdfeab) [0x5a09942f7eab]
.lake/build/bin/hexrealalgebraic_conformance(+0x4a11886) [0x5a0998029886]
.lake/build/bin/hexrealalgebraic_conformance(+0xcdfbdb) [0x5a09942f7bdb]
.lake/build/bin/hexrealalgebraic_conformance(+0x4a11886) [0x5a0998029886]
.lake/build/bin/hexrealalgebraic_conformance(+0xce1835) [0x5a09942f9835]
.lake/build/bin/hexrealalgebraic_conformance(+0xba0fd6) [0x5a09941b8fd6]
.lake/build/bin/hexrealalgebraic_conformance(+0x49f7537) [0x5a099800f537]
.lake/build/bin/hexrealalgebraic_conformance(+0x49f7baa) [0x5a099800fbaa]
/nix/store/qqiqd3ah10x8hzsif4j1y4xc1miw23nx-glibc-2.42-67/lib/libc.so.6(+0x9ce53) [0x72fa25e9ce53]
/nix/store/qqiqd3ah10x8hzsif4j1y4xc1miw23nx-glibc-2.42-67/lib/libc.so.6(+0x12407c) [0x72fa25f2407c]
AlgebraicRoot.mul: certification failed
backtrace:
.lake/build/bin/hexrealalgebraic_conformance(+0x4a11305) [0x5a0998029305]
.lake/build/bin/hexrealalgebraic_conformance(+0x4a07e97) [0x5a099801fe97]
.lake/build/bin/hexrealalgebraic_conformance(+0x4a07f7b) [0x5a099801ff7b]
.lake/build/bin/hexrealalgebraic_conformance(+0xca7503) [0x5a09942bf503]
.lake/build/bin/hexrealalgebraic_conformance(+0xcd2416) [0x5a09942ea416]
.lake/build/bin/hexrealalgebraic_conformance(+0xcdf828) [0x5a09942f7828]
.lake/build/bin/hexrealalgebraic_conformance(+0x4a117a6) [0x5a09980297a6]
.lake/build/bin/hexrealalgebraic_conformance(+0xce384b) [0x5a09942fb84b]
.lake/build/bin/hexrealalgebraic_conformance(+0x4a117a6) [0x5a09980297a6]
.lake/build/bin/hexrealalgebraic_conformance(+0xcdfeab) [0x5a09942f7eab]
.lake/build/bin/hexrealalgebraic_conformance(+0x4a11886) [0x5a0998029886]
.lake/build/bin/hexrealalgebraic_conformance(+0xcdfbdb) [0x5a09942f7bdb]
.lake/build/bin/hexrealalgebraic_conformance(+0x4a11886) [0x5a0998029886]
.lake/build/bin/hexrealalgebraic_conformance(+0xce1835) [0x5a09942f9835]
.lake/build/bin/hexrealalgebraic_conformance(+0xba0fd6) [0x5a09941b8fd6]
.lake/build/bin/hexrealalgebraic_conformance(+0x49f7537) [0x5a099800f537]
.lake/build/bin/hexrealalgebraic_conformance(+0x49f7baa) [0x5a099800fbaa]
/nix/store/qqiqd3ah10x8hzsif4j1y4xc1miw23nx-glibc-2.42-67/lib/libc.so.6(+0x9ce53) [0x72fa25e9ce53]
/nix/store/qqiqd3ah10x8hzsif4j1y4xc1miw23nx-glibc-2.42-67/lib/libc.so.6(+0x12407c) [0x72fa25f2407c]
AlgebraicRoot.mul: certification failed
backtrace:
.lake/build/bin/hexrealalgebraic_conformance(+0x4a11305) [0x5a0998029305]
.lake/build/bin/hexrealalgebraic_conformance(+0x4a07e97) [0x5a099801fe97]
.lake/build/bin/hexrealalgebraic_conformance(+0x4a07f7b) [0x5a099801ff7b]
.lake/build/bin/hexrealalgebraic_conformance(+0xca7503) [0x5a09942bf503]
.lake/build/bin/hexrealalgebraic_conformance(+0xcd2416) [0x5a09942ea416]
.lake/build/bin/hexrealalgebraic_conformance(+0xcdf828) [0x5a09942f7828]
.lake/build/bin/hexrealalgebraic_conformance(+0x4a117a6) [0x5a09980297a6]
.lake/build/bin/hexrealalgebraic_conformance(+0xce384b) [0x5a09942fb84b]
.lake/build/bin/hexrealalgebraic_conformance(+0x4a117a6) [0x5a09980297a6]
.lake/build/bin/hexrealalgebraic_conformance(+0xcdfeab) [0x5a09942f7eab]
.lake/build/bin/hexrealalgebraic_conformance(+0x4a11886) [0x5a0998029886]
.lake/build/bin/hexrealalgebraic_conformance(+0xcdfbdb) [0x5a09942f7bdb]
.lake/build/bin/hexrealalgebraic_conformance(+0x4a11886) [0x5a0998029886]
.lake/build/bin/hexrealalgebraic_conformance(+0xce1835) [0x5a09942f9835]
.lake/build/bin/hexrealalgebraic_conformance(+0xba0fd6) [0x5a09941b8fd6]
.lake/build/bin/hexrealalgebraic_conformance(+0x49f7537) [0x5a099800f537]
.lake/build/bin/hexrealalgebraic_conformance(+0x49f7baa) [0x5a099800fbaa]
/nix/store/qqiqd3ah10x8hzsif4j1y4xc1miw23nx-glibc-2.42-67/lib/libc.so.6(+0x9ce53) [0x72fa25e9ce53]
/nix/store/qqiqd3ah10x8hzsif4j1y4xc1miw23nx-glibc-2.42-67/lib/libc.so.6(+0x12407c) [0x72fa25f2407c]
AlgebraicRoot.mul: certification failed
backtrace:
.lake/build/bin/hexrealalgebraic_conformance(+0x4a11305) [0x5a0998029305]
.lake/build/bin/hexrealalgebraic_conformance(+0x4a07e97) [0x5a099801fe97]
.lake/build/bin/hexrealalgebraic_conformance(+0x4a07f7b) [0x5a099801ff7b]
.lake/build/bin/hexrealalgebraic_conformance(+0xca7503) [0x5a09942bf503]
.lake/build/bin/hexrealalgebraic_conformance(+0xcd2416) [0x5a09942ea416]
.lake/build/bin/hexrealalgebraic_conformance(+0xcdf828) [0x5a09942f7828]
.lake/build/bin/hexrealalgebraic_conformance(+0x4a117a6) [0x5a09980297a6]
.lake/build/bin/hexrealalgebraic_conformance(+0xce384b) [0x5a09942fb84b]
.lake/build/bin/hexrealalgebraic_conformance(+0x4a117a6) [0x5a09980297a6]
.lake/build/bin/hexrealalgebraic_conformance(+0xcdfeab) [0x5a09942f7eab]
.lake/build/bin/hexrealalgebraic_conformance(+0x4a11886) [0x5a0998029886]
.lake/build/bin/hexrealalgebraic_conformance(+0xcdfbdb) [0x5a09942f7bdb]
.lake/build/bin/hexrealalgebraic_conformance(+0x4a11886) [0x5a0998029886]
.lake/build/bin/hexrealalgebraic_conformance(+0xce1835) [0x5a09942f9835]
.lake/build/bin/hexrealalgebraic_conformance(+0xba0fd6) [0x5a09941b8fd6]
.lake/build/bin/hexrealalgebraic_conformance(+0x49f7537) [0x5a099800f537]
.lake/build/bin/hexrealalgebraic_conformance(+0x49f7baa) [0x5a099800fbaa]
/nix/store/qqiqd3ah10x8hzsif4j1y4xc1miw23nx-glibc-2.42-67/lib/libc.so.6(+0x9ce53) [0x72fa25e9ce53]
/nix/store/qqiqd3ah10x8hzsif4j1y4xc1miw23nx-glibc-2.42-67/lib/libc.so.6(+0x12407c) [0x72fa25f2407c]
AlgebraicRoot.mul: certification failed
backtrace:
.lake/build/bin/hexrealalgebraic_conformance(+0x4a11305) [0x5a0998029305]
.lake/build/bin/hexrealalgebraic_conformance(+0x4a07e97) [0x5a099801fe97]
.lake/build/bin/hexrealalgebraic_conformance(+0x4a07f7b) [0x5a099801ff7b]
.lake/build/bin/hexrealalgebraic_conformance(+0xca7503) [0x5a09942bf503]
.lake/build/bin/hexrealalgebraic_conformance(+0xcd2416) [0x5a09942ea416]
.lake/build/bin/hexrealalgebraic_conformance(+0xcdf828) [0x5a09942f7828]
.lake/build/bin/hexrealalgebraic_conformance(+0x4a117a6) [0x5a09980297a6]
.lake/build/bin/hexrealalgebraic_conformance(+0xce384b) [0x5a09942fb84b]
.lake/build/bin/hexrealalgebraic_conformance(+0x4a117a6) [0x5a09980297a6]
.lake/build/bin/hexrealalgebraic_conformance(+0xcdfeab) [0x5a09942f7eab]
.lake/build/bin/hexrealalgebraic_conformance(+0x4a11886) [0x5a0998029886]
.lake/build/bin/hexrealalgebraic_conformance(+0xcdfbdb) [0x5a09942f7bdb]
.lake/build/bin/hexrealalgebraic_conformance(+0x4a11886) [0x5a0998029886]
.lake/build/bin/hexrealalgebraic_conformance(+0xce1835) [0x5a09942f9835]
.lake/build/bin/hexrealalgebraic_conformance(+0xba0fd6) [0x5a09941b8fd6]
.lake/build/bin/hexrealalgebraic_conformance(+0x49f7537) [0x5a099800f537]
.lake/build/bin/hexrealalgebraic_conformance(+0x49f7baa) [0x5a099800fbaa]
/nix/store/qqiqd3ah10x8hzsif4j1y4xc1miw23nx-glibc-2.42-67/lib/libc.so.6(+0x9ce53) [0x72fa25e9ce53]
/nix/store/qqiqd3ah10x8hzsif4j1y4xc1miw23nx-glibc-2.42-67/lib/libc.so.6(+0x12407c) [0x72fa25f2407c]
AlgebraicRoot.mul: certification failed
backtrace:
.lake/build/bin/hexrealalgebraic_conformance(+0x4a11305) [0x5a0998029305]
.lake/build/bin/hexrealalgebraic_conformance(+0x4a07e97) [0x5a099801fe97]
.lake/build/bin/hexrealalgebraic_conformance(+0x4a07f7b) [0x5a099801ff7b]
.lake/build/bin/hexrealalgebraic_conformance(+0xca7503) [0x5a09942bf503]
.lake/build/bin/hexrealalgebraic_conformance(+0xcd2416) [0x5a09942ea416]
.lake/build/bin/hexrealalgebraic_conformance(+0xcdf828) [0x5a09942f7828]
.lake/build/bin/hexrealalgebraic_conformance(+0x4a117a6) [0x5a09980297a6]
.lake/build/bin/hexrealalgebraic_conformance(+0xce384b) [0x5a09942fb84b]
.lake/build/bin/hexrealalgebraic_conformance(+0x4a117a6) [0x5a09980297a6]
.lake/build/bin/hexrealalgebraic_conformance(+0xcdfeab) [0x5a09942f7eab]
.lake/build/bin/hexrealalgebraic_conformance(+0x4a11886) [0x5a0998029886]
.lake/build/bin/hexrealalgebraic_conformance(+0xcdfbdb) [0x5a09942f7bdb]
.lake/build/bin/hexrealalgebraic_conformance(+0x4a11886) [0x5a0998029886]
.lake/build/bin/hexrealalgebraic_conformance(+0xce1835) [0x5a09942f9835]
.lake/build/bin/hexrealalgebraic_conformance(+0xba0fd6) [0x5a09941b8fd6]
.lake/build/bin/hexrealalgebraic_conformance(+0x49f7537) [0x5a099800f537]
.lake/build/bin/hexrealalgebraic_conformance(+0x49f7baa) [0x5a099800fbaa]
/nix/store/qqiqd3ah10x8hzsif4j1y4xc1miw23nx-glibc-2.42-67/lib/libc.so.6(+0x9ce53) [0x72fa25e9ce53]
/nix/store/qqiqd3ah10x8hzsif4j1y4xc1miw23nx-glibc-2.42-67/lib/libc.so.6(+0x12407c) [0x72fa25f2407c]
AlgebraicRoot.mul: certification failed
backtrace:
.lake/build/bin/hexrealalgebraic_conformance(+0x4a11305) [0x5a0998029305]
.lake/build/bin/hexrealalgebraic_conformance(+0x4a07e97) [0x5a099801fe97]
.lake/build/bin/hexrealalgebraic_conformance(+0x4a07f7b) [0x5a099801ff7b]
.lake/build/bin/hexrealalgebraic_conformance(+0xca7503) [0x5a09942bf503]
.lake/build/bin/hexrealalgebraic_conformance(+0xcd2416) [0x5a09942ea416]
.lake/build/bin/hexrealalgebraic_conformance(+0xcdf828) [0x5a09942f7828]
.lake/build/bin/hexrealalgebraic_conformance(+0x4a117a6) [0x5a09980297a6]
.lake/build/bin/hexrealalgebraic_conformance(+0xce384b) [0x5a09942fb84b]
.lake/build/bin/hexrealalgebraic_conformance(+0x4a117a6) [0x5a09980297a6]
.lake/build/bin/hexrealalgebraic_conformance(+0xcdfeab) [0x5a09942f7eab]
.lake/build/bin/hexrealalgebraic_conformance(+0x4a11886) [0x5a0998029886]
.lake/build/bin/hexrealalgebraic_conformance(+0xcdfbdb) [0x5a09942f7bdb]
.lake/build/bin/hexrealalgebraic_conformance(+0x4a11886) [0x5a0998029886]
.lake/build/bin/hexrealalgebraic_conformance(+0xce1835) [0x5a09942f9835]
.lake/build/bin/hexrealalgebraic_conformance(+0xba0fd6) [0x5a09941b8fd6]
.lake/build/bin/hexrealalgebraic_conformance(+0x49f7537) [0x5a099800f537]
.lake/build/bin/hexrealalgebraic_conformance(+0x49f7baa) [0x5a099800fbaa]
/nix/store/qqiqd3ah10x8hzsif4j1y4xc1miw23nx-glibc-2.42-67/lib/libc.so.6(+0x9ce53) [0x72fa25e9ce53]
/nix/store/qqiqd3ah10x8hzsif4j1y4xc1miw23nx-glibc-2.42-67/lib/libc.so.6(+0x12407c) [0x72fa25f2407c]
checking irrationalCoefficient
AlgebraicRoot.mul: certification failed
backtrace:
.lake/build/bin/hexrealalgebraic_conformance(+0x4a11305) [0x5a0998029305]
.lake/build/bin/hexrealalgebraic_conformance(+0x4a07e97) [0x5a099801fe97]
.lake/build/bin/hexrealalgebraic_conformance(+0x4a07f7b) [0x5a099801ff7b]
.lake/build/bin/hexrealalgebraic_conformance(+0xca7503) [0x5a09942bf503]
.lake/build/bin/hexrealalgebraic_conformance(+0xcd2416) [0x5a09942ea416]
.lake/build/bin/hexrealalgebraic_conformance(+0xce0120) [0x5a09942f8120]
.lake/build/bin/hexrealalgebraic_conformance(+0xce037a) [0x5a09942f837a]
.lake/build/bin/hexrealalgebraic_conformance(+0x4a11886) [0x5a0998029886]
.lake/build/bin/hexrealalgebraic_conformance(+0xce18a6) [0x5a09942f98a6]
.lake/build/bin/hexrealalgebraic_conformance(+0xba0fd6) [0x5a09941b8fd6]
.lake/build/bin/hexrealalgebraic_conformance(+0x49f7537) [0x5a099800f537]
.lake/build/bin/hexrealalgebraic_conformance(+0x49f7baa) [0x5a099800fbaa]
/nix/store/qqiqd3ah10x8hzsif4j1y4xc1miw23nx-glibc-2.42-67/lib/libc.so.6(+0x9ce53) [0x72fa25e9ce53]
/nix/store/qqiqd3ah10x8hzsif4j1y4xc1miw23nx-glibc-2.42-67/lib/libc.so.6(+0x12407c) [0x72fa25f2407c]
AlgebraicRoot.mul: certification failed
backtrace:
.lake/build/bin/hexrealalgebraic_conformance(+0x4a11305) [0x5a0998029305]
.lake/build/bin/hexrealalgebraic_conformance(+0x4a07e97) [0x5a099801fe97]
.lake/build/bin/hexrealalgebraic_conformance(+0x4a07f7b) [0x5a099801ff7b]
.lake/build/bin/hexrealalgebraic_conformance(+0xca7503) [0x5a09942bf503]
.lake/build/bin/hexrealalgebraic_conformance(+0xcd2416) [0x5a09942ea416]
.lake/build/bin/hexrealalgebraic_conformance(+0xce0120) [0x5a09942f8120]
.lake/build/bin/hexrealalgebraic_conformance(+0xce037a) [0x5a09942f837a]
.lake/build/bin/hexrealalgebraic_conformance(+0x4a11886) [0x5a0998029886]
.lake/build/bin/hexrealalgebraic_conformance(+0xce18a6) [0x5a09942f98a6]
.lake/build/bin/hexrealalgebraic_conformance(+0xba0fd6) [0x5a09941b8fd6]
.lake/build/bin/hexrealalgebraic_conformance(+0x49f7537) [0x5a099800f537]
.lake/build/bin/hexrealalgebraic_conformance(+0x49f7baa) [0x5a099800fbaa]
/nix/store/qqiqd3ah10x8hzsif4j1y4xc1miw23nx-glibc-2.42-67/lib/libc.so.6(+0x9ce53) [0x72fa25e9ce53]
/nix/store/qqiqd3ah10x8hzsif4j1y4xc1miw23nx-glibc-2.42-67/lib/libc.so.6(+0x12407c) [0x72fa25f2407c]
checking repeatedRoots
checking integerRounding
AlgebraicRoot.add: certification failed
backtrace:
.lake/build/bin/hexrealalgebraic_conformance(+0x4a11305) [0x5a0998029305]
.lake/build/bin/hexrealalgebraic_conformance(+0x4a07e97) [0x5a099801fe97]
.lake/build/bin/hexrealalgebraic_conformance(+0x4a07f7b) [0x5a099801ff7b]
.lake/build/bin/hexrealalgebraic_conformance(+0xca72a7) [0x5a09942bf2a7]
.lake/build/bin/hexrealalgebraic_conformance(+0x4a117a6) [0x5a09980297a6]
.lake/build/bin/hexrealalgebraic_conformance(+0xcf4462) [0x5a099430c462]
.lake/build/bin/hexrealalgebraic_conformance(+0x4a117a6) [0x5a09980297a6]
.lake/build/bin/hexrealalgebraic_conformance(+0xcf43a7) [0x5a099430c3a7]
.lake/build/bin/hexrealalgebraic_conformance(+0x4a117a6) [0x5a09980297a6]
.lake/build/bin/hexrealalgebraic_conformance(+0xcf428b) [0x5a099430c28b]
.lake/build/bin/hexrealalgebraic_conformance(+0x4a117a6) [0x5a09980297a6]
.lake/build/bin/hexrealalgebraic_conformance(+0xceb28a) [0x5a099430328a]
.lake/build/bin/hexrealalgebraic_conformance(+0x4a11886) [0x5a0998029886]
.lake/build/bin/hexrealalgebraic_conformance(+0xcead0b) [0x5a0994302d0b]
.lake/build/bin/hexrealalgebraic_conformance(+0x4a11886) [0x5a0998029886]
.lake/build/bin/hexrealalgebraic_conformance(+0xcebf29) [0x5a0994303f29]
.lake/build/bin/hexrealalgebraic_conformance(+0x4a1447f) [0x5a099802c47f]
.lake/build/bin/hexrealalgebraic_conformance(+0xcf3e43) [0x5a099430be43]
.lake/build/bin/hexrealalgebraic_conformance(+0xcf40a2) [0x5a099430c0a2]
.lake/build/bin/hexrealalgebraic_conformance(+0x49f7537) [0x5a099800f537]
.lake/build/bin/hexrealalgebraic_conformance(+0x49f7baa) [0x5a099800fbaa]
/nix/store/qqiqd3ah10x8hzsif4j1y4xc1miw23nx-glibc-2.42-67/lib/libc.so.6(+0x9ce53) [0x72fa25e9ce53]
/nix/store/qqiqd3ah10x8hzsif4j1y4xc1miw23nx-glibc-2.42-67/lib/libc.so.6(+0x12407c) [0x72fa25f2407c]
AlgebraicRoot.add: certification failed
backtrace:
.lake/build/bin/hexrealalgebraic_conformance(+0x4a11305) [0x5a0998029305]
.lake/build/bin/hexrealalgebraic_conformance(+0x4a07e97) [0x5a099801fe97]
.lake/build/bin/hexrealalgebraic_conformance(+0x4a07f7b) [0x5a099801ff7b]
.lake/build/bin/hexrealalgebraic_conformance(+0xca72a7) [0x5a09942bf2a7]
.lake/build/bin/hexrealalgebraic_conformance(+0xcdc86f) [0x5a09942f486f]
.lake/build/bin/hexrealalgebraic_conformance(+0x4a117a6) [0x5a09980297a6]
.lake/build/bin/hexrealalgebraic_conformance(+0xceb593) [0x5a0994303593]
.lake/build/bin/hexrealalgebraic_conformance(+0x4a11886) [0x5a0998029886]
.lake/build/bin/hexrealalgebraic_conformance(+0xceaf09) [0x5a0994302f09]
.lake/build/bin/hexrealalgebraic_conformance(+0x4a11886) [0x5a0998029886]
.lake/build/bin/hexrealalgebraic_conformance(+0xcebf29) [0x5a0994303f29]
.lake/build/bin/hexrealalgebraic_conformance(+0x4a1447f) [0x5a099802c47f]
.lake/build/bin/hexrealalgebraic_conformance(+0xcf3e43) [0x5a099430be43]
.lake/build/bin/hexrealalgebraic_conformance(+0xcf40a2) [0x5a099430c0a2]
.lake/build/bin/hexrealalgebraic_conformance(+0x49f7537) [0x5a099800f537]
.lake/build/bin/hexrealalgebraic_conformance(+0x49f7baa) [0x5a099800fbaa]
/nix/store/qqiqd3ah10x8hzsif4j1y4xc1miw23nx-glibc-2.42-67/lib/libc.so.6(+0x9ce53) [0x72fa25e9ce53]
/nix/store/qqiqd3ah10x8hzsif4j1y4xc1miw23nx-glibc-2.42-67/lib/libc.so.6(+0x12407c) [0x72fa25f2407c]
AlgebraicRoot.mul: certification failed
backtrace:
.lake/build/bin/hexrealalgebraic_conformance(+0x4a11305) [0x5a0998029305]
.lake/build/bin/hexrealalgebraic_conformance(+0x4a07e97) [0x5a099801fe97]
.lake/build/bin/hexrealalgebraic_conformance(+0x4a07f7b) [0x5a099801ff7b]
.lake/build/bin/hexrealalgebraic_conformance(+0xca7503) [0x5a09942bf503]
.lake/build/bin/hexrealalgebraic_conformance(+0x4a117a6) [0x5a09980297a6]
.lake/build/bin/hexrealalgebraic_conformance(+0xcdc9b4) [0x5a09942f49b4]
.lake/build/bin/hexrealalgebraic_conformance(+0x4a117a6) [0x5a09980297a6]
.lake/build/bin/hexrealalgebraic_conformance(+0xceb613) [0x5a0994303613]
.lake/build/bin/hexrealalgebraic_conformance(+0x4a11886) [0x5a0998029886]
.lake/build/bin/hexrealalgebraic_conformance(+0xceaf2f) [0x5a0994302f2f]
.lake/build/bin/hexrealalgebraic_conformance(+0x4a11886) [0x5a0998029886]
.lake/build/bin/hexrealalgebraic_conformance(+0xcebf29) [0x5a0994303f29]
.lake/build/bin/hexrealalgebraic_conformance(+0x4a1447f) [0x5a099802c47f]
.lake/build/bin/hexrealalgebraic_conformance(+0xcf3e43) [0x5a099430be43]
.lake/build/bin/hexrealalgebraic_conformance(+0xcf40a2) [0x5a099430c0a2]
.lake/build/bin/hexrealalgebraic_conformance(+0x49f7537) [0x5a099800f537]
.lake/build/bin/hexrealalgebraic_conformance(+0x49f7baa) [0x5a099800fbaa]
/nix/store/qqiqd3ah10x8hzsif4j1y4xc1miw23nx-glibc-2.42-67/lib/libc.so.6(+0x9ce53) [0x72fa25e9ce53]
/nix/store/qqiqd3ah10x8hzsif4j1y4xc1miw23nx-glibc-2.42-67/lib/libc.so.6(+0x12407c) [0x72fa25f2407c]
AlgebraicRoot.mul: certification failed
backtrace:
.lake/build/bin/hexrealalgebraic_conformance(+0x4a11305) [0x5a0998029305]
.lake/build/bin/hexrealalgebraic_conformance(+0x4a07e97) [0x5a099801fe97]
.lake/build/bin/hexrealalgebraic_conformance(+0x4a07f7b) [0x5a099801ff7b]
.lake/build/bin/hexrealalgebraic_conformance(+0xca7503) [0x5a09942bf503]
.lake/build/bin/hexrealalgebraic_conformance(+0x4a117a6) [0x5a09980297a6]
.lake/build/bin/hexrealalgebraic_conformance(+0xcf4705) [0x5a099430c705]
.lake/build/bin/hexrealalgebraic_conformance(+0x4a117a6) [0x5a09980297a6]
.lake/build/bin/hexrealalgebraic_conformance(+0xceb693) [0x5a0994303693]
.lake/build/bin/hexrealalgebraic_conformance(+0x4a11886) [0x5a0998029886]
.lake/build/bin/hexrealalgebraic_conformance(+0xceaf55) [0x5a0994302f55]
.lake/build/bin/hexrealalgebraic_conformance(+0x4a11886) [0x5a0998029886]
.lake/build/bin/hexrealalgebraic_conformance(+0xcebf29) [0x5a0994303f29]
.lake/build/bin/hexrealalgebraic_conformance(+0x4a1447f) [0x5a099802c47f]
.lake/build/bin/hexrealalgebraic_conformance(+0xcf3e43) [0x5a099430be43]
.lake/build/bin/hexrealalgebraic_conformance(+0xcf40a2) [0x5a099430c0a2]
.lake/build/bin/hexrealalgebraic_conformance(+0x49f7537) [0x5a099800f537]
.lake/build/bin/hexrealalgebraic_conformance(+0x49f7baa) [0x5a099800fbaa]
/nix/store/qqiqd3ah10x8hzsif4j1y4xc1miw23nx-glibc-2.42-67/lib/libc.so.6(+0x9ce53) [0x72fa25e9ce53]
/nix/store/qqiqd3ah10x8hzsif4j1y4xc1miw23nx-glibc-2.42-67/lib/libc.so.6(+0x12407c) [0x72fa25f2407c]
AlgebraicRoot.add: certification failed
backtrace:
.lake/build/bin/hexrealalgebraic_conformance(+0x4a11305) [0x5a0998029305]
.lake/build/bin/hexrealalgebraic_conformance(+0x4a07e97) [0x5a099801fe97]
.lake/build/bin/hexrealalgebraic_conformance(+0x4a07f7b) [0x5a099801ff7b]
.lake/build/bin/hexrealalgebraic_conformance(+0xca72a7) [0x5a09942bf2a7]
.lake/build/bin/hexrealalgebraic_conformance(+0x4a117a6) [0x5a09980297a6]
.lake/build/bin/hexrealalgebraic_conformance(+0xceb693) [0x5a0994303693]
.lake/build/bin/hexrealalgebraic_conformance(+0x4a11886) [0x5a0998029886]
.lake/build/bin/hexrealalgebraic_conformance(+0xceaf55) [0x5a0994302f55]
.lake/build/bin/hexrealalgebraic_conformance(+0x4a11886) [0x5a0998029886]
.lake/build/bin/hexrealalgebraic_conformance(+0xcebf29) [0x5a0994303f29]
.lake/build/bin/hexrealalgebraic_conformance(+0x4a1447f) [0x5a099802c47f]
.lake/build/bin/hexrealalgebraic_conformance(+0xcf3e43) [0x5a099430be43]
.lake/build/bin/hexrealalgebraic_conformance(+0xcf40a2) [0x5a099430c0a2]
.lake/build/bin/hexrealalgebraic_conformance(+0x49f7537) [0x5a099800f537]
.lake/build/bin/hexrealalgebraic_conformance(+0x49f7baa) [0x5a099800fbaa]
/nix/store/qqiqd3ah10x8hzsif4j1y4xc1miw23nx-glibc-2.42-67/lib/libc.so.6(+0x9ce53) [0x72fa25e9ce53]
/nix/store/qqiqd3ah10x8hzsif4j1y4xc1miw23nx-glibc-2.42-67/lib/libc.so.6(+0x12407c) [0x72fa25f2407c]
AlgebraicRoot.mul: certification failed
backtrace:
.lake/build/bin/hexrealalgebraic_conformance(+0x4a11305) [0x5a0998029305]
.lake/build/bin/hexrealalgebraic_conformance(+0x4a07e97) [0x5a099801fe97]
.lake/build/bin/hexrealalgebraic_conformance(+0x4a07f7b) [0x5a099801ff7b]
.lake/build/bin/hexrealalgebraic_conformance(+0xca7503) [0x5a09942bf503]
.lake/build/bin/hexrealalgebraic_conformance(+0xcd2416) [0x5a09942ea416]
.lake/build/bin/hexrealalgebraic_conformance(+0x4a117a6) [0x5a09980297a6]
.lake/build/bin/hexrealalgebraic_conformance(+0xcf47d5) [0x5a099430c7d5]
.lake/build/bin/hexrealalgebraic_conformance(+0x4a117a6) [0x5a09980297a6]
.lake/build/bin/hexrealalgebraic_conformance(+0xceb6e5) [0x5a09943036e5]
.lake/build/bin/hexrealalgebraic_conformance(+0x4a11886) [0x5a0998029886]
.lake/build/bin/hexrealalgebraic_conformance(+0xceaf7b) [0x5a0994302f7b]
.lake/build/bin/hexrealalgebraic_conformance(+0x4a11886) [0x5a0998029886]
.lake/build/bin/hexrealalgebraic_conformance(+0xcebf29) [0x5a0994303f29]
.lake/build/bin/hexrealalgebraic_conformance(+0x4a1447f) [0x5a099802c47f]
.lake/build/bin/hexrealalgebraic_conformance(+0xcf3e43) [0x5a099430be43]
.lake/build/bin/hexrealalgebraic_conformance(+0xcf40a2) [0x5a099430c0a2]
.lake/build/bin/hexrealalgebraic_conformance(+0x49f7537) [0x5a099800f537]
.lake/build/bin/hexrealalgebraic_conformance(+0x49f7baa) [0x5a099800fbaa]
/nix/store/qqiqd3ah10x8hzsif4j1y4xc1miw23nx-glibc-2.42-67/lib/libc.so.6(+0x9ce53) [0x72fa25e9ce53]
/nix/store/qqiqd3ah10x8hzsif4j1y4xc1miw23nx-glibc-2.42-67/lib/libc.so.6(+0x12407c) [0x72fa25f2407c]
AlgebraicRoot.mul: certification failed
backtrace:
.lake/build/bin/hexrealalgebraic_conformance(+0x4a11305) [0x5a0998029305]
.lake/build/bin/hexrealalgebraic_conformance(+0x4a07e97) [0x5a099801fe97]
.lake/build/bin/hexrealalgebraic_conformance(+0x4a07f7b) [0x5a099801ff7b]
.lake/build/bin/hexrealalgebraic_conformance(+0xca7503) [0x5a09942bf503]
.lake/build/bin/hexrealalgebraic_conformance(+0xcd2416) [0x5a09942ea416]
.lake/build/bin/hexrealalgebraic_conformance(+0x4a117a6) [0x5a09980297a6]
.lake/build/bin/hexrealalgebraic_conformance(+0xcf4803) [0x5a099430c803]
.lake/build/bin/hexrealalgebraic_conformance(+0x4a117a6) [0x5a09980297a6]
.lake/build/bin/hexrealalgebraic_conformance(+0xceb6e5) [0x5a09943036e5]
.lake/build/bin/hexrealalgebraic_conformance(+0x4a11886) [0x5a0998029886]
.lake/build/bin/hexrealalgebraic_conformance(+0xceaf7b) [0x5a0994302f7b]
.lake/build/bin/hexrealalgebraic_conformance(+0x4a11886) [0x5a0998029886]
.lake/build/bin/hexrealalgebraic_conformance(+0xcebf29) [0x5a0994303f29]
.lake/build/bin/hexrealalgebraic_conformance(+0x4a1447f) [0x5a099802c47f]
.lake/build/bin/hexrealalgebraic_conformance(+0xcf3e43) [0x5a099430be43]
.lake/build/bin/hexrealalgebraic_conformance(+0xcf40a2) [0x5a099430c0a2]
.lake/build/bin/hexrealalgebraic_conformance(+0x49f7537) [0x5a099800f537]
.lake/build/bin/hexrealalgebraic_conformance(+0x49f7baa) [0x5a099800fbaa]
/nix/store/qqiqd3ah10x8hzsif4j1y4xc1miw23nx-glibc-2.42-67/lib/libc.so.6(+0x9ce53) [0x72fa25e9ce53]
/nix/store/qqiqd3ah10x8hzsif4j1y4xc1miw23nx-glibc-2.42-67/lib/libc.so.6(+0x12407c) [0x72fa25f2407c]
AlgebraicRoot.mul: certification failed
backtrace:
.lake/build/bin/hexrealalgebraic_conformance(+0x4a11305) [0x5a0998029305]
.lake/build/bin/hexrealalgebraic_conformance(+0x4a07e97) [0x5a099801fe97]
.lake/build/bin/hexrealalgebraic_conformance(+0x4a07f7b) [0x5a099801ff7b]
.lake/build/bin/hexrealalgebraic_conformance(+0xca7503) [0x5a09942bf503]
.lake/build/bin/hexrealalgebraic_conformance(+0x4a117a6) [0x5a09980297a6]
.lake/build/bin/hexrealalgebraic_conformance(+0xcf4842) [0x5a099430c842]
.lake/build/bin/hexrealalgebraic_conformance(+0x4a117a6) [0x5a09980297a6]
.lake/build/bin/hexrealalgebraic_conformance(+0xceb713) [0x5a0994303713]
.lake/build/bin/hexrealalgebraic_conformance(+0x4a11886) [0x5a0998029886]
.lake/build/bin/hexrealalgebraic_conformance(+0xceaf7b) [0x5a0994302f7b]
.lake/build/bin/hexrealalgebraic_conformance(+0x4a11886) [0x5a0998029886]
.lake/build/bin/hexrealalgebraic_conformance(+0xcebf29) [0x5a0994303f29]
.lake/build/bin/hexrealalgebraic_conformance(+0x4a1447f) [0x5a099802c47f]
.lake/build/bin/hexrealalgebraic_conformance(+0xcf3e43) [0x5a099430be43]
.lake/build/bin/hexrealalgebraic_conformance(+0xcf40a2) [0x5a099430c0a2]
.lake/build/bin/hexrealalgebraic_conformance(+0x49f7537) [0x5a099800f537]
.lake/build/bin/hexrealalgebraic_conformance(+0x49f7baa) [0x5a099800fbaa]
/nix/store/qqiqd3ah10x8hzsif4j1y4xc1miw23nx-glibc-2.42-67/lib/libc.so.6(+0x9ce53) [0x72fa25e9ce53]
/nix/store/qqiqd3ah10x8hzsif4j1y4xc1miw23nx-glibc-2.42-67/lib/libc.so.6(+0x12407c) [0x72fa25f2407c]
AlgebraicRoot.add: certification failed
backtrace:
.lake/build/bin/hexrealalgebraic_conformance(+0x4a11305) [0x5a0998029305]
.lake/build/bin/hexrealalgebraic_conformance(+0x4a07e97) [0x5a099801fe97]
.lake/build/bin/hexrealalgebraic_conformance(+0x4a07f7b) [0x5a099801ff7b]
.lake/build/bin/hexrealalgebraic_conformance(+0xca72a7) [0x5a09942bf2a7]
.lake/build/bin/hexrealalgebraic_conformance(+0xcdc86f) [0x5a09942f486f]
.lake/build/bin/hexrealalgebraic_conformance(+0x4a117a6) [0x5a09980297a6]
.lake/build/bin/hexrealalgebraic_conformance(+0xceb713) [0x5a0994303713]
.lake/build/bin/hexrealalgebraic_conformance(+0x4a11886) [0x5a0998029886]
.lake/build/bin/hexrealalgebraic_conformance(+0xceaf7b) [0x5a0994302f7b]
.lake/build/bin/hexrealalgebraic_conformance(+0x4a11886) [0x5a0998029886]
.lake/build/bin/hexrealalgebraic_conformance(+0xcebf29) [0x5a0994303f29]
.lake/build/bin/hexrealalgebraic_conformance(+0x4a1447f) [0x5a099802c47f]
.lake/build/bin/hexrealalgebraic_conformance(+0xcf3e43) [0x5a099430be43]
.lake/build/bin/hexrealalgebraic_conformance(+0xcf40a2) [0x5a099430c0a2]
.lake/build/bin/hexrealalgebraic_conformance(+0x49f7537) [0x5a099800f537]
.lake/build/bin/hexrealalgebraic_conformance(+0x49f7baa) [0x5a099800fbaa]
/nix/store/qqiqd3ah10x8hzsif4j1y4xc1miw23nx-glibc-2.42-67/lib/libc.so.6(+0x9ce53) [0x72fa25e9ce53]
/nix/store/qqiqd3ah10x8hzsif4j1y4xc1miw23nx-glibc-2.42-67/lib/libc.so.6(+0x12407c) [0x72fa25f2407c]
AlgebraicRoot.mul: certification failed
backtrace:
.lake/build/bin/hexrealalgebraic_conformance(+0x4a11305) [0x5a0998029305]
.lake/build/bin/hexrealalgebraic_conformance(+0x4a07e97) [0x5a099801fe97]
.lake/build/bin/hexrealalgebraic_conformance(+0x4a07f7b) [0x5a099801ff7b]
.lake/build/bin/hexrealalgebraic_conformance(+0xca7503) [0x5a09942bf503]
.lake/build/bin/hexrealalgebraic_conformance(+0xcd2416) [0x5a09942ea416]
.lake/build/bin/hexrealalgebraic_conformance(+0x4a117a6) [0x5a09980297a6]
.lake/build/bin/hexrealalgebraic_conformance(+0xcf49b3) [0x5a099430c9b3]
.lake/build/bin/hexrealalgebraic_conformance(+0x4a117a6) [0x5a09980297a6]
.lake/build/bin/hexrealalgebraic_conformance(+0xceb765) [0x5a0994303765]
.lake/build/bin/hexrealalgebraic_conformance(+0x4a11886) [0x5a0998029886]
.lake/build/bin/hexrealalgebraic_conformance(+0xceafa1) [0x5a0994302fa1]
.lake/build/bin/hexrealalgebraic_conformance(+0x4a11886) [0x5a0998029886]
.lake/build/bin/hexrealalgebraic_conformance(+0xcebf29) [0x5a0994303f29]
.lake/build/bin/hexrealalgebraic_conformance(+0x4a1447f) [0x5a099802c47f]
.lake/build/bin/hexrealalgebraic_conformance(+0xcf3e43) [0x5a099430be43]
.lake/build/bin/hexrealalgebraic_conformance(+0xcf40a2) [0x5a099430c0a2]
.lake/build/bin/hexrealalgebraic_conformance(+0x49f7537) [0x5a099800f537]
.lake/build/bin/hexrealalgebraic_conformance(+0x49f7baa) [0x5a099800fbaa]
/nix/store/qqiqd3ah10x8hzsif4j1y4xc1miw23nx-glibc-2.42-67/lib/libc.so.6(+0x9ce53) [0x72fa25e9ce53]
/nix/store/qqiqd3ah10x8hzsif4j1y4xc1miw23nx-glibc-2.42-67/lib/libc.so.6(+0x12407c) [0x72fa25f2407c]
AlgebraicRoot.mul: certification failed
backtrace:
.lake/build/bin/hexrealalgebraic_conformance(+0x4a11305) [0x5a0998029305]
.lake/build/bin/hexrealalgebraic_conformance(+0x4a07e97) [0x5a099801fe97]
.lake/build/bin/hexrealalgebraic_conformance(+0x4a07f7b) [0x5a099801ff7b]
.lake/build/bin/hexrealalgebraic_conformance(+0xca7503) [0x5a09942bf503]
.lake/build/bin/hexrealalgebraic_conformance(+0xcd2416) [0x5a09942ea416]
.lake/build/bin/hexrealalgebraic_conformance(+0x4a117a6) [0x5a09980297a6]
.lake/build/bin/hexrealalgebraic_conformance(+0xceb765) [0x5a0994303765]
.lake/build/bin/hexrealalgebraic_conformance(+0x4a11886) [0x5a0998029886]
.lake/build/bin/hexrealalgebraic_conformance(+0xceafa1) [0x5a0994302fa1]
.lake/build/bin/hexrealalgebraic_conformance(+0x4a11886) [0x5a0998029886]
.lake/build/bin/hexrealalgebraic_conformance(+0xcebf29) [0x5a0994303f29]
.lake/build/bin/hexrealalgebraic_conformance(+0x4a1447f) [0x5a099802c47f]
.lake/build/bin/hexrealalgebraic_conformance(+0xcf3e43) [0x5a099430be43]
.lake/build/bin/hexrealalgebraic_conformance(+0xcf40a2) [0x5a099430c0a2]
.lake/build/bin/hexrealalgebraic_conformance(+0x49f7537) [0x5a099800f537]
.lake/build/bin/hexrealalgebraic_conformance(+0x49f7baa) [0x5a099800fbaa]
/nix/store/qqiqd3ah10x8hzsif4j1y4xc1miw23nx-glibc-2.42-67/lib/libc.so.6(+0x9ce53) [0x72fa25e9ce53]
/nix/store/qqiqd3ah10x8hzsif4j1y4xc1miw23nx-glibc-2.42-67/lib/libc.so.6(+0x12407c) [0x72fa25f2407c]
AlgebraicRoot.mul: certification failed
backtrace:
.lake/build/bin/hexrealalgebraic_conformance(+0x4a11305) [0x5a0998029305]
.lake/build/bin/hexrealalgebraic_conformance(+0x4a07e97) [0x5a099801fe97]
.lake/build/bin/hexrealalgebraic_conformance(+0x4a07f7b) [0x5a099801ff7b]
.lake/build/bin/hexrealalgebraic_conformance(+0xca7503) [0x5a09942bf503]
.lake/build/bin/hexrealalgebraic_conformance(+0x4a117a6) [0x5a09980297a6]
.lake/build/bin/hexrealalgebraic_conformance(+0xcebaeb) [0x5a0994303aeb]
.lake/build/bin/hexrealalgebraic_conformance(+0x4a11886) [0x5a0998029886]
.lake/build/bin/hexrealalgebraic_conformance(+0xceb0f7) [0x5a09943030f7]
.lake/build/bin/hexrealalgebraic_conformance(+0x4a11886) [0x5a0998029886]
.lake/build/bin/hexrealalgebraic_conformance(+0xcebf29) [0x5a0994303f29]
.lake/build/bin/hexrealalgebraic_conformance(+0x4a1447f) [0x5a099802c47f]
.lake/build/bin/hexrealalgebraic_conformance(+0xcf3e43) [0x5a099430be43]
.lake/build/bin/hexrealalgebraic_conformance(+0xcf40a2) [0x5a099430c0a2]
.lake/build/bin/hexrealalgebraic_conformance(+0x49f7537) [0x5a099800f537]
.lake/build/bin/hexrealalgebraic_conformance(+0x49f7baa) [0x5a099800fbaa]
/nix/store/qqiqd3ah10x8hzsif4j1y4xc1miw23nx-glibc-2.42-67/lib/libc.so.6(+0x9ce53) [0x72fa25e9ce53]
/nix/store/qqiqd3ah10x8hzsif4j1y4xc1miw23nx-glibc-2.42-67/lib/libc.so.6(+0x12407c) [0x72fa25f2407c]
AlgebraicRoot.add: certification failed
backtrace:
.lake/build/bin/hexrealalgebraic_conformance(+0x4a11305) [0x5a0998029305]
.lake/build/bin/hexrealalgebraic_conformance(+0x4a07e97) [0x5a099801fe97]
.lake/build/bin/hexrealalgebraic_conformance(+0x4a07f7b) [0x5a099801ff7b]
.lake/build/bin/hexrealalgebraic_conformance(+0xca72a7) [0x5a09942bf2a7]
.lake/build/bin/hexrealalgebraic_conformance(+0x4a117a6) [0x5a09980297a6]
.lake/build/bin/hexrealalgebraic_conformance(+0xcf4be3) [0x5a099430cbe3]
.lake/build/bin/hexrealalgebraic_conformance(+0x4a117a6) [0x5a09980297a6]
.lake/build/bin/hexrealalgebraic_conformance(+0xcebd93) [0x5a0994303d93]
.lake/build/bin/hexrealalgebraic_conformance(+0x4a11886) [0x5a0998029886]
.lake/build/bin/hexrealalgebraic_conformance(+0xceb229) [0x5a0994303229]
.lake/build/bin/hexrealalgebraic_conformance(+0x4a11886) [0x5a0998029886]
.lake/build/bin/hexrealalgebraic_conformance(+0xcebf29) [0x5a0994303f29]
.lake/build/bin/hexrealalgebraic_conformance(+0x4a1447f) [0x5a099802c47f]
.lake/build/bin/hexrealalgebraic_conformance(+0xcf3e43) [0x5a099430be43]
.lake/build/bin/hexrealalgebraic_conformance(+0xcf40a2) [0x5a099430c0a2]
.lake/build/bin/hexrealalgebraic_conformance(+0x49f7537) [0x5a099800f537]
.lake/build/bin/hexrealalgebraic_conformance(+0x49f7baa) [0x5a099800fbaa]
/nix/store/qqiqd3ah10x8hzsif4j1y4xc1miw23nx-glibc-2.42-67/lib/libc.so.6(+0x9ce53) [0x72fa25e9ce53]
/nix/store/qqiqd3ah10x8hzsif4j1y4xc1miw23nx-glibc-2.42-67/lib/libc.so.6(+0x12407c) [0x72fa25f2407c]
complex algebraic check passed: conjugation/order/projections
complex algebraic check passed: conjugate pairs
AlgebraicRoot.mul: certification failed
backtrace:
.lake/build/bin/hexrealalgebraic_conformance(+0x4a11305) [0x5a0998029305]
.lake/build/bin/hexrealalgebraic_conformance(+0x4a07e97) [0x5a099801fe97]
.lake/build/bin/hexrealalgebraic_conformance(+0x4a07f7b) [0x5a099801ff7b]
.lake/build/bin/hexrealalgebraic_conformance(+0xca7503) [0x5a09942bf503]
.lake/build/bin/hexrealalgebraic_conformance(+0x4a117a6) [0x5a09980297a6]
.lake/build/bin/hexrealalgebraic_conformance(+0xcf5f72) [0x5a099430df72]
.lake/build/bin/hexrealalgebraic_conformance(+0x4a117a6) [0x5a09980297a6]
.lake/build/bin/hexrealalgebraic_conformance(+0xcecd53) [0x5a0994304d53]
.lake/build/bin/hexrealalgebraic_conformance(+0x4a11886) [0x5a0998029886]
.lake/build/bin/hexrealalgebraic_conformance(+0xcec8d9) [0x5a09943048d9]
.lake/build/bin/hexrealalgebraic_conformance(+0x4a11886) [0x5a0998029886]
.lake/build/bin/hexrealalgebraic_conformance(+0xced1a9) [0x5a09943051a9]
.lake/build/bin/hexrealalgebraic_conformance(+0x4a1447f) [0x5a099802c47f]
.lake/build/bin/hexrealalgebraic_conformance(+0xcf3f2c) [0x5a099430bf2c]
.lake/build/bin/hexrealalgebraic_conformance(+0xcf40a2) [0x5a099430c0a2]
.lake/build/bin/hexrealalgebraic_conformance(+0x49f7537) [0x5a099800f537]
.lake/build/bin/hexrealalgebraic_conformance(+0x49f7baa) [0x5a099800fbaa]
/nix/store/qqiqd3ah10x8hzsif4j1y4xc1miw23nx-glibc-2.42-67/lib/libc.so.6(+0x9ce53) [0x72fa25e9ce53]
/nix/store/qqiqd3ah10x8hzsif4j1y4xc1miw23nx-glibc-2.42-67/lib/libc.so.6(+0x12407c) [0x72fa25f2407c]
AlgebraicRoot.mul: certification failed
backtrace:
.lake/build/bin/hexrealalgebraic_conformance(+0x4a11305) [0x5a0998029305]
.lake/build/bin/hexrealalgebraic_conformance(+0x4a07e97) [0x5a099801fe97]
.lake/build/bin/hexrealalgebraic_conformance(+0x4a07f7b) [0x5a099801ff7b]
.lake/build/bin/hexrealalgebraic_conformance(+0xca7503) [0x5a09942bf503]
.lake/build/bin/hexrealalgebraic_conformance(+0xcc71b9) [0x5a09942df1b9]
.lake/build/bin/hexrealalgebraic_conformance(+0xcc7189) [0x5a09942df189]
.lake/build/bin/hexrealalgebraic_conformance(+0xcc7189) [0x5a09942df189]
.lake/build/bin/hexrealalgebraic_conformance(+0x4a117a6) [0x5a09980297a6]
.lake/build/bin/hexrealalgebraic_conformance(+0xcece23) [0x5a0994304e23]
.lake/build/bin/hexrealalgebraic_conformance(+0x4a11886) [0x5a0998029886]
.lake/build/bin/hexrealalgebraic_conformance(+0xcec925) [0x5a0994304925]
.lake/build/bin/hexrealalgebraic_conformance(+0x4a11886) [0x5a0998029886]
.lake/build/bin/hexrealalgebraic_conformance(+0xced1a9) [0x5a09943051a9]
.lake/build/bin/hexrealalgebraic_conformance(+0x4a1447f) [0x5a099802c47f]
.lake/build/bin/hexrealalgebraic_conformance(+0xcf3f2c) [0x5a099430bf2c]
.lake/build/bin/hexrealalgebraic_conformance(+0xcf40a2) [0x5a099430c0a2]
.lake/build/bin/hexrealalgebraic_conformance(+0x49f7537) [0x5a099800f537]
.lake/build/bin/hexrealalgebraic_conformance(+0x49f7baa) [0x5a099800fbaa]
/nix/store/qqiqd3ah10x8hzsif4j1y4xc1miw23nx-glibc-2.42-67/lib/libc.so.6(+0x9ce53) [0x72fa25e9ce53]
/nix/store/qqiqd3ah10x8hzsif4j1y4xc1miw23nx-glibc-2.42-67/lib/libc.so.6(+0x12407c) [0x72fa25f2407c]
AlgebraicRoot.mul: certification failed
backtrace:
.lake/build/bin/hexrealalgebraic_conformance(+0x4a11305) [0x5a0998029305]
.lake/build/bin/hexrealalgebraic_conformance(+0x4a07e97) [0x5a099801fe97]
.lake/build/bin/hexrealalgebraic_conformance(+0x4a07f7b) [0x5a099801ff7b]
.lake/build/bin/hexrealalgebraic_conformance(+0xca7503) [0x5a09942bf503]
.lake/build/bin/hexrealalgebraic_conformance(+0xcc7189) [0x5a09942df189]
.lake/build/bin/hexrealalgebraic_conformance(+0xcc7189) [0x5a09942df189]
.lake/build/bin/hexrealalgebraic_conformance(+0x4a117a6) [0x5a09980297a6]
.lake/build/bin/hexrealalgebraic_conformance(+0xcece23) [0x5a0994304e23]
.lake/build/bin/hexrealalgebraic_conformance(+0x4a11886) [0x5a0998029886]
.lake/build/bin/hexrealalgebraic_conformance(+0xcec925) [0x5a0994304925]
.lake/build/bin/hexrealalgebraic_conformance(+0x4a11886) [0x5a0998029886]
.lake/build/bin/hexrealalgebraic_conformance(+0xced1a9) [0x5a09943051a9]
.lake/build/bin/hexrealalgebraic_conformance(+0x4a1447f) [0x5a099802c47f]
.lake/build/bin/hexrealalgebraic_conformance(+0xcf3f2c) [0x5a099430bf2c]
.lake/build/bin/hexrealalgebraic_conformance(+0xcf40a2) [0x5a099430c0a2]
.lake/build/bin/hexrealalgebraic_conformance(+0x49f7537) [0x5a099800f537]
.lake/build/bin/hexrealalgebraic_conformance(+0x49f7baa) [0x5a099800fbaa]
/nix/store/qqiqd3ah10x8hzsif4j1y4xc1miw23nx-glibc-2.42-67/lib/libc.so.6(+0x9ce53) [0x72fa25e9ce53]
/nix/store/qqiqd3ah10x8hzsif4j1y4xc1miw23nx-glibc-2.42-67/lib/libc.so.6(+0x12407c) [0x72fa25f2407c]
AlgebraicRoot.mul: certification failed
backtrace:
.lake/build/bin/hexrealalgebraic_conformance(+0x4a11305) [0x5a0998029305]
.lake/build/bin/hexrealalgebraic_conformance(+0x4a07e97) [0x5a099801fe97]
.lake/build/bin/hexrealalgebraic_conformance(+0x4a07f7b) [0x5a099801ff7b]
.lake/build/bin/hexrealalgebraic_conformance(+0xca7503) [0x5a09942bf503]
.lake/build/bin/hexrealalgebraic_conformance(+0xcc71b9) [0x5a09942df1b9]
.lake/build/bin/hexrealalgebraic_conformance(+0xcc7189) [0x5a09942df189]
.lake/build/bin/hexrealalgebraic_conformance(+0x4a117a6) [0x5a09980297a6]
.lake/build/bin/hexrealalgebraic_conformance(+0xcece23) [0x5a0994304e23]
.lake/build/bin/hexrealalgebraic_conformance(+0x4a11886) [0x5a0998029886]
.lake/build/bin/hexrealalgebraic_conformance(+0xcec925) [0x5a0994304925]
.lake/build/bin/hexrealalgebraic_conformance(+0x4a11886) [0x5a0998029886]
.lake/build/bin/hexrealalgebraic_conformance(+0xced1a9) [0x5a09943051a9]
.lake/build/bin/hexrealalgebraic_conformance(+0x4a1447f) [0x5a099802c47f]
.lake/build/bin/hexrealalgebraic_conformance(+0xcf3f2c) [0x5a099430bf2c]
.lake/build/bin/hexrealalgebraic_conformance(+0xcf40a2) [0x5a099430c0a2]
.lake/build/bin/hexrealalgebraic_conformance(+0x49f7537) [0x5a099800f537]
.lake/build/bin/hexrealalgebraic_conformance(+0x49f7baa) [0x5a099800fbaa]
/nix/store/qqiqd3ah10x8hzsif4j1y4xc1miw23nx-glibc-2.42-67/lib/libc.so.6(+0x9ce53) [0x72fa25e9ce53]
/nix/store/qqiqd3ah10x8hzsif4j1y4xc1miw23nx-glibc-2.42-67/lib/libc.so.6(+0x12407c) [0x72fa25f2407c]
AlgebraicRoot.mul: certification failed
backtrace:
.lake/build/bin/hexrealalgebraic_conformance(+0x4a11305) [0x5a0998029305]
.lake/build/bin/hexrealalgebraic_conformance(+0x4a07e97) [0x5a099801fe97]
.lake/build/bin/hexrealalgebraic_conformance(+0x4a07f7b) [0x5a099801ff7b]
.lake/build/bin/hexrealalgebraic_conformance(+0xca7503) [0x5a09942bf503]
.lake/build/bin/hexrealalgebraic_conformance(+0xcc71b9) [0x5a09942df1b9]
.lake/build/bin/hexrealalgebraic_conformance(+0x4a117a6) [0x5a09980297a6]
.lake/build/bin/hexrealalgebraic_conformance(+0xcece23) [0x5a0994304e23]
.lake/build/bin/hexrealalgebraic_conformance(+0x4a11886) [0x5a0998029886]
.lake/build/bin/hexrealalgebraic_conformance(+0xcec925) [0x5a0994304925]
.lake/build/bin/hexrealalgebraic_conformance(+0x4a11886) [0x5a0998029886]
.lake/build/bin/hexrealalgebraic_conformance(+0xced1a9) [0x5a09943051a9]
.lake/build/bin/hexrealalgebraic_conformance(+0x4a1447f) [0x5a099802c47f]
.lake/build/bin/hexrealalgebraic_conformance(+0xcf3f2c) [0x5a099430bf2c]
.lake/build/bin/hexrealalgebraic_conformance(+0xcf40a2) [0x5a099430c0a2]
.lake/build/bin/hexrealalgebraic_conformance(+0x49f7537) [0x5a099800f537]
.lake/build/bin/hexrealalgebraic_conformance(+0x49f7baa) [0x5a099800fbaa]
/nix/store/qqiqd3ah10x8hzsif4j1y4xc1miw23nx-glibc-2.42-67/lib/libc.so.6(+0x9ce53) [0x72fa25e9ce53]
/nix/store/qqiqd3ah10x8hzsif4j1y4xc1miw23nx-glibc-2.42-67/lib/libc.so.6(+0x12407c) [0x72fa25f2407c]
AlgebraicRoot.mul: certification failed
backtrace:
.lake/build/bin/hexrealalgebraic_conformance(+0x4a11305) [0x5a0998029305]
.lake/build/bin/hexrealalgebraic_conformance(+0x4a07e97) [0x5a099801fe97]
.lake/build/bin/hexrealalgebraic_conformance(+0x4a07f7b) [0x5a099801ff7b]
.lake/build/bin/hexrealalgebraic_conformance(+0xca7503) [0x5a09942bf503]
.lake/build/bin/hexrealalgebraic_conformance(+0xcc71b9) [0x5a09942df1b9]
.lake/build/bin/hexrealalgebraic_conformance(+0xcc7189) [0x5a09942df189]
.lake/build/bin/hexrealalgebraic_conformance(+0x4a117a6) [0x5a09980297a6]
.lake/build/bin/hexrealalgebraic_conformance(+0xcecea3) [0x5a0994304ea3]
.lake/build/bin/hexrealalgebraic_conformance(+0x4a11886) [0x5a0998029886]
.lake/build/bin/hexrealalgebraic_conformance(+0xcec94b) [0x5a099430494b]
.lake/build/bin/hexrealalgebraic_conformance(+0x4a11886) [0x5a0998029886]
.lake/build/bin/hexrealalgebraic_conformance(+0xced1a9) [0x5a09943051a9]
.lake/build/bin/hexrealalgebraic_conformance(+0x4a1447f) [0x5a099802c47f]
.lake/build/bin/hexrealalgebraic_conformance(+0xcf3f2c) [0x5a099430bf2c]
.lake/build/bin/hexrealalgebraic_conformance(+0xcf40a2) [0x5a099430c0a2]
.lake/build/bin/hexrealalgebraic_conformance(+0x49f7537) [0x5a099800f537]
.lake/build/bin/hexrealalgebraic_conformance(+0x49f7baa) [0x5a099800fbaa]
/nix/store/qqiqd3ah10x8hzsif4j1y4xc1miw23nx-glibc-2.42-67/lib/libc.so.6(+0x9ce53) [0x72fa25e9ce53]
/nix/store/qqiqd3ah10x8hzsif4j1y4xc1miw23nx-glibc-2.42-67/lib/libc.so.6(+0x12407c) [0x72fa25f2407c]
AlgebraicRoot.mul: certification failed
backtrace:
.lake/build/bin/hexrealalgebraic_conformance(+0x4a11305) [0x5a0998029305]
.lake/build/bin/hexrealalgebraic_conformance(+0x4a07e97) [0x5a099801fe97]
.lake/build/bin/hexrealalgebraic_conformance(+0x4a07f7b) [0x5a099801ff7b]
.lake/build/bin/hexrealalgebraic_conformance(+0xca7503) [0x5a09942bf503]
.lake/build/bin/hexrealalgebraic_conformance(+0xcc7189) [0x5a09942df189]
.lake/build/bin/hexrealalgebraic_conformance(+0x4a117a6) [0x5a09980297a6]
.lake/build/bin/hexrealalgebraic_conformance(+0xcecea3) [0x5a0994304ea3]
.lake/build/bin/hexrealalgebraic_conformance(+0x4a11886) [0x5a0998029886]
.lake/build/bin/hexrealalgebraic_conformance(+0xcec94b) [0x5a099430494b]
.lake/build/bin/hexrealalgebraic_conformance(+0x4a11886) [0x5a0998029886]
.lake/build/bin/hexrealalgebraic_conformance(+0xced1a9) [0x5a09943051a9]
.lake/build/bin/hexrealalgebraic_conformance(+0x4a1447f) [0x5a099802c47f]
.lake/build/bin/hexrealalgebraic_conformance(+0xcf3f2c) [0x5a099430bf2c]
.lake/build/bin/hexrealalgebraic_conformance(+0xcf40a2) [0x5a099430c0a2]
.lake/build/bin/hexrealalgebraic_conformance(+0x49f7537) [0x5a099800f537]
.lake/build/bin/hexrealalgebraic_conformance(+0x49f7baa) [0x5a099800fbaa]
/nix/store/qqiqd3ah10x8hzsif4j1y4xc1miw23nx-glibc-2.42-67/lib/libc.so.6(+0x9ce53) [0x72fa25e9ce53]
/nix/store/qqiqd3ah10x8hzsif4j1y4xc1miw23nx-glibc-2.42-67/lib/libc.so.6(+0x12407c) [0x72fa25f2407c]
AlgebraicRoot.mul: certification failed
backtrace:
.lake/build/bin/hexrealalgebraic_conformance(+0x4a11305) [0x5a0998029305]
.lake/build/bin/hexrealalgebraic_conformance(+0x4a07e97) [0x5a099801fe97]
.lake/build/bin/hexrealalgebraic_conformance(+0x4a07f7b) [0x5a099801ff7b]
.lake/build/bin/hexrealalgebraic_conformance(+0xca7503) [0x5a09942bf503]
.lake/build/bin/hexrealalgebraic_conformance(+0xcc71b9) [0x5a09942df1b9]
.lake/build/bin/hexrealalgebraic_conformance(+0x4a117a6) [0x5a09980297a6]
.lake/build/bin/hexrealalgebraic_conformance(+0xcecea3) [0x5a0994304ea3]
.lake/build/bin/hexrealalgebraic_conformance(+0x4a11886) [0x5a0998029886]
.lake/build/bin/hexrealalgebraic_conformance(+0xcec94b) [0x5a099430494b]
.lake/build/bin/hexrealalgebraic_conformance(+0x4a11886) [0x5a0998029886]
.lake/build/bin/hexrealalgebraic_conformance(+0xced1a9) [0x5a09943051a9]
.lake/build/bin/hexrealalgebraic_conformance(+0x4a1447f) [0x5a099802c47f]
.lake/build/bin/hexrealalgebraic_conformance(+0xcf3f2c) [0x5a099430bf2c]
.lake/build/bin/hexrealalgebraic_conformance(+0xcf40a2) [0x5a099430c0a2]
.lake/build/bin/hexrealalgebraic_conformance(+0x49f7537) [0x5a099800f537]
.lake/build/bin/hexrealalgebraic_conformance(+0x49f7baa) [0x5a099800fbaa]
/nix/store/qqiqd3ah10x8hzsif4j1y4xc1miw23nx-glibc-2.42-67/lib/libc.so.6(+0x9ce53) [0x72fa25e9ce53]
/nix/store/qqiqd3ah10x8hzsif4j1y4xc1miw23nx-glibc-2.42-67/lib/libc.so.6(+0x12407c) [0x72fa25f2407c]
AlgebraicRoot.mul: certification failed
backtrace:
.lake/build/bin/hexrealalgebraic_conformance(+0x4a11305) [0x5a0998029305]
.lake/build/bin/hexrealalgebraic_conformance(+0x4a07e97) [0x5a099801fe97]
.lake/build/bin/hexrealalgebraic_conformance(+0x4a07f7b) [0x5a099801ff7b]
.lake/build/bin/hexrealalgebraic_conformance(+0xca7503) [0x5a09942bf503]
.lake/build/bin/hexrealalgebraic_conformance(+0x4a117a6) [0x5a09980297a6]
.lake/build/bin/hexrealalgebraic_conformance(+0xcecea3) [0x5a0994304ea3]
.lake/build/bin/hexrealalgebraic_conformance(+0x4a11886) [0x5a0998029886]
.lake/build/bin/hexrealalgebraic_conformance(+0xcec94b) [0x5a099430494b]
.lake/build/bin/hexrealalgebraic_conformance(+0x4a11886) [0x5a0998029886]
.lake/build/bin/hexrealalgebraic_conformance(+0xced1a9) [0x5a09943051a9]
.lake/build/bin/hexrealalgebraic_conformance(+0x4a1447f) [0x5a099802c47f]
.lake/build/bin/hexrealalgebraic_conformance(+0xcf3f2c) [0x5a099430bf2c]
.lake/build/bin/hexrealalgebraic_conformance(+0xcf40a2) [0x5a099430c0a2]
.lake/build/bin/hexrealalgebraic_conformance(+0x49f7537) [0x5a099800f537]
.lake/build/bin/hexrealalgebraic_conformance(+0x49f7baa) [0x5a099800fbaa]
/nix/store/qqiqd3ah10x8hzsif4j1y4xc1miw23nx-glibc-2.42-67/lib/libc.so.6(+0x9ce53) [0x72fa25e9ce53]
/nix/store/qqiqd3ah10x8hzsif4j1y4xc1miw23nx-glibc-2.42-67/lib/libc.so.6(+0x12407c) [0x72fa25f2407c]
AlgebraicRoot.add: certification failed
backtrace:
.lake/build/bin/hexrealalgebraic_conformance(+0x4a11305) [0x5a0998029305]
.lake/build/bin/hexrealalgebraic_conformance(+0x4a07e97) [0x5a099801fe97]
.lake/build/bin/hexrealalgebraic_conformance(+0x4a07f7b) [0x5a099801ff7b]
.lake/build/bin/hexrealalgebraic_conformance(+0xca72a7) [0x5a09942bf2a7]
.lake/build/bin/hexrealalgebraic_conformance(+0x4a117a6) [0x5a09980297a6]
.lake/build/bin/hexrealalgebraic_conformance(+0xcecfd5) [0x5a0994304fd5]
.lake/build/bin/hexrealalgebraic_conformance(+0x4a11886) [0x5a0998029886]
.lake/build/bin/hexrealalgebraic_conformance(+0xceca49) [0x5a0994304a49]
.lake/build/bin/hexrealalgebraic_conformance(+0x4a11886) [0x5a0998029886]
.lake/build/bin/hexrealalgebraic_conformance(+0xced1a9) [0x5a09943051a9]
.lake/build/bin/hexrealalgebraic_conformance(+0x4a1447f) [0x5a099802c47f]
.lake/build/bin/hexrealalgebraic_conformance(+0xcf3f2c) [0x5a099430bf2c]
.lake/build/bin/hexrealalgebraic_conformance(+0xcf40a2) [0x5a099430c0a2]
.lake/build/bin/hexrealalgebraic_conformance(+0x49f7537) [0x5a099800f537]
.lake/build/bin/hexrealalgebraic_conformance(+0x49f7baa) [0x5a099800fbaa]
/nix/store/qqiqd3ah10x8hzsif4j1y4xc1miw23nx-glibc-2.42-67/lib/libc.so.6(+0x9ce53) [0x72fa25e9ce53]
/nix/store/qqiqd3ah10x8hzsif4j1y4xc1miw23nx-glibc-2.42-67/lib/libc.so.6(+0x12407c) [0x72fa25f2407c]
AlgebraicRoot.mul: certification failed
backtrace:
.lake/build/bin/hexrealalgebraic_conformance(+0x4a11305) [0x5a0998029305]
.lake/build/bin/hexrealalgebraic_conformance(+0x4a07e97) [0x5a099801fe97]
.lake/build/bin/hexrealalgebraic_conformance(+0x4a07f7b) [0x5a099801ff7b]
.lake/build/bin/hexrealalgebraic_conformance(+0xca7503) [0x5a09942bf503]
.lake/build/bin/hexrealalgebraic_conformance(+0x4a117a6) [0x5a09980297a6]
.lake/build/bin/hexrealalgebraic_conformance(+0xcf6342) [0x5a099430e342]
.lake/build/bin/hexrealalgebraic_conformance(+0x4a117a6) [0x5a09980297a6]
.lake/build/bin/hexrealalgebraic_conformance(+0xced003) [0x5a0994305003]
.lake/build/bin/hexrealalgebraic_conformance(+0x4a11886) [0x5a0998029886]
.lake/build/bin/hexrealalgebraic_conformance(+0xceca49) [0x5a0994304a49]
.lake/build/bin/hexrealalgebraic_conformance(+0x4a11886) [0x5a0998029886]
.lake/build/bin/hexrealalgebraic_conformance(+0xced1a9) [0x5a09943051a9]
.lake/build/bin/hexrealalgebraic_conformance(+0x4a1447f) [0x5a099802c47f]
.lake/build/bin/hexrealalgebraic_conformance(+0xcf3f2c) [0x5a099430bf2c]
.lake/build/bin/hexrealalgebraic_conformance(+0xcf40a2) [0x5a099430c0a2]
.lake/build/bin/hexrealalgebraic_conformance(+0x49f7537) [0x5a099800f537]
.lake/build/bin/hexrealalgebraic_conformance(+0x49f7baa) [0x5a099800fbaa]
/nix/store/qqiqd3ah10x8hzsif4j1y4xc1miw23nx-glibc-2.42-67/lib/libc.so.6(+0x9ce53) [0x72fa25e9ce53]
/nix/store/qqiqd3ah10x8hzsif4j1y4xc1miw23nx-glibc-2.42-67/lib/libc.so.6(+0x12407c) [0x72fa25f2407c]
AlgebraicRoot.mul: certification failed
backtrace:
.lake/build/bin/hexrealalgebraic_conformance(+0x4a11305) [0x5a0998029305]
.lake/build/bin/hexrealalgebraic_conformance(+0x4a07e97) [0x5a099801fe97]
.lake/build/bin/hexrealalgebraic_conformance(+0x4a07f7b) [0x5a099801ff7b]
.lake/build/bin/hexrealalgebraic_conformance(+0xca7503) [0x5a09942bf503]
.lake/build/bin/hexrealalgebraic_conformance(+0x4a117a6) [0x5a09980297a6]
.lake/build/bin/hexrealalgebraic_conformance(+0xcf6422) [0x5a099430e422]
.lake/build/bin/hexrealalgebraic_conformance(+0x4a117a6) [0x5a09980297a6]
.lake/build/bin/hexrealalgebraic_conformance(+0xced083) [0x5a0994305083]
.lake/build/bin/hexrealalgebraic_conformance(+0x4a11886) [0x5a0998029886]
.lake/build/bin/hexrealalgebraic_conformance(+0xceca6f) [0x5a0994304a6f]
.lake/build/bin/hexrealalgebraic_conformance(+0x4a11886) [0x5a0998029886]
.lake/build/bin/hexrealalgebraic_conformance(+0xced1a9) [0x5a09943051a9]
.lake/build/bin/hexrealalgebraic_conformance(+0x4a1447f) [0x5a099802c47f]
.lake/build/bin/hexrealalgebraic_conformance(+0xcf3f2c) [0x5a099430bf2c]
.lake/build/bin/hexrealalgebraic_conformance(+0xcf40a2) [0x5a099430c0a2]
.lake/build/bin/hexrealalgebraic_conformance(+0x49f7537) [0x5a099800f537]
.lake/build/bin/hexrealalgebraic_conformance(+0x49f7baa) [0x5a099800fbaa]
/nix/store/qqiqd3ah10x8hzsif4j1y4xc1miw23nx-glibc-2.42-67/lib/libc.so.6(+0x9ce53) [0x72fa25e9ce53]
/nix/store/qqiqd3ah10x8hzsif4j1y4xc1miw23nx-glibc-2.42-67/lib/libc.so.6(+0x12407c) [0x72fa25f2407c]
AlgebraicRoot.mul: certification failed
backtrace:
.lake/build/bin/hexrealalgebraic_conformance(+0x4a11305) [0x5a0998029305]
.lake/build/bin/hexrealalgebraic_conformance(+0x4a07e97) [0x5a099801fe97]
.lake/build/bin/hexrealalgebraic_conformance(+0x4a07f7b) [0x5a099801ff7b]
.lake/build/bin/hexrealalgebraic_conformance(+0xca7503) [0x5a09942bf503]
.lake/build/bin/hexrealalgebraic_conformance(+0xcc71b9) [0x5a09942df1b9]
.lake/build/bin/hexrealalgebraic_conformance(+0xcc7189) [0x5a09942df189]
.lake/build/bin/hexrealalgebraic_conformance(+0x4a117a6) [0x5a09980297a6]
.lake/build/bin/hexrealalgebraic_conformance(+0xced0d2) [0x5a09943050d2]
.lake/build/bin/hexrealalgebraic_conformance(+0x4a11886) [0x5a0998029886]
.lake/build/bin/hexrealalgebraic_conformance(+0xceca95) [0x5a0994304a95]
.lake/build/bin/hexrealalgebraic_conformance(+0x4a11886) [0x5a0998029886]
.lake/build/bin/hexrealalgebraic_conformance(+0xced1a9) [0x5a09943051a9]
.lake/build/bin/hexrealalgebraic_conformance(+0x4a1447f) [0x5a099802c47f]
.lake/build/bin/hexrealalgebraic_conformance(+0xcf3f2c) [0x5a099430bf2c]
.lake/build/bin/hexrealalgebraic_conformance(+0xcf40a2) [0x5a099430c0a2]
.lake/build/bin/hexrealalgebraic_conformance(+0x49f7537) [0x5a099800f537]
.lake/build/bin/hexrealalgebraic_conformance(+0x49f7baa) [0x5a099800fbaa]
/nix/store/qqiqd3ah10x8hzsif4j1y4xc1miw23nx-glibc-2.42-67/lib/libc.so.6(+0x9ce53) [0x72fa25e9ce53]
/nix/store/qqiqd3ah10x8hzsif4j1y4xc1miw23nx-glibc-2.42-67/lib/libc.so.6(+0x12407c) [0x72fa25f2407c]
AlgebraicRoot.mul: certification failed
backtrace:
.lake/build/bin/hexrealalgebraic_conformance(+0x4a11305) [0x5a0998029305]
.lake/build/bin/hexrealalgebraic_conformance(+0x4a07e97) [0x5a099801fe97]
.lake/build/bin/hexrealalgebraic_conformance(+0x4a07f7b) [0x5a099801ff7b]
.lake/build/bin/hexrealalgebraic_conformance(+0xca7503) [0x5a09942bf503]
.lake/build/bin/hexrealalgebraic_conformance(+0xcc7189) [0x5a09942df189]
.lake/build/bin/hexrealalgebraic_conformance(+0x4a117a6) [0x5a09980297a6]
.lake/build/bin/hexrealalgebraic_conformance(+0xced0d2) [0x5a09943050d2]
.lake/build/bin/hexrealalgebraic_conformance(+0x4a11886) [0x5a0998029886]
.lake/build/bin/hexrealalgebraic_conformance(+0xceca95) [0x5a0994304a95]
.lake/build/bin/hexrealalgebraic_conformance(+0x4a11886) [0x5a0998029886]
.lake/build/bin/hexrealalgebraic_conformance(+0xced1a9) [0x5a09943051a9]
.lake/build/bin/hexrealalgebraic_conformance(+0x4a1447f) [0x5a099802c47f]
.lake/build/bin/hexrealalgebraic_conformance(+0xcf3f2c) [0x5a099430bf2c]
.lake/build/bin/hexrealalgebraic_conformance(+0xcf40a2) [0x5a099430c0a2]
.lake/build/bin/hexrealalgebraic_conformance(+0x49f7537) [0x5a099800f537]
.lake/build/bin/hexrealalgebraic_conformance(+0x49f7baa) [0x5a099800fbaa]
/nix/store/qqiqd3ah10x8hzsif4j1y4xc1miw23nx-glibc-2.42-67/lib/libc.so.6(+0x9ce53) [0x72fa25e9ce53]
/nix/store/qqiqd3ah10x8hzsif4j1y4xc1miw23nx-glibc-2.42-67/lib/libc.so.6(+0x12407c) [0x72fa25f2407c]
AlgebraicRoot.mul: certification failed
backtrace:
.lake/build/bin/hexrealalgebraic_conformance(+0x4a11305) [0x5a0998029305]
.lake/build/bin/hexrealalgebraic_conformance(+0x4a07e97) [0x5a099801fe97]
.lake/build/bin/hexrealalgebraic_conformance(+0x4a07f7b) [0x5a099801ff7b]
.lake/build/bin/hexrealalgebraic_conformance(+0xca7503) [0x5a09942bf503]
.lake/build/bin/hexrealalgebraic_conformance(+0xcc71b9) [0x5a09942df1b9]
.lake/build/bin/hexrealalgebraic_conformance(+0x4a117a6) [0x5a09980297a6]
.lake/build/bin/hexrealalgebraic_conformance(+0xced0d2) [0x5a09943050d2]
.lake/build/bin/hexrealalgebraic_conformance(+0x4a11886) [0x5a0998029886]
.lake/build/bin/hexrealalgebraic_conformance(+0xceca95) [0x5a0994304a95]
.lake/build/bin/hexrealalgebraic_conformance(+0x4a11886) [0x5a0998029886]
.lake/build/bin/hexrealalgebraic_conformance(+0xced1a9) [0x5a09943051a9]
.lake/build/bin/hexrealalgebraic_conformance(+0x4a1447f) [0x5a099802c47f]
.lake/build/bin/hexrealalgebraic_conformance(+0xcf3f2c) [0x5a099430bf2c]
.lake/build/bin/hexrealalgebraic_conformance(+0xcf40a2) [0x5a099430c0a2]
.lake/build/bin/hexrealalgebraic_conformance(+0x49f7537) [0x5a099800f537]
.lake/build/bin/hexrealalgebraic_conformance(+0x49f7baa) [0x5a099800fbaa]
/nix/store/qqiqd3ah10x8hzsif4j1y4xc1miw23nx-glibc-2.42-67/lib/libc.so.6(+0x9ce53) [0x72fa25e9ce53]
/nix/store/qqiqd3ah10x8hzsif4j1y4xc1miw23nx-glibc-2.42-67/lib/libc.so.6(+0x12407c) [0x72fa25f2407c]
complex algebraic check passed: principal radicals
AlgebraicRoot.add: certification failed
backtrace:
.lake/build/bin/hexrealalgebraic_conformance(+0x4a11305) [0x5a0998029305]
.lake/build/bin/hexrealalgebraic_conformance(+0x4a07e97) [0x5a099801fe97]
.lake/build/bin/hexrealalgebraic_conformance(+0x4a07f7b) [0x5a099801ff7b]
.lake/build/bin/hexrealalgebraic_conformance(+0xca72a7) [0x5a09942bf2a7]
.lake/build/bin/hexrealalgebraic_conformance(+0x4a117a6) [0x5a09980297a6]
.lake/build/bin/hexrealalgebraic_conformance(+0xcf6eb3) [0x5a099430eeb3]
.lake/build/bin/hexrealalgebraic_conformance(+0x4a117a6) [0x5a09980297a6]
.lake/build/bin/hexrealalgebraic_conformance(+0xcf6e2b) [0x5a099430ee2b]
.lake/build/bin/hexrealalgebraic_conformance(+0x4a117a6) [0x5a09980297a6]
.lake/build/bin/hexrealalgebraic_conformance(+0xcf05aa) [0x5a09943085aa]
.lake/build/bin/hexrealalgebraic_conformance(+0x4a11886) [0x5a0998029886]
.lake/build/bin/hexrealalgebraic_conformance(+0xcef407) [0x5a0994307407]
.lake/build/bin/hexrealalgebraic_conformance(+0x4a11886) [0x5a0998029886]
.lake/build/bin/hexrealalgebraic_conformance(+0xcf0c79) [0x5a0994308c79]
.lake/build/bin/hexrealalgebraic_conformance(+0x4a1447f) [0x5a099802c47f]
.lake/build/bin/hexrealalgebraic_conformance(+0xcf3f2c) [0x5a099430bf2c]
.lake/build/bin/hexrealalgebraic_conformance(+0xcf40a2) [0x5a099430c0a2]
.lake/build/bin/hexrealalgebraic_conformance(+0x49f7537) [0x5a099800f537]
.lake/build/bin/hexrealalgebraic_conformance(+0x49f7baa) [0x5a099800fbaa]
/nix/store/qqiqd3ah10x8hzsif4j1y4xc1miw23nx-glibc-2.42-67/lib/libc.so.6(+0x9ce53) [0x72fa25e9ce53]
/nix/store/qqiqd3ah10x8hzsif4j1y4xc1miw23nx-glibc-2.42-67/lib/libc.so.6(+0x12407c) [0x72fa25f2407c]
AlgebraicRoot.add: certification failed
backtrace:
.lake/build/bin/hexrealalgebraic_conformance(+0x4a11305) [0x5a0998029305]
.lake/build/bin/hexrealalgebraic_conformance(+0x4a07e97) [0x5a099801fe97]
.lake/build/bin/hexrealalgebraic_conformance(+0x4a07f7b) [0x5a099801ff7b]
.lake/build/bin/hexrealalgebraic_conformance(+0xca72a7) [0x5a09942bf2a7]
.lake/build/bin/hexrealalgebraic_conformance(+0xced5d3) [0x5a09943055d3]
.lake/build/bin/hexrealalgebraic_conformance(+0x4a117a6) [0x5a09980297a6]
.lake/build/bin/hexrealalgebraic_conformance(+0xcf70db) [0x5a099430f0db]
.lake/build/bin/hexrealalgebraic_conformance(+0x4a117a6) [0x5a09980297a6]
.lake/build/bin/hexrealalgebraic_conformance(+0xcf081b) [0x5a099430881b]
.lake/build/bin/hexrealalgebraic_conformance(+0x4a11886) [0x5a0998029886]
.lake/build/bin/hexrealalgebraic_conformance(+0xcef79f) [0x5a099430779f]
.lake/build/bin/hexrealalgebraic_conformance(+0x4a11886) [0x5a0998029886]
.lake/build/bin/hexrealalgebraic_conformance(+0xcf0c79) [0x5a0994308c79]
.lake/build/bin/hexrealalgebraic_conformance(+0x4a1447f) [0x5a099802c47f]
.lake/build/bin/hexrealalgebraic_conformance(+0xcf3f2c) [0x5a099430bf2c]
.lake/build/bin/hexrealalgebraic_conformance(+0xcf40a2) [0x5a099430c0a2]
.lake/build/bin/hexrealalgebraic_conformance(+0x49f7537) [0x5a099800f537]
.lake/build/bin/hexrealalgebraic_conformance(+0x49f7baa) [0x5a099800fbaa]
/nix/store/qqiqd3ah10x8hzsif4j1y4xc1miw23nx-glibc-2.42-67/lib/libc.so.6(+0x9ce53) [0x72fa25e9ce53]
/nix/store/qqiqd3ah10x8hzsif4j1y4xc1miw23nx-glibc-2.42-67/lib/libc.so.6(+0x12407c) [0x72fa25f2407c]
AlgebraicRoot.add: certification failed
backtrace:
.lake/build/bin/hexrealalgebraic_conformance(+0x4a11305) [0x5a0998029305]
.lake/build/bin/hexrealalgebraic_conformance(+0x4a07e97) [0x5a099801fe97]
.lake/build/bin/hexrealalgebraic_conformance(+0x4a07f7b) [0x5a099801ff7b]
.lake/build/bin/hexrealalgebraic_conformance(+0xca72a7) [0x5a09942bf2a7]
.lake/build/bin/hexrealalgebraic_conformance(+0xced5d3) [0x5a09943055d3]
.lake/build/bin/hexrealalgebraic_conformance(+0x4a117a6) [0x5a09980297a6]
.lake/build/bin/hexrealalgebraic_conformance(+0xcf70db) [0x5a099430f0db]
.lake/build/bin/hexrealalgebraic_conformance(+0x4a117a6) [0x5a09980297a6]
.lake/build/bin/hexrealalgebraic_conformance(+0xcf081b) [0x5a099430881b]
.lake/build/bin/hexrealalgebraic_conformance(+0x4a11886) [0x5a0998029886]
.lake/build/bin/hexrealalgebraic_conformance(+0xcef79f) [0x5a099430779f]
.lake/build/bin/hexrealalgebraic_conformance(+0x4a11886) [0x5a0998029886]
.lake/build/bin/hexrealalgebraic_conformance(+0xcf0c79) [0x5a0994308c79]
.lake/build/bin/hexrealalgebraic_conformance(+0x4a1447f) [0x5a099802c47f]
.lake/build/bin/hexrealalgebraic_conformance(+0xcf3f2c) [0x5a099430bf2c]
.lake/build/bin/hexrealalgebraic_conformance(+0xcf40a2) [0x5a099430c0a2]
.lake/build/bin/hexrealalgebraic_conformance(+0x49f7537) [0x5a099800f537]
.lake/build/bin/hexrealalgebraic_conformance(+0x49f7baa) [0x5a099800fbaa]
/nix/store/qqiqd3ah10x8hzsif4j1y4xc1miw23nx-glibc-2.42-67/lib/libc.so.6(+0x9ce53) [0x72fa25e9ce53]
/nix/store/qqiqd3ah10x8hzsif4j1y4xc1miw23nx-glibc-2.42-67/lib/libc.so.6(+0x12407c) [0x72fa25f2407c]
AlgebraicRoot.add: certification failed
backtrace:
.lake/build/bin/hexrealalgebraic_conformance(+0x4a11305) [0x5a0998029305]
.lake/build/bin/hexrealalgebraic_conformance(+0x4a07e97) [0x5a099801fe97]
.lake/build/bin/hexrealalgebraic_conformance(+0x4a07f7b) [0x5a099801ff7b]
.lake/build/bin/hexrealalgebraic_conformance(+0xca72a7) [0x5a09942bf2a7]
.lake/build/bin/hexrealalgebraic_conformance(+0xced5d3) [0x5a09943055d3]
.lake/build/bin/hexrealalgebraic_conformance(+0x4a117a6) [0x5a09980297a6]
.lake/build/bin/hexrealalgebraic_conformance(+0xcf70db) [0x5a099430f0db]
.lake/build/bin/hexrealalgebraic_conformance(+0x4a117a6) [0x5a09980297a6]
.lake/build/bin/hexrealalgebraic_conformance(+0xcf081b) [0x5a099430881b]
.lake/build/bin/hexrealalgebraic_conformance(+0x4a11886) [0x5a0998029886]
.lake/build/bin/hexrealalgebraic_conformance(+0xcef79f) [0x5a099430779f]
.lake/build/bin/hexrealalgebraic_conformance(+0x4a11886) [0x5a0998029886]
.lake/build/bin/hexrealalgebraic_conformance(+0xcf0c79) [0x5a0994308c79]
.lake/build/bin/hexrealalgebraic_conformance(+0x4a1447f) [0x5a099802c47f]
.lake/build/bin/hexrealalgebraic_conformance(+0xcf3f2c) [0x5a099430bf2c]
.lake/build/bin/hexrealalgebraic_conformance(+0xcf40a2) [0x5a099430c0a2]
.lake/build/bin/hexrealalgebraic_conformance(+0x49f7537) [0x5a099800f537]
.lake/build/bin/hexrealalgebraic_conformance(+0x49f7baa) [0x5a099800fbaa]
/nix/store/qqiqd3ah10x8hzsif4j1y4xc1miw23nx-glibc-2.42-67/lib/libc.so.6(+0x9ce53) [0x72fa25e9ce53]
/nix/store/qqiqd3ah10x8hzsif4j1y4xc1miw23nx-glibc-2.42-67/lib/libc.so.6(+0x12407c) [0x72fa25f2407c]
