checking sqrtApprox
AlgebraicRoot.mul: certification failed
backtrace:
.lake/build/bin/hexrealalgebraic_conformance(+0x4a11305) [0x57e71f0f8305]
.lake/build/bin/hexrealalgebraic_conformance(+0x4a07e97) [0x57e71f0eee97]
.lake/build/bin/hexrealalgebraic_conformance(+0x4a07f7b) [0x57e71f0eef7b]
.lake/build/bin/hexrealalgebraic_conformance(+0xca7503) [0x57e71b38e503]
.lake/build/bin/hexrealalgebraic_conformance(+0xcd2416) [0x57e71b3b9416]
.lake/build/bin/hexrealalgebraic_conformance(+0xcdd961) [0x57e71b3c4961]
.lake/build/bin/hexrealalgebraic_conformance(+0xcde2e4) [0x57e71b3c52e4]
.lake/build/bin/hexrealalgebraic_conformance(+0x4a11886) [0x57e71f0f8886]
.lake/build/bin/hexrealalgebraic_conformance(+0xce1727) [0x57e71b3c8727]
.lake/build/bin/hexrealalgebraic_conformance(+0xba0fd6) [0x57e71b287fd6]
.lake/build/bin/hexrealalgebraic_conformance(+0x49f7537) [0x57e71f0de537]
.lake/build/bin/hexrealalgebraic_conformance(+0x49f7baa) [0x57e71f0debaa]
/nix/store/qqiqd3ah10x8hzsif4j1y4xc1miw23nx-glibc-2.42-67/lib/libc.so.6(+0x9ce53) [0x72d3c589ce53]
/nix/store/qqiqd3ah10x8hzsif4j1y4xc1miw23nx-glibc-2.42-67/lib/libc.so.6(+0x12407c) [0x72d3c592407c]
AlgebraicRoot.mul: certification failed
backtrace:
.lake/build/bin/hexrealalgebraic_conformance(+0x4a11305) [0x57e71f0f8305]
.lake/build/bin/hexrealalgebraic_conformance(+0x4a07e97) [0x57e71f0eee97]
.lake/build/bin/hexrealalgebraic_conformance(+0x4a07f7b) [0x57e71f0eef7b]
.lake/build/bin/hexrealalgebraic_conformance(+0xca7503) [0x57e71b38e503]
.lake/build/bin/hexrealalgebraic_conformance(+0xcd2416) [0x57e71b3b9416]
.lake/build/bin/hexrealalgebraic_conformance(+0xcdd961) [0x57e71b3c4961]
.lake/build/bin/hexrealalgebraic_conformance(+0xcde2e4) [0x57e71b3c52e4]
.lake/build/bin/hexrealalgebraic_conformance(+0x4a11886) [0x57e71f0f8886]
.lake/build/bin/hexrealalgebraic_conformance(+0xce1727) [0x57e71b3c8727]
.lake/build/bin/hexrealalgebraic_conformance(+0xba0fd6) [0x57e71b287fd6]
.lake/build/bin/hexrealalgebraic_conformance(+0x49f7537) [0x57e71f0de537]
.lake/build/bin/hexrealalgebraic_conformance(+0x49f7baa) [0x57e71f0debaa]
/nix/store/qqiqd3ah10x8hzsif4j1y4xc1miw23nx-glibc-2.42-67/lib/libc.so.6(+0x9ce53) [0x72d3c589ce53]
/nix/store/qqiqd3ah10x8hzsif4j1y4xc1miw23nx-glibc-2.42-67/lib/libc.so.6(+0x12407c) [0x72d3c592407c]
AlgebraicRoot.mul: certification failed
backtrace:
.lake/build/bin/hexrealalgebraic_conformance(+0x4a11305) [0x57e71f0f8305]
.lake/build/bin/hexrealalgebraic_conformance(+0x4a07e97) [0x57e71f0eee97]
.lake/build/bin/hexrealalgebraic_conformance(+0x4a07f7b) [0x57e71f0eef7b]
.lake/build/bin/hexrealalgebraic_conformance(+0xca7503) [0x57e71b38e503]
.lake/build/bin/hexrealalgebraic_conformance(+0xcd2416) [0x57e71b3b9416]
.lake/build/bin/hexrealalgebraic_conformance(+0xcdd961) [0x57e71b3c4961]
.lake/build/bin/hexrealalgebraic_conformance(+0xcde2e4) [0x57e71b3c52e4]
.lake/build/bin/hexrealalgebraic_conformance(+0x4a11886) [0x57e71f0f8886]
.lake/build/bin/hexrealalgebraic_conformance(+0xce1727) [0x57e71b3c8727]
.lake/build/bin/hexrealalgebraic_conformance(+0xba0fd6) [0x57e71b287fd6]
.lake/build/bin/hexrealalgebraic_conformance(+0x49f7537) [0x57e71f0de537]
.lake/build/bin/hexrealalgebraic_conformance(+0x49f7baa) [0x57e71f0debaa]
/nix/store/qqiqd3ah10x8hzsif4j1y4xc1miw23nx-glibc-2.42-67/lib/libc.so.6(+0x9ce53) [0x72d3c589ce53]
/nix/store/qqiqd3ah10x8hzsif4j1y4xc1miw23nx-glibc-2.42-67/lib/libc.so.6(+0x12407c) [0x72d3c592407c]
AlgebraicRoot.add: certification failed
backtrace:
.lake/build/bin/hexrealalgebraic_conformance(+0x4a11305) [0x57e71f0f8305]
.lake/build/bin/hexrealalgebraic_conformance(+0x4a07e97) [0x57e71f0eee97]
.lake/build/bin/hexrealalgebraic_conformance(+0x4a07f7b) [0x57e71f0eef7b]
.lake/build/bin/hexrealalgebraic_conformance(+0xca72a7) [0x57e71b38e2a7]
.lake/build/bin/hexrealalgebraic_conformance(+0xcd23f6) [0x57e71b3b93f6]
.lake/build/bin/hexrealalgebraic_conformance(+0xcddb89) [0x57e71b3c4b89]
.lake/build/bin/hexrealalgebraic_conformance(+0xcde395) [0x57e71b3c5395]
.lake/build/bin/hexrealalgebraic_conformance(+0x4a11886) [0x57e71f0f8886]
.lake/build/bin/hexrealalgebraic_conformance(+0xce1727) [0x57e71b3c8727]
.lake/build/bin/hexrealalgebraic_conformance(+0xba0fd6) [0x57e71b287fd6]
.lake/build/bin/hexrealalgebraic_conformance(+0x49f7537) [0x57e71f0de537]
.lake/build/bin/hexrealalgebraic_conformance(+0x49f7baa) [0x57e71f0debaa]
/nix/store/qqiqd3ah10x8hzsif4j1y4xc1miw23nx-glibc-2.42-67/lib/libc.so.6(+0x9ce53) [0x72d3c589ce53]
/nix/store/qqiqd3ah10x8hzsif4j1y4xc1miw23nx-glibc-2.42-67/lib/libc.so.6(+0x12407c) [0x72d3c592407c]
AlgebraicRoot.add: certification failed
backtrace:
.lake/build/bin/hexrealalgebraic_conformance(+0x4a11305) [0x57e71f0f8305]
.lake/build/bin/hexrealalgebraic_conformance(+0x4a07e97) [0x57e71f0eee97]
.lake/build/bin/hexrealalgebraic_conformance(+0x4a07f7b) [0x57e71f0eef7b]
.lake/build/bin/hexrealalgebraic_conformance(+0xca72a7) [0x57e71b38e2a7]
.lake/build/bin/hexrealalgebraic_conformance(+0xcd23f6) [0x57e71b3b93f6]
.lake/build/bin/hexrealalgebraic_conformance(+0xcddb89) [0x57e71b3c4b89]
.lake/build/bin/hexrealalgebraic_conformance(+0xcde395) [0x57e71b3c5395]
.lake/build/bin/hexrealalgebraic_conformance(+0x4a11886) [0x57e71f0f8886]
.lake/build/bin/hexrealalgebraic_conformance(+0xce1727) [0x57e71b3c8727]
.lake/build/bin/hexrealalgebraic_conformance(+0xba0fd6) [0x57e71b287fd6]
.lake/build/bin/hexrealalgebraic_conformance(+0x49f7537) [0x57e71f0de537]
.lake/build/bin/hexrealalgebraic_conformance(+0x49f7baa) [0x57e71f0debaa]
/nix/store/qqiqd3ah10x8hzsif4j1y4xc1miw23nx-glibc-2.42-67/lib/libc.so.6(+0x9ce53) [0x72d3c589ce53]
/nix/store/qqiqd3ah10x8hzsif4j1y4xc1miw23nx-glibc-2.42-67/lib/libc.so.6(+0x12407c) [0x72d3c592407c]
AlgebraicRoot.add: certification failed
backtrace:
.lake/build/bin/hexrealalgebraic_conformance(+0x4a11305) [0x57e71f0f8305]
.lake/build/bin/hexrealalgebraic_conformance(+0x4a07e97) [0x57e71f0eee97]
.lake/build/bin/hexrealalgebraic_conformance(+0x4a07f7b) [0x57e71f0eef7b]
.lake/build/bin/hexrealalgebraic_conformance(+0xca72a7) [0x57e71b38e2a7]
.lake/build/bin/hexrealalgebraic_conformance(+0xcd23f6) [0x57e71b3b93f6]
.lake/build/bin/hexrealalgebraic_conformance(+0xcddb89) [0x57e71b3c4b89]
.lake/build/bin/hexrealalgebraic_conformance(+0xcde395) [0x57e71b3c5395]
.lake/build/bin/hexrealalgebraic_conformance(+0x4a11886) [0x57e71f0f8886]
.lake/build/bin/hexrealalgebraic_conformance(+0xce1727) [0x57e71b3c8727]
.lake/build/bin/hexrealalgebraic_conformance(+0xba0fd6) [0x57e71b287fd6]
.lake/build/bin/hexrealalgebraic_conformance(+0x49f7537) [0x57e71f0de537]
.lake/build/bin/hexrealalgebraic_conformance(+0x49f7baa) [0x57e71f0debaa]
/nix/store/qqiqd3ah10x8hzsif4j1y4xc1miw23nx-glibc-2.42-67/lib/libc.so.6(+0x9ce53) [0x72d3c589ce53]
/nix/store/qqiqd3ah10x8hzsif4j1y4xc1miw23nx-glibc-2.42-67/lib/libc.so.6(+0x12407c) [0x72d3c592407c]
checking mignotte
checking crossFactor
AlgebraicRoot.add: certification failed
backtrace:
.lake/build/bin/hexrealalgebraic_conformance(+0x4a11305) [0x57e71f0f8305]
.lake/build/bin/hexrealalgebraic_conformance(+0x4a07e97) [0x57e71f0eee97]
.lake/build/bin/hexrealalgebraic_conformance(+0x4a07f7b) [0x57e71f0eef7b]
.lake/build/bin/hexrealalgebraic_conformance(+0xca72a7) [0x57e71b38e2a7]
.lake/build/bin/hexrealalgebraic_conformance(+0xcd23f6) [0x57e71b3b93f6]
.lake/build/bin/hexrealalgebraic_conformance(+0x4a117a6) [0x57e71f0f87a6]
.lake/build/bin/hexrealalgebraic_conformance(+0xcdf28b) [0x57e71b3c628b]
.lake/build/bin/hexrealalgebraic_conformance(+0x4a11886) [0x57e71f0f8886]
.lake/build/bin/hexrealalgebraic_conformance(+0xce17c4) [0x57e71b3c87c4]
.lake/build/bin/hexrealalgebraic_conformance(+0xba0fd6) [0x57e71b287fd6]
.lake/build/bin/hexrealalgebraic_conformance(+0x49f7537) [0x57e71f0de537]
.lake/build/bin/hexrealalgebraic_conformance(+0x49f7baa) [0x57e71f0debaa]
/nix/store/qqiqd3ah10x8hzsif4j1y4xc1miw23nx-glibc-2.42-67/lib/libc.so.6(+0x9ce53) [0x72d3c589ce53]
/nix/store/qqiqd3ah10x8hzsif4j1y4xc1miw23nx-glibc-2.42-67/lib/libc.so.6(+0x12407c) [0x72d3c592407c]
checking degreeEight
AlgebraicRoot.mul: certification failed
backtrace:
.lake/build/bin/hexrealalgebraic_conformance(+0x4a11305) [0x57e71f0f8305]
.lake/build/bin/hexrealalgebraic_conformance(+0x4a07e97) [0x57e71f0eee97]
.lake/build/bin/hexrealalgebraic_conformance(+0x4a07f7b) [0x57e71f0eef7b]
.lake/build/bin/hexrealalgebraic_conformance(+0xca7503) [0x57e71b38e503]
.lake/build/bin/hexrealalgebraic_conformance(+0xcd2416) [0x57e71b3b9416]
.lake/build/bin/hexrealalgebraic_conformance(+0xcdf828) [0x57e71b3c6828]
.lake/build/bin/hexrealalgebraic_conformance(+0x4a117a6) [0x57e71f0f87a6]
.lake/build/bin/hexrealalgebraic_conformance(+0xce384b) [0x57e71b3ca84b]
.lake/build/bin/hexrealalgebraic_conformance(+0x4a117a6) [0x57e71f0f87a6]
.lake/build/bin/hexrealalgebraic_conformance(+0xcdfeab) [0x57e71b3c6eab]
.lake/build/bin/hexrealalgebraic_conformance(+0x4a11886) [0x57e71f0f8886]
.lake/build/bin/hexrealalgebraic_conformance(+0xcdfbdb) [0x57e71b3c6bdb]
.lake/build/bin/hexrealalgebraic_conformance(+0x4a11886) [0x57e71f0f8886]
.lake/build/bin/hexrealalgebraic_conformance(+0xce1835) [0x57e71b3c8835]
.lake/build/bin/hexrealalgebraic_conformance(+0xba0fd6) [0x57e71b287fd6]
.lake/build/bin/hexrealalgebraic_conformance(+0x49f7537) [0x57e71f0de537]
.lake/build/bin/hexrealalgebraic_conformance(+0x49f7baa) [0x57e71f0debaa]
/nix/store/qqiqd3ah10x8hzsif4j1y4xc1miw23nx-glibc-2.42-67/lib/libc.so.6(+0x9ce53) [0x72d3c589ce53]
/nix/store/qqiqd3ah10x8hzsif4j1y4xc1miw23nx-glibc-2.42-67/lib/libc.so.6(+0x12407c) [0x72d3c592407c]
AlgebraicRoot.mul: certification failed
backtrace:
.lake/build/bin/hexrealalgebraic_conformance(+0x4a11305) [0x57e71f0f8305]
.lake/build/bin/hexrealalgebraic_conformance(+0x4a07e97) [0x57e71f0eee97]
.lake/build/bin/hexrealalgebraic_conformance(+0x4a07f7b) [0x57e71f0eef7b]
.lake/build/bin/hexrealalgebraic_conformance(+0xca7503) [0x57e71b38e503]
.lake/build/bin/hexrealalgebraic_conformance(+0xcd2416) [0x57e71b3b9416]
.lake/build/bin/hexrealalgebraic_conformance(+0xcdf828) [0x57e71b3c6828]
.lake/build/bin/hexrealalgebraic_conformance(+0x4a117a6) [0x57e71f0f87a6]
.lake/build/bin/hexrealalgebraic_conformance(+0xce384b) [0x57e71b3ca84b]
.lake/build/bin/hexrealalgebraic_conformance(+0x4a117a6) [0x57e71f0f87a6]
.lake/build/bin/hexrealalgebraic_conformance(+0xcdfeab) [0x57e71b3c6eab]
.lake/build/bin/hexrealalgebraic_conformance(+0x4a11886) [0x57e71f0f8886]
.lake/build/bin/hexrealalgebraic_conformance(+0xcdfbdb) [0x57e71b3c6bdb]
.lake/build/bin/hexrealalgebraic_conformance(+0x4a11886) [0x57e71f0f8886]
.lake/build/bin/hexrealalgebraic_conformance(+0xce1835) [0x57e71b3c8835]
.lake/build/bin/hexrealalgebraic_conformance(+0xba0fd6) [0x57e71b287fd6]
.lake/build/bin/hexrealalgebraic_conformance(+0x49f7537) [0x57e71f0de537]
.lake/build/bin/hexrealalgebraic_conformance(+0x49f7baa) [0x57e71f0debaa]
/nix/store/qqiqd3ah10x8hzsif4j1y4xc1miw23nx-glibc-2.42-67/lib/libc.so.6(+0x9ce53) [0x72d3c589ce53]
/nix/store/qqiqd3ah10x8hzsif4j1y4xc1miw23nx-glibc-2.42-67/lib/libc.so.6(+0x12407c) [0x72d3c592407c]
AlgebraicRoot.mul: certification failed
backtrace:
.lake/build/bin/hexrealalgebraic_conformance(+0x4a11305) [0x57e71f0f8305]
.lake/build/bin/hexrealalgebraic_conformance(+0x4a07e97) [0x57e71f0eee97]
.lake/build/bin/hexrealalgebraic_conformance(+0x4a07f7b) [0x57e71f0eef7b]
.lake/build/bin/hexrealalgebraic_conformance(+0xca7503) [0x57e71b38e503]
.lake/build/bin/hexrealalgebraic_conformance(+0xcd2416) [0x57e71b3b9416]
.lake/build/bin/hexrealalgebraic_conformance(+0xcdf828) [0x57e71b3c6828]
.lake/build/bin/hexrealalgebraic_conformance(+0x4a117a6) [0x57e71f0f87a6]
.lake/build/bin/hexrealalgebraic_conformance(+0xce384b) [0x57e71b3ca84b]
.lake/build/bin/hexrealalgebraic_conformance(+0x4a117a6) [0x57e71f0f87a6]
.lake/build/bin/hexrealalgebraic_conformance(+0xcdfeab) [0x57e71b3c6eab]
.lake/build/bin/hexrealalgebraic_conformance(+0x4a11886) [0x57e71f0f8886]
.lake/build/bin/hexrealalgebraic_conformance(+0xcdfbdb) [0x57e71b3c6bdb]
.lake/build/bin/hexrealalgebraic_conformance(+0x4a11886) [0x57e71f0f8886]
.lake/build/bin/hexrealalgebraic_conformance(+0xce1835) [0x57e71b3c8835]
.lake/build/bin/hexrealalgebraic_conformance(+0xba0fd6) [0x57e71b287fd6]
.lake/build/bin/hexrealalgebraic_conformance(+0x49f7537) [0x57e71f0de537]
.lake/build/bin/hexrealalgebraic_conformance(+0x49f7baa) [0x57e71f0debaa]
/nix/store/qqiqd3ah10x8hzsif4j1y4xc1miw23nx-glibc-2.42-67/lib/libc.so.6(+0x9ce53) [0x72d3c589ce53]
/nix/store/qqiqd3ah10x8hzsif4j1y4xc1miw23nx-glibc-2.42-67/lib/libc.so.6(+0x12407c) [0x72d3c592407c]
AlgebraicRoot.mul: certification failed
backtrace:
.lake/build/bin/hexrealalgebraic_conformance(+0x4a11305) [0x57e71f0f8305]
.lake/build/bin/hexrealalgebraic_conformance(+0x4a07e97) [0x57e71f0eee97]
.lake/build/bin/hexrealalgebraic_conformance(+0x4a07f7b) [0x57e71f0eef7b]
.lake/build/bin/hexrealalgebraic_conformance(+0xca7503) [0x57e71b38e503]
.lake/build/bin/hexrealalgebraic_conformance(+0xcd2416) [0x57e71b3b9416]
.lake/build/bin/hexrealalgebraic_conformance(+0xcdf828) [0x57e71b3c6828]
.lake/build/bin/hexrealalgebraic_conformance(+0x4a117a6) [0x57e71f0f87a6]
.lake/build/bin/hexrealalgebraic_conformance(+0xce384b) [0x57e71b3ca84b]
.lake/build/bin/hexrealalgebraic_conformance(+0x4a117a6) [0x57e71f0f87a6]
.lake/build/bin/hexrealalgebraic_conformance(+0xcdfeab) [0x57e71b3c6eab]
.lake/build/bin/hexrealalgebraic_conformance(+0x4a11886) [0x57e71f0f8886]
.lake/build/bin/hexrealalgebraic_conformance(+0xcdfbdb) [0x57e71b3c6bdb]
.lake/build/bin/hexrealalgebraic_conformance(+0x4a11886) [0x57e71f0f8886]
.lake/build/bin/hexrealalgebraic_conformance(+0xce1835) [0x57e71b3c8835]
.lake/build/bin/hexrealalgebraic_conformance(+0xba0fd6) [0x57e71b287fd6]
.lake/build/bin/hexrealalgebraic_conformance(+0x49f7537) [0x57e71f0de537]
.lake/build/bin/hexrealalgebraic_conformance(+0x49f7baa) [0x57e71f0debaa]
/nix/store/qqiqd3ah10x8hzsif4j1y4xc1miw23nx-glibc-2.42-67/lib/libc.so.6(+0x9ce53) [0x72d3c589ce53]
/nix/store/qqiqd3ah10x8hzsif4j1y4xc1miw23nx-glibc-2.42-67/lib/libc.so.6(+0x12407c) [0x72d3c592407c]
AlgebraicRoot.mul: certification failed
backtrace:
.lake/build/bin/hexrealalgebraic_conformance(+0x4a11305) [0x57e71f0f8305]
.lake/build/bin/hexrealalgebraic_conformance(+0x4a07e97) [0x57e71f0eee97]
.lake/build/bin/hexrealalgebraic_conformance(+0x4a07f7b) [0x57e71f0eef7b]
.lake/build/bin/hexrealalgebraic_conformance(+0xca7503) [0x57e71b38e503]
.lake/build/bin/hexrealalgebraic_conformance(+0xcd2416) [0x57e71b3b9416]
.lake/build/bin/hexrealalgebraic_conformance(+0xcdf828) [0x57e71b3c6828]
.lake/build/bin/hexrealalgebraic_conformance(+0x4a117a6) [0x57e71f0f87a6]
.lake/build/bin/hexrealalgebraic_conformance(+0xce384b) [0x57e71b3ca84b]
.lake/build/bin/hexrealalgebraic_conformance(+0x4a117a6) [0x57e71f0f87a6]
.lake/build/bin/hexrealalgebraic_conformance(+0xcdfeab) [0x57e71b3c6eab]
.lake/build/bin/hexrealalgebraic_conformance(+0x4a11886) [0x57e71f0f8886]
.lake/build/bin/hexrealalgebraic_conformance(+0xcdfbdb) [0x57e71b3c6bdb]
.lake/build/bin/hexrealalgebraic_conformance(+0x4a11886) [0x57e71f0f8886]
.lake/build/bin/hexrealalgebraic_conformance(+0xce1835) [0x57e71b3c8835]
.lake/build/bin/hexrealalgebraic_conformance(+0xba0fd6) [0x57e71b287fd6]
.lake/build/bin/hexrealalgebraic_conformance(+0x49f7537) [0x57e71f0de537]
.lake/build/bin/hexrealalgebraic_conformance(+0x49f7baa) [0x57e71f0debaa]
/nix/store/qqiqd3ah10x8hzsif4j1y4xc1miw23nx-glibc-2.42-67/lib/libc.so.6(+0x9ce53) [0x72d3c589ce53]
/nix/store/qqiqd3ah10x8hzsif4j1y4xc1miw23nx-glibc-2.42-67/lib/libc.so.6(+0x12407c) [0x72d3c592407c]
AlgebraicRoot.mul: certification failed
backtrace:
.lake/build/bin/hexrealalgebraic_conformance(+0x4a11305) [0x57e71f0f8305]
.lake/build/bin/hexrealalgebraic_conformance(+0x4a07e97) [0x57e71f0eee97]
.lake/build/bin/hexrealalgebraic_conformance(+0x4a07f7b) [0x57e71f0eef7b]
.lake/build/bin/hexrealalgebraic_conformance(+0xca7503) [0x57e71b38e503]
.lake/build/bin/hexrealalgebraic_conformance(+0xcd2416) [0x57e71b3b9416]
.lake/build/bin/hexrealalgebraic_conformance(+0xcdf828) [0x57e71b3c6828]
.lake/build/bin/hexrealalgebraic_conformance(+0x4a117a6) [0x57e71f0f87a6]
.lake/build/bin/hexrealalgebraic_conformance(+0xce384b) [0x57e71b3ca84b]
.lake/build/bin/hexrealalgebraic_conformance(+0x4a117a6) [0x57e71f0f87a6]
.lake/build/bin/hexrealalgebraic_conformance(+0xcdfeab) [0x57e71b3c6eab]
.lake/build/bin/hexrealalgebraic_conformance(+0x4a11886) [0x57e71f0f8886]
.lake/build/bin/hexrealalgebraic_conformance(+0xcdfbdb) [0x57e71b3c6bdb]
.lake/build/bin/hexrealalgebraic_conformance(+0x4a11886) [0x57e71f0f8886]
.lake/build/bin/hexrealalgebraic_conformance(+0xce1835) [0x57e71b3c8835]
.lake/build/bin/hexrealalgebraic_conformance(+0xba0fd6) [0x57e71b287fd6]
.lake/build/bin/hexrealalgebraic_conformance(+0x49f7537) [0x57e71f0de537]
.lake/build/bin/hexrealalgebraic_conformance(+0x49f7baa) [0x57e71f0debaa]
/nix/store/qqiqd3ah10x8hzsif4j1y4xc1miw23nx-glibc-2.42-67/lib/libc.so.6(+0x9ce53) [0x72d3c589ce53]
/nix/store/qqiqd3ah10x8hzsif4j1y4xc1miw23nx-glibc-2.42-67/lib/libc.so.6(+0x12407c) [0x72d3c592407c]
AlgebraicRoot.mul: certification failed
backtrace:
.lake/build/bin/hexrealalgebraic_conformance(+0x4a11305) [0x57e71f0f8305]
.lake/build/bin/hexrealalgebraic_conformance(+0x4a07e97) [0x57e71f0eee97]
.lake/build/bin/hexrealalgebraic_conformance(+0x4a07f7b) [0x57e71f0eef7b]
.lake/build/bin/hexrealalgebraic_conformance(+0xca7503) [0x57e71b38e503]
.lake/build/bin/hexrealalgebraic_conformance(+0xcd2416) [0x57e71b3b9416]
.lake/build/bin/hexrealalgebraic_conformance(+0xcdf828) [0x57e71b3c6828]
.lake/build/bin/hexrealalgebraic_conformance(+0x4a117a6) [0x57e71f0f87a6]
.lake/build/bin/hexrealalgebraic_conformance(+0xce384b) [0x57e71b3ca84b]
.lake/build/bin/hexrealalgebraic_conformance(+0x4a117a6) [0x57e71f0f87a6]
.lake/build/bin/hexrealalgebraic_conformance(+0xcdfeab) [0x57e71b3c6eab]
.lake/build/bin/hexrealalgebraic_conformance(+0x4a11886) [0x57e71f0f8886]
.lake/build/bin/hexrealalgebraic_conformance(+0xcdfbdb) [0x57e71b3c6bdb]
.lake/build/bin/hexrealalgebraic_conformance(+0x4a11886) [0x57e71f0f8886]
.lake/build/bin/hexrealalgebraic_conformance(+0xce1835) [0x57e71b3c8835]
.lake/build/bin/hexrealalgebraic_conformance(+0xba0fd6) [0x57e71b287fd6]
.lake/build/bin/hexrealalgebraic_conformance(+0x49f7537) [0x57e71f0de537]
.lake/build/bin/hexrealalgebraic_conformance(+0x49f7baa) [0x57e71f0debaa]
/nix/store/qqiqd3ah10x8hzsif4j1y4xc1miw23nx-glibc-2.42-67/lib/libc.so.6(+0x9ce53) [0x72d3c589ce53]
/nix/store/qqiqd3ah10x8hzsif4j1y4xc1miw23nx-glibc-2.42-67/lib/libc.so.6(+0x12407c) [0x72d3c592407c]
AlgebraicRoot.mul: certification failed
backtrace:
.lake/build/bin/hexrealalgebraic_conformance(+0x4a11305) [0x57e71f0f8305]
.lake/build/bin/hexrealalgebraic_conformance(+0x4a07e97) [0x57e71f0eee97]
.lake/build/bin/hexrealalgebraic_conformance(+0x4a07f7b) [0x57e71f0eef7b]
.lake/build/bin/hexrealalgebraic_conformance(+0xca7503) [0x57e71b38e503]
.lake/build/bin/hexrealalgebraic_conformance(+0xcd2416) [0x57e71b3b9416]
.lake/build/bin/hexrealalgebraic_conformance(+0xcdf828) [0x57e71b3c6828]
.lake/build/bin/hexrealalgebraic_conformance(+0x4a117a6) [0x57e71f0f87a6]
.lake/build/bin/hexrealalgebraic_conformance(+0xce384b) [0x57e71b3ca84b]
.lake/build/bin/hexrealalgebraic_conformance(+0x4a117a6) [0x57e71f0f87a6]
.lake/build/bin/hexrealalgebraic_conformance(+0xcdfeab) [0x57e71b3c6eab]
.lake/build/bin/hexrealalgebraic_conformance(+0x4a11886) [0x57e71f0f8886]
.lake/build/bin/hexrealalgebraic_conformance(+0xcdfbdb) [0x57e71b3c6bdb]
.lake/build/bin/hexrealalgebraic_conformance(+0x4a11886) [0x57e71f0f8886]
.lake/build/bin/hexrealalgebraic_conformance(+0xce1835) [0x57e71b3c8835]
.lake/build/bin/hexrealalgebraic_conformance(+0xba0fd6) [0x57e71b287fd6]
.lake/build/bin/hexrealalgebraic_conformance(+0x49f7537) [0x57e71f0de537]
.lake/build/bin/hexrealalgebraic_conformance(+0x49f7baa) [0x57e71f0debaa]
/nix/store/qqiqd3ah10x8hzsif4j1y4xc1miw23nx-glibc-2.42-67/lib/libc.so.6(+0x9ce53) [0x72d3c589ce53]
/nix/store/qqiqd3ah10x8hzsif4j1y4xc1miw23nx-glibc-2.42-67/lib/libc.so.6(+0x12407c) [0x72d3c592407c]
checking irrationalCoefficient
AlgebraicRoot.mul: certification failed
backtrace:
.lake/build/bin/hexrealalgebraic_conformance(+0x4a11305) [0x57e71f0f8305]
.lake/build/bin/hexrealalgebraic_conformance(+0x4a07e97) [0x57e71f0eee97]
.lake/build/bin/hexrealalgebraic_conformance(+0x4a07f7b) [0x57e71f0eef7b]
.lake/build/bin/hexrealalgebraic_conformance(+0xca7503) [0x57e71b38e503]
.lake/build/bin/hexrealalgebraic_conformance(+0xcd2416) [0x57e71b3b9416]
.lake/build/bin/hexrealalgebraic_conformance(+0xce0120) [0x57e71b3c7120]
.lake/build/bin/hexrealalgebraic_conformance(+0xce037a) [0x57e71b3c737a]
.lake/build/bin/hexrealalgebraic_conformance(+0x4a11886) [0x57e71f0f8886]
.lake/build/bin/hexrealalgebraic_conformance(+0xce18a6) [0x57e71b3c88a6]
.lake/build/bin/hexrealalgebraic_conformance(+0xba0fd6) [0x57e71b287fd6]
.lake/build/bin/hexrealalgebraic_conformance(+0x49f7537) [0x57e71f0de537]
.lake/build/bin/hexrealalgebraic_conformance(+0x49f7baa) [0x57e71f0debaa]
/nix/store/qqiqd3ah10x8hzsif4j1y4xc1miw23nx-glibc-2.42-67/lib/libc.so.6(+0x9ce53) [0x72d3c589ce53]
/nix/store/qqiqd3ah10x8hzsif4j1y4xc1miw23nx-glibc-2.42-67/lib/libc.so.6(+0x12407c) [0x72d3c592407c]
AlgebraicRoot.mul: certification failed
backtrace:
.lake/build/bin/hexrealalgebraic_conformance(+0x4a11305) [0x57e71f0f8305]
.lake/build/bin/hexrealalgebraic_conformance(+0x4a07e97) [0x57e71f0eee97]
.lake/build/bin/hexrealalgebraic_conformance(+0x4a07f7b) [0x57e71f0eef7b]
.lake/build/bin/hexrealalgebraic_conformance(+0xca7503) [0x57e71b38e503]
.lake/build/bin/hexrealalgebraic_conformance(+0xcd2416) [0x57e71b3b9416]
.lake/build/bin/hexrealalgebraic_conformance(+0xce0120) [0x57e71b3c7120]
.lake/build/bin/hexrealalgebraic_conformance(+0xce037a) [0x57e71b3c737a]
.lake/build/bin/hexrealalgebraic_conformance(+0x4a11886) [0x57e71f0f8886]
.lake/build/bin/hexrealalgebraic_conformance(+0xce18a6) [0x57e71b3c88a6]
.lake/build/bin/hexrealalgebraic_conformance(+0xba0fd6) [0x57e71b287fd6]
.lake/build/bin/hexrealalgebraic_conformance(+0x49f7537) [0x57e71f0de537]
.lake/build/bin/hexrealalgebraic_conformance(+0x49f7baa) [0x57e71f0debaa]
/nix/store/qqiqd3ah10x8hzsif4j1y4xc1miw23nx-glibc-2.42-67/lib/libc.so.6(+0x9ce53) [0x72d3c589ce53]
/nix/store/qqiqd3ah10x8hzsif4j1y4xc1miw23nx-glibc-2.42-67/lib/libc.so.6(+0x12407c) [0x72d3c592407c]
checking repeatedRoots
checking integerRounding
AlgebraicRoot.add: certification failed
backtrace:
.lake/build/bin/hexrealalgebraic_conformance(+0x4a11305) [0x57e71f0f8305]
.lake/build/bin/hexrealalgebraic_conformance(+0x4a07e97) [0x57e71f0eee97]
.lake/build/bin/hexrealalgebraic_conformance(+0x4a07f7b) [0x57e71f0eef7b]
.lake/build/bin/hexrealalgebraic_conformance(+0xca72a7) [0x57e71b38e2a7]
.lake/build/bin/hexrealalgebraic_conformance(+0x4a117a6) [0x57e71f0f87a6]
.lake/build/bin/hexrealalgebraic_conformance(+0xcf4462) [0x57e71b3db462]
.lake/build/bin/hexrealalgebraic_conformance(+0x4a117a6) [0x57e71f0f87a6]
.lake/build/bin/hexrealalgebraic_conformance(+0xcf43a7) [0x57e71b3db3a7]
.lake/build/bin/hexrealalgebraic_conformance(+0x4a117a6) [0x57e71f0f87a6]
.lake/build/bin/hexrealalgebraic_conformance(+0xcf428b) [0x57e71b3db28b]
.lake/build/bin/hexrealalgebraic_conformance(+0x4a117a6) [0x57e71f0f87a6]
.lake/build/bin/hexrealalgebraic_conformance(+0xceb28a) [0x57e71b3d228a]
.lake/build/bin/hexrealalgebraic_conformance(+0x4a11886) [0x57e71f0f8886]
.lake/build/bin/hexrealalgebraic_conformance(+0xcead0b) [0x57e71b3d1d0b]
.lake/build/bin/hexrealalgebraic_conformance(+0x4a11886) [0x57e71f0f8886]
.lake/build/bin/hexrealalgebraic_conformance(+0xcebf29) [0x57e71b3d2f29]
.lake/build/bin/hexrealalgebraic_conformance(+0x4a1447f) [0x57e71f0fb47f]
.lake/build/bin/hexrealalgebraic_conformance(+0xcf3e43) [0x57e71b3dae43]
.lake/build/bin/hexrealalgebraic_conformance(+0xcf40a2) [0x57e71b3db0a2]
.lake/build/bin/hexrealalgebraic_conformance(+0x49f7537) [0x57e71f0de537]
.lake/build/bin/hexrealalgebraic_conformance(+0x49f7baa) [0x57e71f0debaa]
/nix/store/qqiqd3ah10x8hzsif4j1y4xc1miw23nx-glibc-2.42-67/lib/libc.so.6(+0x9ce53) [0x72d3c589ce53]
/nix/store/qqiqd3ah10x8hzsif4j1y4xc1miw23nx-glibc-2.42-67/lib/libc.so.6(+0x12407c) [0x72d3c592407c]
AlgebraicRoot.add: certification failed
backtrace:
.lake/build/bin/hexrealalgebraic_conformance(+0x4a11305) [0x57e71f0f8305]
.lake/build/bin/hexrealalgebraic_conformance(+0x4a07e97) [0x57e71f0eee97]
.lake/build/bin/hexrealalgebraic_conformance(+0x4a07f7b) [0x57e71f0eef7b]
.lake/build/bin/hexrealalgebraic_conformance(+0xca72a7) [0x57e71b38e2a7]
.lake/build/bin/hexrealalgebraic_conformance(+0xcdc86f) [0x57e71b3c386f]
.lake/build/bin/hexrealalgebraic_conformance(+0x4a117a6) [0x57e71f0f87a6]
.lake/build/bin/hexrealalgebraic_conformance(+0xceb593) [0x57e71b3d2593]
.lake/build/bin/hexrealalgebraic_conformance(+0x4a11886) [0x57e71f0f8886]
.lake/build/bin/hexrealalgebraic_conformance(+0xceaf09) [0x57e71b3d1f09]
.lake/build/bin/hexrealalgebraic_conformance(+0x4a11886) [0x57e71f0f8886]
.lake/build/bin/hexrealalgebraic_conformance(+0xcebf29) [0x57e71b3d2f29]
.lake/build/bin/hexrealalgebraic_conformance(+0x4a1447f) [0x57e71f0fb47f]
.lake/build/bin/hexrealalgebraic_conformance(+0xcf3e43) [0x57e71b3dae43]
.lake/build/bin/hexrealalgebraic_conformance(+0xcf40a2) [0x57e71b3db0a2]
.lake/build/bin/hexrealalgebraic_conformance(+0x49f7537) [0x57e71f0de537]
.lake/build/bin/hexrealalgebraic_conformance(+0x49f7baa) [0x57e71f0debaa]
/nix/store/qqiqd3ah10x8hzsif4j1y4xc1miw23nx-glibc-2.42-67/lib/libc.so.6(+0x9ce53) [0x72d3c589ce53]
/nix/store/qqiqd3ah10x8hzsif4j1y4xc1miw23nx-glibc-2.42-67/lib/libc.so.6(+0x12407c) [0x72d3c592407c]
AlgebraicRoot.mul: certification failed
backtrace:
.lake/build/bin/hexrealalgebraic_conformance(+0x4a11305) [0x57e71f0f8305]
.lake/build/bin/hexrealalgebraic_conformance(+0x4a07e97) [0x57e71f0eee97]
.lake/build/bin/hexrealalgebraic_conformance(+0x4a07f7b) [0x57e71f0eef7b]
.lake/build/bin/hexrealalgebraic_conformance(+0xca7503) [0x57e71b38e503]
.lake/build/bin/hexrealalgebraic_conformance(+0x4a117a6) [0x57e71f0f87a6]
.lake/build/bin/hexrealalgebraic_conformance(+0xcdc9b4) [0x57e71b3c39b4]
.lake/build/bin/hexrealalgebraic_conformance(+0x4a117a6) [0x57e71f0f87a6]
.lake/build/bin/hexrealalgebraic_conformance(+0xceb613) [0x57e71b3d2613]
.lake/build/bin/hexrealalgebraic_conformance(+0x4a11886) [0x57e71f0f8886]
.lake/build/bin/hexrealalgebraic_conformance(+0xceaf2f) [0x57e71b3d1f2f]
.lake/build/bin/hexrealalgebraic_conformance(+0x4a11886) [0x57e71f0f8886]
.lake/build/bin/hexrealalgebraic_conformance(+0xcebf29) [0x57e71b3d2f29]
.lake/build/bin/hexrealalgebraic_conformance(+0x4a1447f) [0x57e71f0fb47f]
.lake/build/bin/hexrealalgebraic_conformance(+0xcf3e43) [0x57e71b3dae43]
.lake/build/bin/hexrealalgebraic_conformance(+0xcf40a2) [0x57e71b3db0a2]
.lake/build/bin/hexrealalgebraic_conformance(+0x49f7537) [0x57e71f0de537]
.lake/build/bin/hexrealalgebraic_conformance(+0x49f7baa) [0x57e71f0debaa]
/nix/store/qqiqd3ah10x8hzsif4j1y4xc1miw23nx-glibc-2.42-67/lib/libc.so.6(+0x9ce53) [0x72d3c589ce53]
/nix/store/qqiqd3ah10x8hzsif4j1y4xc1miw23nx-glibc-2.42-67/lib/libc.so.6(+0x12407c) [0x72d3c592407c]
AlgebraicRoot.mul: certification failed
backtrace:
.lake/build/bin/hexrealalgebraic_conformance(+0x4a11305) [0x57e71f0f8305]
.lake/build/bin/hexrealalgebraic_conformance(+0x4a07e97) [0x57e71f0eee97]
.lake/build/bin/hexrealalgebraic_conformance(+0x4a07f7b) [0x57e71f0eef7b]
.lake/build/bin/hexrealalgebraic_conformance(+0xca7503) [0x57e71b38e503]
.lake/build/bin/hexrealalgebraic_conformance(+0x4a117a6) [0x57e71f0f87a6]
.lake/build/bin/hexrealalgebraic_conformance(+0xcf4705) [0x57e71b3db705]
.lake/build/bin/hexrealalgebraic_conformance(+0x4a117a6) [0x57e71f0f87a6]
.lake/build/bin/hexrealalgebraic_conformance(+0xceb693) [0x57e71b3d2693]
.lake/build/bin/hexrealalgebraic_conformance(+0x4a11886) [0x57e71f0f8886]
.lake/build/bin/hexrealalgebraic_conformance(+0xceaf55) [0x57e71b3d1f55]
.lake/build/bin/hexrealalgebraic_conformance(+0x4a11886) [0x57e71f0f8886]
.lake/build/bin/hexrealalgebraic_conformance(+0xcebf29) [0x57e71b3d2f29]
.lake/build/bin/hexrealalgebraic_conformance(+0x4a1447f) [0x57e71f0fb47f]
.lake/build/bin/hexrealalgebraic_conformance(+0xcf3e43) [0x57e71b3dae43]
.lake/build/bin/hexrealalgebraic_conformance(+0xcf40a2) [0x57e71b3db0a2]
.lake/build/bin/hexrealalgebraic_conformance(+0x49f7537) [0x57e71f0de537]
.lake/build/bin/hexrealalgebraic_conformance(+0x49f7baa) [0x57e71f0debaa]
/nix/store/qqiqd3ah10x8hzsif4j1y4xc1miw23nx-glibc-2.42-67/lib/libc.so.6(+0x9ce53) [0x72d3c589ce53]
/nix/store/qqiqd3ah10x8hzsif4j1y4xc1miw23nx-glibc-2.42-67/lib/libc.so.6(+0x12407c) [0x72d3c592407c]
AlgebraicRoot.add: certification failed
backtrace:
.lake/build/bin/hexrealalgebraic_conformance(+0x4a11305) [0x57e71f0f8305]
.lake/build/bin/hexrealalgebraic_conformance(+0x4a07e97) [0x57e71f0eee97]
.lake/build/bin/hexrealalgebraic_conformance(+0x4a07f7b) [0x57e71f0eef7b]
.lake/build/bin/hexrealalgebraic_conformance(+0xca72a7) [0x57e71b38e2a7]
.lake/build/bin/hexrealalgebraic_conformance(+0x4a117a6) [0x57e71f0f87a6]
.lake/build/bin/hexrealalgebraic_conformance(+0xceb693) [0x57e71b3d2693]
.lake/build/bin/hexrealalgebraic_conformance(+0x4a11886) [0x57e71f0f8886]
.lake/build/bin/hexrealalgebraic_conformance(+0xceaf55) [0x57e71b3d1f55]
.lake/build/bin/hexrealalgebraic_conformance(+0x4a11886) [0x57e71f0f8886]
.lake/build/bin/hexrealalgebraic_conformance(+0xcebf29) [0x57e71b3d2f29]
.lake/build/bin/hexrealalgebraic_conformance(+0x4a1447f) [0x57e71f0fb47f]
.lake/build/bin/hexrealalgebraic_conformance(+0xcf3e43) [0x57e71b3dae43]
.lake/build/bin/hexrealalgebraic_conformance(+0xcf40a2) [0x57e71b3db0a2]
.lake/build/bin/hexrealalgebraic_conformance(+0x49f7537) [0x57e71f0de537]
.lake/build/bin/hexrealalgebraic_conformance(+0x49f7baa) [0x57e71f0debaa]
/nix/store/qqiqd3ah10x8hzsif4j1y4xc1miw23nx-glibc-2.42-67/lib/libc.so.6(+0x9ce53) [0x72d3c589ce53]
/nix/store/qqiqd3ah10x8hzsif4j1y4xc1miw23nx-glibc-2.42-67/lib/libc.so.6(+0x12407c) [0x72d3c592407c]
AlgebraicRoot.mul: certification failed
backtrace:
.lake/build/bin/hexrealalgebraic_conformance(+0x4a11305) [0x57e71f0f8305]
.lake/build/bin/hexrealalgebraic_conformance(+0x4a07e97) [0x57e71f0eee97]
.lake/build/bin/hexrealalgebraic_conformance(+0x4a07f7b) [0x57e71f0eef7b]
.lake/build/bin/hexrealalgebraic_conformance(+0xca7503) [0x57e71b38e503]
.lake/build/bin/hexrealalgebraic_conformance(+0xcd2416) [0x57e71b3b9416]
.lake/build/bin/hexrealalgebraic_conformance(+0x4a117a6) [0x57e71f0f87a6]
.lake/build/bin/hexrealalgebraic_conformance(+0xcf47d5) [0x57e71b3db7d5]
.lake/build/bin/hexrealalgebraic_conformance(+0x4a117a6) [0x57e71f0f87a6]
.lake/build/bin/hexrealalgebraic_conformance(+0xceb6e5) [0x57e71b3d26e5]
.lake/build/bin/hexrealalgebraic_conformance(+0x4a11886) [0x57e71f0f8886]
.lake/build/bin/hexrealalgebraic_conformance(+0xceaf7b) [0x57e71b3d1f7b]
.lake/build/bin/hexrealalgebraic_conformance(+0x4a11886) [0x57e71f0f8886]
.lake/build/bin/hexrealalgebraic_conformance(+0xcebf29) [0x57e71b3d2f29]
.lake/build/bin/hexrealalgebraic_conformance(+0x4a1447f) [0x57e71f0fb47f]
.lake/build/bin/hexrealalgebraic_conformance(+0xcf3e43) [0x57e71b3dae43]
.lake/build/bin/hexrealalgebraic_conformance(+0xcf40a2) [0x57e71b3db0a2]
.lake/build/bin/hexrealalgebraic_conformance(+0x49f7537) [0x57e71f0de537]
.lake/build/bin/hexrealalgebraic_conformance(+0x49f7baa) [0x57e71f0debaa]
/nix/store/qqiqd3ah10x8hzsif4j1y4xc1miw23nx-glibc-2.42-67/lib/libc.so.6(+0x9ce53) [0x72d3c589ce53]
/nix/store/qqiqd3ah10x8hzsif4j1y4xc1miw23nx-glibc-2.42-67/lib/libc.so.6(+0x12407c) [0x72d3c592407c]
AlgebraicRoot.mul: certification failed
backtrace:
.lake/build/bin/hexrealalgebraic_conformance(+0x4a11305) [0x57e71f0f8305]
.lake/build/bin/hexrealalgebraic_conformance(+0x4a07e97) [0x57e71f0eee97]
.lake/build/bin/hexrealalgebraic_conformance(+0x4a07f7b) [0x57e71f0eef7b]
.lake/build/bin/hexrealalgebraic_conformance(+0xca7503) [0x57e71b38e503]
.lake/build/bin/hexrealalgebraic_conformance(+0xcd2416) [0x57e71b3b9416]
.lake/build/bin/hexrealalgebraic_conformance(+0x4a117a6) [0x57e71f0f87a6]
.lake/build/bin/hexrealalgebraic_conformance(+0xcf4803) [0x57e71b3db803]
.lake/build/bin/hexrealalgebraic_conformance(+0x4a117a6) [0x57e71f0f87a6]
.lake/build/bin/hexrealalgebraic_conformance(+0xceb6e5) [0x57e71b3d26e5]
.lake/build/bin/hexrealalgebraic_conformance(+0x4a11886) [0x57e71f0f8886]
.lake/build/bin/hexrealalgebraic_conformance(+0xceaf7b) [0x57e71b3d1f7b]
.lake/build/bin/hexrealalgebraic_conformance(+0x4a11886) [0x57e71f0f8886]
.lake/build/bin/hexrealalgebraic_conformance(+0xcebf29) [0x57e71b3d2f29]
.lake/build/bin/hexrealalgebraic_conformance(+0x4a1447f) [0x57e71f0fb47f]
.lake/build/bin/hexrealalgebraic_conformance(+0xcf3e43) [0x57e71b3dae43]
.lake/build/bin/hexrealalgebraic_conformance(+0xcf40a2) [0x57e71b3db0a2]
.lake/build/bin/hexrealalgebraic_conformance(+0x49f7537) [0x57e71f0de537]
.lake/build/bin/hexrealalgebraic_conformance(+0x49f7baa) [0x57e71f0debaa]
/nix/store/qqiqd3ah10x8hzsif4j1y4xc1miw23nx-glibc-2.42-67/lib/libc.so.6(+0x9ce53) [0x72d3c589ce53]
/nix/store/qqiqd3ah10x8hzsif4j1y4xc1miw23nx-glibc-2.42-67/lib/libc.so.6(+0x12407c) [0x72d3c592407c]
AlgebraicRoot.mul: certification failed
backtrace:
.lake/build/bin/hexrealalgebraic_conformance(+0x4a11305) [0x57e71f0f8305]
.lake/build/bin/hexrealalgebraic_conformance(+0x4a07e97) [0x57e71f0eee97]
.lake/build/bin/hexrealalgebraic_conformance(+0x4a07f7b) [0x57e71f0eef7b]
.lake/build/bin/hexrealalgebraic_conformance(+0xca7503) [0x57e71b38e503]
.lake/build/bin/hexrealalgebraic_conformance(+0x4a117a6) [0x57e71f0f87a6]
.lake/build/bin/hexrealalgebraic_conformance(+0xcf4842) [0x57e71b3db842]
.lake/build/bin/hexrealalgebraic_conformance(+0x4a117a6) [0x57e71f0f87a6]
.lake/build/bin/hexrealalgebraic_conformance(+0xceb713) [0x57e71b3d2713]
.lake/build/bin/hexrealalgebraic_conformance(+0x4a11886) [0x57e71f0f8886]
.lake/build/bin/hexrealalgebraic_conformance(+0xceaf7b) [0x57e71b3d1f7b]
.lake/build/bin/hexrealalgebraic_conformance(+0x4a11886) [0x57e71f0f8886]
.lake/build/bin/hexrealalgebraic_conformance(+0xcebf29) [0x57e71b3d2f29]
.lake/build/bin/hexrealalgebraic_conformance(+0x4a1447f) [0x57e71f0fb47f]
.lake/build/bin/hexrealalgebraic_conformance(+0xcf3e43) [0x57e71b3dae43]
.lake/build/bin/hexrealalgebraic_conformance(+0xcf40a2) [0x57e71b3db0a2]
.lake/build/bin/hexrealalgebraic_conformance(+0x49f7537) [0x57e71f0de537]
.lake/build/bin/hexrealalgebraic_conformance(+0x49f7baa) [0x57e71f0debaa]
/nix/store/qqiqd3ah10x8hzsif4j1y4xc1miw23nx-glibc-2.42-67/lib/libc.so.6(+0x9ce53) [0x72d3c589ce53]
/nix/store/qqiqd3ah10x8hzsif4j1y4xc1miw23nx-glibc-2.42-67/lib/libc.so.6(+0x12407c) [0x72d3c592407c]
AlgebraicRoot.add: certification failed
backtrace:
.lake/build/bin/hexrealalgebraic_conformance(+0x4a11305) [0x57e71f0f8305]
.lake/build/bin/hexrealalgebraic_conformance(+0x4a07e97) [0x57e71f0eee97]
.lake/build/bin/hexrealalgebraic_conformance(+0x4a07f7b) [0x57e71f0eef7b]
.lake/build/bin/hexrealalgebraic_conformance(+0xca72a7) [0x57e71b38e2a7]
.lake/build/bin/hexrealalgebraic_conformance(+0xcdc86f) [0x57e71b3c386f]
.lake/build/bin/hexrealalgebraic_conformance(+0x4a117a6) [0x57e71f0f87a6]
.lake/build/bin/hexrealalgebraic_conformance(+0xceb713) [0x57e71b3d2713]
.lake/build/bin/hexrealalgebraic_conformance(+0x4a11886) [0x57e71f0f8886]
.lake/build/bin/hexrealalgebraic_conformance(+0xceaf7b) [0x57e71b3d1f7b]
.lake/build/bin/hexrealalgebraic_conformance(+0x4a11886) [0x57e71f0f8886]
.lake/build/bin/hexrealalgebraic_conformance(+0xcebf29) [0x57e71b3d2f29]
.lake/build/bin/hexrealalgebraic_conformance(+0x4a1447f) [0x57e71f0fb47f]
.lake/build/bin/hexrealalgebraic_conformance(+0xcf3e43) [0x57e71b3dae43]
.lake/build/bin/hexrealalgebraic_conformance(+0xcf40a2) [0x57e71b3db0a2]
.lake/build/bin/hexrealalgebraic_conformance(+0x49f7537) [0x57e71f0de537]
.lake/build/bin/hexrealalgebraic_conformance(+0x49f7baa) [0x57e71f0debaa]
/nix/store/qqiqd3ah10x8hzsif4j1y4xc1miw23nx-glibc-2.42-67/lib/libc.so.6(+0x9ce53) [0x72d3c589ce53]
/nix/store/qqiqd3ah10x8hzsif4j1y4xc1miw23nx-glibc-2.42-67/lib/libc.so.6(+0x12407c) [0x72d3c592407c]
AlgebraicRoot.mul: certification failed
backtrace:
.lake/build/bin/hexrealalgebraic_conformance(+0x4a11305) [0x57e71f0f8305]
.lake/build/bin/hexrealalgebraic_conformance(+0x4a07e97) [0x57e71f0eee97]
.lake/build/bin/hexrealalgebraic_conformance(+0x4a07f7b) [0x57e71f0eef7b]
.lake/build/bin/hexrealalgebraic_conformance(+0xca7503) [0x57e71b38e503]
.lake/build/bin/hexrealalgebraic_conformance(+0xcd2416) [0x57e71b3b9416]
.lake/build/bin/hexrealalgebraic_conformance(+0x4a117a6) [0x57e71f0f87a6]
.lake/build/bin/hexrealalgebraic_conformance(+0xcf49b3) [0x57e71b3db9b3]
.lake/build/bin/hexrealalgebraic_conformance(+0x4a117a6) [0x57e71f0f87a6]
.lake/build/bin/hexrealalgebraic_conformance(+0xceb765) [0x57e71b3d2765]
.lake/build/bin/hexrealalgebraic_conformance(+0x4a11886) [0x57e71f0f8886]
.lake/build/bin/hexrealalgebraic_conformance(+0xceafa1) [0x57e71b3d1fa1]
.lake/build/bin/hexrealalgebraic_conformance(+0x4a11886) [0x57e71f0f8886]
.lake/build/bin/hexrealalgebraic_conformance(+0xcebf29) [0x57e71b3d2f29]
.lake/build/bin/hexrealalgebraic_conformance(+0x4a1447f) [0x57e71f0fb47f]
.lake/build/bin/hexrealalgebraic_conformance(+0xcf3e43) [0x57e71b3dae43]
.lake/build/bin/hexrealalgebraic_conformance(+0xcf40a2) [0x57e71b3db0a2]
.lake/build/bin/hexrealalgebraic_conformance(+0x49f7537) [0x57e71f0de537]
.lake/build/bin/hexrealalgebraic_conformance(+0x49f7baa) [0x57e71f0debaa]
/nix/store/qqiqd3ah10x8hzsif4j1y4xc1miw23nx-glibc-2.42-67/lib/libc.so.6(+0x9ce53) [0x72d3c589ce53]
/nix/store/qqiqd3ah10x8hzsif4j1y4xc1miw23nx-glibc-2.42-67/lib/libc.so.6(+0x12407c) [0x72d3c592407c]
AlgebraicRoot.mul: certification failed
backtrace:
.lake/build/bin/hexrealalgebraic_conformance(+0x4a11305) [0x57e71f0f8305]
.lake/build/bin/hexrealalgebraic_conformance(+0x4a07e97) [0x57e71f0eee97]
.lake/build/bin/hexrealalgebraic_conformance(+0x4a07f7b) [0x57e71f0eef7b]
.lake/build/bin/hexrealalgebraic_conformance(+0xca7503) [0x57e71b38e503]
.lake/build/bin/hexrealalgebraic_conformance(+0xcd2416) [0x57e71b3b9416]
.lake/build/bin/hexrealalgebraic_conformance(+0x4a117a6) [0x57e71f0f87a6]
.lake/build/bin/hexrealalgebraic_conformance(+0xceb765) [0x57e71b3d2765]
.lake/build/bin/hexrealalgebraic_conformance(+0x4a11886) [0x57e71f0f8886]
.lake/build/bin/hexrealalgebraic_conformance(+0xceafa1) [0x57e71b3d1fa1]
.lake/build/bin/hexrealalgebraic_conformance(+0x4a11886) [0x57e71f0f8886]
.lake/build/bin/hexrealalgebraic_conformance(+0xcebf29) [0x57e71b3d2f29]
.lake/build/bin/hexrealalgebraic_conformance(+0x4a1447f) [0x57e71f0fb47f]
.lake/build/bin/hexrealalgebraic_conformance(+0xcf3e43) [0x57e71b3dae43]
.lake/build/bin/hexrealalgebraic_conformance(+0xcf40a2) [0x57e71b3db0a2]
.lake/build/bin/hexrealalgebraic_conformance(+0x49f7537) [0x57e71f0de537]
.lake/build/bin/hexrealalgebraic_conformance(+0x49f7baa) [0x57e71f0debaa]
/nix/store/qqiqd3ah10x8hzsif4j1y4xc1miw23nx-glibc-2.42-67/lib/libc.so.6(+0x9ce53) [0x72d3c589ce53]
/nix/store/qqiqd3ah10x8hzsif4j1y4xc1miw23nx-glibc-2.42-67/lib/libc.so.6(+0x12407c) [0x72d3c592407c]
AlgebraicRoot.mul: certification failed
backtrace:
.lake/build/bin/hexrealalgebraic_conformance(+0x4a11305) [0x57e71f0f8305]
.lake/build/bin/hexrealalgebraic_conformance(+0x4a07e97) [0x57e71f0eee97]
.lake/build/bin/hexrealalgebraic_conformance(+0x4a07f7b) [0x57e71f0eef7b]
.lake/build/bin/hexrealalgebraic_conformance(+0xca7503) [0x57e71b38e503]
.lake/build/bin/hexrealalgebraic_conformance(+0x4a117a6) [0x57e71f0f87a6]
.lake/build/bin/hexrealalgebraic_conformance(+0xcebaeb) [0x57e71b3d2aeb]
.lake/build/bin/hexrealalgebraic_conformance(+0x4a11886) [0x57e71f0f8886]
.lake/build/bin/hexrealalgebraic_conformance(+0xceb0f7) [0x57e71b3d20f7]
.lake/build/bin/hexrealalgebraic_conformance(+0x4a11886) [0x57e71f0f8886]
.lake/build/bin/hexrealalgebraic_conformance(+0xcebf29) [0x57e71b3d2f29]
.lake/build/bin/hexrealalgebraic_conformance(+0x4a1447f) [0x57e71f0fb47f]
.lake/build/bin/hexrealalgebraic_conformance(+0xcf3e43) [0x57e71b3dae43]
.lake/build/bin/hexrealalgebraic_conformance(+0xcf40a2) [0x57e71b3db0a2]
.lake/build/bin/hexrealalgebraic_conformance(+0x49f7537) [0x57e71f0de537]
.lake/build/bin/hexrealalgebraic_conformance(+0x49f7baa) [0x57e71f0debaa]
/nix/store/qqiqd3ah10x8hzsif4j1y4xc1miw23nx-glibc-2.42-67/lib/libc.so.6(+0x9ce53) [0x72d3c589ce53]
/nix/store/qqiqd3ah10x8hzsif4j1y4xc1miw23nx-glibc-2.42-67/lib/libc.so.6(+0x12407c) [0x72d3c592407c]
AlgebraicRoot.add: certification failed
backtrace:
.lake/build/bin/hexrealalgebraic_conformance(+0x4a11305) [0x57e71f0f8305]
.lake/build/bin/hexrealalgebraic_conformance(+0x4a07e97) [0x57e71f0eee97]
.lake/build/bin/hexrealalgebraic_conformance(+0x4a07f7b) [0x57e71f0eef7b]
.lake/build/bin/hexrealalgebraic_conformance(+0xca72a7) [0x57e71b38e2a7]
.lake/build/bin/hexrealalgebraic_conformance(+0x4a117a6) [0x57e71f0f87a6]
.lake/build/bin/hexrealalgebraic_conformance(+0xcf4be3) [0x57e71b3dbbe3]
.lake/build/bin/hexrealalgebraic_conformance(+0x4a117a6) [0x57e71f0f87a6]
.lake/build/bin/hexrealalgebraic_conformance(+0xcebd93) [0x57e71b3d2d93]
.lake/build/bin/hexrealalgebraic_conformance(+0x4a11886) [0x57e71f0f8886]
.lake/build/bin/hexrealalgebraic_conformance(+0xceb229) [0x57e71b3d2229]
.lake/build/bin/hexrealalgebraic_conformance(+0x4a11886) [0x57e71f0f8886]
.lake/build/bin/hexrealalgebraic_conformance(+0xcebf29) [0x57e71b3d2f29]
.lake/build/bin/hexrealalgebraic_conformance(+0x4a1447f) [0x57e71f0fb47f]
.lake/build/bin/hexrealalgebraic_conformance(+0xcf3e43) [0x57e71b3dae43]
.lake/build/bin/hexrealalgebraic_conformance(+0xcf40a2) [0x57e71b3db0a2]
.lake/build/bin/hexrealalgebraic_conformance(+0x49f7537) [0x57e71f0de537]
.lake/build/bin/hexrealalgebraic_conformance(+0x49f7baa) [0x57e71f0debaa]
/nix/store/qqiqd3ah10x8hzsif4j1y4xc1miw23nx-glibc-2.42-67/lib/libc.so.6(+0x9ce53) [0x72d3c589ce53]
/nix/store/qqiqd3ah10x8hzsif4j1y4xc1miw23nx-glibc-2.42-67/lib/libc.so.6(+0x12407c) [0x72d3c592407c]
complex algebraic check passed: conjugation/order/projections
complex algebraic check passed: conjugate pairs
AlgebraicRoot.mul: certification failed
backtrace:
.lake/build/bin/hexrealalgebraic_conformance(+0x4a11305) [0x57e71f0f8305]
.lake/build/bin/hexrealalgebraic_conformance(+0x4a07e97) [0x57e71f0eee97]
.lake/build/bin/hexrealalgebraic_conformance(+0x4a07f7b) [0x57e71f0eef7b]
.lake/build/bin/hexrealalgebraic_conformance(+0xca7503) [0x57e71b38e503]
.lake/build/bin/hexrealalgebraic_conformance(+0x4a117a6) [0x57e71f0f87a6]
.lake/build/bin/hexrealalgebraic_conformance(+0xcf5f72) [0x57e71b3dcf72]
.lake/build/bin/hexrealalgebraic_conformance(+0x4a117a6) [0x57e71f0f87a6]
.lake/build/bin/hexrealalgebraic_conformance(+0xcecd53) [0x57e71b3d3d53]
.lake/build/bin/hexrealalgebraic_conformance(+0x4a11886) [0x57e71f0f8886]
.lake/build/bin/hexrealalgebraic_conformance(+0xcec8d9) [0x57e71b3d38d9]
.lake/build/bin/hexrealalgebraic_conformance(+0x4a11886) [0x57e71f0f8886]
.lake/build/bin/hexrealalgebraic_conformance(+0xced1a9) [0x57e71b3d41a9]
.lake/build/bin/hexrealalgebraic_conformance(+0x4a1447f) [0x57e71f0fb47f]
.lake/build/bin/hexrealalgebraic_conformance(+0xcf3f2c) [0x57e71b3daf2c]
.lake/build/bin/hexrealalgebraic_conformance(+0xcf40a2) [0x57e71b3db0a2]
.lake/build/bin/hexrealalgebraic_conformance(+0x49f7537) [0x57e71f0de537]
.lake/build/bin/hexrealalgebraic_conformance(+0x49f7baa) [0x57e71f0debaa]
/nix/store/qqiqd3ah10x8hzsif4j1y4xc1miw23nx-glibc-2.42-67/lib/libc.so.6(+0x9ce53) [0x72d3c589ce53]
/nix/store/qqiqd3ah10x8hzsif4j1y4xc1miw23nx-glibc-2.42-67/lib/libc.so.6(+0x12407c) [0x72d3c592407c]
AlgebraicRoot.mul: certification failed
backtrace:
.lake/build/bin/hexrealalgebraic_conformance(+0x4a11305) [0x57e71f0f8305]
.lake/build/bin/hexrealalgebraic_conformance(+0x4a07e97) [0x57e71f0eee97]
.lake/build/bin/hexrealalgebraic_conformance(+0x4a07f7b) [0x57e71f0eef7b]
.lake/build/bin/hexrealalgebraic_conformance(+0xca7503) [0x57e71b38e503]
.lake/build/bin/hexrealalgebraic_conformance(+0xcc71b9) [0x57e71b3ae1b9]
.lake/build/bin/hexrealalgebraic_conformance(+0xcc7189) [0x57e71b3ae189]
.lake/build/bin/hexrealalgebraic_conformance(+0xcc7189) [0x57e71b3ae189]
.lake/build/bin/hexrealalgebraic_conformance(+0x4a117a6) [0x57e71f0f87a6]
.lake/build/bin/hexrealalgebraic_conformance(+0xcece23) [0x57e71b3d3e23]
.lake/build/bin/hexrealalgebraic_conformance(+0x4a11886) [0x57e71f0f8886]
.lake/build/bin/hexrealalgebraic_conformance(+0xcec925) [0x57e71b3d3925]
.lake/build/bin/hexrealalgebraic_conformance(+0x4a11886) [0x57e71f0f8886]
.lake/build/bin/hexrealalgebraic_conformance(+0xced1a9) [0x57e71b3d41a9]
.lake/build/bin/hexrealalgebraic_conformance(+0x4a1447f) [0x57e71f0fb47f]
.lake/build/bin/hexrealalgebraic_conformance(+0xcf3f2c) [0x57e71b3daf2c]
.lake/build/bin/hexrealalgebraic_conformance(+0xcf40a2) [0x57e71b3db0a2]
.lake/build/bin/hexrealalgebraic_conformance(+0x49f7537) [0x57e71f0de537]
.lake/build/bin/hexrealalgebraic_conformance(+0x49f7baa) [0x57e71f0debaa]
/nix/store/qqiqd3ah10x8hzsif4j1y4xc1miw23nx-glibc-2.42-67/lib/libc.so.6(+0x9ce53) [0x72d3c589ce53]
/nix/store/qqiqd3ah10x8hzsif4j1y4xc1miw23nx-glibc-2.42-67/lib/libc.so.6(+0x12407c) [0x72d3c592407c]
AlgebraicRoot.mul: certification failed
backtrace:
.lake/build/bin/hexrealalgebraic_conformance(+0x4a11305) [0x57e71f0f8305]
.lake/build/bin/hexrealalgebraic_conformance(+0x4a07e97) [0x57e71f0eee97]
.lake/build/bin/hexrealalgebraic_conformance(+0x4a07f7b) [0x57e71f0eef7b]
.lake/build/bin/hexrealalgebraic_conformance(+0xca7503) [0x57e71b38e503]
.lake/build/bin/hexrealalgebraic_conformance(+0xcc7189) [0x57e71b3ae189]
.lake/build/bin/hexrealalgebraic_conformance(+0xcc7189) [0x57e71b3ae189]
.lake/build/bin/hexrealalgebraic_conformance(+0x4a117a6) [0x57e71f0f87a6]
.lake/build/bin/hexrealalgebraic_conformance(+0xcece23) [0x57e71b3d3e23]
.lake/build/bin/hexrealalgebraic_conformance(+0x4a11886) [0x57e71f0f8886]
.lake/build/bin/hexrealalgebraic_conformance(+0xcec925) [0x57e71b3d3925]
.lake/build/bin/hexrealalgebraic_conformance(+0x4a11886) [0x57e71f0f8886]
.lake/build/bin/hexrealalgebraic_conformance(+0xced1a9) [0x57e71b3d41a9]
.lake/build/bin/hexrealalgebraic_conformance(+0x4a1447f) [0x57e71f0fb47f]
.lake/build/bin/hexrealalgebraic_conformance(+0xcf3f2c) [0x57e71b3daf2c]
.lake/build/bin/hexrealalgebraic_conformance(+0xcf40a2) [0x57e71b3db0a2]
.lake/build/bin/hexrealalgebraic_conformance(+0x49f7537) [0x57e71f0de537]
.lake/build/bin/hexrealalgebraic_conformance(+0x49f7baa) [0x57e71f0debaa]
/nix/store/qqiqd3ah10x8hzsif4j1y4xc1miw23nx-glibc-2.42-67/lib/libc.so.6(+0x9ce53) [0x72d3c589ce53]
/nix/store/qqiqd3ah10x8hzsif4j1y4xc1miw23nx-glibc-2.42-67/lib/libc.so.6(+0x12407c) [0x72d3c592407c]
AlgebraicRoot.mul: certification failed
backtrace:
.lake/build/bin/hexrealalgebraic_conformance(+0x4a11305) [0x57e71f0f8305]
.lake/build/bin/hexrealalgebraic_conformance(+0x4a07e97) [0x57e71f0eee97]
.lake/build/bin/hexrealalgebraic_conformance(+0x4a07f7b) [0x57e71f0eef7b]
.lake/build/bin/hexrealalgebraic_conformance(+0xca7503) [0x57e71b38e503]
.lake/build/bin/hexrealalgebraic_conformance(+0xcc71b9) [0x57e71b3ae1b9]
.lake/build/bin/hexrealalgebraic_conformance(+0xcc7189) [0x57e71b3ae189]
.lake/build/bin/hexrealalgebraic_conformance(+0x4a117a6) [0x57e71f0f87a6]
.lake/build/bin/hexrealalgebraic_conformance(+0xcece23) [0x57e71b3d3e23]
.lake/build/bin/hexrealalgebraic_conformance(+0x4a11886) [0x57e71f0f8886]
.lake/build/bin/hexrealalgebraic_conformance(+0xcec925) [0x57e71b3d3925]
.lake/build/bin/hexrealalgebraic_conformance(+0x4a11886) [0x57e71f0f8886]
.lake/build/bin/hexrealalgebraic_conformance(+0xced1a9) [0x57e71b3d41a9]
.lake/build/bin/hexrealalgebraic_conformance(+0x4a1447f) [0x57e71f0fb47f]
.lake/build/bin/hexrealalgebraic_conformance(+0xcf3f2c) [0x57e71b3daf2c]
.lake/build/bin/hexrealalgebraic_conformance(+0xcf40a2) [0x57e71b3db0a2]
.lake/build/bin/hexrealalgebraic_conformance(+0x49f7537) [0x57e71f0de537]
.lake/build/bin/hexrealalgebraic_conformance(+0x49f7baa) [0x57e71f0debaa]
/nix/store/qqiqd3ah10x8hzsif4j1y4xc1miw23nx-glibc-2.42-67/lib/libc.so.6(+0x9ce53) [0x72d3c589ce53]
/nix/store/qqiqd3ah10x8hzsif4j1y4xc1miw23nx-glibc-2.42-67/lib/libc.so.6(+0x12407c) [0x72d3c592407c]
AlgebraicRoot.mul: certification failed
backtrace:
.lake/build/bin/hexrealalgebraic_conformance(+0x4a11305) [0x57e71f0f8305]
.lake/build/bin/hexrealalgebraic_conformance(+0x4a07e97) [0x57e71f0eee97]
.lake/build/bin/hexrealalgebraic_conformance(+0x4a07f7b) [0x57e71f0eef7b]
.lake/build/bin/hexrealalgebraic_conformance(+0xca7503) [0x57e71b38e503]
.lake/build/bin/hexrealalgebraic_conformance(+0xcc71b9) [0x57e71b3ae1b9]
.lake/build/bin/hexrealalgebraic_conformance(+0x4a117a6) [0x57e71f0f87a6]
.lake/build/bin/hexrealalgebraic_conformance(+0xcece23) [0x57e71b3d3e23]
.lake/build/bin/hexrealalgebraic_conformance(+0x4a11886) [0x57e71f0f8886]
.lake/build/bin/hexrealalgebraic_conformance(+0xcec925) [0x57e71b3d3925]
.lake/build/bin/hexrealalgebraic_conformance(+0x4a11886) [0x57e71f0f8886]
.lake/build/bin/hexrealalgebraic_conformance(+0xced1a9) [0x57e71b3d41a9]
.lake/build/bin/hexrealalgebraic_conformance(+0x4a1447f) [0x57e71f0fb47f]
.lake/build/bin/hexrealalgebraic_conformance(+0xcf3f2c) [0x57e71b3daf2c]
.lake/build/bin/hexrealalgebraic_conformance(+0xcf40a2) [0x57e71b3db0a2]
.lake/build/bin/hexrealalgebraic_conformance(+0x49f7537) [0x57e71f0de537]
.lake/build/bin/hexrealalgebraic_conformance(+0x49f7baa) [0x57e71f0debaa]
/nix/store/qqiqd3ah10x8hzsif4j1y4xc1miw23nx-glibc-2.42-67/lib/libc.so.6(+0x9ce53) [0x72d3c589ce53]
/nix/store/qqiqd3ah10x8hzsif4j1y4xc1miw23nx-glibc-2.42-67/lib/libc.so.6(+0x12407c) [0x72d3c592407c]
AlgebraicRoot.mul: certification failed
backtrace:
.lake/build/bin/hexrealalgebraic_conformance(+0x4a11305) [0x57e71f0f8305]
.lake/build/bin/hexrealalgebraic_conformance(+0x4a07e97) [0x57e71f0eee97]
.lake/build/bin/hexrealalgebraic_conformance(+0x4a07f7b) [0x57e71f0eef7b]
.lake/build/bin/hexrealalgebraic_conformance(+0xca7503) [0x57e71b38e503]
.lake/build/bin/hexrealalgebraic_conformance(+0xcc71b9) [0x57e71b3ae1b9]
.lake/build/bin/hexrealalgebraic_conformance(+0xcc7189) [0x57e71b3ae189]
.lake/build/bin/hexrealalgebraic_conformance(+0x4a117a6) [0x57e71f0f87a6]
.lake/build/bin/hexrealalgebraic_conformance(+0xcecea3) [0x57e71b3d3ea3]
.lake/build/bin/hexrealalgebraic_conformance(+0x4a11886) [0x57e71f0f8886]
.lake/build/bin/hexrealalgebraic_conformance(+0xcec94b) [0x57e71b3d394b]
.lake/build/bin/hexrealalgebraic_conformance(+0x4a11886) [0x57e71f0f8886]
.lake/build/bin/hexrealalgebraic_conformance(+0xced1a9) [0x57e71b3d41a9]
.lake/build/bin/hexrealalgebraic_conformance(+0x4a1447f) [0x57e71f0fb47f]
.lake/build/bin/hexrealalgebraic_conformance(+0xcf3f2c) [0x57e71b3daf2c]
.lake/build/bin/hexrealalgebraic_conformance(+0xcf40a2) [0x57e71b3db0a2]
.lake/build/bin/hexrealalgebraic_conformance(+0x49f7537) [0x57e71f0de537]
.lake/build/bin/hexrealalgebraic_conformance(+0x49f7baa) [0x57e71f0debaa]
/nix/store/qqiqd3ah10x8hzsif4j1y4xc1miw23nx-glibc-2.42-67/lib/libc.so.6(+0x9ce53) [0x72d3c589ce53]
/nix/store/qqiqd3ah10x8hzsif4j1y4xc1miw23nx-glibc-2.42-67/lib/libc.so.6(+0x12407c) [0x72d3c592407c]
AlgebraicRoot.mul: certification failed
backtrace:
.lake/build/bin/hexrealalgebraic_conformance(+0x4a11305) [0x57e71f0f8305]
.lake/build/bin/hexrealalgebraic_conformance(+0x4a07e97) [0x57e71f0eee97]
.lake/build/bin/hexrealalgebraic_conformance(+0x4a07f7b) [0x57e71f0eef7b]
.lake/build/bin/hexrealalgebraic_conformance(+0xca7503) [0x57e71b38e503]
.lake/build/bin/hexrealalgebraic_conformance(+0xcc7189) [0x57e71b3ae189]
.lake/build/bin/hexrealalgebraic_conformance(+0x4a117a6) [0x57e71f0f87a6]
.lake/build/bin/hexrealalgebraic_conformance(+0xcecea3) [0x57e71b3d3ea3]
.lake/build/bin/hexrealalgebraic_conformance(+0x4a11886) [0x57e71f0f8886]
.lake/build/bin/hexrealalgebraic_conformance(+0xcec94b) [0x57e71b3d394b]
.lake/build/bin/hexrealalgebraic_conformance(+0x4a11886) [0x57e71f0f8886]
.lake/build/bin/hexrealalgebraic_conformance(+0xced1a9) [0x57e71b3d41a9]
.lake/build/bin/hexrealalgebraic_conformance(+0x4a1447f) [0x57e71f0fb47f]
.lake/build/bin/hexrealalgebraic_conformance(+0xcf3f2c) [0x57e71b3daf2c]
.lake/build/bin/hexrealalgebraic_conformance(+0xcf40a2) [0x57e71b3db0a2]
.lake/build/bin/hexrealalgebraic_conformance(+0x49f7537) [0x57e71f0de537]
.lake/build/bin/hexrealalgebraic_conformance(+0x49f7baa) [0x57e71f0debaa]
/nix/store/qqiqd3ah10x8hzsif4j1y4xc1miw23nx-glibc-2.42-67/lib/libc.so.6(+0x9ce53) [0x72d3c589ce53]
/nix/store/qqiqd3ah10x8hzsif4j1y4xc1miw23nx-glibc-2.42-67/lib/libc.so.6(+0x12407c) [0x72d3c592407c]
AlgebraicRoot.mul: certification failed
backtrace:
.lake/build/bin/hexrealalgebraic_conformance(+0x4a11305) [0x57e71f0f8305]
.lake/build/bin/hexrealalgebraic_conformance(+0x4a07e97) [0x57e71f0eee97]
.lake/build/bin/hexrealalgebraic_conformance(+0x4a07f7b) [0x57e71f0eef7b]
.lake/build/bin/hexrealalgebraic_conformance(+0xca7503) [0x57e71b38e503]
.lake/build/bin/hexrealalgebraic_conformance(+0xcc71b9) [0x57e71b3ae1b9]
.lake/build/bin/hexrealalgebraic_conformance(+0x4a117a6) [0x57e71f0f87a6]
.lake/build/bin/hexrealalgebraic_conformance(+0xcecea3) [0x57e71b3d3ea3]
.lake/build/bin/hexrealalgebraic_conformance(+0x4a11886) [0x57e71f0f8886]
.lake/build/bin/hexrealalgebraic_conformance(+0xcec94b) [0x57e71b3d394b]
.lake/build/bin/hexrealalgebraic_conformance(+0x4a11886) [0x57e71f0f8886]
.lake/build/bin/hexrealalgebraic_conformance(+0xced1a9) [0x57e71b3d41a9]
.lake/build/bin/hexrealalgebraic_conformance(+0x4a1447f) [0x57e71f0fb47f]
.lake/build/bin/hexrealalgebraic_conformance(+0xcf3f2c) [0x57e71b3daf2c]
.lake/build/bin/hexrealalgebraic_conformance(+0xcf40a2) [0x57e71b3db0a2]
.lake/build/bin/hexrealalgebraic_conformance(+0x49f7537) [0x57e71f0de537]
.lake/build/bin/hexrealalgebraic_conformance(+0x49f7baa) [0x57e71f0debaa]
/nix/store/qqiqd3ah10x8hzsif4j1y4xc1miw23nx-glibc-2.42-67/lib/libc.so.6(+0x9ce53) [0x72d3c589ce53]
/nix/store/qqiqd3ah10x8hzsif4j1y4xc1miw23nx-glibc-2.42-67/lib/libc.so.6(+0x12407c) [0x72d3c592407c]
AlgebraicRoot.mul: certification failed
backtrace:
.lake/build/bin/hexrealalgebraic_conformance(+0x4a11305) [0x57e71f0f8305]
.lake/build/bin/hexrealalgebraic_conformance(+0x4a07e97) [0x57e71f0eee97]
.lake/build/bin/hexrealalgebraic_conformance(+0x4a07f7b) [0x57e71f0eef7b]
.lake/build/bin/hexrealalgebraic_conformance(+0xca7503) [0x57e71b38e503]
.lake/build/bin/hexrealalgebraic_conformance(+0x4a117a6) [0x57e71f0f87a6]
.lake/build/bin/hexrealalgebraic_conformance(+0xcecea3) [0x57e71b3d3ea3]
.lake/build/bin/hexrealalgebraic_conformance(+0x4a11886) [0x57e71f0f8886]
.lake/build/bin/hexrealalgebraic_conformance(+0xcec94b) [0x57e71b3d394b]
.lake/build/bin/hexrealalgebraic_conformance(+0x4a11886) [0x57e71f0f8886]
.lake/build/bin/hexrealalgebraic_conformance(+0xced1a9) [0x57e71b3d41a9]
.lake/build/bin/hexrealalgebraic_conformance(+0x4a1447f) [0x57e71f0fb47f]
.lake/build/bin/hexrealalgebraic_conformance(+0xcf3f2c) [0x57e71b3daf2c]
.lake/build/bin/hexrealalgebraic_conformance(+0xcf40a2) [0x57e71b3db0a2]
.lake/build/bin/hexrealalgebraic_conformance(+0x49f7537) [0x57e71f0de537]
.lake/build/bin/hexrealalgebraic_conformance(+0x49f7baa) [0x57e71f0debaa]
/nix/store/qqiqd3ah10x8hzsif4j1y4xc1miw23nx-glibc-2.42-67/lib/libc.so.6(+0x9ce53) [0x72d3c589ce53]
/nix/store/qqiqd3ah10x8hzsif4j1y4xc1miw23nx-glibc-2.42-67/lib/libc.so.6(+0x12407c) [0x72d3c592407c]
AlgebraicRoot.add: certification failed
backtrace:
.lake/build/bin/hexrealalgebraic_conformance(+0x4a11305) [0x57e71f0f8305]
.lake/build/bin/hexrealalgebraic_conformance(+0x4a07e97) [0x57e71f0eee97]
.lake/build/bin/hexrealalgebraic_conformance(+0x4a07f7b) [0x57e71f0eef7b]
.lake/build/bin/hexrealalgebraic_conformance(+0xca72a7) [0x57e71b38e2a7]
.lake/build/bin/hexrealalgebraic_conformance(+0x4a117a6) [0x57e71f0f87a6]
.lake/build/bin/hexrealalgebraic_conformance(+0xcecfd5) [0x57e71b3d3fd5]
.lake/build/bin/hexrealalgebraic_conformance(+0x4a11886) [0x57e71f0f8886]
.lake/build/bin/hexrealalgebraic_conformance(+0xceca49) [0x57e71b3d3a49]
.lake/build/bin/hexrealalgebraic_conformance(+0x4a11886) [0x57e71f0f8886]
.lake/build/bin/hexrealalgebraic_conformance(+0xced1a9) [0x57e71b3d41a9]
.lake/build/bin/hexrealalgebraic_conformance(+0x4a1447f) [0x57e71f0fb47f]
.lake/build/bin/hexrealalgebraic_conformance(+0xcf3f2c) [0x57e71b3daf2c]
.lake/build/bin/hexrealalgebraic_conformance(+0xcf40a2) [0x57e71b3db0a2]
.lake/build/bin/hexrealalgebraic_conformance(+0x49f7537) [0x57e71f0de537]
.lake/build/bin/hexrealalgebraic_conformance(+0x49f7baa) [0x57e71f0debaa]
/nix/store/qqiqd3ah10x8hzsif4j1y4xc1miw23nx-glibc-2.42-67/lib/libc.so.6(+0x9ce53) [0x72d3c589ce53]
/nix/store/qqiqd3ah10x8hzsif4j1y4xc1miw23nx-glibc-2.42-67/lib/libc.so.6(+0x12407c) [0x72d3c592407c]
AlgebraicRoot.mul: certification failed
backtrace:
.lake/build/bin/hexrealalgebraic_conformance(+0x4a11305) [0x57e71f0f8305]
.lake/build/bin/hexrealalgebraic_conformance(+0x4a07e97) [0x57e71f0eee97]
.lake/build/bin/hexrealalgebraic_conformance(+0x4a07f7b) [0x57e71f0eef7b]
.lake/build/bin/hexrealalgebraic_conformance(+0xca7503) [0x57e71b38e503]
.lake/build/bin/hexrealalgebraic_conformance(+0x4a117a6) [0x57e71f0f87a6]
.lake/build/bin/hexrealalgebraic_conformance(+0xcf6342) [0x57e71b3dd342]
.lake/build/bin/hexrealalgebraic_conformance(+0x4a117a6) [0x57e71f0f87a6]
.lake/build/bin/hexrealalgebraic_conformance(+0xced003) [0x57e71b3d4003]
.lake/build/bin/hexrealalgebraic_conformance(+0x4a11886) [0x57e71f0f8886]
.lake/build/bin/hexrealalgebraic_conformance(+0xceca49) [0x57e71b3d3a49]
.lake/build/bin/hexrealalgebraic_conformance(+0x4a11886) [0x57e71f0f8886]
.lake/build/bin/hexrealalgebraic_conformance(+0xced1a9) [0x57e71b3d41a9]
.lake/build/bin/hexrealalgebraic_conformance(+0x4a1447f) [0x57e71f0fb47f]
.lake/build/bin/hexrealalgebraic_conformance(+0xcf3f2c) [0x57e71b3daf2c]
.lake/build/bin/hexrealalgebraic_conformance(+0xcf40a2) [0x57e71b3db0a2]
.lake/build/bin/hexrealalgebraic_conformance(+0x49f7537) [0x57e71f0de537]
.lake/build/bin/hexrealalgebraic_conformance(+0x49f7baa) [0x57e71f0debaa]
/nix/store/qqiqd3ah10x8hzsif4j1y4xc1miw23nx-glibc-2.42-67/lib/libc.so.6(+0x9ce53) [0x72d3c589ce53]
/nix/store/qqiqd3ah10x8hzsif4j1y4xc1miw23nx-glibc-2.42-67/lib/libc.so.6(+0x12407c) [0x72d3c592407c]
AlgebraicRoot.mul: certification failed
backtrace:
.lake/build/bin/hexrealalgebraic_conformance(+0x4a11305) [0x57e71f0f8305]
.lake/build/bin/hexrealalgebraic_conformance(+0x4a07e97) [0x57e71f0eee97]
.lake/build/bin/hexrealalgebraic_conformance(+0x4a07f7b) [0x57e71f0eef7b]
.lake/build/bin/hexrealalgebraic_conformance(+0xca7503) [0x57e71b38e503]
.lake/build/bin/hexrealalgebraic_conformance(+0x4a117a6) [0x57e71f0f87a6]
.lake/build/bin/hexrealalgebraic_conformance(+0xcf6422) [0x57e71b3dd422]
.lake/build/bin/hexrealalgebraic_conformance(+0x4a117a6) [0x57e71f0f87a6]
.lake/build/bin/hexrealalgebraic_conformance(+0xced083) [0x57e71b3d4083]
.lake/build/bin/hexrealalgebraic_conformance(+0x4a11886) [0x57e71f0f8886]
.lake/build/bin/hexrealalgebraic_conformance(+0xceca6f) [0x57e71b3d3a6f]
.lake/build/bin/hexrealalgebraic_conformance(+0x4a11886) [0x57e71f0f8886]
.lake/build/bin/hexrealalgebraic_conformance(+0xced1a9) [0x57e71b3d41a9]
.lake/build/bin/hexrealalgebraic_conformance(+0x4a1447f) [0x57e71f0fb47f]
.lake/build/bin/hexrealalgebraic_conformance(+0xcf3f2c) [0x57e71b3daf2c]
.lake/build/bin/hexrealalgebraic_conformance(+0xcf40a2) [0x57e71b3db0a2]
.lake/build/bin/hexrealalgebraic_conformance(+0x49f7537) [0x57e71f0de537]
.lake/build/bin/hexrealalgebraic_conformance(+0x49f7baa) [0x57e71f0debaa]
/nix/store/qqiqd3ah10x8hzsif4j1y4xc1miw23nx-glibc-2.42-67/lib/libc.so.6(+0x9ce53) [0x72d3c589ce53]
/nix/store/qqiqd3ah10x8hzsif4j1y4xc1miw23nx-glibc-2.42-67/lib/libc.so.6(+0x12407c) [0x72d3c592407c]
AlgebraicRoot.mul: certification failed
backtrace:
.lake/build/bin/hexrealalgebraic_conformance(+0x4a11305) [0x57e71f0f8305]
.lake/build/bin/hexrealalgebraic_conformance(+0x4a07e97) [0x57e71f0eee97]
.lake/build/bin/hexrealalgebraic_conformance(+0x4a07f7b) [0x57e71f0eef7b]
.lake/build/bin/hexrealalgebraic_conformance(+0xca7503) [0x57e71b38e503]
.lake/build/bin/hexrealalgebraic_conformance(+0xcc71b9) [0x57e71b3ae1b9]
.lake/build/bin/hexrealalgebraic_conformance(+0xcc7189) [0x57e71b3ae189]
.lake/build/bin/hexrealalgebraic_conformance(+0x4a117a6) [0x57e71f0f87a6]
.lake/build/bin/hexrealalgebraic_conformance(+0xced0d2) [0x57e71b3d40d2]
.lake/build/bin/hexrealalgebraic_conformance(+0x4a11886) [0x57e71f0f8886]
.lake/build/bin/hexrealalgebraic_conformance(+0xceca95) [0x57e71b3d3a95]
.lake/build/bin/hexrealalgebraic_conformance(+0x4a11886) [0x57e71f0f8886]
.lake/build/bin/hexrealalgebraic_conformance(+0xced1a9) [0x57e71b3d41a9]
.lake/build/bin/hexrealalgebraic_conformance(+0x4a1447f) [0x57e71f0fb47f]
.lake/build/bin/hexrealalgebraic_conformance(+0xcf3f2c) [0x57e71b3daf2c]
.lake/build/bin/hexrealalgebraic_conformance(+0xcf40a2) [0x57e71b3db0a2]
.lake/build/bin/hexrealalgebraic_conformance(+0x49f7537) [0x57e71f0de537]
.lake/build/bin/hexrealalgebraic_conformance(+0x49f7baa) [0x57e71f0debaa]
/nix/store/qqiqd3ah10x8hzsif4j1y4xc1miw23nx-glibc-2.42-67/lib/libc.so.6(+0x9ce53) [0x72d3c589ce53]
/nix/store/qqiqd3ah10x8hzsif4j1y4xc1miw23nx-glibc-2.42-67/lib/libc.so.6(+0x12407c) [0x72d3c592407c]
AlgebraicRoot.mul: certification failed
backtrace:
.lake/build/bin/hexrealalgebraic_conformance(+0x4a11305) [0x57e71f0f8305]
.lake/build/bin/hexrealalgebraic_conformance(+0x4a07e97) [0x57e71f0eee97]
.lake/build/bin/hexrealalgebraic_conformance(+0x4a07f7b) [0x57e71f0eef7b]
.lake/build/bin/hexrealalgebraic_conformance(+0xca7503) [0x57e71b38e503]
.lake/build/bin/hexrealalgebraic_conformance(+0xcc7189) [0x57e71b3ae189]
.lake/build/bin/hexrealalgebraic_conformance(+0x4a117a6) [0x57e71f0f87a6]
.lake/build/bin/hexrealalgebraic_conformance(+0xced0d2) [0x57e71b3d40d2]
.lake/build/bin/hexrealalgebraic_conformance(+0x4a11886) [0x57e71f0f8886]
.lake/build/bin/hexrealalgebraic_conformance(+0xceca95) [0x57e71b3d3a95]
.lake/build/bin/hexrealalgebraic_conformance(+0x4a11886) [0x57e71f0f8886]
.lake/build/bin/hexrealalgebraic_conformance(+0xced1a9) [0x57e71b3d41a9]
.lake/build/bin/hexrealalgebraic_conformance(+0x4a1447f) [0x57e71f0fb47f]
.lake/build/bin/hexrealalgebraic_conformance(+0xcf3f2c) [0x57e71b3daf2c]
.lake/build/bin/hexrealalgebraic_conformance(+0xcf40a2) [0x57e71b3db0a2]
.lake/build/bin/hexrealalgebraic_conformance(+0x49f7537) [0x57e71f0de537]
.lake/build/bin/hexrealalgebraic_conformance(+0x49f7baa) [0x57e71f0debaa]
/nix/store/qqiqd3ah10x8hzsif4j1y4xc1miw23nx-glibc-2.42-67/lib/libc.so.6(+0x9ce53) [0x72d3c589ce53]
/nix/store/qqiqd3ah10x8hzsif4j1y4xc1miw23nx-glibc-2.42-67/lib/libc.so.6(+0x12407c) [0x72d3c592407c]
AlgebraicRoot.mul: certification failed
backtrace:
.lake/build/bin/hexrealalgebraic_conformance(+0x4a11305) [0x57e71f0f8305]
.lake/build/bin/hexrealalgebraic_conformance(+0x4a07e97) [0x57e71f0eee97]
.lake/build/bin/hexrealalgebraic_conformance(+0x4a07f7b) [0x57e71f0eef7b]
.lake/build/bin/hexrealalgebraic_conformance(+0xca7503) [0x57e71b38e503]
.lake/build/bin/hexrealalgebraic_conformance(+0xcc71b9) [0x57e71b3ae1b9]
.lake/build/bin/hexrealalgebraic_conformance(+0x4a117a6) [0x57e71f0f87a6]
.lake/build/bin/hexrealalgebraic_conformance(+0xced0d2) [0x57e71b3d40d2]
.lake/build/bin/hexrealalgebraic_conformance(+0x4a11886) [0x57e71f0f8886]
.lake/build/bin/hexrealalgebraic_conformance(+0xceca95) [0x57e71b3d3a95]
.lake/build/bin/hexrealalgebraic_conformance(+0x4a11886) [0x57e71f0f8886]
.lake/build/bin/hexrealalgebraic_conformance(+0xced1a9) [0x57e71b3d41a9]
.lake/build/bin/hexrealalgebraic_conformance(+0x4a1447f) [0x57e71f0fb47f]
.lake/build/bin/hexrealalgebraic_conformance(+0xcf3f2c) [0x57e71b3daf2c]
.lake/build/bin/hexrealalgebraic_conformance(+0xcf40a2) [0x57e71b3db0a2]
.lake/build/bin/hexrealalgebraic_conformance(+0x49f7537) [0x57e71f0de537]
.lake/build/bin/hexrealalgebraic_conformance(+0x49f7baa) [0x57e71f0debaa]
/nix/store/qqiqd3ah10x8hzsif4j1y4xc1miw23nx-glibc-2.42-67/lib/libc.so.6(+0x9ce53) [0x72d3c589ce53]
/nix/store/qqiqd3ah10x8hzsif4j1y4xc1miw23nx-glibc-2.42-67/lib/libc.so.6(+0x12407c) [0x72d3c592407c]
complex algebraic check passed: principal radicals
AlgebraicRoot.add: certification failed
backtrace:
.lake/build/bin/hexrealalgebraic_conformance(+0x4a11305) [0x57e71f0f8305]
.lake/build/bin/hexrealalgebraic_conformance(+0x4a07e97) [0x57e71f0eee97]
.lake/build/bin/hexrealalgebraic_conformance(+0x4a07f7b) [0x57e71f0eef7b]
.lake/build/bin/hexrealalgebraic_conformance(+0xca72a7) [0x57e71b38e2a7]
.lake/build/bin/hexrealalgebraic_conformance(+0x4a117a6) [0x57e71f0f87a6]
.lake/build/bin/hexrealalgebraic_conformance(+0xcf6eb3) [0x57e71b3ddeb3]
.lake/build/bin/hexrealalgebraic_conformance(+0x4a117a6) [0x57e71f0f87a6]
.lake/build/bin/hexrealalgebraic_conformance(+0xcf6e2b) [0x57e71b3dde2b]
.lake/build/bin/hexrealalgebraic_conformance(+0x4a117a6) [0x57e71f0f87a6]
.lake/build/bin/hexrealalgebraic_conformance(+0xcf05aa) [0x57e71b3d75aa]
.lake/build/bin/hexrealalgebraic_conformance(+0x4a11886) [0x57e71f0f8886]
.lake/build/bin/hexrealalgebraic_conformance(+0xcef407) [0x57e71b3d6407]
.lake/build/bin/hexrealalgebraic_conformance(+0x4a11886) [0x57e71f0f8886]
.lake/build/bin/hexrealalgebraic_conformance(+0xcf0c79) [0x57e71b3d7c79]
.lake/build/bin/hexrealalgebraic_conformance(+0x4a1447f) [0x57e71f0fb47f]
.lake/build/bin/hexrealalgebraic_conformance(+0xcf3f2c) [0x57e71b3daf2c]
.lake/build/bin/hexrealalgebraic_conformance(+0xcf40a2) [0x57e71b3db0a2]
.lake/build/bin/hexrealalgebraic_conformance(+0x49f7537) [0x57e71f0de537]
.lake/build/bin/hexrealalgebraic_conformance(+0x49f7baa) [0x57e71f0debaa]
/nix/store/qqiqd3ah10x8hzsif4j1y4xc1miw23nx-glibc-2.42-67/lib/libc.so.6(+0x9ce53) [0x72d3c589ce53]
/nix/store/qqiqd3ah10x8hzsif4j1y4xc1miw23nx-glibc-2.42-67/lib/libc.so.6(+0x12407c) [0x72d3c592407c]
AlgebraicRoot.add: certification failed
backtrace:
.lake/build/bin/hexrealalgebraic_conformance(+0x4a11305) [0x57e71f0f8305]
.lake/build/bin/hexrealalgebraic_conformance(+0x4a07e97) [0x57e71f0eee97]
.lake/build/bin/hexrealalgebraic_conformance(+0x4a07f7b) [0x57e71f0eef7b]
.lake/build/bin/hexrealalgebraic_conformance(+0xca72a7) [0x57e71b38e2a7]
.lake/build/bin/hexrealalgebraic_conformance(+0xced5d3) [0x57e71b3d45d3]
.lake/build/bin/hexrealalgebraic_conformance(+0x4a117a6) [0x57e71f0f87a6]
.lake/build/bin/hexrealalgebraic_conformance(+0xcf70db) [0x57e71b3de0db]
.lake/build/bin/hexrealalgebraic_conformance(+0x4a117a6) [0x57e71f0f87a6]
.lake/build/bin/hexrealalgebraic_conformance(+0xcf081b) [0x57e71b3d781b]
.lake/build/bin/hexrealalgebraic_conformance(+0x4a11886) [0x57e71f0f8886]
.lake/build/bin/hexrealalgebraic_conformance(+0xcef79f) [0x57e71b3d679f]
.lake/build/bin/hexrealalgebraic_conformance(+0x4a11886) [0x57e71f0f8886]
.lake/build/bin/hexrealalgebraic_conformance(+0xcf0c79) [0x57e71b3d7c79]
.lake/build/bin/hexrealalgebraic_conformance(+0x4a1447f) [0x57e71f0fb47f]
.lake/build/bin/hexrealalgebraic_conformance(+0xcf3f2c) [0x57e71b3daf2c]
.lake/build/bin/hexrealalgebraic_conformance(+0xcf40a2) [0x57e71b3db0a2]
.lake/build/bin/hexrealalgebraic_conformance(+0x49f7537) [0x57e71f0de537]
.lake/build/bin/hexrealalgebraic_conformance(+0x49f7baa) [0x57e71f0debaa]
/nix/store/qqiqd3ah10x8hzsif4j1y4xc1miw23nx-glibc-2.42-67/lib/libc.so.6(+0x9ce53) [0x72d3c589ce53]
/nix/store/qqiqd3ah10x8hzsif4j1y4xc1miw23nx-glibc-2.42-67/lib/libc.so.6(+0x12407c) [0x72d3c592407c]
AlgebraicRoot.add: certification failed
backtrace:
.lake/build/bin/hexrealalgebraic_conformance(+0x4a11305) [0x57e71f0f8305]
.lake/build/bin/hexrealalgebraic_conformance(+0x4a07e97) [0x57e71f0eee97]
.lake/build/bin/hexrealalgebraic_conformance(+0x4a07f7b) [0x57e71f0eef7b]
.lake/build/bin/hexrealalgebraic_conformance(+0xca72a7) [0x57e71b38e2a7]
.lake/build/bin/hexrealalgebraic_conformance(+0xced5d3) [0x57e71b3d45d3]
.lake/build/bin/hexrealalgebraic_conformance(+0x4a117a6) [0x57e71f0f87a6]
.lake/build/bin/hexrealalgebraic_conformance(+0xcf70db) [0x57e71b3de0db]
.lake/build/bin/hexrealalgebraic_conformance(+0x4a117a6) [0x57e71f0f87a6]
.lake/build/bin/hexrealalgebraic_conformance(+0xcf081b) [0x57e71b3d781b]
.lake/build/bin/hexrealalgebraic_conformance(+0x4a11886) [0x57e71f0f8886]
.lake/build/bin/hexrealalgebraic_conformance(+0xcef79f) [0x57e71b3d679f]
.lake/build/bin/hexrealalgebraic_conformance(+0x4a11886) [0x57e71f0f8886]
.lake/build/bin/hexrealalgebraic_conformance(+0xcf0c79) [0x57e71b3d7c79]
.lake/build/bin/hexrealalgebraic_conformance(+0x4a1447f) [0x57e71f0fb47f]
.lake/build/bin/hexrealalgebraic_conformance(+0xcf3f2c) [0x57e71b3daf2c]
.lake/build/bin/hexrealalgebraic_conformance(+0xcf40a2) [0x57e71b3db0a2]
.lake/build/bin/hexrealalgebraic_conformance(+0x49f7537) [0x57e71f0de537]
.lake/build/bin/hexrealalgebraic_conformance(+0x49f7baa) [0x57e71f0debaa]
/nix/store/qqiqd3ah10x8hzsif4j1y4xc1miw23nx-glibc-2.42-67/lib/libc.so.6(+0x9ce53) [0x72d3c589ce53]
/nix/store/qqiqd3ah10x8hzsif4j1y4xc1miw23nx-glibc-2.42-67/lib/libc.so.6(+0x12407c) [0x72d3c592407c]
AlgebraicRoot.add: certification failed
backtrace:
.lake/build/bin/hexrealalgebraic_conformance(+0x4a11305) [0x57e71f0f8305]
.lake/build/bin/hexrealalgebraic_conformance(+0x4a07e97) [0x57e71f0eee97]
.lake/build/bin/hexrealalgebraic_conformance(+0x4a07f7b) [0x57e71f0eef7b]
.lake/build/bin/hexrealalgebraic_conformance(+0xca72a7) [0x57e71b38e2a7]
.lake/build/bin/hexrealalgebraic_conformance(+0xced5d3) [0x57e71b3d45d3]
.lake/build/bin/hexrealalgebraic_conformance(+0x4a117a6) [0x57e71f0f87a6]
.lake/build/bin/hexrealalgebraic_conformance(+0xcf70db) [0x57e71b3de0db]
.lake/build/bin/hexrealalgebraic_conformance(+0x4a117a6) [0x57e71f0f87a6]
.lake/build/bin/hexrealalgebraic_conformance(+0xcf081b) [0x57e71b3d781b]
.lake/build/bin/hexrealalgebraic_conformance(+0x4a11886) [0x57e71f0f8886]
.lake/build/bin/hexrealalgebraic_conformance(+0xcef79f) [0x57e71b3d679f]
.lake/build/bin/hexrealalgebraic_conformance(+0x4a11886) [0x57e71f0f8886]
.lake/build/bin/hexrealalgebraic_conformance(+0xcf0c79) [0x57e71b3d7c79]
.lake/build/bin/hexrealalgebraic_conformance(+0x4a1447f) [0x57e71f0fb47f]
.lake/build/bin/hexrealalgebraic_conformance(+0xcf3f2c) [0x57e71b3daf2c]
.lake/build/bin/hexrealalgebraic_conformance(+0xcf40a2) [0x57e71b3db0a2]
.lake/build/bin/hexrealalgebraic_conformance(+0x49f7537) [0x57e71f0de537]
.lake/build/bin/hexrealalgebraic_conformance(+0x49f7baa) [0x57e71f0debaa]
/nix/store/qqiqd3ah10x8hzsif4j1y4xc1miw23nx-glibc-2.42-67/lib/libc.so.6(+0x9ce53) [0x72d3c589ce53]
/nix/store/qqiqd3ah10x8hzsif4j1y4xc1miw23nx-glibc-2.42-67/lib/libc.so.6(+0x12407c) [0x72d3c592407c]
