Hex.SignDetBench.MaximalMatrix.runSolve    expected complexity: 27^s    [warm cache]
  env: lean=4.35.0-rc3, os=linux, arch=x86_64, commit=a7c9b34, 2026-09-29T04:09:00Z, host=chungus2
  param  per-call    repeats  C
      1   16.559 µs  ×2^12    C=  —     [trial 1/6]
      2  269.583 µs  ×2^8     C=370.285 [trial 1/6]
      3    4.727 ms  ×2^4     C=233.945 [trial 1/6]
      4   79.806 ms  ×2^0     C=150.204 [trial 1/6]
      5    1.425 s   ×2^0     C=100.067 [trial 1/6]
      1   16.479 µs  ×2^12    C=  —     [trial 2/6]
      2  270.292 µs  ×2^8     C=370.285 [trial 2/6]
      3    4.558 ms  ×2^4     C=233.945 [trial 2/6]
      4   79.843 ms  ×2^0     C=150.204 [trial 2/6]
      5    1.480 s   ×2^0     C=100.067 [trial 2/6]
      1   16.418 µs  ×2^12    C=  —     [trial 3/6]
      2  275.853 µs  ×2^8     C=370.285 [trial 3/6]
      3    4.600 ms  ×2^4     C=233.945 [trial 3/6]
      4   80.238 ms  ×2^0     C=150.204 [trial 3/6]
      5    1.446 s   ×2^0     C=100.067 [trial 3/6]
      1   16.483 µs  ×2^12    C=  —     [trial 4/6]
      2  269.058 µs  ×2^8     C=370.285 [trial 4/6]
      3    4.609 ms  ×2^4     C=233.945 [trial 4/6]
      4   80.213 ms  ×2^0     C=150.204 [trial 4/6]
      5    1.425 s   ×2^0     C=100.067 [trial 4/6]
      1   16.492 µs  ×2^12    C=  —     [trial 5/6]
      2  269.028 µs  ×2^8     C=370.285 [trial 5/6]
      3    4.653 ms  ×2^4     C=233.945 [trial 5/6]
      4   79.183 ms  ×2^0     C=150.204 [trial 5/6]
      5    1.423 s   ×2^0     C=100.067 [trial 5/6]
      1   16.619 µs  ×2^12    C=  —     [trial 6/6]
      2  274.139 µs  ×2^8     C=370.285 [trial 6/6]
      3    4.588 ms  ×2^4     C=233.945 [trial 6/6]
      4   79.328 ms  ×2^0     C=150.204 [trial 6/6]
      5    1.453 s   ×2^0     C=100.067 [trial 6/6]
  verdict: inconclusive (cMin=100.067, cMax=370.285, β=—)
  per-spawn floor (harness self-measurement): 22.238 ms
  peak RSS: 66_612 kB..79_748 kB (across 30 ok row(s))
  trial summaries (6 trials per param; spread = (max-min)/median):
    param  trials  median      min         max         spread
        1  6/6      16.488 µs   16.418 µs   16.619 µs  1.217%
        2  6/6     269.937 µs  269.028 µs  275.853 µs  2.528%
        3  6/6       4.605 ms    4.558 ms    4.727 ms  3.675%
        4  6/6      79.824 ms   79.183 ms   80.238 ms  1.322%
        5  6/6       1.436 s     1.423 s     1.480 s   3.978%
exported to /home/kim/.local/state/hex/issue-10377-maximal-matrices/a7c9b34fb/runSolve.json
