Hex.OrderedFnBench.refinement    expected complexity: n * n * n    [warm cache]
  env: lean=4.34.1, os=linux, arch=x86_64, commit=7b003d9, 2026-09-27T08:35:01Z, host=chungus2
   param  per-call    repeats  C
   8_192  323.878 ms  ×2^1     C=0.001 [trial 1/3] †
  10_240  540.283 ms  ×2^0     C=0.001 [trial 1/3]
  12_288  823.039 ms  ×2^0     C=0.000 [trial 1/3]
  14_336    1.185 s   ×2^0     C=0.000 [trial 1/3]
  16_384    1.629 s   ×2^0     C=0.000 [trial 1/3]
  20_480    2.760 s   ×2^0     C=0.000 [trial 1/3]
  24_576    4.268 s   ×2^0     C=0.000 [trial 1/3]
  28_672    6.151 s   ×2^0     C=0.000 [trial 1/3]
   8_192  326.425 ms  ×2^1     C=0.001 [trial 2/3] †
  10_240  541.188 ms  ×2^0     C=0.001 [trial 2/3]
  12_288  832.637 ms  ×2^0     C=0.000 [trial 2/3]
  14_336    1.194 s   ×2^0     C=0.000 [trial 2/3]
  16_384    1.651 s   ×2^0     C=0.000 [trial 2/3]
  20_480    2.775 s   ×2^0     C=0.000 [trial 2/3]
  24_576    4.293 s   ×2^0     C=0.000 [trial 2/3]
  28_672    6.211 s   ×2^0     C=0.000 [trial 2/3]
   8_192  327.712 ms  ×2^1     C=0.001 [trial 3/3] †
  10_240  541.074 ms  ×2^0     C=0.001 [trial 3/3]
  12_288  826.548 ms  ×2^0     C=0.000 [trial 3/3]
  14_336    1.193 s   ×2^0     C=0.000 [trial 3/3]
  16_384    1.632 s   ×2^0     C=0.000 [trial 3/3]
  20_480    2.768 s   ×2^0     C=0.000 [trial 3/3]
  24_576    4.290 s   ×2^0     C=0.000 [trial 3/3]
  28_672    6.213 s   ×2^0     C=0.000 [trial 3/3]
  verdict: inconclusive (cMin=0.000, cMax=0.001, β=-0.629, looks faster than declared by ~n^0.629)
  per-spawn floor (harness self-measurement): 21.445 ms
  peak RSS: 67_320 kB..69_152 kB (across 24 ok row(s))
  trial summaries (3 trials per param; spread = (max-min)/median):
     param  trials  median      min         max         spread
     8_192  3/3     326.425 ms  323.878 ms  327.712 ms  1.174%
    10_240  3/3     541.074 ms  540.283 ms  541.188 ms  0.167%
    12_288  3/3     826.548 ms  823.039 ms  832.637 ms  1.161%
    14_336  3/3       1.193 s     1.185 s     1.194 s   0.720%
    16_384  3/3       1.632 s     1.629 s     1.651 s   1.339%
    20_480  3/3       2.768 s     2.760 s     2.775 s   0.550%
    24_576  3/3       4.290 s     4.268 s     4.293 s   0.584%
    28_672  3/3       6.211 s     6.151 s     6.213 s   0.995%

Hex.OrderedFnBench.jointRefinement    expected complexity: n * n * n    [warm cache]
  env: lean=4.34.1, os=linux, arch=x86_64, commit=7b003d9, 2026-09-27T08:35:57Z, host=chungus2
   param  per-call    repeats  C
   8_192  836.308 ms  ×2^0     C=0.002 [trial 1/3] †
  10_240    1.446 s   ×2^0     C=0.001 [trial 1/3]
  12_288    2.191 s   ×2^0     C=0.001 [trial 1/3]
  14_336    3.157 s   ×2^0     C=0.001 [trial 1/3]
  16_384    4.369 s   ×2^0     C=0.001 [trial 1/3]
  20_480    7.594 s   ×2^0     C=0.001 [trial 1/3]
  24_576   11.563 s   ×2^0     C=0.001 [trial 1/3]
  28_672   16.498 s   ×2^0     C=0.001 [trial 1/3]
   8_192  846.722 ms  ×2^0     C=0.002 [trial 2/3] †
  10_240    1.453 s   ×2^0     C=0.001 [trial 2/3]
  12_288    2.289 s   ×2^0     C=0.001 [trial 2/3]
  14_336    3.199 s   ×2^0     C=0.001 [trial 2/3]
  16_384    4.381 s   ×2^0     C=0.001 [trial 2/3]
  20_480    7.500 s   ×2^0     C=0.001 [trial 2/3]
  24_576   11.455 s   ×2^0     C=0.001 [trial 2/3]
  28_672   16.794 s   ×2^0     C=0.001 [trial 2/3]
   8_192  848.871 ms  ×2^0     C=0.002 [trial 3/3] †
  10_240    1.442 s   ×2^0     C=0.001 [trial 3/3]
  12_288    2.257 s   ×2^0     C=0.001 [trial 3/3]
  14_336    3.201 s   ×2^0     C=0.001 [trial 3/3]
  16_384    4.365 s   ×2^0     C=0.001 [trial 3/3]
  20_480    7.406 s   ×2^0     C=0.001 [trial 3/3]
  24_576   11.619 s   ×2^0     C=0.001 [trial 3/3]
  28_672   17.207 s   ×2^0     C=0.001 [trial 3/3]
  verdict: inconclusive (cMin=0.001, cMax=0.001, β=-0.624, looks faster than declared by ~n^0.624)
  per-spawn floor (harness self-measurement): 59.704 ms
  peak RSS: 60_640 kB..67_148 kB (across 24 ok row(s))
  trial summaries (3 trials per param; spread = (max-min)/median):
     param  trials  median      min         max         spread
     8_192  3/3     846.722 ms  836.308 ms  848.871 ms  1.484%
    10_240  3/3       1.446 s     1.442 s     1.453 s   0.803%
    12_288  3/3       2.257 s     2.191 s     2.289 s   4.334%
    14_336  3/3       3.199 s     3.157 s     3.201 s   1.396%
    16_384  3/3       4.369 s     4.365 s     4.381 s   0.370%
    20_480  3/3       7.500 s     7.406 s     7.594 s   2.503%
    24_576  3/3      11.563 s    11.455 s    11.619 s   1.415%
    28_672  3/3      16.794 s    16.498 s    17.207 s   4.225%

Hex.OrderedFnBench.horner    expected complexity: n * n * n    [warm cache]
  env: lean=4.34.1, os=linux, arch=x86_64, commit=7b003d9, 2026-09-27T08:38:24Z, host=chungus2
   param  per-call    repeats  C
   8_192   98.763 ms  ×2^3     C=—     [<floor] [trial 1/3]
  10_240  163.049 ms  ×2^2     C=—     [<floor] [trial 1/3]
  12_288  242.155 ms  ×2^2     C=—     [<floor] [trial 1/3]
  14_336  338.246 ms  ×2^1     C=—     [<floor] [trial 1/3]
  16_384  454.749 ms  ×2^1     C=—     [<floor] [trial 1/3]
  20_480  743.085 ms  ×2^0     C=—     [<floor] [trial 1/3]
  24_576    1.143 s   ×2^0     C=—     [<floor] [trial 1/3]
  28_672    1.583 s   ×2^0     C=0.000 [trial 1/3]
   8_192   98.681 ms  ×2^3     C=—     [<floor] [trial 2/3]
  10_240  161.661 ms  ×2^2     C=—     [<floor] [trial 2/3]
  12_288  237.916 ms  ×2^2     C=—     [<floor] [trial 2/3]
  14_336  342.110 ms  ×2^1     C=—     [<floor] [trial 2/3]
  16_384  468.441 ms  ×2^1     C=—     [<floor] [trial 2/3]
  20_480  753.912 ms  ×2^0     C=—     [<floor] [trial 2/3]
  24_576    1.131 s   ×2^0     C=—     [<floor] [trial 2/3]
  28_672    1.637 s   ×2^0     C=0.000 [trial 2/3]
   8_192  101.329 ms  ×2^3     C=—     [<floor] [trial 3/3]
  10_240  165.109 ms  ×2^2     C=—     [<floor] [trial 3/3]
  12_288  246.144 ms  ×2^2     C=—     [<floor] [trial 3/3]
  14_336  339.148 ms  ×2^1     C=—     [<floor] [trial 3/3]
  16_384  478.876 ms  ×2^1     C=—     [<floor] [trial 3/3]
  20_480  792.938 ms  ×2^0     C=—     [<floor] [trial 3/3]
  24_576    1.386 s   ×2^0     C=—     [<floor] [trial 3/3]
  28_672    1.577 s   ×2^0     C=0.000 [trial 3/3]
  verdict: inconclusive (cMin=—, cMax=—, β=—)
  per-spawn floor (harness self-measurement): 156.974 ms
  peak RSS: 55_896 kB..97_356 kB (across 24 ok row(s))
  trial summaries (3 trials per param; spread = (max-min)/median):
     param  trials  median   min      max      spread
    28_672  3/3     1.583 s  1.577 s  1.637 s  3.789%
  ‼ 21/24 ok rows were below 10.000× the per-spawn floor; those rungs are excluded from the verdict. Drop the smallest params from the declared `paramSchedule := .custom #[...]` array to skip the cold regime if the trimmed warmup isn't enough.
  ‼ only 1 verdict-eligible row(s) survived warmup-trim + signal-floor filter; the verdict is below resolution. Lower `--warmup-fraction`, extend the declared `paramSchedule := .custom #[...]` array with larger params.

Hex.OrderedFnBench.approximation    expected complexity: n * n * n    [warm cache]
  env: lean=4.34.1, os=linux, arch=x86_64, commit=7b003d9-dirty, 2026-09-27T08:40:45Z, host=chungus2
   param  per-call  repeats  C
   8_192   1.630 s  ×2^0     C=0.003 [trial 1/3] †
  10_240   2.790 s  ×2^0     C=0.003 [trial 1/3]
  12_288   4.351 s  ×2^0     C=0.002 [trial 1/3]
  14_336   6.241 s  ×2^0     C=0.002 [trial 1/3]
  16_384   8.571 s  ×2^0     C=0.002 [trial 1/3]
  20_480  14.614 s  ×2^0     C=0.002 [trial 1/3]
  24_576  22.325 s  ×2^0     C=0.002 [trial 1/3]
  28_672  32.452 s  ×2^0     C=0.001 [trial 1/3]
   8_192   1.641 s  ×2^0     C=0.003 [trial 2/3] †
  10_240   2.811 s  ×2^0     C=0.003 [trial 2/3]
  12_288   4.346 s  ×2^0     C=0.002 [trial 2/3]
  14_336   6.298 s  ×2^0     C=0.002 [trial 2/3]
  16_384   8.604 s  ×2^0     C=0.002 [trial 2/3]
  20_480  14.467 s  ×2^0     C=0.002 [trial 2/3]
  24_576  22.368 s  ×2^0     C=0.002 [trial 2/3]
  28_672  32.260 s  ×2^0     C=0.001 [trial 2/3]
   8_192   1.640 s  ×2^0     C=0.003 [trial 3/3] †
  10_240   2.788 s  ×2^0     C=0.003 [trial 3/3]
  12_288   4.340 s  ×2^0     C=0.002 [trial 3/3]
  14_336   6.335 s  ×2^0     C=0.002 [trial 3/3]
  16_384   8.551 s  ×2^0     C=0.002 [trial 3/3]
  20_480  14.513 s  ×2^0     C=0.002 [trial 3/3]
  24_576  22.361 s  ×2^0     C=0.002 [trial 3/3]
  28_672  32.374 s  ×2^0     C=0.001 [trial 3/3]
  verdict: inconclusive (cMin=0.001, cMax=0.003, β=-0.627, looks faster than declared by ~n^0.627)
  per-spawn floor (harness self-measurement): 23.374 ms
  peak RSS: 64_800 kB..68_956 kB (across 24 ok row(s))
  trial summaries (3 trials per param; spread = (max-min)/median):
     param  trials  median    min       max       spread
     8_192  3/3      1.640 s   1.630 s   1.641 s  0.708%
    10_240  3/3      2.790 s   2.788 s   2.811 s  0.795%
    12_288  3/3      4.346 s   4.340 s   4.351 s  0.267%
    14_336  3/3      6.298 s   6.241 s   6.335 s  1.499%
    16_384  3/3      8.571 s   8.551 s   8.604 s  0.624%
    20_480  3/3     14.513 s  14.467 s  14.614 s  1.013%
    24_576  3/3     22.361 s  22.325 s  22.368 s  0.191%
    28_672  3/3     32.374 s  32.260 s  32.452 s  0.592%

exported to /tmp/issue-10376-search-upper/runtime.json
