Hex.OrderedFnBench.successiveApproximation    expected complexity: (n + 2) * (7 * n + 55) / 2    [warm cache]
  env: lean=4.34.1, os=linux, arch=x86_64, commit=6b751bc, 2026-09-27T09:08:24Z, host=chungus2
  param  per-call    repeats  C
      4  224.581 µs  ×2^14    C= 901.935 [trial 1/3] †
      6  310.482 µs  ×2^14    C= 848.452 [trial 1/3]
      8  454.121 µs  ×2^13    C= 858.054 [trial 1/3]
     10  541.039 µs  ×2^13    C= 746.105 [trial 1/3]
     12  681.484 µs  ×2^12    C= 848.275 [trial 1/3]
     14    1.013 ms  ×2^11    C= 927.240 [trial 1/3]
     16    1.558 ms  ×2^11    C=1036.332 [trial 1/3]
     18    1.783 ms  ×2^11    C= 984.809 [trial 1/3]
      4  200.709 µs  ×2^14    C= 901.935 [trial 2/3] †
      6  329.199 µs  ×2^13    C= 848.452 [trial 2/3]
      8  580.521 µs  ×2^12    C= 858.054 [trial 2/3]
     10  559.578 µs  ×2^12    C= 746.105 [trial 2/3]
     12  825.371 µs  ×2^12    C= 848.275 [trial 2/3]
     14    1.135 ms  ×2^11    C= 927.240 [trial 2/3]
     16    1.223 ms  ×2^11    C=1036.332 [trial 2/3]
     18    1.436 ms  ×2^11    C= 984.809 [trial 2/3]
      4  239.190 µs  ×2^14    C= 901.935 [trial 3/3] †
      6  371.756 µs  ×2^14    C= 848.452 [trial 3/3]
      8  476.220 µs  ×2^12    C= 858.054 [trial 3/3]
     10  635.210 µs  ×2^12    C= 746.105 [trial 3/3]
     12    1.129 ms  ×2^11    C= 848.275 [trial 3/3]
     14    1.415 ms  ×2^11    C= 927.240 [trial 3/3]
     16    1.591 ms  ×2^11    C=1036.332 [trial 3/3]
     18    2.060 ms  ×2^11    C= 984.809 [trial 3/3]
  verdict: inconclusive (cMin=746.105, cMax=1036.332, β=+0.185, looks slower than declared by ~n^0.185)
  per-spawn floor (harness self-measurement): 33.758 ms
  peak RSS: 67_296 kB..68_748 kB (across 24 ok row(s))
  trial summaries (3 trials per param; spread = (max-min)/median):
    param  trials  median      min         max         spread 
        4  3/3     224.581 µs  200.709 µs  239.190 µs  17.134%
        6  3/3     329.199 µs  310.482 µs  371.756 µs  18.613%
        8  3/3     476.220 µs  454.121 µs  580.521 µs  26.542%
       10  3/3     559.578 µs  541.039 µs  635.210 µs  16.829%
       12  3/3     825.371 µs  681.484 µs    1.129 ms  54.178%
       14  3/3       1.135 ms    1.013 ms    1.415 ms  35.387%
       16  3/3       1.558 ms    1.223 ms    1.591 ms  23.649%
       18  3/3       1.783 ms    1.436 ms    2.060 ms  35.024%
exported to /tmp/issue-10376-successive-scalar/runtime.json
