::group::hexlatticeenum_bench
registered benchmarks:
  Hex.LatticeEnumBench.runAmbientClosest    expected complexity: m
  Hex.LatticeEnumBench.runCube    expected complexity: (2 ^ n) * n * n
  Hex.LatticeEnumBench.runAmbientRetarget    expected complexity: m
  Hex.LatticeEnumBench.runAmbientReplay    expected complexity: m
  Hex.LatticeEnumBench.runAmbientInput    expected complexity: m
  Hex.LatticeEnumBench.runRank    expected complexity: n * n * n
  Hex.LatticeEnumBench.runShear    expected complexity: s * s
  Hex.LatticeEnumBench.runAmbientEncode    expected complexity: m
  Hex.LatticeEnumBench.runAmbientDecode    expected complexity: m
  Hex.LatticeEnumBench.runAmbientBabai    expected complexity: m
  Hex.LatticeEnumBench.runAmbientTies    expected complexity: m
  Hex.LatticeEnumBench.runRadius    expected complexity: r * (r.log2 + 1)
  Hex.LatticeEnumBench.runAmbientShortest    expected complexity: m
  Hex.LatticeEnumBench.runAmbientCertificate    expected complexity: m
  Hex.LatticeEnumBench.runAmbient    expected complexity: m
  Hex.LatticeEnumBench.runAmbientBudget    expected complexity: m
  Hex.LatticeEnumBench.runAmbientLLL    expected complexity: m
  Hex.LatticeEnumBench.runAmbientPreparation    expected complexity: m
  Hex.LatticeEnumBench.runAmbientOptimum    expected complexity: m
  Hex.LatticeEnumBench.runBabai    [fixed] repeats=3
  Hex.LatticeEnumBench.runLLL    [fixed] repeats=3
  Hex.LatticeEnumBench.runBasisQuality    [fixed] repeats=3
  Hex.LatticeEnumBench.runRetarget    [fixed] repeats=3
  Hex.LatticeEnumBench.runPreparation    [fixed] repeats=3
  Hex.LatticeEnumBench.runTiesBoundary    [fixed] repeats=3
  Hex.LatticeEnumBench.runRectangular    [fixed] repeats=3
  Hex.LatticeEnumBench.runBabaiGap    [fixed] repeats=3
  Hex.LatticeEnumBench.runRankRadius    [fixed] repeats=3
  Hex.LatticeEnumBench.runOptimum    [fixed] repeats=3
  Hex.LatticeEnumBench.runTies    [fixed] repeats=3
  Hex.LatticeEnumBench.runDecode    [fixed] repeats=3
  Hex.LatticeEnumBench.runReplay    [fixed] repeats=3
  Hex.LatticeEnumBench.runCertificate    [fixed] repeats=3
  Hex.LatticeEnumBench.runHeight    [fixed] repeats=3
  Hex.LatticeEnumBench.runEncode    [fixed] repeats=3
PANIC at Hex.LatticeEnumBench.runAmbientClosest HexLatticeEnum.Bench:486:12: invalid rectangular benchmark input
backtrace:
.lake/build/bin/hexlatticeenum_bench(+0x4cf4495) [0x62cdd42ce495]
.lake/build/bin/hexlatticeenum_bench(+0x4ceba37) [0x62cdd42c5a37]
.lake/build/bin/hexlatticeenum_bench(+0x4cebb1b) [0x62cdd42c5b1b]
.lake/build/bin/hexlatticeenum_bench(+0xc44443) [0x62cdd021e443]
.lake/build/bin/hexlatticeenum_bench(+0xb993db) [0x62cdd01733db]
.lake/build/bin/hexlatticeenum_bench(+0xb995dd) [0x62cdd01735dd]
.lake/build/bin/hexlatticeenum_bench(+0x4cf9e3e) [0x62cdd42d3e3e]
.lake/build/bin/hexlatticeenum_bench(+0xc2e3ef) [0x62cdd02083ef]
.lake/build/bin/hexlatticeenum_bench(+0xc2eaab) [0x62cdd0208aab]
.lake/build/bin/hexlatticeenum_bench(+0xc2ffde) [0x62cdd0209fde]
.lake/build/bin/hexlatticeenum_bench(+0xc30f4a) [0x62cdd020af4a]
.lake/build/bin/hexlatticeenum_bench(+0xc993c1) [0x62cdd02733c1]
.lake/build/bin/hexlatticeenum_bench(+0x4cf93a0) [0x62cdd42d33a0]
.lake/build/bin/hexlatticeenum_bench(+0x4cf9e61) [0x62cdd42d3e61]
.lake/build/bin/hexlatticeenum_bench(+0x4cf9e61) [0x62cdd42d3e61]
.lake/build/bin/hexlatticeenum_bench(+0x4cf9e3e) [0x62cdd42d3e3e]
.lake/build/bin/hexlatticeenum_bench(+0x4cf9e3e) [0x62cdd42d3e3e]
.lake/build/bin/hexlatticeenum_bench(+0x4cf9e3e) [0x62cdd42d3e3e]
.lake/build/bin/hexlatticeenum_bench(+0x4cf9e3e) [0x62cdd42d3e3e]
.lake/build/bin/hexlatticeenum_bench(+0x4cf9e3e) [0x62cdd42d3e3e]
.lake/build/bin/hexlatticeenum_bench(+0x4cf9e3e) [0x62cdd42d3e3e]
.lake/build/bin/hexlatticeenum_bench(+0x4cf9e3e) [0x62cdd42d3e3e]
.lake/build/bin/hexlatticeenum_bench(+0x4cf9e3e) [0x62cdd42d3e3e]
.lake/build/bin/hexlatticeenum_bench(+0x4cf9e3e) [0x62cdd42d3e3e]
.lake/build/bin/hexlatticeenum_bench(+0x4ca2fd7) [0x62cdd427cfd7]
.lake/build/bin/hexlatticeenum_bench(+0x4ca3655) [0x62cdd427d655]
/nix/store/qqiqd3ah10x8hzsif4j1y4xc1miw23nx-glibc-2.42-67/lib/libc.so.6(+0x9ce53) [0x73c34389ce53]
/nix/store/qqiqd3ah10x8hzsif4j1y4xc1miw23nx-glibc-2.42-67/lib/libc.so.6(+0x12407c) [0x73c34392407c]
PANIC at Hex.LatticeEnumBench.runAmbientClosest HexLatticeEnum.Bench:486:12: invalid rectangular benchmark input
backtrace:
.lake/build/bin/hexlatticeenum_bench(+0x4cf4495) [0x62cdd42ce495]
.lake/build/bin/hexlatticeenum_bench(+0x4ceba37) [0x62cdd42c5a37]
.lake/build/bin/hexlatticeenum_bench(+0x4cebb1b) [0x62cdd42c5b1b]
.lake/build/bin/hexlatticeenum_bench(+0xc44443) [0x62cdd021e443]
.lake/build/bin/hexlatticeenum_bench(+0xb993db) [0x62cdd01733db]
.lake/build/bin/hexlatticeenum_bench(+0xb995dd) [0x62cdd01735dd]
.lake/build/bin/hexlatticeenum_bench(+0x4cf9e3e) [0x62cdd42d3e3e]
.lake/build/bin/hexlatticeenum_bench(+0xc2e3ef) [0x62cdd02083ef]
.lake/build/bin/hexlatticeenum_bench(+0xc2eaab) [0x62cdd0208aab]
.lake/build/bin/hexlatticeenum_bench(+0xc2ffde) [0x62cdd0209fde]
.lake/build/bin/hexlatticeenum_bench(+0xc30f4a) [0x62cdd020af4a]
.lake/build/bin/hexlatticeenum_bench(+0xc993c1) [0x62cdd02733c1]
.lake/build/bin/hexlatticeenum_bench(+0x4cf93a0) [0x62cdd42d33a0]
.lake/build/bin/hexlatticeenum_bench(+0x4cf9e61) [0x62cdd42d3e61]
.lake/build/bin/hexlatticeenum_bench(+0x4cf9e61) [0x62cdd42d3e61]
.lake/build/bin/hexlatticeenum_bench(+0x4cf9e3e) [0x62cdd42d3e3e]
.lake/build/bin/hexlatticeenum_bench(+0x4cf9e3e) [0x62cdd42d3e3e]
.lake/build/bin/hexlatticeenum_bench(+0x4cf9e3e) [0x62cdd42d3e3e]
.lake/build/bin/hexlatticeenum_bench(+0x4cf9e3e) [0x62cdd42d3e3e]
.lake/build/bin/hexlatticeenum_bench(+0x4cf9e3e) [0x62cdd42d3e3e]
.lake/build/bin/hexlatticeenum_bench(+0x4cf9e3e) [0x62cdd42d3e3e]
.lake/build/bin/hexlatticeenum_bench(+0x4cf9e3e) [0x62cdd42d3e3e]
.lake/build/bin/hexlatticeenum_bench(+0x4cf9e3e) [0x62cdd42d3e3e]
.lake/build/bin/hexlatticeenum_bench(+0x4cf9e3e) [0x62cdd42d3e3e]
.lake/build/bin/hexlatticeenum_bench(+0x4ca2fd7) [0x62cdd427cfd7]
.lake/build/bin/hexlatticeenum_bench(+0x4ca3655) [0x62cdd427d655]
/nix/store/qqiqd3ah10x8hzsif4j1y4xc1miw23nx-glibc-2.42-67/lib/libc.so.6(+0x9ce53) [0x73c34389ce53]
/nix/store/qqiqd3ah10x8hzsif4j1y4xc1miw23nx-glibc-2.42-67/lib/libc.so.6(+0x12407c) [0x73c34392407c]
PANIC at Hex.LatticeEnumBench.runAmbientRetarget HexLatticeEnum.Bench:423:12: invalid rectangular benchmark input
backtrace:
.lake/build/bin/hexlatticeenum_bench(+0x4cf4495) [0x62cdd42ce495]
.lake/build/bin/hexlatticeenum_bench(+0x4ceba37) [0x62cdd42c5a37]
.lake/build/bin/hexlatticeenum_bench(+0x4cebb1b) [0x62cdd42c5b1b]
.lake/build/bin/hexlatticeenum_bench(+0xc44443) [0x62cdd021e443]
.lake/build/bin/hexlatticeenum_bench(+0xb95b9b) [0x62cdd016fb9b]
.lake/build/bin/hexlatticeenum_bench(+0xb95d9d) [0x62cdd016fd9d]
.lake/build/bin/hexlatticeenum_bench(+0x4cf9e3e) [0x62cdd42d3e3e]
.lake/build/bin/hexlatticeenum_bench(+0xc2e3ef) [0x62cdd02083ef]
.lake/build/bin/hexlatticeenum_bench(+0xc2eaab) [0x62cdd0208aab]
.lake/build/bin/hexlatticeenum_bench(+0xc2ffde) [0x62cdd0209fde]
.lake/build/bin/hexlatticeenum_bench(+0xc30f4a) [0x62cdd020af4a]
.lake/build/bin/hexlatticeenum_bench(+0xc993c1) [0x62cdd02733c1]
.lake/build/bin/hexlatticeenum_bench(+0x4cf93a0) [0x62cdd42d33a0]
.lake/build/bin/hexlatticeenum_bench(+0x4cf9e61) [0x62cdd42d3e61]
.lake/build/bin/hexlatticeenum_bench(+0x4cf9e61) [0x62cdd42d3e61]
.lake/build/bin/hexlatticeenum_bench(+0x4cf9e3e) [0x62cdd42d3e3e]
.lake/build/bin/hexlatticeenum_bench(+0x4cf9e3e) [0x62cdd42d3e3e]
.lake/build/bin/hexlatticeenum_bench(+0x4cf9e3e) [0x62cdd42d3e3e]
.lake/build/bin/hexlatticeenum_bench(+0x4cf9e3e) [0x62cdd42d3e3e]
.lake/build/bin/hexlatticeenum_bench(+0x4cf9e3e) [0x62cdd42d3e3e]
.lake/build/bin/hexlatticeenum_bench(+0x4cf9e3e) [0x62cdd42d3e3e]
.lake/build/bin/hexlatticeenum_bench(+0x4cf9e3e) [0x62cdd42d3e3e]
.lake/build/bin/hexlatticeenum_bench(+0x4cf9e3e) [0x62cdd42d3e3e]
.lake/build/bin/hexlatticeenum_bench(+0x4cf9e3e) [0x62cdd42d3e3e]
.lake/build/bin/hexlatticeenum_bench(+0x4ca2fd7) [0x62cdd427cfd7]
.lake/build/bin/hexlatticeenum_bench(+0x4ca3655) [0x62cdd427d655]
/nix/store/qqiqd3ah10x8hzsif4j1y4xc1miw23nx-glibc-2.42-67/lib/libc.so.6(+0x9ce53) [0x73c34389ce53]
/nix/store/qqiqd3ah10x8hzsif4j1y4xc1miw23nx-glibc-2.42-67/lib/libc.so.6(+0x12407c) [0x73c34392407c]
PANIC at Hex.LatticeEnumBench.runAmbientRetarget HexLatticeEnum.Bench:423:12: invalid rectangular benchmark input
backtrace:
.lake/build/bin/hexlatticeenum_bench(+0x4cf4495) [0x62cdd42ce495]
.lake/build/bin/hexlatticeenum_bench(+0x4ceba37) [0x62cdd42c5a37]
.lake/build/bin/hexlatticeenum_bench(+0x4cebb1b) [0x62cdd42c5b1b]
.lake/build/bin/hexlatticeenum_bench(+0xc44443) [0x62cdd021e443]
.lake/build/bin/hexlatticeenum_bench(+0xb95b9b) [0x62cdd016fb9b]
.lake/build/bin/hexlatticeenum_bench(+0xb95d9d) [0x62cdd016fd9d]
.lake/build/bin/hexlatticeenum_bench(+0x4cf9e3e) [0x62cdd42d3e3e]
.lake/build/bin/hexlatticeenum_bench(+0xc2e3ef) [0x62cdd02083ef]
.lake/build/bin/hexlatticeenum_bench(+0xc2eaab) [0x62cdd0208aab]
.lake/build/bin/hexlatticeenum_bench(+0xc2ffde) [0x62cdd0209fde]
.lake/build/bin/hexlatticeenum_bench(+0xc30f4a) [0x62cdd020af4a]
.lake/build/bin/hexlatticeenum_bench(+0xc993c1) [0x62cdd02733c1]
.lake/build/bin/hexlatticeenum_bench(+0x4cf93a0) [0x62cdd42d33a0]
.lake/build/bin/hexlatticeenum_bench(+0x4cf9e61) [0x62cdd42d3e61]
.lake/build/bin/hexlatticeenum_bench(+0x4cf9e61) [0x62cdd42d3e61]
.lake/build/bin/hexlatticeenum_bench(+0x4cf9e3e) [0x62cdd42d3e3e]
.lake/build/bin/hexlatticeenum_bench(+0x4cf9e3e) [0x62cdd42d3e3e]
.lake/build/bin/hexlatticeenum_bench(+0x4cf9e3e) [0x62cdd42d3e3e]
.lake/build/bin/hexlatticeenum_bench(+0x4cf9e3e) [0x62cdd42d3e3e]
.lake/build/bin/hexlatticeenum_bench(+0x4cf9e3e) [0x62cdd42d3e3e]
.lake/build/bin/hexlatticeenum_bench(+0x4cf9e3e) [0x62cdd42d3e3e]
.lake/build/bin/hexlatticeenum_bench(+0x4cf9e3e) [0x62cdd42d3e3e]
.lake/build/bin/hexlatticeenum_bench(+0x4cf9e3e) [0x62cdd42d3e3e]
.lake/build/bin/hexlatticeenum_bench(+0x4cf9e3e) [0x62cdd42d3e3e]
.lake/build/bin/hexlatticeenum_bench(+0x4ca2fd7) [0x62cdd427cfd7]
.lake/build/bin/hexlatticeenum_bench(+0x4ca3655) [0x62cdd427d655]
/nix/store/qqiqd3ah10x8hzsif4j1y4xc1miw23nx-glibc-2.42-67/lib/libc.so.6(+0x9ce53) [0x73c34389ce53]
/nix/store/qqiqd3ah10x8hzsif4j1y4xc1miw23nx-glibc-2.42-67/lib/libc.so.6(+0x12407c) [0x73c34392407c]
PANIC at Hex.LatticeEnumBench.runAmbientReplay HexLatticeEnum.Bench:361:12: invalid rectangular benchmark input
backtrace:
.lake/build/bin/hexlatticeenum_bench(+0x4cf4495) [0x62cdd42ce495]
.lake/build/bin/hexlatticeenum_bench(+0x4ceba37) [0x62cdd42c5a37]
.lake/build/bin/hexlatticeenum_bench(+0x4cebb1b) [0x62cdd42c5b1b]
.lake/build/bin/hexlatticeenum_bench(+0xc44443) [0x62cdd021e443]
.lake/build/bin/hexlatticeenum_bench(+0xb925db) [0x62cdd016c5db]
.lake/build/bin/hexlatticeenum_bench(+0xb927dd) [0x62cdd016c7dd]
.lake/build/bin/hexlatticeenum_bench(+0x4cf9e3e) [0x62cdd42d3e3e]
.lake/build/bin/hexlatticeenum_bench(+0xc2e3ef) [0x62cdd02083ef]
.lake/build/bin/hexlatticeenum_bench(+0xc2eaab) [0x62cdd0208aab]
.lake/build/bin/hexlatticeenum_bench(+0xc2ffde) [0x62cdd0209fde]
.lake/build/bin/hexlatticeenum_bench(+0xc30f4a) [0x62cdd020af4a]
.lake/build/bin/hexlatticeenum_bench(+0xc993c1) [0x62cdd02733c1]
.lake/build/bin/hexlatticeenum_bench(+0x4cf93a0) [0x62cdd42d33a0]
.lake/build/bin/hexlatticeenum_bench(+0x4cf9e61) [0x62cdd42d3e61]
.lake/build/bin/hexlatticeenum_bench(+0x4cf9e61) [0x62cdd42d3e61]
.lake/build/bin/hexlatticeenum_bench(+0x4cf9e3e) [0x62cdd42d3e3e]
.lake/build/bin/hexlatticeenum_bench(+0x4cf9e3e) [0x62cdd42d3e3e]
.lake/build/bin/hexlatticeenum_bench(+0x4cf9e3e) [0x62cdd42d3e3e]
.lake/build/bin/hexlatticeenum_bench(+0x4cf9e3e) [0x62cdd42d3e3e]
.lake/build/bin/hexlatticeenum_bench(+0x4cf9e3e) [0x62cdd42d3e3e]
.lake/build/bin/hexlatticeenum_bench(+0x4cf9e3e) [0x62cdd42d3e3e]
.lake/build/bin/hexlatticeenum_bench(+0x4cf9e3e) [0x62cdd42d3e3e]
.lake/build/bin/hexlatticeenum_bench(+0x4cf9e3e) [0x62cdd42d3e3e]
.lake/build/bin/hexlatticeenum_bench(+0x4cf9e3e) [0x62cdd42d3e3e]
.lake/build/bin/hexlatticeenum_bench(+0x4ca2fd7) [0x62cdd427cfd7]
.lake/build/bin/hexlatticeenum_bench(+0x4ca3655) [0x62cdd427d655]
/nix/store/qqiqd3ah10x8hzsif4j1y4xc1miw23nx-glibc-2.42-67/lib/libc.so.6(+0x9ce53) [0x73c34389ce53]
/nix/store/qqiqd3ah10x8hzsif4j1y4xc1miw23nx-glibc-2.42-67/lib/libc.so.6(+0x12407c) [0x73c34392407c]
PANIC at Hex.LatticeEnumBench.runAmbientReplay HexLatticeEnum.Bench:361:12: invalid rectangular benchmark input
backtrace:
.lake/build/bin/hexlatticeenum_bench(+0x4cf4495) [0x62cdd42ce495]
.lake/build/bin/hexlatticeenum_bench(+0x4ceba37) [0x62cdd42c5a37]
.lake/build/bin/hexlatticeenum_bench(+0x4cebb1b) [0x62cdd42c5b1b]
.lake/build/bin/hexlatticeenum_bench(+0xc44443) [0x62cdd021e443]
.lake/build/bin/hexlatticeenum_bench(+0xb925db) [0x62cdd016c5db]
.lake/build/bin/hexlatticeenum_bench(+0xb927dd) [0x62cdd016c7dd]
.lake/build/bin/hexlatticeenum_bench(+0x4cf9e3e) [0x62cdd42d3e3e]
.lake/build/bin/hexlatticeenum_bench(+0xc2e3ef) [0x62cdd02083ef]
.lake/build/bin/hexlatticeenum_bench(+0xc2eaab) [0x62cdd0208aab]
.lake/build/bin/hexlatticeenum_bench(+0xc2ffde) [0x62cdd0209fde]
.lake/build/bin/hexlatticeenum_bench(+0xc30f4a) [0x62cdd020af4a]
.lake/build/bin/hexlatticeenum_bench(+0xc993c1) [0x62cdd02733c1]
.lake/build/bin/hexlatticeenum_bench(+0x4cf93a0) [0x62cdd42d33a0]
.lake/build/bin/hexlatticeenum_bench(+0x4cf9e61) [0x62cdd42d3e61]
.lake/build/bin/hexlatticeenum_bench(+0x4cf9e61) [0x62cdd42d3e61]
.lake/build/bin/hexlatticeenum_bench(+0x4cf9e3e) [0x62cdd42d3e3e]
.lake/build/bin/hexlatticeenum_bench(+0x4cf9e3e) [0x62cdd42d3e3e]
.lake/build/bin/hexlatticeenum_bench(+0x4cf9e3e) [0x62cdd42d3e3e]
.lake/build/bin/hexlatticeenum_bench(+0x4cf9e3e) [0x62cdd42d3e3e]
.lake/build/bin/hexlatticeenum_bench(+0x4cf9e3e) [0x62cdd42d3e3e]
.lake/build/bin/hexlatticeenum_bench(+0x4cf9e3e) [0x62cdd42d3e3e]
.lake/build/bin/hexlatticeenum_bench(+0x4cf9e3e) [0x62cdd42d3e3e]
.lake/build/bin/hexlatticeenum_bench(+0x4cf9e3e) [0x62cdd42d3e3e]
.lake/build/bin/hexlatticeenum_bench(+0x4cf9e3e) [0x62cdd42d3e3e]
.lake/build/bin/hexlatticeenum_bench(+0x4ca2fd7) [0x62cdd427cfd7]
.lake/build/bin/hexlatticeenum_bench(+0x4ca3655) [0x62cdd427d655]
/nix/store/qqiqd3ah10x8hzsif4j1y4xc1miw23nx-glibc-2.42-67/lib/libc.so.6(+0x9ce53) [0x73c34389ce53]
/nix/store/qqiqd3ah10x8hzsif4j1y4xc1miw23nx-glibc-2.42-67/lib/libc.so.6(+0x12407c) [0x73c34392407c]
PANIC at Hex.LatticeEnumBench.runAmbientInput HexLatticeEnum.Bench:466:12: invalid rectangular benchmark input
backtrace:
.lake/build/bin/hexlatticeenum_bench(+0x4cf4495) [0x62cdd42ce495]
.lake/build/bin/hexlatticeenum_bench(+0x4ceba37) [0x62cdd42c5a37]
.lake/build/bin/hexlatticeenum_bench(+0x4cebb1b) [0x62cdd42c5b1b]
.lake/build/bin/hexlatticeenum_bench(+0xc44443) [0x62cdd021e443]
.lake/build/bin/hexlatticeenum_bench(+0xb9806b) [0x62cdd017206b]
.lake/build/bin/hexlatticeenum_bench(+0xb9826d) [0x62cdd017226d]
.lake/build/bin/hexlatticeenum_bench(+0x4cf9e3e) [0x62cdd42d3e3e]
.lake/build/bin/hexlatticeenum_bench(+0xc2e3ef) [0x62cdd02083ef]
.lake/build/bin/hexlatticeenum_bench(+0xc2eaab) [0x62cdd0208aab]
.lake/build/bin/hexlatticeenum_bench(+0xc2ffde) [0x62cdd0209fde]
.lake/build/bin/hexlatticeenum_bench(+0xc30f4a) [0x62cdd020af4a]
.lake/build/bin/hexlatticeenum_bench(+0xc993c1) [0x62cdd02733c1]
.lake/build/bin/hexlatticeenum_bench(+0x4cf93a0) [0x62cdd42d33a0]
.lake/build/bin/hexlatticeenum_bench(+0x4cf9e61) [0x62cdd42d3e61]
.lake/build/bin/hexlatticeenum_bench(+0x4cf9e61) [0x62cdd42d3e61]
.lake/build/bin/hexlatticeenum_bench(+0x4cf9e3e) [0x62cdd42d3e3e]
.lake/build/bin/hexlatticeenum_bench(+0x4cf9e3e) [0x62cdd42d3e3e]
.lake/build/bin/hexlatticeenum_bench(+0x4cf9e3e) [0x62cdd42d3e3e]
.lake/build/bin/hexlatticeenum_bench(+0x4cf9e3e) [0x62cdd42d3e3e]
.lake/build/bin/hexlatticeenum_bench(+0x4cf9e3e) [0x62cdd42d3e3e]
.lake/build/bin/hexlatticeenum_bench(+0x4cf9e3e) [0x62cdd42d3e3e]
.lake/build/bin/hexlatticeenum_bench(+0x4cf9e3e) [0x62cdd42d3e3e]
.lake/build/bin/hexlatticeenum_bench(+0x4cf9e3e) [0x62cdd42d3e3e]
.lake/build/bin/hexlatticeenum_bench(+0x4cf9e3e) [0x62cdd42d3e3e]
.lake/build/bin/hexlatticeenum_bench(+0x4ca2fd7) [0x62cdd427cfd7]
.lake/build/bin/hexlatticeenum_bench(+0x4ca3655) [0x62cdd427d655]
/nix/store/qqiqd3ah10x8hzsif4j1y4xc1miw23nx-glibc-2.42-67/lib/libc.so.6(+0x9ce53) [0x73c34389ce53]
/nix/store/qqiqd3ah10x8hzsif4j1y4xc1miw23nx-glibc-2.42-67/lib/libc.so.6(+0x12407c) [0x73c34392407c]
PANIC at Hex.LatticeEnumBench.runAmbientInput HexLatticeEnum.Bench:466:12: invalid rectangular benchmark input
backtrace:
.lake/build/bin/hexlatticeenum_bench(+0x4cf4495) [0x62cdd42ce495]
.lake/build/bin/hexlatticeenum_bench(+0x4ceba37) [0x62cdd42c5a37]
.lake/build/bin/hexlatticeenum_bench(+0x4cebb1b) [0x62cdd42c5b1b]
.lake/build/bin/hexlatticeenum_bench(+0xc44443) [0x62cdd021e443]
.lake/build/bin/hexlatticeenum_bench(+0xb9806b) [0x62cdd017206b]
.lake/build/bin/hexlatticeenum_bench(+0xb9826d) [0x62cdd017226d]
.lake/build/bin/hexlatticeenum_bench(+0x4cf9e3e) [0x62cdd42d3e3e]
.lake/build/bin/hexlatticeenum_bench(+0xc2e3ef) [0x62cdd02083ef]
.lake/build/bin/hexlatticeenum_bench(+0xc2eaab) [0x62cdd0208aab]
.lake/build/bin/hexlatticeenum_bench(+0xc2ffde) [0x62cdd0209fde]
.lake/build/bin/hexlatticeenum_bench(+0xc30f4a) [0x62cdd020af4a]
.lake/build/bin/hexlatticeenum_bench(+0xc993c1) [0x62cdd02733c1]
.lake/build/bin/hexlatticeenum_bench(+0x4cf93a0) [0x62cdd42d33a0]
.lake/build/bin/hexlatticeenum_bench(+0x4cf9e61) [0x62cdd42d3e61]
.lake/build/bin/hexlatticeenum_bench(+0x4cf9e61) [0x62cdd42d3e61]
.lake/build/bin/hexlatticeenum_bench(+0x4cf9e3e) [0x62cdd42d3e3e]
.lake/build/bin/hexlatticeenum_bench(+0x4cf9e3e) [0x62cdd42d3e3e]
.lake/build/bin/hexlatticeenum_bench(+0x4cf9e3e) [0x62cdd42d3e3e]
.lake/build/bin/hexlatticeenum_bench(+0x4cf9e3e) [0x62cdd42d3e3e]
.lake/build/bin/hexlatticeenum_bench(+0x4cf9e3e) [0x62cdd42d3e3e]
.lake/build/bin/hexlatticeenum_bench(+0x4cf9e3e) [0x62cdd42d3e3e]
.lake/build/bin/hexlatticeenum_bench(+0x4cf9e3e) [0x62cdd42d3e3e]
.lake/build/bin/hexlatticeenum_bench(+0x4cf9e3e) [0x62cdd42d3e3e]
.lake/build/bin/hexlatticeenum_bench(+0x4cf9e3e) [0x62cdd42d3e3e]
.lake/build/bin/hexlatticeenum_bench(+0x4ca2fd7) [0x62cdd427cfd7]
.lake/build/bin/hexlatticeenum_bench(+0x4ca3655) [0x62cdd427d655]
/nix/store/qqiqd3ah10x8hzsif4j1y4xc1miw23nx-glibc-2.42-67/lib/libc.so.6(+0x9ce53) [0x73c34389ce53]
/nix/store/qqiqd3ah10x8hzsif4j1y4xc1miw23nx-glibc-2.42-67/lib/libc.so.6(+0x12407c) [0x73c34392407c]
PANIC at Hex.LatticeEnumBench.runAmbientEncode HexLatticeEnum.Bench:381:12: invalid rectangular benchmark input
backtrace:
.lake/build/bin/hexlatticeenum_bench(+0x4cf4495) [0x62cdd42ce495]
.lake/build/bin/hexlatticeenum_bench(+0x4ceba37) [0x62cdd42c5a37]
.lake/build/bin/hexlatticeenum_bench(+0x4cebb1b) [0x62cdd42c5b1b]
.lake/build/bin/hexlatticeenum_bench(+0xc44443) [0x62cdd021e443]
.lake/build/bin/hexlatticeenum_bench(+0xb9366b) [0x62cdd016d66b]
.lake/build/bin/hexlatticeenum_bench(+0xb9386d) [0x62cdd016d86d]
.lake/build/bin/hexlatticeenum_bench(+0x4cf9e3e) [0x62cdd42d3e3e]
.lake/build/bin/hexlatticeenum_bench(+0xc2e3ef) [0x62cdd02083ef]
.lake/build/bin/hexlatticeenum_bench(+0xc2eaab) [0x62cdd0208aab]
.lake/build/bin/hexlatticeenum_bench(+0xc2ffde) [0x62cdd0209fde]
.lake/build/bin/hexlatticeenum_bench(+0xc30f4a) [0x62cdd020af4a]
.lake/build/bin/hexlatticeenum_bench(+0xc993c1) [0x62cdd02733c1]
.lake/build/bin/hexlatticeenum_bench(+0x4cf93a0) [0x62cdd42d33a0]
.lake/build/bin/hexlatticeenum_bench(+0x4cf9e61) [0x62cdd42d3e61]
.lake/build/bin/hexlatticeenum_bench(+0x4cf9e61) [0x62cdd42d3e61]
.lake/build/bin/hexlatticeenum_bench(+0x4cf9e3e) [0x62cdd42d3e3e]
.lake/build/bin/hexlatticeenum_bench(+0x4cf9e3e) [0x62cdd42d3e3e]
.lake/build/bin/hexlatticeenum_bench(+0x4cf9e3e) [0x62cdd42d3e3e]
.lake/build/bin/hexlatticeenum_bench(+0x4cf9e3e) [0x62cdd42d3e3e]
.lake/build/bin/hexlatticeenum_bench(+0x4cf9e3e) [0x62cdd42d3e3e]
.lake/build/bin/hexlatticeenum_bench(+0x4cf9e3e) [0x62cdd42d3e3e]
.lake/build/bin/hexlatticeenum_bench(+0x4cf9e3e) [0x62cdd42d3e3e]
.lake/build/bin/hexlatticeenum_bench(+0x4cf9e3e) [0x62cdd42d3e3e]
.lake/build/bin/hexlatticeenum_bench(+0x4cf9e3e) [0x62cdd42d3e3e]
.lake/build/bin/hexlatticeenum_bench(+0x4ca2fd7) [0x62cdd427cfd7]
.lake/build/bin/hexlatticeenum_bench(+0x4ca3655) [0x62cdd427d655]
/nix/store/qqiqd3ah10x8hzsif4j1y4xc1miw23nx-glibc-2.42-67/lib/libc.so.6(+0x9ce53) [0x73c34389ce53]
/nix/store/qqiqd3ah10x8hzsif4j1y4xc1miw23nx-glibc-2.42-67/lib/libc.so.6(+0x12407c) [0x73c34392407c]
PANIC at Hex.LatticeEnumBench.runAmbientEncode HexLatticeEnum.Bench:381:12: invalid rectangular benchmark input
backtrace:
.lake/build/bin/hexlatticeenum_bench(+0x4cf4495) [0x62cdd42ce495]
.lake/build/bin/hexlatticeenum_bench(+0x4ceba37) [0x62cdd42c5a37]
.lake/build/bin/hexlatticeenum_bench(+0x4cebb1b) [0x62cdd42c5b1b]
.lake/build/bin/hexlatticeenum_bench(+0xc44443) [0x62cdd021e443]
.lake/build/bin/hexlatticeenum_bench(+0xb9366b) [0x62cdd016d66b]
.lake/build/bin/hexlatticeenum_bench(+0xb9386d) [0x62cdd016d86d]
.lake/build/bin/hexlatticeenum_bench(+0x4cf9e3e) [0x62cdd42d3e3e]
.lake/build/bin/hexlatticeenum_bench(+0xc2e3ef) [0x62cdd02083ef]
.lake/build/bin/hexlatticeenum_bench(+0xc2eaab) [0x62cdd0208aab]
.lake/build/bin/hexlatticeenum_bench(+0xc2ffde) [0x62cdd0209fde]
.lake/build/bin/hexlatticeenum_bench(+0xc30f4a) [0x62cdd020af4a]
.lake/build/bin/hexlatticeenum_bench(+0xc993c1) [0x62cdd02733c1]
.lake/build/bin/hexlatticeenum_bench(+0x4cf93a0) [0x62cdd42d33a0]
.lake/build/bin/hexlatticeenum_bench(+0x4cf9e61) [0x62cdd42d3e61]
.lake/build/bin/hexlatticeenum_bench(+0x4cf9e61) [0x62cdd42d3e61]
.lake/build/bin/hexlatticeenum_bench(+0x4cf9e3e) [0x62cdd42d3e3e]
.lake/build/bin/hexlatticeenum_bench(+0x4cf9e3e) [0x62cdd42d3e3e]
.lake/build/bin/hexlatticeenum_bench(+0x4cf9e3e) [0x62cdd42d3e3e]
.lake/build/bin/hexlatticeenum_bench(+0x4cf9e3e) [0x62cdd42d3e3e]
.lake/build/bin/hexlatticeenum_bench(+0x4cf9e3e) [0x62cdd42d3e3e]
.lake/build/bin/hexlatticeenum_bench(+0x4cf9e3e) [0x62cdd42d3e3e]
.lake/build/bin/hexlatticeenum_bench(+0x4cf9e3e) [0x62cdd42d3e3e]
.lake/build/bin/hexlatticeenum_bench(+0x4cf9e3e) [0x62cdd42d3e3e]
.lake/build/bin/hexlatticeenum_bench(+0x4cf9e3e) [0x62cdd42d3e3e]
.lake/build/bin/hexlatticeenum_bench(+0x4ca2fd7) [0x62cdd427cfd7]
.lake/build/bin/hexlatticeenum_bench(+0x4ca3655) [0x62cdd427d655]
/nix/store/qqiqd3ah10x8hzsif4j1y4xc1miw23nx-glibc-2.42-67/lib/libc.so.6(+0x9ce53) [0x73c34389ce53]
/nix/store/qqiqd3ah10x8hzsif4j1y4xc1miw23nx-glibc-2.42-67/lib/libc.so.6(+0x12407c) [0x73c34392407c]
PANIC at Hex.LatticeEnumBench.runAmbientDecode HexLatticeEnum.Bench:401:12: invalid rectangular benchmark input
backtrace:
.lake/build/bin/hexlatticeenum_bench(+0x4cf4495) [0x62cdd42ce495]
.lake/build/bin/hexlatticeenum_bench(+0x4ceba37) [0x62cdd42c5a37]
.lake/build/bin/hexlatticeenum_bench(+0x4cebb1b) [0x62cdd42c5b1b]
.lake/build/bin/hexlatticeenum_bench(+0xc44443) [0x62cdd021e443]
.lake/build/bin/hexlatticeenum_bench(+0xb9491b) [0x62cdd016e91b]
.lake/build/bin/hexlatticeenum_bench(+0xb94b1d) [0x62cdd016eb1d]
.lake/build/bin/hexlatticeenum_bench(+0x4cf9e3e) [0x62cdd42d3e3e]
.lake/build/bin/hexlatticeenum_bench(+0xc2e3ef) [0x62cdd02083ef]
.lake/build/bin/hexlatticeenum_bench(+0xc2eaab) [0x62cdd0208aab]
.lake/build/bin/hexlatticeenum_bench(+0xc2ffde) [0x62cdd0209fde]
.lake/build/bin/hexlatticeenum_bench(+0xc30f4a) [0x62cdd020af4a]
.lake/build/bin/hexlatticeenum_bench(+0xc993c1) [0x62cdd02733c1]
.lake/build/bin/hexlatticeenum_bench(+0x4cf93a0) [0x62cdd42d33a0]
.lake/build/bin/hexlatticeenum_bench(+0x4cf9e61) [0x62cdd42d3e61]
.lake/build/bin/hexlatticeenum_bench(+0x4cf9e61) [0x62cdd42d3e61]
.lake/build/bin/hexlatticeenum_bench(+0x4cf9e3e) [0x62cdd42d3e3e]
.lake/build/bin/hexlatticeenum_bench(+0x4cf9e3e) [0x62cdd42d3e3e]
.lake/build/bin/hexlatticeenum_bench(+0x4cf9e3e) [0x62cdd42d3e3e]
.lake/build/bin/hexlatticeenum_bench(+0x4cf9e3e) [0x62cdd42d3e3e]
.lake/build/bin/hexlatticeenum_bench(+0x4cf9e3e) [0x62cdd42d3e3e]
.lake/build/bin/hexlatticeenum_bench(+0x4cf9e3e) [0x62cdd42d3e3e]
.lake/build/bin/hexlatticeenum_bench(+0x4cf9e3e) [0x62cdd42d3e3e]
.lake/build/bin/hexlatticeenum_bench(+0x4cf9e3e) [0x62cdd42d3e3e]
.lake/build/bin/hexlatticeenum_bench(+0x4cf9e3e) [0x62cdd42d3e3e]
.lake/build/bin/hexlatticeenum_bench(+0x4ca2fd7) [0x62cdd427cfd7]
.lake/build/bin/hexlatticeenum_bench(+0x4ca3655) [0x62cdd427d655]
/nix/store/qqiqd3ah10x8hzsif4j1y4xc1miw23nx-glibc-2.42-67/lib/libc.so.6(+0x9ce53) [0x73c34389ce53]
/nix/store/qqiqd3ah10x8hzsif4j1y4xc1miw23nx-glibc-2.42-67/lib/libc.so.6(+0x12407c) [0x73c34392407c]
PANIC at Hex.LatticeEnumBench.runAmbientDecode HexLatticeEnum.Bench:401:12: invalid rectangular benchmark input
backtrace:
.lake/build/bin/hexlatticeenum_bench(+0x4cf4495) [0x62cdd42ce495]
.lake/build/bin/hexlatticeenum_bench(+0x4ceba37) [0x62cdd42c5a37]
.lake/build/bin/hexlatticeenum_bench(+0x4cebb1b) [0x62cdd42c5b1b]
.lake/build/bin/hexlatticeenum_bench(+0xc44443) [0x62cdd021e443]
.lake/build/bin/hexlatticeenum_bench(+0xb9491b) [0x62cdd016e91b]
.lake/build/bin/hexlatticeenum_bench(+0xb94b1d) [0x62cdd016eb1d]
.lake/build/bin/hexlatticeenum_bench(+0x4cf9e3e) [0x62cdd42d3e3e]
.lake/build/bin/hexlatticeenum_bench(+0xc2e3ef) [0x62cdd02083ef]
.lake/build/bin/hexlatticeenum_bench(+0xc2eaab) [0x62cdd0208aab]
.lake/build/bin/hexlatticeenum_bench(+0xc2ffde) [0x62cdd0209fde]
.lake/build/bin/hexlatticeenum_bench(+0xc30f4a) [0x62cdd020af4a]
.lake/build/bin/hexlatticeenum_bench(+0xc993c1) [0x62cdd02733c1]
.lake/build/bin/hexlatticeenum_bench(+0x4cf93a0) [0x62cdd42d33a0]
.lake/build/bin/hexlatticeenum_bench(+0x4cf9e61) [0x62cdd42d3e61]
.lake/build/bin/hexlatticeenum_bench(+0x4cf9e61) [0x62cdd42d3e61]
.lake/build/bin/hexlatticeenum_bench(+0x4cf9e3e) [0x62cdd42d3e3e]
.lake/build/bin/hexlatticeenum_bench(+0x4cf9e3e) [0x62cdd42d3e3e]
.lake/build/bin/hexlatticeenum_bench(+0x4cf9e3e) [0x62cdd42d3e3e]
.lake/build/bin/hexlatticeenum_bench(+0x4cf9e3e) [0x62cdd42d3e3e]
.lake/build/bin/hexlatticeenum_bench(+0x4cf9e3e) [0x62cdd42d3e3e]
.lake/build/bin/hexlatticeenum_bench(+0x4cf9e3e) [0x62cdd42d3e3e]
.lake/build/bin/hexlatticeenum_bench(+0x4cf9e3e) [0x62cdd42d3e3e]
.lake/build/bin/hexlatticeenum_bench(+0x4cf9e3e) [0x62cdd42d3e3e]
.lake/build/bin/hexlatticeenum_bench(+0x4cf9e3e) [0x62cdd42d3e3e]
.lake/build/bin/hexlatticeenum_bench(+0x4ca2fd7) [0x62cdd427cfd7]
.lake/build/bin/hexlatticeenum_bench(+0x4ca3655) [0x62cdd427d655]
/nix/store/qqiqd3ah10x8hzsif4j1y4xc1miw23nx-glibc-2.42-67/lib/libc.so.6(+0x9ce53) [0x73c34389ce53]
/nix/store/qqiqd3ah10x8hzsif4j1y4xc1miw23nx-glibc-2.42-67/lib/libc.so.6(+0x12407c) [0x73c34392407c]
PANIC at Hex.LatticeEnumBench.runAmbientBabai HexLatticeEnum.Bench:281:12: invalid rectangular benchmark input
backtrace:
.lake/build/bin/hexlatticeenum_bench(+0x4cf4495) [0x62cdd42ce495]
.lake/build/bin/hexlatticeenum_bench(+0x4ceba37) [0x62cdd42c5a37]
.lake/build/bin/hexlatticeenum_bench(+0x4cebb1b) [0x62cdd42c5b1b]
.lake/build/bin/hexlatticeenum_bench(+0xc44443) [0x62cdd021e443]
.lake/build/bin/hexlatticeenum_bench(+0xb8e45b) [0x62cdd016845b]
.lake/build/bin/hexlatticeenum_bench(+0xb8e65d) [0x62cdd016865d]
.lake/build/bin/hexlatticeenum_bench(+0x4cf9e3e) [0x62cdd42d3e3e]
.lake/build/bin/hexlatticeenum_bench(+0xc2e3ef) [0x62cdd02083ef]
.lake/build/bin/hexlatticeenum_bench(+0xc2eaab) [0x62cdd0208aab]
.lake/build/bin/hexlatticeenum_bench(+0xc2ffde) [0x62cdd0209fde]
.lake/build/bin/hexlatticeenum_bench(+0xc30f4a) [0x62cdd020af4a]
.lake/build/bin/hexlatticeenum_bench(+0xc993c1) [0x62cdd02733c1]
.lake/build/bin/hexlatticeenum_bench(+0x4cf93a0) [0x62cdd42d33a0]
.lake/build/bin/hexlatticeenum_bench(+0x4cf9e61) [0x62cdd42d3e61]
.lake/build/bin/hexlatticeenum_bench(+0x4cf9e61) [0x62cdd42d3e61]
.lake/build/bin/hexlatticeenum_bench(+0x4cf9e3e) [0x62cdd42d3e3e]
.lake/build/bin/hexlatticeenum_bench(+0x4cf9e3e) [0x62cdd42d3e3e]
.lake/build/bin/hexlatticeenum_bench(+0x4cf9e3e) [0x62cdd42d3e3e]
.lake/build/bin/hexlatticeenum_bench(+0x4cf9e3e) [0x62cdd42d3e3e]
.lake/build/bin/hexlatticeenum_bench(+0x4cf9e3e) [0x62cdd42d3e3e]
.lake/build/bin/hexlatticeenum_bench(+0x4cf9e3e) [0x62cdd42d3e3e]
.lake/build/bin/hexlatticeenum_bench(+0x4cf9e3e) [0x62cdd42d3e3e]
.lake/build/bin/hexlatticeenum_bench(+0x4cf9e3e) [0x62cdd42d3e3e]
.lake/build/bin/hexlatticeenum_bench(+0x4cf9e3e) [0x62cdd42d3e3e]
.lake/build/bin/hexlatticeenum_bench(+0x4ca2fd7) [0x62cdd427cfd7]
.lake/build/bin/hexlatticeenum_bench(+0x4ca3655) [0x62cdd427d655]
/nix/store/qqiqd3ah10x8hzsif4j1y4xc1miw23nx-glibc-2.42-67/lib/libc.so.6(+0x9ce53) [0x73c34389ce53]
/nix/store/qqiqd3ah10x8hzsif4j1y4xc1miw23nx-glibc-2.42-67/lib/libc.so.6(+0x12407c) [0x73c34392407c]
PANIC at Hex.LatticeEnumBench.runAmbientBabai HexLatticeEnum.Bench:281:12: invalid rectangular benchmark input
backtrace:
.lake/build/bin/hexlatticeenum_bench(+0x4cf4495) [0x62cdd42ce495]
.lake/build/bin/hexlatticeenum_bench(+0x4ceba37) [0x62cdd42c5a37]
.lake/build/bin/hexlatticeenum_bench(+0x4cebb1b) [0x62cdd42c5b1b]
.lake/build/bin/hexlatticeenum_bench(+0xc44443) [0x62cdd021e443]
.lake/build/bin/hexlatticeenum_bench(+0xb8e45b) [0x62cdd016845b]
.lake/build/bin/hexlatticeenum_bench(+0xb8e65d) [0x62cdd016865d]
.lake/build/bin/hexlatticeenum_bench(+0x4cf9e3e) [0x62cdd42d3e3e]
.lake/build/bin/hexlatticeenum_bench(+0xc2e3ef) [0x62cdd02083ef]
.lake/build/bin/hexlatticeenum_bench(+0xc2eaab) [0x62cdd0208aab]
.lake/build/bin/hexlatticeenum_bench(+0xc2ffde) [0x62cdd0209fde]
.lake/build/bin/hexlatticeenum_bench(+0xc30f4a) [0x62cdd020af4a]
.lake/build/bin/hexlatticeenum_bench(+0xc993c1) [0x62cdd02733c1]
.lake/build/bin/hexlatticeenum_bench(+0x4cf93a0) [0x62cdd42d33a0]
.lake/build/bin/hexlatticeenum_bench(+0x4cf9e61) [0x62cdd42d3e61]
.lake/build/bin/hexlatticeenum_bench(+0x4cf9e61) [0x62cdd42d3e61]
.lake/build/bin/hexlatticeenum_bench(+0x4cf9e3e) [0x62cdd42d3e3e]
.lake/build/bin/hexlatticeenum_bench(+0x4cf9e3e) [0x62cdd42d3e3e]
.lake/build/bin/hexlatticeenum_bench(+0x4cf9e3e) [0x62cdd42d3e3e]
.lake/build/bin/hexlatticeenum_bench(+0x4cf9e3e) [0x62cdd42d3e3e]
.lake/build/bin/hexlatticeenum_bench(+0x4cf9e3e) [0x62cdd42d3e3e]
.lake/build/bin/hexlatticeenum_bench(+0x4cf9e3e) [0x62cdd42d3e3e]
.lake/build/bin/hexlatticeenum_bench(+0x4cf9e3e) [0x62cdd42d3e3e]
.lake/build/bin/hexlatticeenum_bench(+0x4cf9e3e) [0x62cdd42d3e3e]
.lake/build/bin/hexlatticeenum_bench(+0x4cf9e3e) [0x62cdd42d3e3e]
.lake/build/bin/hexlatticeenum_bench(+0x4ca2fd7) [0x62cdd427cfd7]
.lake/build/bin/hexlatticeenum_bench(+0x4ca3655) [0x62cdd427d655]
/nix/store/qqiqd3ah10x8hzsif4j1y4xc1miw23nx-glibc-2.42-67/lib/libc.so.6(+0x9ce53) [0x73c34389ce53]
/nix/store/qqiqd3ah10x8hzsif4j1y4xc1miw23nx-glibc-2.42-67/lib/libc.so.6(+0x12407c) [0x73c34392407c]
PANIC at Hex.LatticeEnumBench.runAmbientTies HexLatticeEnum.Bench:321:12: invalid rectangular benchmark input
backtrace:
.lake/build/bin/hexlatticeenum_bench(+0x4cf4495) [0x62cdd42ce495]
.lake/build/bin/hexlatticeenum_bench(+0x4ceba37) [0x62cdd42c5a37]
.lake/build/bin/hexlatticeenum_bench(+0x4cebb1b) [0x62cdd42c5b1b]
.lake/build/bin/hexlatticeenum_bench(+0xc44443) [0x62cdd021e443]
.lake/build/bin/hexlatticeenum_bench(+0xb9057b) [0x62cdd016a57b]
.lake/build/bin/hexlatticeenum_bench(+0xb9077d) [0x62cdd016a77d]
.lake/build/bin/hexlatticeenum_bench(+0x4cf9e3e) [0x62cdd42d3e3e]
.lake/build/bin/hexlatticeenum_bench(+0xc2e3ef) [0x62cdd02083ef]
.lake/build/bin/hexlatticeenum_bench(+0xc2eaab) [0x62cdd0208aab]
.lake/build/bin/hexlatticeenum_bench(+0xc2ffde) [0x62cdd0209fde]
.lake/build/bin/hexlatticeenum_bench(+0xc30f4a) [0x62cdd020af4a]
.lake/build/bin/hexlatticeenum_bench(+0xc993c1) [0x62cdd02733c1]
.lake/build/bin/hexlatticeenum_bench(+0x4cf93a0) [0x62cdd42d33a0]
.lake/build/bin/hexlatticeenum_bench(+0x4cf9e61) [0x62cdd42d3e61]
.lake/build/bin/hexlatticeenum_bench(+0x4cf9e61) [0x62cdd42d3e61]
.lake/build/bin/hexlatticeenum_bench(+0x4cf9e3e) [0x62cdd42d3e3e]
.lake/build/bin/hexlatticeenum_bench(+0x4cf9e3e) [0x62cdd42d3e3e]
.lake/build/bin/hexlatticeenum_bench(+0x4cf9e3e) [0x62cdd42d3e3e]
.lake/build/bin/hexlatticeenum_bench(+0x4cf9e3e) [0x62cdd42d3e3e]
.lake/build/bin/hexlatticeenum_bench(+0x4cf9e3e) [0x62cdd42d3e3e]
.lake/build/bin/hexlatticeenum_bench(+0x4cf9e3e) [0x62cdd42d3e3e]
.lake/build/bin/hexlatticeenum_bench(+0x4cf9e3e) [0x62cdd42d3e3e]
.lake/build/bin/hexlatticeenum_bench(+0x4cf9e3e) [0x62cdd42d3e3e]
.lake/build/bin/hexlatticeenum_bench(+0x4cf9e3e) [0x62cdd42d3e3e]
.lake/build/bin/hexlatticeenum_bench(+0x4ca2fd7) [0x62cdd427cfd7]
.lake/build/bin/hexlatticeenum_bench(+0x4ca3655) [0x62cdd427d655]
/nix/store/qqiqd3ah10x8hzsif4j1y4xc1miw23nx-glibc-2.42-67/lib/libc.so.6(+0x9ce53) [0x73c34389ce53]
/nix/store/qqiqd3ah10x8hzsif4j1y4xc1miw23nx-glibc-2.42-67/lib/libc.so.6(+0x12407c) [0x73c34392407c]
PANIC at Hex.LatticeEnumBench.runAmbientTies HexLatticeEnum.Bench:321:12: invalid rectangular benchmark input
backtrace:
.lake/build/bin/hexlatticeenum_bench(+0x4cf4495) [0x62cdd42ce495]
.lake/build/bin/hexlatticeenum_bench(+0x4ceba37) [0x62cdd42c5a37]
.lake/build/bin/hexlatticeenum_bench(+0x4cebb1b) [0x62cdd42c5b1b]
.lake/build/bin/hexlatticeenum_bench(+0xc44443) [0x62cdd021e443]
.lake/build/bin/hexlatticeenum_bench(+0xb9057b) [0x62cdd016a57b]
.lake/build/bin/hexlatticeenum_bench(+0xb9077d) [0x62cdd016a77d]
.lake/build/bin/hexlatticeenum_bench(+0x4cf9e3e) [0x62cdd42d3e3e]
.lake/build/bin/hexlatticeenum_bench(+0xc2e3ef) [0x62cdd02083ef]
.lake/build/bin/hexlatticeenum_bench(+0xc2eaab) [0x62cdd0208aab]
.lake/build/bin/hexlatticeenum_bench(+0xc2ffde) [0x62cdd0209fde]
.lake/build/bin/hexlatticeenum_bench(+0xc30f4a) [0x62cdd020af4a]
.lake/build/bin/hexlatticeenum_bench(+0xc993c1) [0x62cdd02733c1]
.lake/build/bin/hexlatticeenum_bench(+0x4cf93a0) [0x62cdd42d33a0]
.lake/build/bin/hexlatticeenum_bench(+0x4cf9e61) [0x62cdd42d3e61]
.lake/build/bin/hexlatticeenum_bench(+0x4cf9e61) [0x62cdd42d3e61]
.lake/build/bin/hexlatticeenum_bench(+0x4cf9e3e) [0x62cdd42d3e3e]
.lake/build/bin/hexlatticeenum_bench(+0x4cf9e3e) [0x62cdd42d3e3e]
.lake/build/bin/hexlatticeenum_bench(+0x4cf9e3e) [0x62cdd42d3e3e]
.lake/build/bin/hexlatticeenum_bench(+0x4cf9e3e) [0x62cdd42d3e3e]
.lake/build/bin/hexlatticeenum_bench(+0x4cf9e3e) [0x62cdd42d3e3e]
.lake/build/bin/hexlatticeenum_bench(+0x4cf9e3e) [0x62cdd42d3e3e]
.lake/build/bin/hexlatticeenum_bench(+0x4cf9e3e) [0x62cdd42d3e3e]
.lake/build/bin/hexlatticeenum_bench(+0x4cf9e3e) [0x62cdd42d3e3e]
.lake/build/bin/hexlatticeenum_bench(+0x4cf9e3e) [0x62cdd42d3e3e]
.lake/build/bin/hexlatticeenum_bench(+0x4ca2fd7) [0x62cdd427cfd7]
.lake/build/bin/hexlatticeenum_bench(+0x4ca3655) [0x62cdd427d655]
/nix/store/qqiqd3ah10x8hzsif4j1y4xc1miw23nx-glibc-2.42-67/lib/libc.so.6(+0x9ce53) [0x73c34389ce53]
/nix/store/qqiqd3ah10x8hzsif4j1y4xc1miw23nx-glibc-2.42-67/lib/libc.so.6(+0x12407c) [0x73c34392407c]
PANIC at Hex.LatticeEnumBench.runAmbientShortest HexLatticeEnum.Bench:507:12: invalid rectangular benchmark input
backtrace:
.lake/build/bin/hexlatticeenum_bench(+0x4cf4495) [0x62cdd42ce495]
.lake/build/bin/hexlatticeenum_bench(+0x4ceba37) [0x62cdd42c5a37]
.lake/build/bin/hexlatticeenum_bench(+0x4cebb1b) [0x62cdd42c5b1b]
.lake/build/bin/hexlatticeenum_bench(+0xc44443) [0x62cdd021e443]
.lake/build/bin/hexlatticeenum_bench(+0xb9a84b) [0x62cdd017484b]
.lake/build/bin/hexlatticeenum_bench(+0xb9aa4d) [0x62cdd0174a4d]
.lake/build/bin/hexlatticeenum_bench(+0x4cf9e3e) [0x62cdd42d3e3e]
.lake/build/bin/hexlatticeenum_bench(+0xc2e3ef) [0x62cdd02083ef]
.lake/build/bin/hexlatticeenum_bench(+0xc2eaab) [0x62cdd0208aab]
.lake/build/bin/hexlatticeenum_bench(+0xc2ffde) [0x62cdd0209fde]
.lake/build/bin/hexlatticeenum_bench(+0xc30f4a) [0x62cdd020af4a]
.lake/build/bin/hexlatticeenum_bench(+0xc993c1) [0x62cdd02733c1]
.lake/build/bin/hexlatticeenum_bench(+0x4cf93a0) [0x62cdd42d33a0]
.lake/build/bin/hexlatticeenum_bench(+0x4cf9e61) [0x62cdd42d3e61]
.lake/build/bin/hexlatticeenum_bench(+0x4cf9e61) [0x62cdd42d3e61]
.lake/build/bin/hexlatticeenum_bench(+0x4cf9e3e) [0x62cdd42d3e3e]
.lake/build/bin/hexlatticeenum_bench(+0x4cf9e3e) [0x62cdd42d3e3e]
.lake/build/bin/hexlatticeenum_bench(+0x4cf9e3e) [0x62cdd42d3e3e]
.lake/build/bin/hexlatticeenum_bench(+0x4cf9e3e) [0x62cdd42d3e3e]
.lake/build/bin/hexlatticeenum_bench(+0x4cf9e3e) [0x62cdd42d3e3e]
.lake/build/bin/hexlatticeenum_bench(+0x4cf9e3e) [0x62cdd42d3e3e]
.lake/build/bin/hexlatticeenum_bench(+0x4cf9e3e) [0x62cdd42d3e3e]
.lake/build/bin/hexlatticeenum_bench(+0x4cf9e3e) [0x62cdd42d3e3e]
.lake/build/bin/hexlatticeenum_bench(+0x4cf9e3e) [0x62cdd42d3e3e]
.lake/build/bin/hexlatticeenum_bench(+0x4ca2fd7) [0x62cdd427cfd7]
.lake/build/bin/hexlatticeenum_bench(+0x4ca3655) [0x62cdd427d655]
/nix/store/qqiqd3ah10x8hzsif4j1y4xc1miw23nx-glibc-2.42-67/lib/libc.so.6(+0x9ce53) [0x73c34389ce53]
/nix/store/qqiqd3ah10x8hzsif4j1y4xc1miw23nx-glibc-2.42-67/lib/libc.so.6(+0x12407c) [0x73c34392407c]
PANIC at Hex.LatticeEnumBench.runAmbientShortest HexLatticeEnum.Bench:507:12: invalid rectangular benchmark input
backtrace:
.lake/build/bin/hexlatticeenum_bench(+0x4cf4495) [0x62cdd42ce495]
.lake/build/bin/hexlatticeenum_bench(+0x4ceba37) [0x62cdd42c5a37]
.lake/build/bin/hexlatticeenum_bench(+0x4cebb1b) [0x62cdd42c5b1b]
.lake/build/bin/hexlatticeenum_bench(+0xc44443) [0x62cdd021e443]
.lake/build/bin/hexlatticeenum_bench(+0xb9a84b) [0x62cdd017484b]
.lake/build/bin/hexlatticeenum_bench(+0xb9aa4d) [0x62cdd0174a4d]
.lake/build/bin/hexlatticeenum_bench(+0x4cf9e3e) [0x62cdd42d3e3e]
.lake/build/bin/hexlatticeenum_bench(+0xc2e3ef) [0x62cdd02083ef]
.lake/build/bin/hexlatticeenum_bench(+0xc2eaab) [0x62cdd0208aab]
.lake/build/bin/hexlatticeenum_bench(+0xc2ffde) [0x62cdd0209fde]
.lake/build/bin/hexlatticeenum_bench(+0xc30f4a) [0x62cdd020af4a]
.lake/build/bin/hexlatticeenum_bench(+0xc993c1) [0x62cdd02733c1]
.lake/build/bin/hexlatticeenum_bench(+0x4cf93a0) [0x62cdd42d33a0]
.lake/build/bin/hexlatticeenum_bench(+0x4cf9e61) [0x62cdd42d3e61]
.lake/build/bin/hexlatticeenum_bench(+0x4cf9e61) [0x62cdd42d3e61]
.lake/build/bin/hexlatticeenum_bench(+0x4cf9e3e) [0x62cdd42d3e3e]
.lake/build/bin/hexlatticeenum_bench(+0x4cf9e3e) [0x62cdd42d3e3e]
.lake/build/bin/hexlatticeenum_bench(+0x4cf9e3e) [0x62cdd42d3e3e]
.lake/build/bin/hexlatticeenum_bench(+0x4cf9e3e) [0x62cdd42d3e3e]
.lake/build/bin/hexlatticeenum_bench(+0x4cf9e3e) [0x62cdd42d3e3e]
.lake/build/bin/hexlatticeenum_bench(+0x4cf9e3e) [0x62cdd42d3e3e]
.lake/build/bin/hexlatticeenum_bench(+0x4cf9e3e) [0x62cdd42d3e3e]
.lake/build/bin/hexlatticeenum_bench(+0x4cf9e3e) [0x62cdd42d3e3e]
.lake/build/bin/hexlatticeenum_bench(+0x4cf9e3e) [0x62cdd42d3e3e]
.lake/build/bin/hexlatticeenum_bench(+0x4ca2fd7) [0x62cdd427cfd7]
.lake/build/bin/hexlatticeenum_bench(+0x4ca3655) [0x62cdd427d655]
/nix/store/qqiqd3ah10x8hzsif4j1y4xc1miw23nx-glibc-2.42-67/lib/libc.so.6(+0x9ce53) [0x73c34389ce53]
/nix/store/qqiqd3ah10x8hzsif4j1y4xc1miw23nx-glibc-2.42-67/lib/libc.so.6(+0x12407c) [0x73c34392407c]
PANIC at Hex.LatticeEnumBench.runAmbientCertificate HexLatticeEnum.Bench:341:12: invalid rectangular benchmark input
backtrace:
.lake/build/bin/hexlatticeenum_bench(+0x4cf4495) [0x62cdd42ce495]
.lake/build/bin/hexlatticeenum_bench(+0x4ceba37) [0x62cdd42c5a37]
.lake/build/bin/hexlatticeenum_bench(+0x4cebb1b) [0x62cdd42c5b1b]
.lake/build/bin/hexlatticeenum_bench(+0xc44443) [0x62cdd021e443]
.lake/build/bin/hexlatticeenum_bench(+0xb9161b) [0x62cdd016b61b]
.lake/build/bin/hexlatticeenum_bench(+0xb9181d) [0x62cdd016b81d]
.lake/build/bin/hexlatticeenum_bench(+0x4cf9e3e) [0x62cdd42d3e3e]
.lake/build/bin/hexlatticeenum_bench(+0xc2e3ef) [0x62cdd02083ef]
.lake/build/bin/hexlatticeenum_bench(+0xc2eaab) [0x62cdd0208aab]
.lake/build/bin/hexlatticeenum_bench(+0xc2ffde) [0x62cdd0209fde]
.lake/build/bin/hexlatticeenum_bench(+0xc30f4a) [0x62cdd020af4a]
.lake/build/bin/hexlatticeenum_bench(+0xc993c1) [0x62cdd02733c1]
.lake/build/bin/hexlatticeenum_bench(+0x4cf93a0) [0x62cdd42d33a0]
.lake/build/bin/hexlatticeenum_bench(+0x4cf9e61) [0x62cdd42d3e61]
.lake/build/bin/hexlatticeenum_bench(+0x4cf9e61) [0x62cdd42d3e61]
.lake/build/bin/hexlatticeenum_bench(+0x4cf9e3e) [0x62cdd42d3e3e]
.lake/build/bin/hexlatticeenum_bench(+0x4cf9e3e) [0x62cdd42d3e3e]
.lake/build/bin/hexlatticeenum_bench(+0x4cf9e3e) [0x62cdd42d3e3e]
.lake/build/bin/hexlatticeenum_bench(+0x4cf9e3e) [0x62cdd42d3e3e]
.lake/build/bin/hexlatticeenum_bench(+0x4cf9e3e) [0x62cdd42d3e3e]
.lake/build/bin/hexlatticeenum_bench(+0x4cf9e3e) [0x62cdd42d3e3e]
.lake/build/bin/hexlatticeenum_bench(+0x4cf9e3e) [0x62cdd42d3e3e]
.lake/build/bin/hexlatticeenum_bench(+0x4cf9e3e) [0x62cdd42d3e3e]
.lake/build/bin/hexlatticeenum_bench(+0x4cf9e3e) [0x62cdd42d3e3e]
.lake/build/bin/hexlatticeenum_bench(+0x4ca2fd7) [0x62cdd427cfd7]
.lake/build/bin/hexlatticeenum_bench(+0x4ca3655) [0x62cdd427d655]
/nix/store/qqiqd3ah10x8hzsif4j1y4xc1miw23nx-glibc-2.42-67/lib/libc.so.6(+0x9ce53) [0x73c34389ce53]
/nix/store/qqiqd3ah10x8hzsif4j1y4xc1miw23nx-glibc-2.42-67/lib/libc.so.6(+0x12407c) [0x73c34392407c]
PANIC at Hex.LatticeEnumBench.runAmbientCertificate HexLatticeEnum.Bench:341:12: invalid rectangular benchmark input
backtrace:
.lake/build/bin/hexlatticeenum_bench(+0x4cf4495) [0x62cdd42ce495]
.lake/build/bin/hexlatticeenum_bench(+0x4ceba37) [0x62cdd42c5a37]
.lake/build/bin/hexlatticeenum_bench(+0x4cebb1b) [0x62cdd42c5b1b]
.lake/build/bin/hexlatticeenum_bench(+0xc44443) [0x62cdd021e443]
.lake/build/bin/hexlatticeenum_bench(+0xb9161b) [0x62cdd016b61b]
.lake/build/bin/hexlatticeenum_bench(+0xb9181d) [0x62cdd016b81d]
.lake/build/bin/hexlatticeenum_bench(+0x4cf9e3e) [0x62cdd42d3e3e]
.lake/build/bin/hexlatticeenum_bench(+0xc2e3ef) [0x62cdd02083ef]
.lake/build/bin/hexlatticeenum_bench(+0xc2eaab) [0x62cdd0208aab]
.lake/build/bin/hexlatticeenum_bench(+0xc2ffde) [0x62cdd0209fde]
.lake/build/bin/hexlatticeenum_bench(+0xc30f4a) [0x62cdd020af4a]
.lake/build/bin/hexlatticeenum_bench(+0xc993c1) [0x62cdd02733c1]
.lake/build/bin/hexlatticeenum_bench(+0x4cf93a0) [0x62cdd42d33a0]
.lake/build/bin/hexlatticeenum_bench(+0x4cf9e61) [0x62cdd42d3e61]
.lake/build/bin/hexlatticeenum_bench(+0x4cf9e61) [0x62cdd42d3e61]
.lake/build/bin/hexlatticeenum_bench(+0x4cf9e3e) [0x62cdd42d3e3e]
.lake/build/bin/hexlatticeenum_bench(+0x4cf9e3e) [0x62cdd42d3e3e]
.lake/build/bin/hexlatticeenum_bench(+0x4cf9e3e) [0x62cdd42d3e3e]
.lake/build/bin/hexlatticeenum_bench(+0x4cf9e3e) [0x62cdd42d3e3e]
.lake/build/bin/hexlatticeenum_bench(+0x4cf9e3e) [0x62cdd42d3e3e]
.lake/build/bin/hexlatticeenum_bench(+0x4cf9e3e) [0x62cdd42d3e3e]
.lake/build/bin/hexlatticeenum_bench(+0x4cf9e3e) [0x62cdd42d3e3e]
.lake/build/bin/hexlatticeenum_bench(+0x4cf9e3e) [0x62cdd42d3e3e]
.lake/build/bin/hexlatticeenum_bench(+0x4cf9e3e) [0x62cdd42d3e3e]
.lake/build/bin/hexlatticeenum_bench(+0x4ca2fd7) [0x62cdd427cfd7]
.lake/build/bin/hexlatticeenum_bench(+0x4ca3655) [0x62cdd427d655]
/nix/store/qqiqd3ah10x8hzsif4j1y4xc1miw23nx-glibc-2.42-67/lib/libc.so.6(+0x9ce53) [0x73c34389ce53]
/nix/store/qqiqd3ah10x8hzsif4j1y4xc1miw23nx-glibc-2.42-67/lib/libc.so.6(+0x12407c) [0x73c34392407c]
PANIC at Hex.LatticeEnumBench.runAmbient HexLatticeEnum.Bench:240:12: invalid rectangular benchmark input
backtrace:
.lake/build/bin/hexlatticeenum_bench(+0x4cf4495) [0x62cdd42ce495]
.lake/build/bin/hexlatticeenum_bench(+0x4ceba37) [0x62cdd42c5a37]
.lake/build/bin/hexlatticeenum_bench(+0x4cebb1b) [0x62cdd42c5b1b]
.lake/build/bin/hexlatticeenum_bench(+0xc44443) [0x62cdd021e443]
.lake/build/bin/hexlatticeenum_bench(+0xb8bbfb) [0x62cdd0165bfb]
.lake/build/bin/hexlatticeenum_bench(+0xb8bdfd) [0x62cdd0165dfd]
.lake/build/bin/hexlatticeenum_bench(+0x4cf9e3e) [0x62cdd42d3e3e]
.lake/build/bin/hexlatticeenum_bench(+0xc2e3ef) [0x62cdd02083ef]
.lake/build/bin/hexlatticeenum_bench(+0xc2eaab) [0x62cdd0208aab]
.lake/build/bin/hexlatticeenum_bench(+0xc2ffde) [0x62cdd0209fde]
.lake/build/bin/hexlatticeenum_bench(+0xc30f4a) [0x62cdd020af4a]
.lake/build/bin/hexlatticeenum_bench(+0xc993c1) [0x62cdd02733c1]
.lake/build/bin/hexlatticeenum_bench(+0x4cf93a0) [0x62cdd42d33a0]
.lake/build/bin/hexlatticeenum_bench(+0x4cf9e61) [0x62cdd42d3e61]
.lake/build/bin/hexlatticeenum_bench(+0x4cf9e61) [0x62cdd42d3e61]
.lake/build/bin/hexlatticeenum_bench(+0x4cf9e3e) [0x62cdd42d3e3e]
.lake/build/bin/hexlatticeenum_bench(+0x4cf9e3e) [0x62cdd42d3e3e]
.lake/build/bin/hexlatticeenum_bench(+0x4cf9e3e) [0x62cdd42d3e3e]
.lake/build/bin/hexlatticeenum_bench(+0x4cf9e3e) [0x62cdd42d3e3e]
.lake/build/bin/hexlatticeenum_bench(+0x4cf9e3e) [0x62cdd42d3e3e]
.lake/build/bin/hexlatticeenum_bench(+0x4cf9e3e) [0x62cdd42d3e3e]
.lake/build/bin/hexlatticeenum_bench(+0x4cf9e3e) [0x62cdd42d3e3e]
.lake/build/bin/hexlatticeenum_bench(+0x4cf9e3e) [0x62cdd42d3e3e]
.lake/build/bin/hexlatticeenum_bench(+0x4cf9e3e) [0x62cdd42d3e3e]
.lake/build/bin/hexlatticeenum_bench(+0x4ca2fd7) [0x62cdd427cfd7]
.lake/build/bin/hexlatticeenum_bench(+0x4ca3655) [0x62cdd427d655]
/nix/store/qqiqd3ah10x8hzsif4j1y4xc1miw23nx-glibc-2.42-67/lib/libc.so.6(+0x9ce53) [0x73c34389ce53]
/nix/store/qqiqd3ah10x8hzsif4j1y4xc1miw23nx-glibc-2.42-67/lib/libc.so.6(+0x12407c) [0x73c34392407c]
PANIC at Hex.LatticeEnumBench.runAmbient HexLatticeEnum.Bench:240:12: invalid rectangular benchmark input
backtrace:
.lake/build/bin/hexlatticeenum_bench(+0x4cf4495) [0x62cdd42ce495]
.lake/build/bin/hexlatticeenum_bench(+0x4ceba37) [0x62cdd42c5a37]
.lake/build/bin/hexlatticeenum_bench(+0x4cebb1b) [0x62cdd42c5b1b]
.lake/build/bin/hexlatticeenum_bench(+0xc44443) [0x62cdd021e443]
.lake/build/bin/hexlatticeenum_bench(+0xb8bbfb) [0x62cdd0165bfb]
.lake/build/bin/hexlatticeenum_bench(+0xb8bdfd) [0x62cdd0165dfd]
.lake/build/bin/hexlatticeenum_bench(+0x4cf9e3e) [0x62cdd42d3e3e]
.lake/build/bin/hexlatticeenum_bench(+0xc2e3ef) [0x62cdd02083ef]
.lake/build/bin/hexlatticeenum_bench(+0xc2eaab) [0x62cdd0208aab]
.lake/build/bin/hexlatticeenum_bench(+0xc2ffde) [0x62cdd0209fde]
.lake/build/bin/hexlatticeenum_bench(+0xc30f4a) [0x62cdd020af4a]
.lake/build/bin/hexlatticeenum_bench(+0xc993c1) [0x62cdd02733c1]
.lake/build/bin/hexlatticeenum_bench(+0x4cf93a0) [0x62cdd42d33a0]
.lake/build/bin/hexlatticeenum_bench(+0x4cf9e61) [0x62cdd42d3e61]
.lake/build/bin/hexlatticeenum_bench(+0x4cf9e61) [0x62cdd42d3e61]
.lake/build/bin/hexlatticeenum_bench(+0x4cf9e3e) [0x62cdd42d3e3e]
.lake/build/bin/hexlatticeenum_bench(+0x4cf9e3e) [0x62cdd42d3e3e]
.lake/build/bin/hexlatticeenum_bench(+0x4cf9e3e) [0x62cdd42d3e3e]
.lake/build/bin/hexlatticeenum_bench(+0x4cf9e3e) [0x62cdd42d3e3e]
.lake/build/bin/hexlatticeenum_bench(+0x4cf9e3e) [0x62cdd42d3e3e]
.lake/build/bin/hexlatticeenum_bench(+0x4cf9e3e) [0x62cdd42d3e3e]
.lake/build/bin/hexlatticeenum_bench(+0x4cf9e3e) [0x62cdd42d3e3e]
.lake/build/bin/hexlatticeenum_bench(+0x4cf9e3e) [0x62cdd42d3e3e]
.lake/build/bin/hexlatticeenum_bench(+0x4cf9e3e) [0x62cdd42d3e3e]
.lake/build/bin/hexlatticeenum_bench(+0x4ca2fd7) [0x62cdd427cfd7]
.lake/build/bin/hexlatticeenum_bench(+0x4ca3655) [0x62cdd427d655]
/nix/store/qqiqd3ah10x8hzsif4j1y4xc1miw23nx-glibc-2.42-67/lib/libc.so.6(+0x9ce53) [0x73c34389ce53]
/nix/store/qqiqd3ah10x8hzsif4j1y4xc1miw23nx-glibc-2.42-67/lib/libc.so.6(+0x12407c) [0x73c34392407c]
PANIC at Hex.LatticeEnumBench.runAmbientBudget HexLatticeEnum.Bench:529:12: invalid rectangular benchmark input
backtrace:
.lake/build/bin/hexlatticeenum_bench(+0x4cf4495) [0x62cdd42ce495]
.lake/build/bin/hexlatticeenum_bench(+0x4ceba37) [0x62cdd42c5a37]
.lake/build/bin/hexlatticeenum_bench(+0x4cebb1b) [0x62cdd42c5b1b]
.lake/build/bin/hexlatticeenum_bench(+0xc44443) [0x62cdd021e443]
.lake/build/bin/hexlatticeenum_bench(+0xb9bfbb) [0x62cdd0175fbb]
.lake/build/bin/hexlatticeenum_bench(+0xb9c1bd) [0x62cdd01761bd]
.lake/build/bin/hexlatticeenum_bench(+0x4cf9e3e) [0x62cdd42d3e3e]
.lake/build/bin/hexlatticeenum_bench(+0xc2e3ef) [0x62cdd02083ef]
.lake/build/bin/hexlatticeenum_bench(+0xc2eaab) [0x62cdd0208aab]
.lake/build/bin/hexlatticeenum_bench(+0xc2ffde) [0x62cdd0209fde]
.lake/build/bin/hexlatticeenum_bench(+0xc30f4a) [0x62cdd020af4a]
.lake/build/bin/hexlatticeenum_bench(+0xc993c1) [0x62cdd02733c1]
.lake/build/bin/hexlatticeenum_bench(+0x4cf93a0) [0x62cdd42d33a0]
.lake/build/bin/hexlatticeenum_bench(+0x4cf9e61) [0x62cdd42d3e61]
.lake/build/bin/hexlatticeenum_bench(+0x4cf9e61) [0x62cdd42d3e61]
.lake/build/bin/hexlatticeenum_bench(+0x4cf9e3e) [0x62cdd42d3e3e]
.lake/build/bin/hexlatticeenum_bench(+0x4cf9e3e) [0x62cdd42d3e3e]
.lake/build/bin/hexlatticeenum_bench(+0x4cf9e3e) [0x62cdd42d3e3e]
.lake/build/bin/hexlatticeenum_bench(+0x4cf9e3e) [0x62cdd42d3e3e]
.lake/build/bin/hexlatticeenum_bench(+0x4cf9e3e) [0x62cdd42d3e3e]
.lake/build/bin/hexlatticeenum_bench(+0x4cf9e3e) [0x62cdd42d3e3e]
.lake/build/bin/hexlatticeenum_bench(+0x4cf9e3e) [0x62cdd42d3e3e]
.lake/build/bin/hexlatticeenum_bench(+0x4cf9e3e) [0x62cdd42d3e3e]
.lake/build/bin/hexlatticeenum_bench(+0x4cf9e3e) [0x62cdd42d3e3e]
.lake/build/bin/hexlatticeenum_bench(+0x4ca2fd7) [0x62cdd427cfd7]
.lake/build/bin/hexlatticeenum_bench(+0x4ca3655) [0x62cdd427d655]
/nix/store/qqiqd3ah10x8hzsif4j1y4xc1miw23nx-glibc-2.42-67/lib/libc.so.6(+0x9ce53) [0x73c34389ce53]
/nix/store/qqiqd3ah10x8hzsif4j1y4xc1miw23nx-glibc-2.42-67/lib/libc.so.6(+0x12407c) [0x73c34392407c]
PANIC at Hex.LatticeEnumBench.runAmbientBudget HexLatticeEnum.Bench:529:12: invalid rectangular benchmark input
backtrace:
.lake/build/bin/hexlatticeenum_bench(+0x4cf4495) [0x62cdd42ce495]
.lake/build/bin/hexlatticeenum_bench(+0x4ceba37) [0x62cdd42c5a37]
.lake/build/bin/hexlatticeenum_bench(+0x4cebb1b) [0x62cdd42c5b1b]
.lake/build/bin/hexlatticeenum_bench(+0xc44443) [0x62cdd021e443]
.lake/build/bin/hexlatticeenum_bench(+0xb9bfbb) [0x62cdd0175fbb]
.lake/build/bin/hexlatticeenum_bench(+0xb9c1bd) [0x62cdd01761bd]
.lake/build/bin/hexlatticeenum_bench(+0x4cf9e3e) [0x62cdd42d3e3e]
.lake/build/bin/hexlatticeenum_bench(+0xc2e3ef) [0x62cdd02083ef]
.lake/build/bin/hexlatticeenum_bench(+0xc2eaab) [0x62cdd0208aab]
.lake/build/bin/hexlatticeenum_bench(+0xc2ffde) [0x62cdd0209fde]
.lake/build/bin/hexlatticeenum_bench(+0xc30f4a) [0x62cdd020af4a]
.lake/build/bin/hexlatticeenum_bench(+0xc993c1) [0x62cdd02733c1]
.lake/build/bin/hexlatticeenum_bench(+0x4cf93a0) [0x62cdd42d33a0]
.lake/build/bin/hexlatticeenum_bench(+0x4cf9e61) [0x62cdd42d3e61]
.lake/build/bin/hexlatticeenum_bench(+0x4cf9e61) [0x62cdd42d3e61]
.lake/build/bin/hexlatticeenum_bench(+0x4cf9e3e) [0x62cdd42d3e3e]
.lake/build/bin/hexlatticeenum_bench(+0x4cf9e3e) [0x62cdd42d3e3e]
.lake/build/bin/hexlatticeenum_bench(+0x4cf9e3e) [0x62cdd42d3e3e]
.lake/build/bin/hexlatticeenum_bench(+0x4cf9e3e) [0x62cdd42d3e3e]
.lake/build/bin/hexlatticeenum_bench(+0x4cf9e3e) [0x62cdd42d3e3e]
.lake/build/bin/hexlatticeenum_bench(+0x4cf9e3e) [0x62cdd42d3e3e]
.lake/build/bin/hexlatticeenum_bench(+0x4cf9e3e) [0x62cdd42d3e3e]
.lake/build/bin/hexlatticeenum_bench(+0x4cf9e3e) [0x62cdd42d3e3e]
.lake/build/bin/hexlatticeenum_bench(+0x4cf9e3e) [0x62cdd42d3e3e]
.lake/build/bin/hexlatticeenum_bench(+0x4ca2fd7) [0x62cdd427cfd7]
.lake/build/bin/hexlatticeenum_bench(+0x4ca3655) [0x62cdd427d655]
/nix/store/qqiqd3ah10x8hzsif4j1y4xc1miw23nx-glibc-2.42-67/lib/libc.so.6(+0x9ce53) [0x73c34389ce53]
/nix/store/qqiqd3ah10x8hzsif4j1y4xc1miw23nx-glibc-2.42-67/lib/libc.so.6(+0x12407c) [0x73c34392407c]
PANIC at Hex.LatticeEnumBench.runAmbientLLL HexLatticeEnum.Bench:444:12: invalid rectangular benchmark input
backtrace:
.lake/build/bin/hexlatticeenum_bench(+0x4cf4495) [0x62cdd42ce495]
.lake/build/bin/hexlatticeenum_bench(+0x4ceba37) [0x62cdd42c5a37]
.lake/build/bin/hexlatticeenum_bench(+0x4cebb1b) [0x62cdd42c5b1b]
.lake/build/bin/hexlatticeenum_bench(+0xc44443) [0x62cdd021e443]
.lake/build/bin/hexlatticeenum_bench(+0xb96f7b) [0x62cdd0170f7b]
.lake/build/bin/hexlatticeenum_bench(+0xb9717d) [0x62cdd017117d]
.lake/build/bin/hexlatticeenum_bench(+0x4cf9e3e) [0x62cdd42d3e3e]
.lake/build/bin/hexlatticeenum_bench(+0xc2e3ef) [0x62cdd02083ef]
.lake/build/bin/hexlatticeenum_bench(+0xc2eaab) [0x62cdd0208aab]
.lake/build/bin/hexlatticeenum_bench(+0xc2ffde) [0x62cdd0209fde]
.lake/build/bin/hexlatticeenum_bench(+0xc30f4a) [0x62cdd020af4a]
.lake/build/bin/hexlatticeenum_bench(+0xc993c1) [0x62cdd02733c1]
.lake/build/bin/hexlatticeenum_bench(+0x4cf93a0) [0x62cdd42d33a0]
.lake/build/bin/hexlatticeenum_bench(+0x4cf9e61) [0x62cdd42d3e61]
.lake/build/bin/hexlatticeenum_bench(+0x4cf9e61) [0x62cdd42d3e61]
.lake/build/bin/hexlatticeenum_bench(+0x4cf9e3e) [0x62cdd42d3e3e]
.lake/build/bin/hexlatticeenum_bench(+0x4cf9e3e) [0x62cdd42d3e3e]
.lake/build/bin/hexlatticeenum_bench(+0x4cf9e3e) [0x62cdd42d3e3e]
.lake/build/bin/hexlatticeenum_bench(+0x4cf9e3e) [0x62cdd42d3e3e]
.lake/build/bin/hexlatticeenum_bench(+0x4cf9e3e) [0x62cdd42d3e3e]
.lake/build/bin/hexlatticeenum_bench(+0x4cf9e3e) [0x62cdd42d3e3e]
.lake/build/bin/hexlatticeenum_bench(+0x4cf9e3e) [0x62cdd42d3e3e]
.lake/build/bin/hexlatticeenum_bench(+0x4cf9e3e) [0x62cdd42d3e3e]
.lake/build/bin/hexlatticeenum_bench(+0x4cf9e3e) [0x62cdd42d3e3e]
.lake/build/bin/hexlatticeenum_bench(+0x4ca2fd7) [0x62cdd427cfd7]
.lake/build/bin/hexlatticeenum_bench(+0x4ca3655) [0x62cdd427d655]
/nix/store/qqiqd3ah10x8hzsif4j1y4xc1miw23nx-glibc-2.42-67/lib/libc.so.6(+0x9ce53) [0x73c34389ce53]
/nix/store/qqiqd3ah10x8hzsif4j1y4xc1miw23nx-glibc-2.42-67/lib/libc.so.6(+0x12407c) [0x73c34392407c]
PANIC at Hex.LatticeEnumBench.runAmbientLLL HexLatticeEnum.Bench:444:12: invalid rectangular benchmark input
backtrace:
.lake/build/bin/hexlatticeenum_bench(+0x4cf4495) [0x62cdd42ce495]
.lake/build/bin/hexlatticeenum_bench(+0x4ceba37) [0x62cdd42c5a37]
.lake/build/bin/hexlatticeenum_bench(+0x4cebb1b) [0x62cdd42c5b1b]
.lake/build/bin/hexlatticeenum_bench(+0xc44443) [0x62cdd021e443]
.lake/build/bin/hexlatticeenum_bench(+0xb96f7b) [0x62cdd0170f7b]
.lake/build/bin/hexlatticeenum_bench(+0xb9717d) [0x62cdd017117d]
.lake/build/bin/hexlatticeenum_bench(+0x4cf9e3e) [0x62cdd42d3e3e]
.lake/build/bin/hexlatticeenum_bench(+0xc2e3ef) [0x62cdd02083ef]
.lake/build/bin/hexlatticeenum_bench(+0xc2eaab) [0x62cdd0208aab]
.lake/build/bin/hexlatticeenum_bench(+0xc2ffde) [0x62cdd0209fde]
.lake/build/bin/hexlatticeenum_bench(+0xc30f4a) [0x62cdd020af4a]
.lake/build/bin/hexlatticeenum_bench(+0xc993c1) [0x62cdd02733c1]
.lake/build/bin/hexlatticeenum_bench(+0x4cf93a0) [0x62cdd42d33a0]
.lake/build/bin/hexlatticeenum_bench(+0x4cf9e61) [0x62cdd42d3e61]
.lake/build/bin/hexlatticeenum_bench(+0x4cf9e61) [0x62cdd42d3e61]
.lake/build/bin/hexlatticeenum_bench(+0x4cf9e3e) [0x62cdd42d3e3e]
.lake/build/bin/hexlatticeenum_bench(+0x4cf9e3e) [0x62cdd42d3e3e]
.lake/build/bin/hexlatticeenum_bench(+0x4cf9e3e) [0x62cdd42d3e3e]
.lake/build/bin/hexlatticeenum_bench(+0x4cf9e3e) [0x62cdd42d3e3e]
.lake/build/bin/hexlatticeenum_bench(+0x4cf9e3e) [0x62cdd42d3e3e]
.lake/build/bin/hexlatticeenum_bench(+0x4cf9e3e) [0x62cdd42d3e3e]
.lake/build/bin/hexlatticeenum_bench(+0x4cf9e3e) [0x62cdd42d3e3e]
.lake/build/bin/hexlatticeenum_bench(+0x4cf9e3e) [0x62cdd42d3e3e]
.lake/build/bin/hexlatticeenum_bench(+0x4cf9e3e) [0x62cdd42d3e3e]
.lake/build/bin/hexlatticeenum_bench(+0x4ca2fd7) [0x62cdd427cfd7]
.lake/build/bin/hexlatticeenum_bench(+0x4ca3655) [0x62cdd427d655]
/nix/store/qqiqd3ah10x8hzsif4j1y4xc1miw23nx-glibc-2.42-67/lib/libc.so.6(+0x9ce53) [0x73c34389ce53]
/nix/store/qqiqd3ah10x8hzsif4j1y4xc1miw23nx-glibc-2.42-67/lib/libc.so.6(+0x12407c) [0x73c34392407c]
PANIC at Hex.LatticeEnumBench.runAmbientPreparation HexLatticeEnum.Bench:258:12: invalid rectangular benchmark input
backtrace:
.lake/build/bin/hexlatticeenum_bench(+0x4cf4495) [0x62cdd42ce495]
.lake/build/bin/hexlatticeenum_bench(+0x4ceba37) [0x62cdd42c5a37]
.lake/build/bin/hexlatticeenum_bench(+0x4cebb1b) [0x62cdd42c5b1b]
.lake/build/bin/hexlatticeenum_bench(+0xc44443) [0x62cdd021e443]
.lake/build/bin/hexlatticeenum_bench(+0xb8d28b) [0x62cdd016728b]
.lake/build/bin/hexlatticeenum_bench(+0xb8d48d) [0x62cdd016748d]
.lake/build/bin/hexlatticeenum_bench(+0x4cf9e3e) [0x62cdd42d3e3e]
.lake/build/bin/hexlatticeenum_bench(+0xc2e3ef) [0x62cdd02083ef]
.lake/build/bin/hexlatticeenum_bench(+0xc2eaab) [0x62cdd0208aab]
.lake/build/bin/hexlatticeenum_bench(+0xc2ffde) [0x62cdd0209fde]
.lake/build/bin/hexlatticeenum_bench(+0xc30f4a) [0x62cdd020af4a]
.lake/build/bin/hexlatticeenum_bench(+0xc993c1) [0x62cdd02733c1]
.lake/build/bin/hexlatticeenum_bench(+0x4cf93a0) [0x62cdd42d33a0]
.lake/build/bin/hexlatticeenum_bench(+0x4cf9e61) [0x62cdd42d3e61]
.lake/build/bin/hexlatticeenum_bench(+0x4cf9e61) [0x62cdd42d3e61]
.lake/build/bin/hexlatticeenum_bench(+0x4cf9e3e) [0x62cdd42d3e3e]
.lake/build/bin/hexlatticeenum_bench(+0x4cf9e3e) [0x62cdd42d3e3e]
.lake/build/bin/hexlatticeenum_bench(+0x4cf9e3e) [0x62cdd42d3e3e]
.lake/build/bin/hexlatticeenum_bench(+0x4cf9e3e) [0x62cdd42d3e3e]
.lake/build/bin/hexlatticeenum_bench(+0x4cf9e3e) [0x62cdd42d3e3e]
.lake/build/bin/hexlatticeenum_bench(+0x4cf9e3e) [0x62cdd42d3e3e]
.lake/build/bin/hexlatticeenum_bench(+0x4cf9e3e) [0x62cdd42d3e3e]
.lake/build/bin/hexlatticeenum_bench(+0x4cf9e3e) [0x62cdd42d3e3e]
.lake/build/bin/hexlatticeenum_bench(+0x4cf9e3e) [0x62cdd42d3e3e]
.lake/build/bin/hexlatticeenum_bench(+0x4ca2fd7) [0x62cdd427cfd7]
.lake/build/bin/hexlatticeenum_bench(+0x4ca3655) [0x62cdd427d655]
/nix/store/qqiqd3ah10x8hzsif4j1y4xc1miw23nx-glibc-2.42-67/lib/libc.so.6(+0x9ce53) [0x73c34389ce53]
/nix/store/qqiqd3ah10x8hzsif4j1y4xc1miw23nx-glibc-2.42-67/lib/libc.so.6(+0x12407c) [0x73c34392407c]
PANIC at Hex.LatticeEnumBench.runAmbientPreparation HexLatticeEnum.Bench:258:12: invalid rectangular benchmark input
backtrace:
.lake/build/bin/hexlatticeenum_bench(+0x4cf4495) [0x62cdd42ce495]
.lake/build/bin/hexlatticeenum_bench(+0x4ceba37) [0x62cdd42c5a37]
.lake/build/bin/hexlatticeenum_bench(+0x4cebb1b) [0x62cdd42c5b1b]
.lake/build/bin/hexlatticeenum_bench(+0xc44443) [0x62cdd021e443]
.lake/build/bin/hexlatticeenum_bench(+0xb8d28b) [0x62cdd016728b]
.lake/build/bin/hexlatticeenum_bench(+0xb8d48d) [0x62cdd016748d]
.lake/build/bin/hexlatticeenum_bench(+0x4cf9e3e) [0x62cdd42d3e3e]
.lake/build/bin/hexlatticeenum_bench(+0xc2e3ef) [0x62cdd02083ef]
.lake/build/bin/hexlatticeenum_bench(+0xc2eaab) [0x62cdd0208aab]
.lake/build/bin/hexlatticeenum_bench(+0xc2ffde) [0x62cdd0209fde]
.lake/build/bin/hexlatticeenum_bench(+0xc30f4a) [0x62cdd020af4a]
.lake/build/bin/hexlatticeenum_bench(+0xc993c1) [0x62cdd02733c1]
.lake/build/bin/hexlatticeenum_bench(+0x4cf93a0) [0x62cdd42d33a0]
.lake/build/bin/hexlatticeenum_bench(+0x4cf9e61) [0x62cdd42d3e61]
.lake/build/bin/hexlatticeenum_bench(+0x4cf9e61) [0x62cdd42d3e61]
.lake/build/bin/hexlatticeenum_bench(+0x4cf9e3e) [0x62cdd42d3e3e]
.lake/build/bin/hexlatticeenum_bench(+0x4cf9e3e) [0x62cdd42d3e3e]
.lake/build/bin/hexlatticeenum_bench(+0x4cf9e3e) [0x62cdd42d3e3e]
.lake/build/bin/hexlatticeenum_bench(+0x4cf9e3e) [0x62cdd42d3e3e]
.lake/build/bin/hexlatticeenum_bench(+0x4cf9e3e) [0x62cdd42d3e3e]
.lake/build/bin/hexlatticeenum_bench(+0x4cf9e3e) [0x62cdd42d3e3e]
.lake/build/bin/hexlatticeenum_bench(+0x4cf9e3e) [0x62cdd42d3e3e]
.lake/build/bin/hexlatticeenum_bench(+0x4cf9e3e) [0x62cdd42d3e3e]
.lake/build/bin/hexlatticeenum_bench(+0x4cf9e3e) [0x62cdd42d3e3e]
.lake/build/bin/hexlatticeenum_bench(+0x4ca2fd7) [0x62cdd427cfd7]
.lake/build/bin/hexlatticeenum_bench(+0x4ca3655) [0x62cdd427d655]
/nix/store/qqiqd3ah10x8hzsif4j1y4xc1miw23nx-glibc-2.42-67/lib/libc.so.6(+0x9ce53) [0x73c34389ce53]
/nix/store/qqiqd3ah10x8hzsif4j1y4xc1miw23nx-glibc-2.42-67/lib/libc.so.6(+0x12407c) [0x73c34392407c]
PANIC at Hex.LatticeEnumBench.runAmbientOptimum HexLatticeEnum.Bench:301:12: invalid rectangular benchmark input
backtrace:
.lake/build/bin/hexlatticeenum_bench(+0x4cf4495) [0x62cdd42ce495]
.lake/build/bin/hexlatticeenum_bench(+0x4ceba37) [0x62cdd42c5a37]
.lake/build/bin/hexlatticeenum_bench(+0x4cebb1b) [0x62cdd42c5b1b]
.lake/build/bin/hexlatticeenum_bench(+0xc44443) [0x62cdd021e443]
.lake/build/bin/hexlatticeenum_bench(+0xb8f4eb) [0x62cdd01694eb]
.lake/build/bin/hexlatticeenum_bench(+0xb8f6ed) [0x62cdd01696ed]
.lake/build/bin/hexlatticeenum_bench(+0x4cf9e3e) [0x62cdd42d3e3e]
.lake/build/bin/hexlatticeenum_bench(+0xc2e3ef) [0x62cdd02083ef]
.lake/build/bin/hexlatticeenum_bench(+0xc2eaab) [0x62cdd0208aab]
.lake/build/bin/hexlatticeenum_bench(+0xc2ffde) [0x62cdd0209fde]
.lake/build/bin/hexlatticeenum_bench(+0xc30f4a) [0x62cdd020af4a]
.lake/build/bin/hexlatticeenum_bench(+0xc993c1) [0x62cdd02733c1]
.lake/build/bin/hexlatticeenum_bench(+0x4cf93a0) [0x62cdd42d33a0]
.lake/build/bin/hexlatticeenum_bench(+0x4cf9e61) [0x62cdd42d3e61]
.lake/build/bin/hexlatticeenum_bench(+0x4cf9e61) [0x62cdd42d3e61]
.lake/build/bin/hexlatticeenum_bench(+0x4cf9e3e) [0x62cdd42d3e3e]
.lake/build/bin/hexlatticeenum_bench(+0x4cf9e3e) [0x62cdd42d3e3e]
.lake/build/bin/hexlatticeenum_bench(+0x4cf9e3e) [0x62cdd42d3e3e]
.lake/build/bin/hexlatticeenum_bench(+0x4cf9e3e) [0x62cdd42d3e3e]
.lake/build/bin/hexlatticeenum_bench(+0x4cf9e3e) [0x62cdd42d3e3e]
.lake/build/bin/hexlatticeenum_bench(+0x4cf9e3e) [0x62cdd42d3e3e]
.lake/build/bin/hexlatticeenum_bench(+0x4cf9e3e) [0x62cdd42d3e3e]
.lake/build/bin/hexlatticeenum_bench(+0x4cf9e3e) [0x62cdd42d3e3e]
.lake/build/bin/hexlatticeenum_bench(+0x4cf9e3e) [0x62cdd42d3e3e]
.lake/build/bin/hexlatticeenum_bench(+0x4ca2fd7) [0x62cdd427cfd7]
.lake/build/bin/hexlatticeenum_bench(+0x4ca3655) [0x62cdd427d655]
/nix/store/qqiqd3ah10x8hzsif4j1y4xc1miw23nx-glibc-2.42-67/lib/libc.so.6(+0x9ce53) [0x73c34389ce53]
/nix/store/qqiqd3ah10x8hzsif4j1y4xc1miw23nx-glibc-2.42-67/lib/libc.so.6(+0x12407c) [0x73c34392407c]
PANIC at Hex.LatticeEnumBench.runAmbientOptimum HexLatticeEnum.Bench:301:12: invalid rectangular benchmark input
backtrace:
.lake/build/bin/hexlatticeenum_bench(+0x4cf4495) [0x62cdd42ce495]
.lake/build/bin/hexlatticeenum_bench(+0x4ceba37) [0x62cdd42c5a37]
.lake/build/bin/hexlatticeenum_bench(+0x4cebb1b) [0x62cdd42c5b1b]
.lake/build/bin/hexlatticeenum_bench(+0xc44443) [0x62cdd021e443]
.lake/build/bin/hexlatticeenum_bench(+0xb8f4eb) [0x62cdd01694eb]
.lake/build/bin/hexlatticeenum_bench(+0xb8f6ed) [0x62cdd01696ed]
.lake/build/bin/hexlatticeenum_bench(+0x4cf9e3e) [0x62cdd42d3e3e]
.lake/build/bin/hexlatticeenum_bench(+0xc2e3ef) [0x62cdd02083ef]
.lake/build/bin/hexlatticeenum_bench(+0xc2eaab) [0x62cdd0208aab]
.lake/build/bin/hexlatticeenum_bench(+0xc2ffde) [0x62cdd0209fde]
.lake/build/bin/hexlatticeenum_bench(+0xc30f4a) [0x62cdd020af4a]
.lake/build/bin/hexlatticeenum_bench(+0xc993c1) [0x62cdd02733c1]
.lake/build/bin/hexlatticeenum_bench(+0x4cf93a0) [0x62cdd42d33a0]
.lake/build/bin/hexlatticeenum_bench(+0x4cf9e61) [0x62cdd42d3e61]
.lake/build/bin/hexlatticeenum_bench(+0x4cf9e61) [0x62cdd42d3e61]
.lake/build/bin/hexlatticeenum_bench(+0x4cf9e3e) [0x62cdd42d3e3e]
.lake/build/bin/hexlatticeenum_bench(+0x4cf9e3e) [0x62cdd42d3e3e]
.lake/build/bin/hexlatticeenum_bench(+0x4cf9e3e) [0x62cdd42d3e3e]
.lake/build/bin/hexlatticeenum_bench(+0x4cf9e3e) [0x62cdd42d3e3e]
.lake/build/bin/hexlatticeenum_bench(+0x4cf9e3e) [0x62cdd42d3e3e]
.lake/build/bin/hexlatticeenum_bench(+0x4cf9e3e) [0x62cdd42d3e3e]
.lake/build/bin/hexlatticeenum_bench(+0x4cf9e3e) [0x62cdd42d3e3e]
.lake/build/bin/hexlatticeenum_bench(+0x4cf9e3e) [0x62cdd42d3e3e]
.lake/build/bin/hexlatticeenum_bench(+0x4cf9e3e) [0x62cdd42d3e3e]
.lake/build/bin/hexlatticeenum_bench(+0x4ca2fd7) [0x62cdd427cfd7]
.lake/build/bin/hexlatticeenum_bench(+0x4ca3655) [0x62cdd427d655]
/nix/store/qqiqd3ah10x8hzsif4j1y4xc1miw23nx-glibc-2.42-67/lib/libc.so.6(+0x9ce53) [0x73c34389ce53]
/nix/store/qqiqd3ah10x8hzsif4j1y4xc1miw23nx-glibc-2.42-67/lib/libc.so.6(+0x12407c) [0x73c34392407c]
verifying 35 benchmark(s)...
  [ok ] Hex.LatticeEnumBench.runAmbientClosest
  [ok ] Hex.LatticeEnumBench.runCube
  [ok ] Hex.LatticeEnumBench.runAmbientRetarget
  [ok ] Hex.LatticeEnumBench.runAmbientReplay
  [ok ] Hex.LatticeEnumBench.runAmbientInput
  [ok ] Hex.LatticeEnumBench.runRank
  [ok ] Hex.LatticeEnumBench.runShear
  [ok ] Hex.LatticeEnumBench.runAmbientEncode
  [ok ] Hex.LatticeEnumBench.runAmbientDecode
  [ok ] Hex.LatticeEnumBench.runAmbientBabai
  [ok ] Hex.LatticeEnumBench.runAmbientTies
  [ok ] Hex.LatticeEnumBench.runRadius
  [ok ] Hex.LatticeEnumBench.runAmbientShortest
  [ok ] Hex.LatticeEnumBench.runAmbientCertificate
  [ok ] Hex.LatticeEnumBench.runAmbient
  [ok ] Hex.LatticeEnumBench.runAmbientBudget
  [ok ] Hex.LatticeEnumBench.runAmbientLLL
  [ok ] Hex.LatticeEnumBench.runAmbientPreparation
  [ok ] Hex.LatticeEnumBench.runAmbientOptimum
  [ok ] Hex.LatticeEnumBench.runBabai  [fixed]
  [ok ] Hex.LatticeEnumBench.runLLL  [fixed]
  [ok ] Hex.LatticeEnumBench.runBasisQuality  [fixed]
  [ok ] Hex.LatticeEnumBench.runRetarget  [fixed]
  [ok ] Hex.LatticeEnumBench.runPreparation  [fixed]
  [ok ] Hex.LatticeEnumBench.runTiesBoundary  [fixed]
  [ok ] Hex.LatticeEnumBench.runRectangular  [fixed]
  [ok ] Hex.LatticeEnumBench.runBabaiGap  [fixed]
  [ok ] Hex.LatticeEnumBench.runRankRadius  [fixed]
  [ok ] Hex.LatticeEnumBench.runOptimum  [fixed]
  [ok ] Hex.LatticeEnumBench.runTies  [fixed]
  [ok ] Hex.LatticeEnumBench.runDecode  [fixed]
  [ok ] Hex.LatticeEnumBench.runReplay  [fixed]
  [ok ] Hex.LatticeEnumBench.runCertificate  [fixed]
  [ok ] Hex.LatticeEnumBench.runHeight  [fixed]
  [ok ] Hex.LatticeEnumBench.runEncode  [fixed]
all 35 benchmark(s) passed
::endgroup::

=== Bench verify wallclock breakdown ===
      0s  hexlatticeenum_bench
  -----
      0s  TOTAL

check_bench_verify_budget: OK (0s total, hard cap 600s, warn-only=0).
