Hex.SignDetBench.runQueries    expected complexity: s    [warm cache]
  env: lean=4.34.0, os=linux, arch=x86_64, commit=95ef4e4-dirty, 2026-09-22T13:16:41Z, host=chungus2
  param  per-call   repeats  C
     64   2.289 ms  ×2^5     C=35959.559 [trial 1/6] †
    128   4.655 ms  ×2^4     C=36197.487 [trial 1/6]
    256   9.312 ms  ×2^3     C=36545.036 [trial 1/6]
    512  18.758 ms  ×2^2     C=36830.977 [trial 1/6]
  1_024  39.650 ms  ×2^1     C=38501.852 [trial 1/6]
  2_048  75.508 ms  ×2^0     C=37014.807 [trial 1/6]
     64   2.307 ms  ×2^5     C=35959.559 [trial 2/6] †
    128   4.627 ms  ×2^4     C=36197.487 [trial 2/6]
    256   9.422 ms  ×2^3     C=36545.036 [trial 2/6]
    512  19.031 ms  ×2^2     C=36830.977 [trial 2/6]
  1_024  39.339 ms  ×2^1     C=38501.852 [trial 2/6]
  2_048  75.431 ms  ×2^0     C=37014.807 [trial 2/6]
     64   2.303 ms  ×2^5     C=35959.559 [trial 3/6] †
    128   4.642 ms  ×2^4     C=36197.487 [trial 3/6]
    256   9.271 ms  ×2^3     C=36545.036 [trial 3/6]
    512  19.038 ms  ×2^2     C=36830.977 [trial 3/6]
  1_024  39.512 ms  ×2^1     C=38501.852 [trial 3/6]
  2_048  75.275 ms  ×2^0     C=37014.807 [trial 3/6]
     64   2.316 ms  ×2^5     C=35959.559 [trial 4/6] †
    128   4.615 ms  ×2^4     C=36197.487 [trial 4/6]
    256   9.492 ms  ×2^3     C=36545.036 [trial 4/6]
    512  18.872 ms  ×2^2     C=36830.977 [trial 4/6]
  1_024  38.863 ms  ×2^1     C=38501.852 [trial 4/6]
  2_048  76.155 ms  ×2^0     C=37014.807 [trial 4/6]
     64   2.300 ms  ×2^5     C=35959.559 [trial 5/6] †
    128   4.639 ms  ×2^4     C=36197.487 [trial 5/6]
    256   9.394 ms  ×2^3     C=36545.036 [trial 5/6]
    512  18.843 ms  ×2^2     C=36830.977 [trial 5/6]
  1_024  38.974 ms  ×2^1     C=38501.852 [trial 5/6]
  2_048  76.317 ms  ×2^0     C=37014.807 [trial 5/6]
     64   2.290 ms  ×2^5     C=35959.559 [trial 6/6] †
    128   4.617 ms  ×2^4     C=36197.487 [trial 6/6]
    256   9.317 ms  ×2^3     C=36545.036 [trial 6/6]
    512  18.822 ms  ×2^2     C=36830.977 [trial 6/6]
  1_024  40.660 ms  ×2^1     C=38501.852 [trial 6/6]
  2_048  76.105 ms  ×2^0     C=37014.807 [trial 6/6]
  verdict: consistent with declared complexity (cMin=36197.487, cMax=38501.852, β=+0.014)
  per-spawn floor (harness self-measurement): 21.840 ms
  peak RSS: 69_952 kB..119_580 kB (across 36 ok row(s))
  trial summaries (6 trials per param; spread = (max-min)/median):
    param  trials  median     min        max        spread
       64  6/6      2.301 ms   2.289 ms   2.316 ms  1.154%
      128  6/6      4.633 ms   4.615 ms   4.655 ms  0.862%
      256  6/6      9.356 ms   9.271 ms   9.492 ms  2.368%
      512  6/6     18.857 ms  18.758 ms  19.038 ms  1.483%
    1_024  6/6     39.426 ms  38.863 ms  40.660 ms  4.558%
    2_048  6/6     75.806 ms  75.275 ms  76.317 ms  1.375%
exported to /home/kim/worktrees/hex-dev/hex-dev-issue-10377/reports/data/sign-det-phases/95ef4e489/runQueries.json
