env: lean=4.35.0-rc3, os=linux, arch=x86_64, commit=4f44b80-dirty, 2026-10-02T02:34:56Z, host=chungus2
Hex.RealAlgebraicBench.runCloseCompare    [fixed] repeats=1
  repeat 0  20.705 µs  (×2^6, total 1.325 ms)
  median: 20.705 µs    min: 20.705 µs    max: 20.705 µs
  hash: all repeats agree
  observed hash: 0x0
  expected hash: matches
  peak RSS: 68_748 kB (across 1 ok repeat(s))

Hex.RealAlgebraicBench.runCloseExact    [fixed] repeats=1
  repeat 0  254.059 µs  (×2^2, total 1.016 ms)
  median: 254.059 µs    min: 254.059 µs    max: 254.059 µs
  hash: all repeats agree
  observed hash: 0x0
  expected hash: matches
  peak RSS: 68_792 kB (across 1 ok repeat(s))

Hex.RealAlgebraicBench.runQqbarCloseCompare    [fixed] repeats=1
  repeat 0  7.424 µs  (×2^8, total 1.901 ms)
  median: 7.424 µs    min: 7.424 µs    max: 7.424 µs
  hash: all repeats agree
  observed hash: 0x0
  expected hash: matches
  peak RSS: 68_824 kB (across 1 ok repeat(s))

Hex.RealAlgebraicBench.runQqbarProtocol    [fixed] repeats=1
  repeat 0  6.356 µs  (×2^8, total 1.627 ms)
  median: 6.356 µs    min: 6.356 µs    max: 6.356 µs
  hash: all repeats agree
  observed hash: 0x0
  expected hash: matches
  peak RSS: 68_332 kB (across 1 ok repeat(s))

relative median (baseline = Hex.RealAlgebraicBench.runCloseCompare, the first CLI argument):
  Hex.RealAlgebraicBench.runCloseCompare: 1.000× (20.705 µs)
  Hex.RealAlgebraicBench.runCloseExact: 12.270× (254.059 µs)
  Hex.RealAlgebraicBench.runQqbarCloseCompare: 0.359× (7.424 µs)
  Hex.RealAlgebraicBench.runQqbarProtocol: 0.307× (6.356 µs)
agreement: all functions agree on output
exported to /home/kim/worktrees/hex-dev/hex-dev-issue-10577/reports/bench-results/real-algebraic-readiness-comparisons/close-2.json
