env: lean=4.35.0-rc3, os=linux, arch=x86_64, commit=4f44b80-dirty, 2026-10-02T02:34:57Z, host=chungus2
Hex.RealAlgebraicBench.runQqbarProtocol    [fixed] repeats=1
  repeat 0  6.508 µs  (×2^8, total 1.666 ms)
  median: 6.508 µs    min: 6.508 µs    max: 6.508 µs
  hash: all repeats agree
  observed hash: 0x0
  expected hash: matches
  peak RSS: 68_952 kB (across 1 ok repeat(s))

Hex.RealAlgebraicBench.runQqbarCloseCompare    [fixed] repeats=1
  repeat 0  7.447 µs  (×2^8, total 1.907 ms)
  median: 7.447 µs    min: 7.447 µs    max: 7.447 µs
  hash: all repeats agree
  observed hash: 0x0
  expected hash: matches
  peak RSS: 68_928 kB (across 1 ok repeat(s))

Hex.RealAlgebraicBench.runCloseExact    [fixed] repeats=1
  repeat 0  247.102 µs  (×2^3, total 1.977 ms)
  median: 247.102 µs    min: 247.102 µs    max: 247.102 µs
  hash: all repeats agree
  observed hash: 0x0
  expected hash: matches
  peak RSS: 68_352 kB (across 1 ok repeat(s))

Hex.RealAlgebraicBench.runCloseCompare    [fixed] repeats=1
  repeat 0  20.738 µs  (×2^6, total 1.327 ms)
  median: 20.738 µs    min: 20.738 µs    max: 20.738 µs
  hash: all repeats agree
  observed hash: 0x0
  expected hash: matches
  peak RSS: 68_332 kB (across 1 ok repeat(s))

relative median (baseline = Hex.RealAlgebraicBench.runQqbarProtocol, the first CLI argument):
  Hex.RealAlgebraicBench.runQqbarProtocol: 1.000× (6.508 µs)
  Hex.RealAlgebraicBench.runQqbarCloseCompare: 1.144× (7.447 µs)
  Hex.RealAlgebraicBench.runCloseExact: 37.969× (247.102 µs)
  Hex.RealAlgebraicBench.runCloseCompare: 3.187× (20.738 µs)
agreement: all functions agree on output
exported to /home/kim/worktrees/hex-dev/hex-dev-issue-10577/reports/bench-results/real-algebraic-readiness-comparisons/close-3.json
