Hex.SignDetBench.runMatrices    expected complexity: s * (Nat.log2 s + 1)    [warm cache]
  env: lean=4.34.1, os=linux, arch=x86_64, commit=13dc09b, 2026-09-26T16:54:45Z, host=chungus2
  param  per-call    repeats  C
     64  456.283 µs  ×2^7     C=1025.733 [trial 1/6] †
    128    1.036 ms  ×2^6     C=1016.488 [trial 1/6]
    256    2.350 ms  ×2^5     C=1024.115 [trial 1/6]
    512    5.297 ms  ×2^4     C=1031.836 [trial 1/6]
  1_024   12.291 ms  ×2^3     C=1067.876 [trial 1/6]
  2_048   28.053 ms  ×2^2     C=1138.506 [trial 1/6]
     64  461.116 µs  ×2^7     C=1025.733 [trial 2/6] †
    128    1.046 ms  ×2^6     C=1016.488 [trial 2/6]
    256    2.366 ms  ×2^5     C=1024.115 [trial 2/6]
    512    5.233 ms  ×2^4     C=1031.836 [trial 2/6]
  1_024   11.880 ms  ×2^3     C=1067.876 [trial 2/6]
  2_048   27.469 ms  ×2^2     C=1138.506 [trial 2/6]
     64  455.086 µs  ×2^7     C=1025.733 [trial 3/6] †
    128    1.036 ms  ×2^6     C=1016.488 [trial 3/6]
    256    2.322 ms  ×2^5     C=1024.115 [trial 3/6]
    512    5.310 ms  ×2^4     C=1031.836 [trial 3/6]
  1_024   12.031 ms  ×2^3     C=1067.876 [trial 3/6]
  2_048   29.954 ms  ×2^2     C=1138.506 [trial 3/6]
     64  469.091 µs  ×2^7     C=1025.733 [trial 4/6] †
    128    1.050 ms  ×2^6     C=1016.488 [trial 4/6]
    256    2.356 ms  ×2^5     C=1024.115 [trial 4/6]
    512    5.269 ms  ×2^4     C=1031.836 [trial 4/6]
  1_024   12.026 ms  ×2^3     C=1067.876 [trial 4/6]
  2_048   27.907 ms  ×2^2     C=1138.506 [trial 4/6]
     64  457.940 µs  ×2^7     C=1025.733 [trial 5/6] †
    128    1.027 ms  ×2^6     C=1016.488 [trial 5/6]
    256    2.363 ms  ×2^5     C=1024.115 [trial 5/6]
    512    5.228 ms  ×2^4     C=1031.836 [trial 5/6]
  1_024   12.558 ms  ×2^3     C=1067.876 [trial 5/6]
  2_048   30.097 ms  ×2^2     C=1138.506 [trial 5/6]
     64  462.362 µs  ×2^7     C=1025.733 [trial 6/6] †
    128    1.065 ms  ×2^6     C=1016.488 [trial 6/6]
    256    2.385 ms  ×2^5     C=1024.115 [trial 6/6]
    512    5.345 ms  ×2^4     C=1031.836 [trial 6/6]
  1_024   11.888 ms  ×2^3     C=1067.876 [trial 6/6]
  2_048   27.680 ms  ×2^2     C=1138.506 [trial 6/6]
  verdict: consistent with declared complexity (cMin=1016.488, cMax=1138.506, β=+0.039)
  per-spawn floor (harness self-measurement): 33.039 ms
  peak RSS: 69_804 kB..119_496 kB (across 36 ok row(s))
  trial summaries (6 trials per param; spread = (max-min)/median):
    param  trials  median      min         max         spread
       64  6/6     459.528 µs  455.086 µs  469.091 µs  3.048%
      128  6/6       1.041 ms    1.027 ms    1.065 ms  3.670%
      256  6/6       2.360 ms    2.322 ms    2.385 ms  2.666%
      512  6/6       5.283 ms    5.228 ms    5.345 ms  2.207%
    1_024  6/6      12.029 ms   11.880 ms   12.558 ms  5.630%
    2_048  6/6      27.980 ms   27.469 ms   30.097 ms  9.391%
exported to /tmp/issue-10377-phases-current-13dc/runMatrices.json
