Hex.SignDetBench.runProducts    expected complexity: s * (Nat.log2 s + 1)    [warm cache]
  env: lean=4.34.1, os=linux, arch=x86_64, commit=13dc09b, 2026-09-26T16:54:28Z, host=chungus2
  param  per-call    repeats  C
     64  712.075 µs  ×2^7     C=1586.698 [trial 1/6] †
    128    1.449 ms  ×2^6     C=1422.836 [trial 1/6]
    256    2.983 ms  ×2^5     C=1290.179 [trial 1/6]
    512    6.123 ms  ×2^4     C=1200.942 [trial 1/6]
  1_024   12.843 ms  ×2^3     C=1141.038 [trial 1/6]
  2_048   27.580 ms  ×2^2     C=1150.096 [trial 1/6]
     64  714.922 µs  ×2^7     C=1586.698 [trial 2/6] †
    128    1.453 ms  ×2^6     C=1422.836 [trial 2/6]
    256    2.987 ms  ×2^5     C=1290.179 [trial 2/6]
    512    6.134 ms  ×2^4     C=1200.942 [trial 2/6]
  1_024   13.055 ms  ×2^3     C=1141.038 [trial 2/6]
  2_048   28.206 ms  ×2^2     C=1150.096 [trial 2/6]
     64  705.418 µs  ×2^7     C=1586.698 [trial 3/6] †
    128    1.467 ms  ×2^6     C=1422.836 [trial 3/6]
    256    2.949 ms  ×2^5     C=1290.179 [trial 3/6]
    512    6.163 ms  ×2^4     C=1200.942 [trial 3/6]
  1_024   12.862 ms  ×2^3     C=1141.038 [trial 3/6]
  2_048   29.366 ms  ×2^2     C=1150.096 [trial 3/6]
     64  707.203 µs  ×2^7     C=1586.698 [trial 4/6] †
    128    1.464 ms  ×2^6     C=1422.836 [trial 4/6]
    256    2.954 ms  ×2^5     C=1290.179 [trial 4/6]
    512    6.194 ms  ×2^4     C=1200.942 [trial 4/6]
  1_024   12.687 ms  ×2^3     C=1141.038 [trial 4/6]
  2_048   28.324 ms  ×2^2     C=1150.096 [trial 4/6]
     64  712.824 µs  ×2^7     C=1586.698 [trial 5/6] †
    128    1.443 ms  ×2^6     C=1422.836 [trial 5/6]
    256    2.994 ms  ×2^5     C=1290.179 [trial 5/6]
    512    6.089 ms  ×2^4     C=1200.942 [trial 5/6]
  1_024   13.272 ms  ×2^3     C=1141.038 [trial 5/6]
  2_048   27.914 ms  ×2^2     C=1150.096 [trial 5/6]
     64  709.605 µs  ×2^7     C=1586.698 [trial 6/6] †
    128    1.461 ms  ×2^6     C=1422.836 [trial 6/6]
    256    2.962 ms  ×2^5     C=1290.179 [trial 6/6]
    512    6.220 ms  ×2^4     C=1200.942 [trial 6/6]
  1_024   12.823 ms  ×2^3     C=1141.038 [trial 6/6]
  2_048   29.130 ms  ×2^2     C=1150.096 [trial 6/6]
  verdict: consistent with declared complexity (cMin=1141.038, cMax=1422.836, β=-0.079)
  per-spawn floor (harness self-measurement): 33.299 ms
  peak RSS: 70_144 kB..119_524 kB (across 36 ok row(s))
  trial summaries (6 trials per param; spread = (max-min)/median):
    param  trials  median      min         max         spread
       64  6/6     710.840 µs  705.418 µs  714.922 µs  1.337%
      128  6/6       1.457 ms    1.443 ms    1.467 ms  1.625%
      256  6/6       2.973 ms    2.949 ms    2.994 ms  1.510%
      512  6/6       6.149 ms    6.089 ms    6.220 ms  2.126%
    1_024  6/6      12.853 ms   12.687 ms   13.272 ms  4.556%
    2_048  6/6      28.265 ms   27.580 ms   29.366 ms  6.318%
exported to /tmp/issue-10377-phases-current-13dc/runProducts.json
