Hex.SignDetBench.runSolvers    expected complexity: s * (Nat.log2 s + 1)    [warm cache]
  env: lean=4.34.1, os=linux, arch=x86_64, commit=13dc09b, 2026-09-26T16:55:02Z, host=chungus2
  param  per-call   repeats  C
     64   1.660 ms  ×2^6     C=3775.654 [trial 1/6] †
    128   3.450 ms  ×2^4     C=3440.749 [trial 1/6]
    256   7.516 ms  ×2^3     C=3219.352 [trial 1/6]
    512  16.084 ms  ×2^2     C=3194.881 [trial 1/6]
  1_024  35.205 ms  ×2^1     C=3103.787 [trial 1/6]
  2_048  67.815 ms  ×2^0     C=2739.288 [trial 1/6]
     64   1.675 ms  ×2^6     C=3775.654 [trial 2/6] †
    128   3.488 ms  ×2^4     C=3440.749 [trial 2/6]
    256   7.545 ms  ×2^3     C=3219.352 [trial 2/6]
    512  16.427 ms  ×2^2     C=3194.881 [trial 2/6]
  1_024  33.651 ms  ×2^1     C=3103.787 [trial 2/6]
  2_048  67.014 ms  ×2^0     C=2739.288 [trial 2/6]
     64   1.698 ms  ×2^6     C=3775.654 [trial 3/6] †
    128   3.650 ms  ×2^4     C=3440.749 [trial 3/6]
    256   7.915 ms  ×2^3     C=3219.352 [trial 3/6]
    512  16.338 ms  ×2^2     C=3194.881 [trial 3/6]
  1_024  35.505 ms  ×2^1     C=3103.787 [trial 3/6]
  2_048  67.628 ms  ×2^0     C=2739.288 [trial 3/6]
     64   1.685 ms  ×2^6     C=3775.654 [trial 4/6] †
    128   3.521 ms  ×2^4     C=3440.749 [trial 4/6]
    256   7.230 ms  ×2^3     C=3219.352 [trial 4/6]
    512  16.378 ms  ×2^2     C=3194.881 [trial 4/6]
  1_024  34.717 ms  ×2^1     C=3103.787 [trial 4/6]
  2_048  65.141 ms  ×2^0     C=2739.288 [trial 4/6]
     64   1.778 ms  ×2^6     C=3775.654 [trial 5/6] †
    128   3.565 ms  ×2^4     C=3440.749 [trial 5/6]
    256   7.318 ms  ×2^3     C=3219.352 [trial 5/6]
    512  15.579 ms  ×2^2     C=3194.881 [trial 5/6]
  1_024  36.159 ms  ×2^1     C=3103.787 [trial 5/6]
  2_048  66.146 ms  ×2^0     C=2739.288 [trial 5/6]
     64   1.712 ms  ×2^5     C=3775.654 [trial 6/6] †
    128   3.526 ms  ×2^4     C=3440.749 [trial 6/6]
    256   7.200 ms  ×2^3     C=3219.352 [trial 6/6]
    512  16.856 ms  ×2^2     C=3194.881 [trial 6/6]
  1_024  33.683 ms  ×2^1     C=3103.787 [trial 6/6]
  2_048  68.745 ms  ×2^0     C=2739.288 [trial 6/6]
  verdict: consistent with declared complexity (cMin=2739.288, cMax=3440.749, β=-0.071)
  per-spawn floor (harness self-measurement): 33.316 ms
  peak RSS: 70_312 kB..119_480 kB (across 36 ok row(s))
  trial summaries (6 trials per param; spread = (max-min)/median):
    param  trials  median     min        max        spread
       64  6/6      1.691 ms   1.660 ms   1.778 ms  6.947%
      128  6/6      3.523 ms   3.450 ms   3.650 ms  5.656%
      256  6/6      7.417 ms   7.200 ms   7.915 ms  9.636%
      512  6/6     16.358 ms  15.579 ms  16.856 ms  7.807%
    1_024  6/6     34.961 ms  33.651 ms  36.159 ms  7.173%
    2_048  6/6     67.321 ms  65.141 ms  68.745 ms  5.354%
exported to /tmp/issue-10377-phases-current-13dc/runSolvers.json
