Incremental samples: /home/kim/.local/state/hex/issue-10377-kernel-cost/6d3801053/nested-kernel-v2.json.samples.jsonl
[warm] lake build +HexSignDetMathlib.NestedProofProbe.N3.Accept:deps +HexSignDetMathlib.NestedProofProbe.N3.ArithmeticCause:deps +HexSignDetMathlib.NestedProofProbe.N3.Baseline:deps +HexSignDetMathlib.NestedProofProbe.N3.RejectArithmetic:deps +HexSignDetMathlib.NestedProofProbe.N3.RejectStale:deps +HexSignDetMathlib.ProofProbe.Nested.N1.Accept:deps +HexSignDetMathlib.ProofProbe.Nested.N1.AcceptFraction:deps +HexSignDetMathlib.ProofProbe.Nested.N1.ArithmeticCause:deps +HexSignDetMathlib.ProofProbe.Nested.N1.Baseline:deps +HexSignDetMathlib.ProofProbe.Nested.N1.Certificates:deps +HexSignDetMathlib.ProofProbe.Nested.N1.FieldArithmetic:deps +HexSignDetMathlib.ProofProbe.Nested.N1.FractionBaseline:deps +HexSignDetMathlib.ProofProbe.Nested.N1.RejectArithmetic:deps +HexSignDetMathlib.ProofProbe.Nested.N1.RejectProduct:deps +HexSignDetMathlib.ProofProbe.Nested.N1.RejectStale:deps +HexSignDetMathlib.ProofProbe.Nested.N2.Accept:deps +HexSignDetMathlib.ProofProbe.Nested.N2.AcceptFraction:deps +HexSignDetMathlib.ProofProbe.Nested.N2.ArithmeticCause:deps +HexSignDetMathlib.ProofProbe.Nested.N2.Baseline:deps +HexSignDetMathlib.ProofProbe.Nested.N2.Certificates:deps +HexSignDetMathlib.ProofProbe.Nested.N2.FieldArithmetic:deps +HexSignDetMathlib.ProofProbe.Nested.N2.FractionBaseline:deps +HexSignDetMathlib.ProofProbe.Nested.N2.RejectArithmetic:deps +HexSignDetMathlib.ProofProbe.Nested.N2.RejectProduct:deps +HexSignDetMathlib.ProofProbe.Nested.N2.RejectStale:deps
[pair] depth-1-Accept reference (HexSignDetMathlib.ProofProbe.Nested.N1.Baseline)
[pair] depth-1-Accept candidate (HexSignDetMathlib.ProofProbe.Nested.N1.Accept)
[pair] depth-1-RejectArithmetic reference (HexSignDetMathlib.ProofProbe.Nested.N1.Baseline)
[pair] depth-1-RejectArithmetic candidate (HexSignDetMathlib.ProofProbe.Nested.N1.RejectArithmetic)
[pair] depth-1-RejectStale reference (HexSignDetMathlib.ProofProbe.Nested.N1.Baseline)
[pair] depth-1-RejectStale candidate (HexSignDetMathlib.ProofProbe.Nested.N1.RejectStale)
[pair] depth-1-ArithmeticCause reference (HexSignDetMathlib.ProofProbe.Nested.N1.Baseline)
[pair] depth-1-ArithmeticCause candidate (HexSignDetMathlib.ProofProbe.Nested.N1.ArithmeticCause)
[pair] depth-2-Accept reference (HexSignDetMathlib.ProofProbe.Nested.N2.Baseline)
[pair] depth-2-Accept candidate (HexSignDetMathlib.ProofProbe.Nested.N2.Accept)
[pair] depth-2-RejectArithmetic reference (HexSignDetMathlib.ProofProbe.Nested.N2.Baseline)
[pair] depth-2-RejectArithmetic candidate (HexSignDetMathlib.ProofProbe.Nested.N2.RejectArithmetic)
[pair] depth-2-RejectStale reference (HexSignDetMathlib.ProofProbe.Nested.N2.Baseline)
[pair] depth-2-RejectStale candidate (HexSignDetMathlib.ProofProbe.Nested.N2.RejectStale)
[pair] depth-2-ArithmeticCause reference (HexSignDetMathlib.ProofProbe.Nested.N2.Baseline)
[pair] depth-2-ArithmeticCause candidate (HexSignDetMathlib.ProofProbe.Nested.N2.ArithmeticCause)
[pair] depth-3-Accept reference (HexSignDetMathlib.NestedProofProbe.N3.Baseline)
[pair] depth-3-Accept candidate (HexSignDetMathlib.NestedProofProbe.N3.Accept)
[pair] depth-3-RejectArithmetic reference (HexSignDetMathlib.NestedProofProbe.N3.Baseline)
[pair] depth-3-RejectArithmetic candidate (HexSignDetMathlib.NestedProofProbe.N3.RejectArithmetic)
[pair] depth-3-RejectStale reference (HexSignDetMathlib.NestedProofProbe.N3.Baseline)
[pair] depth-3-RejectStale candidate (HexSignDetMathlib.NestedProofProbe.N3.RejectStale)
[pair] depth-3-ArithmeticCause reference (HexSignDetMathlib.NestedProofProbe.N3.Baseline)
[pair] depth-3-ArithmeticCause candidate (HexSignDetMathlib.NestedProofProbe.N3.ArithmeticCause)
[pair] depth-1-AcceptFraction reference (HexSignDetMathlib.ProofProbe.Nested.N1.FractionBaseline)
[pair] depth-1-AcceptFraction candidate (HexSignDetMathlib.ProofProbe.Nested.N1.AcceptFraction)
[pair] depth-1-RejectProduct reference (HexSignDetMathlib.ProofProbe.Nested.N1.FractionBaseline)
[pair] depth-1-RejectProduct candidate (HexSignDetMathlib.ProofProbe.Nested.N1.RejectProduct)
[pair] depth-1-FieldArithmetic reference (HexSignDetMathlib.ProofProbe.Nested.N1.FractionBaseline)
[pair] depth-1-FieldArithmetic candidate (HexSignDetMathlib.ProofProbe.Nested.N1.FieldArithmetic)
[pair] depth-1-Certificates reference (HexSignDetMathlib.ProofProbe.Nested.N1.FractionBaseline)
[pair] depth-1-Certificates candidate (HexSignDetMathlib.ProofProbe.Nested.N1.Certificates)
[pair] depth-2-AcceptFraction reference (HexSignDetMathlib.ProofProbe.Nested.N2.FractionBaseline)
[pair] depth-2-AcceptFraction candidate (HexSignDetMathlib.ProofProbe.Nested.N2.AcceptFraction)
[pair] depth-2-RejectProduct reference (HexSignDetMathlib.ProofProbe.Nested.N2.FractionBaseline)
[pair] depth-2-RejectProduct candidate (HexSignDetMathlib.ProofProbe.Nested.N2.RejectProduct)
[pair] depth-2-FieldArithmetic reference (HexSignDetMathlib.ProofProbe.Nested.N2.FractionBaseline)
[pair] depth-2-FieldArithmetic candidate (HexSignDetMathlib.ProofProbe.Nested.N2.FieldArithmetic)
[pair] depth-2-Certificates reference (HexSignDetMathlib.ProofProbe.Nested.N2.FractionBaseline)
[pair] depth-2-Certificates candidate (HexSignDetMathlib.ProofProbe.Nested.N2.Certificates)
[pair] depth-1-RejectArithmetic candidate (HexSignDetMathlib.ProofProbe.Nested.N1.RejectArithmetic)
[pair] depth-1-RejectArithmetic reference (HexSignDetMathlib.ProofProbe.Nested.N1.Baseline)
[pair] depth-1-RejectStale candidate (HexSignDetMathlib.ProofProbe.Nested.N1.RejectStale)
[pair] depth-1-RejectStale reference (HexSignDetMathlib.ProofProbe.Nested.N1.Baseline)
[pair] depth-1-ArithmeticCause candidate (HexSignDetMathlib.ProofProbe.Nested.N1.ArithmeticCause)
[pair] depth-1-ArithmeticCause reference (HexSignDetMathlib.ProofProbe.Nested.N1.Baseline)
[pair] depth-2-Accept candidate (HexSignDetMathlib.ProofProbe.Nested.N2.Accept)
[pair] depth-2-Accept reference (HexSignDetMathlib.ProofProbe.Nested.N2.Baseline)
[pair] depth-2-RejectArithmetic candidate (HexSignDetMathlib.ProofProbe.Nested.N2.RejectArithmetic)
[pair] depth-2-RejectArithmetic reference (HexSignDetMathlib.ProofProbe.Nested.N2.Baseline)
[pair] depth-2-RejectStale candidate (HexSignDetMathlib.ProofProbe.Nested.N2.RejectStale)
[pair] depth-2-RejectStale reference (HexSignDetMathlib.ProofProbe.Nested.N2.Baseline)
[pair] depth-2-ArithmeticCause candidate (HexSignDetMathlib.ProofProbe.Nested.N2.ArithmeticCause)
[pair] depth-2-ArithmeticCause reference (HexSignDetMathlib.ProofProbe.Nested.N2.Baseline)
[pair] depth-3-Accept candidate (HexSignDetMathlib.NestedProofProbe.N3.Accept)
[pair] depth-3-Accept reference (HexSignDetMathlib.NestedProofProbe.N3.Baseline)
[pair] depth-3-RejectArithmetic candidate (HexSignDetMathlib.NestedProofProbe.N3.RejectArithmetic)
[pair] depth-3-RejectArithmetic reference (HexSignDetMathlib.NestedProofProbe.N3.Baseline)
[pair] depth-3-RejectStale candidate (HexSignDetMathlib.NestedProofProbe.N3.RejectStale)
[pair] depth-3-RejectStale reference (HexSignDetMathlib.NestedProofProbe.N3.Baseline)
[pair] depth-3-ArithmeticCause candidate (HexSignDetMathlib.NestedProofProbe.N3.ArithmeticCause)
[pair] depth-3-ArithmeticCause reference (HexSignDetMathlib.NestedProofProbe.N3.Baseline)
[pair] depth-1-AcceptFraction candidate (HexSignDetMathlib.ProofProbe.Nested.N1.AcceptFraction)
[pair] depth-1-AcceptFraction reference (HexSignDetMathlib.ProofProbe.Nested.N1.FractionBaseline)
[pair] depth-1-RejectProduct candidate (HexSignDetMathlib.ProofProbe.Nested.N1.RejectProduct)
[pair] depth-1-RejectProduct reference (HexSignDetMathlib.ProofProbe.Nested.N1.FractionBaseline)
[pair] depth-1-FieldArithmetic candidate (HexSignDetMathlib.ProofProbe.Nested.N1.FieldArithmetic)
[pair] depth-1-FieldArithmetic reference (HexSignDetMathlib.ProofProbe.Nested.N1.FractionBaseline)
[pair] depth-1-Certificates candidate (HexSignDetMathlib.ProofProbe.Nested.N1.Certificates)
[pair] depth-1-Certificates reference (HexSignDetMathlib.ProofProbe.Nested.N1.FractionBaseline)
[pair] depth-2-AcceptFraction candidate (HexSignDetMathlib.ProofProbe.Nested.N2.AcceptFraction)
[pair] depth-2-AcceptFraction reference (HexSignDetMathlib.ProofProbe.Nested.N2.FractionBaseline)
[pair] depth-2-RejectProduct candidate (HexSignDetMathlib.ProofProbe.Nested.N2.RejectProduct)
[pair] depth-2-RejectProduct reference (HexSignDetMathlib.ProofProbe.Nested.N2.FractionBaseline)
[pair] depth-2-FieldArithmetic candidate (HexSignDetMathlib.ProofProbe.Nested.N2.FieldArithmetic)
[pair] depth-2-FieldArithmetic reference (HexSignDetMathlib.ProofProbe.Nested.N2.FractionBaseline)
[pair] depth-2-Certificates candidate (HexSignDetMathlib.ProofProbe.Nested.N2.Certificates)
[pair] depth-2-Certificates reference (HexSignDetMathlib.ProofProbe.Nested.N2.FractionBaseline)
[pair] depth-1-Accept candidate (HexSignDetMathlib.ProofProbe.Nested.N1.Accept)
[pair] depth-1-Accept reference (HexSignDetMathlib.ProofProbe.Nested.N1.Baseline)
[pair] depth-1-RejectStale reference (HexSignDetMathlib.ProofProbe.Nested.N1.Baseline)
[pair] depth-1-RejectStale candidate (HexSignDetMathlib.ProofProbe.Nested.N1.RejectStale)
[pair] depth-1-ArithmeticCause reference (HexSignDetMathlib.ProofProbe.Nested.N1.Baseline)
[pair] depth-1-ArithmeticCause candidate (HexSignDetMathlib.ProofProbe.Nested.N1.ArithmeticCause)
[pair] depth-2-Accept reference (HexSignDetMathlib.ProofProbe.Nested.N2.Baseline)
[pair] depth-2-Accept candidate (HexSignDetMathlib.ProofProbe.Nested.N2.Accept)
[pair] depth-2-RejectArithmetic reference (HexSignDetMathlib.ProofProbe.Nested.N2.Baseline)
[pair] depth-2-RejectArithmetic candidate (HexSignDetMathlib.ProofProbe.Nested.N2.RejectArithmetic)
[pair] depth-2-RejectStale reference (HexSignDetMathlib.ProofProbe.Nested.N2.Baseline)
[pair] depth-2-RejectStale candidate (HexSignDetMathlib.ProofProbe.Nested.N2.RejectStale)
[pair] depth-2-ArithmeticCause reference (HexSignDetMathlib.ProofProbe.Nested.N2.Baseline)
[pair] depth-2-ArithmeticCause candidate (HexSignDetMathlib.ProofProbe.Nested.N2.ArithmeticCause)
[pair] depth-3-Accept reference (HexSignDetMathlib.NestedProofProbe.N3.Baseline)
[pair] depth-3-Accept candidate (HexSignDetMathlib.NestedProofProbe.N3.Accept)
[pair] depth-3-RejectArithmetic reference (HexSignDetMathlib.NestedProofProbe.N3.Baseline)
[pair] depth-3-RejectArithmetic candidate (HexSignDetMathlib.NestedProofProbe.N3.RejectArithmetic)
[pair] depth-3-RejectStale reference (HexSignDetMathlib.NestedProofProbe.N3.Baseline)
[pair] depth-3-RejectStale candidate (HexSignDetMathlib.NestedProofProbe.N3.RejectStale)
[pair] depth-3-ArithmeticCause reference (HexSignDetMathlib.NestedProofProbe.N3.Baseline)
[pair] depth-3-ArithmeticCause candidate (HexSignDetMathlib.NestedProofProbe.N3.ArithmeticCause)
[pair] depth-1-AcceptFraction reference (HexSignDetMathlib.ProofProbe.Nested.N1.FractionBaseline)
[pair] depth-1-AcceptFraction candidate (HexSignDetMathlib.ProofProbe.Nested.N1.AcceptFraction)
[pair] depth-1-RejectProduct reference (HexSignDetMathlib.ProofProbe.Nested.N1.FractionBaseline)
[pair] depth-1-RejectProduct candidate (HexSignDetMathlib.ProofProbe.Nested.N1.RejectProduct)
[pair] depth-1-FieldArithmetic reference (HexSignDetMathlib.ProofProbe.Nested.N1.FractionBaseline)
[pair] depth-1-FieldArithmetic candidate (HexSignDetMathlib.ProofProbe.Nested.N1.FieldArithmetic)
[pair] depth-1-Certificates reference (HexSignDetMathlib.ProofProbe.Nested.N1.FractionBaseline)
[pair] depth-1-Certificates candidate (HexSignDetMathlib.ProofProbe.Nested.N1.Certificates)
[pair] depth-2-AcceptFraction reference (HexSignDetMathlib.ProofProbe.Nested.N2.FractionBaseline)
[pair] depth-2-AcceptFraction candidate (HexSignDetMathlib.ProofProbe.Nested.N2.AcceptFraction)
[pair] depth-2-RejectProduct reference (HexSignDetMathlib.ProofProbe.Nested.N2.FractionBaseline)
[pair] depth-2-RejectProduct candidate (HexSignDetMathlib.ProofProbe.Nested.N2.RejectProduct)
[pair] depth-2-FieldArithmetic reference (HexSignDetMathlib.ProofProbe.Nested.N2.FractionBaseline)
[pair] depth-2-FieldArithmetic candidate (HexSignDetMathlib.ProofProbe.Nested.N2.FieldArithmetic)
[pair] depth-2-Certificates reference (HexSignDetMathlib.ProofProbe.Nested.N2.FractionBaseline)
[pair] depth-2-Certificates candidate (HexSignDetMathlib.ProofProbe.Nested.N2.Certificates)
[pair] depth-1-Accept reference (HexSignDetMathlib.ProofProbe.Nested.N1.Baseline)
[pair] depth-1-Accept candidate (HexSignDetMathlib.ProofProbe.Nested.N1.Accept)
[pair] depth-1-RejectArithmetic reference (HexSignDetMathlib.ProofProbe.Nested.N1.Baseline)
[pair] depth-1-RejectArithmetic candidate (HexSignDetMathlib.ProofProbe.Nested.N1.RejectArithmetic)
[pair] depth-1-ArithmeticCause candidate (HexSignDetMathlib.ProofProbe.Nested.N1.ArithmeticCause)
[pair] depth-1-ArithmeticCause reference (HexSignDetMathlib.ProofProbe.Nested.N1.Baseline)
[pair] depth-2-Accept candidate (HexSignDetMathlib.ProofProbe.Nested.N2.Accept)
[pair] depth-2-Accept reference (HexSignDetMathlib.ProofProbe.Nested.N2.Baseline)
[pair] depth-2-RejectArithmetic candidate (HexSignDetMathlib.ProofProbe.Nested.N2.RejectArithmetic)
[pair] depth-2-RejectArithmetic reference (HexSignDetMathlib.ProofProbe.Nested.N2.Baseline)
[pair] depth-2-RejectStale candidate (HexSignDetMathlib.ProofProbe.Nested.N2.RejectStale)
[pair] depth-2-RejectStale reference (HexSignDetMathlib.ProofProbe.Nested.N2.Baseline)
[pair] depth-2-ArithmeticCause candidate (HexSignDetMathlib.ProofProbe.Nested.N2.ArithmeticCause)
[pair] depth-2-ArithmeticCause reference (HexSignDetMathlib.ProofProbe.Nested.N2.Baseline)
[pair] depth-3-Accept candidate (HexSignDetMathlib.NestedProofProbe.N3.Accept)
[pair] depth-3-Accept reference (HexSignDetMathlib.NestedProofProbe.N3.Baseline)
[pair] depth-3-RejectArithmetic candidate (HexSignDetMathlib.NestedProofProbe.N3.RejectArithmetic)
[pair] depth-3-RejectArithmetic reference (HexSignDetMathlib.NestedProofProbe.N3.Baseline)
[pair] depth-3-RejectStale candidate (HexSignDetMathlib.NestedProofProbe.N3.RejectStale)
[pair] depth-3-RejectStale reference (HexSignDetMathlib.NestedProofProbe.N3.Baseline)
[pair] depth-3-ArithmeticCause candidate (HexSignDetMathlib.NestedProofProbe.N3.ArithmeticCause)
[pair] depth-3-ArithmeticCause reference (HexSignDetMathlib.NestedProofProbe.N3.Baseline)
[pair] depth-1-AcceptFraction candidate (HexSignDetMathlib.ProofProbe.Nested.N1.AcceptFraction)
[pair] depth-1-AcceptFraction reference (HexSignDetMathlib.ProofProbe.Nested.N1.FractionBaseline)
[pair] depth-1-RejectProduct candidate (HexSignDetMathlib.ProofProbe.Nested.N1.RejectProduct)
[pair] depth-1-RejectProduct reference (HexSignDetMathlib.ProofProbe.Nested.N1.FractionBaseline)
[pair] depth-1-FieldArithmetic candidate (HexSignDetMathlib.ProofProbe.Nested.N1.FieldArithmetic)
[pair] depth-1-FieldArithmetic reference (HexSignDetMathlib.ProofProbe.Nested.N1.FractionBaseline)
[pair] depth-1-Certificates candidate (HexSignDetMathlib.ProofProbe.Nested.N1.Certificates)
[pair] depth-1-Certificates reference (HexSignDetMathlib.ProofProbe.Nested.N1.FractionBaseline)
[pair] depth-2-AcceptFraction candidate (HexSignDetMathlib.ProofProbe.Nested.N2.AcceptFraction)
[pair] depth-2-AcceptFraction reference (HexSignDetMathlib.ProofProbe.Nested.N2.FractionBaseline)
[pair] depth-2-RejectProduct candidate (HexSignDetMathlib.ProofProbe.Nested.N2.RejectProduct)
[pair] depth-2-RejectProduct reference (HexSignDetMathlib.ProofProbe.Nested.N2.FractionBaseline)
[pair] depth-2-FieldArithmetic candidate (HexSignDetMathlib.ProofProbe.Nested.N2.FieldArithmetic)
[pair] depth-2-FieldArithmetic reference (HexSignDetMathlib.ProofProbe.Nested.N2.FractionBaseline)
[pair] depth-2-Certificates candidate (HexSignDetMathlib.ProofProbe.Nested.N2.Certificates)
[pair] depth-2-Certificates reference (HexSignDetMathlib.ProofProbe.Nested.N2.FractionBaseline)
[pair] depth-1-Accept candidate (HexSignDetMathlib.ProofProbe.Nested.N1.Accept)
[pair] depth-1-Accept reference (HexSignDetMathlib.ProofProbe.Nested.N1.Baseline)
[pair] depth-1-RejectArithmetic candidate (HexSignDetMathlib.ProofProbe.Nested.N1.RejectArithmetic)
[pair] depth-1-RejectArithmetic reference (HexSignDetMathlib.ProofProbe.Nested.N1.Baseline)
[pair] depth-1-RejectStale candidate (HexSignDetMathlib.ProofProbe.Nested.N1.RejectStale)
[pair] depth-1-RejectStale reference (HexSignDetMathlib.ProofProbe.Nested.N1.Baseline)
[pair] depth-2-Accept reference (HexSignDetMathlib.ProofProbe.Nested.N2.Baseline)
[pair] depth-2-Accept candidate (HexSignDetMathlib.ProofProbe.Nested.N2.Accept)
[pair] depth-2-RejectArithmetic reference (HexSignDetMathlib.ProofProbe.Nested.N2.Baseline)
[pair] depth-2-RejectArithmetic candidate (HexSignDetMathlib.ProofProbe.Nested.N2.RejectArithmetic)
[pair] depth-2-RejectStale reference (HexSignDetMathlib.ProofProbe.Nested.N2.Baseline)
[pair] depth-2-RejectStale candidate (HexSignDetMathlib.ProofProbe.Nested.N2.RejectStale)
[pair] depth-2-ArithmeticCause reference (HexSignDetMathlib.ProofProbe.Nested.N2.Baseline)
[pair] depth-2-ArithmeticCause candidate (HexSignDetMathlib.ProofProbe.Nested.N2.ArithmeticCause)
[pair] depth-3-Accept reference (HexSignDetMathlib.NestedProofProbe.N3.Baseline)
[pair] depth-3-Accept candidate (HexSignDetMathlib.NestedProofProbe.N3.Accept)
[pair] depth-3-RejectArithmetic reference (HexSignDetMathlib.NestedProofProbe.N3.Baseline)
[pair] depth-3-RejectArithmetic candidate (HexSignDetMathlib.NestedProofProbe.N3.RejectArithmetic)
[pair] depth-3-RejectStale reference (HexSignDetMathlib.NestedProofProbe.N3.Baseline)
[pair] depth-3-RejectStale candidate (HexSignDetMathlib.NestedProofProbe.N3.RejectStale)
[pair] depth-3-ArithmeticCause reference (HexSignDetMathlib.NestedProofProbe.N3.Baseline)
[pair] depth-3-ArithmeticCause candidate (HexSignDetMathlib.NestedProofProbe.N3.ArithmeticCause)
[pair] depth-1-AcceptFraction reference (HexSignDetMathlib.ProofProbe.Nested.N1.FractionBaseline)
[pair] depth-1-AcceptFraction candidate (HexSignDetMathlib.ProofProbe.Nested.N1.AcceptFraction)
[pair] depth-1-RejectProduct reference (HexSignDetMathlib.ProofProbe.Nested.N1.FractionBaseline)
[pair] depth-1-RejectProduct candidate (HexSignDetMathlib.ProofProbe.Nested.N1.RejectProduct)
[pair] depth-1-FieldArithmetic reference (HexSignDetMathlib.ProofProbe.Nested.N1.FractionBaseline)
[pair] depth-1-FieldArithmetic candidate (HexSignDetMathlib.ProofProbe.Nested.N1.FieldArithmetic)
[pair] depth-1-Certificates reference (HexSignDetMathlib.ProofProbe.Nested.N1.FractionBaseline)
[pair] depth-1-Certificates candidate (HexSignDetMathlib.ProofProbe.Nested.N1.Certificates)
[pair] depth-2-AcceptFraction reference (HexSignDetMathlib.ProofProbe.Nested.N2.FractionBaseline)
[pair] depth-2-AcceptFraction candidate (HexSignDetMathlib.ProofProbe.Nested.N2.AcceptFraction)
[pair] depth-2-RejectProduct reference (HexSignDetMathlib.ProofProbe.Nested.N2.FractionBaseline)
[pair] depth-2-RejectProduct candidate (HexSignDetMathlib.ProofProbe.Nested.N2.RejectProduct)
[pair] depth-2-FieldArithmetic reference (HexSignDetMathlib.ProofProbe.Nested.N2.FractionBaseline)
[pair] depth-2-FieldArithmetic candidate (HexSignDetMathlib.ProofProbe.Nested.N2.FieldArithmetic)
[pair] depth-2-Certificates reference (HexSignDetMathlib.ProofProbe.Nested.N2.FractionBaseline)
[pair] depth-2-Certificates candidate (HexSignDetMathlib.ProofProbe.Nested.N2.Certificates)
[pair] depth-1-Accept reference (HexSignDetMathlib.ProofProbe.Nested.N1.Baseline)
[pair] depth-1-Accept candidate (HexSignDetMathlib.ProofProbe.Nested.N1.Accept)
[pair] depth-1-RejectArithmetic reference (HexSignDetMathlib.ProofProbe.Nested.N1.Baseline)
[pair] depth-1-RejectArithmetic candidate (HexSignDetMathlib.ProofProbe.Nested.N1.RejectArithmetic)
[pair] depth-1-RejectStale reference (HexSignDetMathlib.ProofProbe.Nested.N1.Baseline)
[pair] depth-1-RejectStale candidate (HexSignDetMathlib.ProofProbe.Nested.N1.RejectStale)
[pair] depth-1-ArithmeticCause reference (HexSignDetMathlib.ProofProbe.Nested.N1.Baseline)
[pair] depth-1-ArithmeticCause candidate (HexSignDetMathlib.ProofProbe.Nested.N1.ArithmeticCause)
[pair] depth-2-RejectArithmetic candidate (HexSignDetMathlib.ProofProbe.Nested.N2.RejectArithmetic)
[pair] depth-2-RejectArithmetic reference (HexSignDetMathlib.ProofProbe.Nested.N2.Baseline)
[pair] depth-2-RejectStale candidate (HexSignDetMathlib.ProofProbe.Nested.N2.RejectStale)
[pair] depth-2-RejectStale reference (HexSignDetMathlib.ProofProbe.Nested.N2.Baseline)
[pair] depth-2-ArithmeticCause candidate (HexSignDetMathlib.ProofProbe.Nested.N2.ArithmeticCause)
[pair] depth-2-ArithmeticCause reference (HexSignDetMathlib.ProofProbe.Nested.N2.Baseline)
[pair] depth-3-Accept candidate (HexSignDetMathlib.NestedProofProbe.N3.Accept)
[pair] depth-3-Accept reference (HexSignDetMathlib.NestedProofProbe.N3.Baseline)
[pair] depth-3-RejectArithmetic candidate (HexSignDetMathlib.NestedProofProbe.N3.RejectArithmetic)
[pair] depth-3-RejectArithmetic reference (HexSignDetMathlib.NestedProofProbe.N3.Baseline)
[pair] depth-3-RejectStale candidate (HexSignDetMathlib.NestedProofProbe.N3.RejectStale)
[pair] depth-3-RejectStale reference (HexSignDetMathlib.NestedProofProbe.N3.Baseline)
[pair] depth-3-ArithmeticCause candidate (HexSignDetMathlib.NestedProofProbe.N3.ArithmeticCause)
[pair] depth-3-ArithmeticCause reference (HexSignDetMathlib.NestedProofProbe.N3.Baseline)
[pair] depth-1-AcceptFraction candidate (HexSignDetMathlib.ProofProbe.Nested.N1.AcceptFraction)
[pair] depth-1-AcceptFraction reference (HexSignDetMathlib.ProofProbe.Nested.N1.FractionBaseline)
[pair] depth-1-RejectProduct candidate (HexSignDetMathlib.ProofProbe.Nested.N1.RejectProduct)
[pair] depth-1-RejectProduct reference (HexSignDetMathlib.ProofProbe.Nested.N1.FractionBaseline)
[pair] depth-1-FieldArithmetic candidate (HexSignDetMathlib.ProofProbe.Nested.N1.FieldArithmetic)
[pair] depth-1-FieldArithmetic reference (HexSignDetMathlib.ProofProbe.Nested.N1.FractionBaseline)
[pair] depth-1-Certificates candidate (HexSignDetMathlib.ProofProbe.Nested.N1.Certificates)
[pair] depth-1-Certificates reference (HexSignDetMathlib.ProofProbe.Nested.N1.FractionBaseline)
[pair] depth-2-AcceptFraction candidate (HexSignDetMathlib.ProofProbe.Nested.N2.AcceptFraction)
[pair] depth-2-AcceptFraction reference (HexSignDetMathlib.ProofProbe.Nested.N2.FractionBaseline)
[pair] depth-2-RejectProduct candidate (HexSignDetMathlib.ProofProbe.Nested.N2.RejectProduct)
[pair] depth-2-RejectProduct reference (HexSignDetMathlib.ProofProbe.Nested.N2.FractionBaseline)
[pair] depth-2-FieldArithmetic candidate (HexSignDetMathlib.ProofProbe.Nested.N2.FieldArithmetic)
[pair] depth-2-FieldArithmetic reference (HexSignDetMathlib.ProofProbe.Nested.N2.FractionBaseline)
[pair] depth-2-Certificates candidate (HexSignDetMathlib.ProofProbe.Nested.N2.Certificates)
[pair] depth-2-Certificates reference (HexSignDetMathlib.ProofProbe.Nested.N2.FractionBaseline)
[pair] depth-1-Accept candidate (HexSignDetMathlib.ProofProbe.Nested.N1.Accept)
[pair] depth-1-Accept reference (HexSignDetMathlib.ProofProbe.Nested.N1.Baseline)
[pair] depth-1-RejectArithmetic candidate (HexSignDetMathlib.ProofProbe.Nested.N1.RejectArithmetic)
[pair] depth-1-RejectArithmetic reference (HexSignDetMathlib.ProofProbe.Nested.N1.Baseline)
[pair] depth-1-RejectStale candidate (HexSignDetMathlib.ProofProbe.Nested.N1.RejectStale)
[pair] depth-1-RejectStale reference (HexSignDetMathlib.ProofProbe.Nested.N1.Baseline)
[pair] depth-1-ArithmeticCause candidate (HexSignDetMathlib.ProofProbe.Nested.N1.ArithmeticCause)
[pair] depth-1-ArithmeticCause reference (HexSignDetMathlib.ProofProbe.Nested.N1.Baseline)
[pair] depth-2-Accept candidate (HexSignDetMathlib.ProofProbe.Nested.N2.Accept)
[pair] depth-2-Accept reference (HexSignDetMathlib.ProofProbe.Nested.N2.Baseline)
/home/kim/.local/state/hex/issue-10377-kernel-cost/6d3801053/nested-kernel-v2.json
