✔ [1290/1531] Built HexRealRoots.Basic (796ms)
✔ [1650/1906] Built HexRealRoots.Basic:c.o (140ms)
✔ [2387/2612] Built HexRealRoots.Chain (678ms)
✔ [4608/4771] Built HexRealRoots.Var (1.2s)
✔ [5818/6104] Built HexRealRoots.IsolateSturm (648ms)
✔ [6501/6745] Built HexRealRoots.Cert (885ms)
✔ [6712/6896] Built HexRealRoots.Tarski (1.0s)
✔ [6713/6896] Built HexRealRoots.Mobius (1.0s)
✔ [7093/7326] Built HexRealRoots.Refine (1.2s)
✔ [7490/7710] Built HexRealRoots.IsolateDescartes (446ms)
✔ [8016/8216] Built HexRealRoots.SimpleRealRoot (532ms)
✔ [8018/8216] Built HexSturm.Basic (667ms)
✔ [8194/8442] Built HexRealRoots.Isolate (374ms)
✔ [8661/8894] Built HexRealRoots.Map (979ms)
✔ [9322/9347] Built HexSturm.Transport (423ms)
✔ [9331/9347] Built HexSturm (339ms)
✔ [9333/9347] Built HexRealRoots.TarskiProofs (3.6s)
✔ [9339/9347] Built HexRealRoots (452ms)
✔ [9341/9347] Built HexSturm.Bench (2.8s)
✔ [9343/9347] Built hexsturm_bench:exe (962ms)
✔ [9344/9347] Built HexRealRoots.Bench (1.6s)
✔ [9346/9347] Built hexrealroots_bench:exe (548ms)
✔ [9347/9347] Built HexRealRootsMathlib.TarskiTests (4.8s)
Build completed successfully (9347 jobs).
