✔ [217/256] Built HexRealRoots.Basic (598ms)
✔ [218/256] Built HexRealRoots.Basic:c.o (122ms)
✔ [219/256] Built HexRealRoots.Chain (443ms)
✔ [221/256] Built HexRealRoots.Var (755ms)
✔ [223/256] Built HexRealRoots.IsolateSturm (704ms)
✔ [225/256] Built HexRealRoots.Mobius (842ms)
✔ [227/256] Built HexRealRoots.Tarski (909ms)
✔ [228/256] Built HexRealRoots.Cert (883ms)
✔ [231/256] Built HexRealRoots.Refine (1.1s)
✔ [233/256] Built HexRealRoots.IsolateDescartes (389ms)
✔ [235/256] Built HexRealRoots.SimpleRealRoot (514ms)
✔ [237/256] Built HexSturm.Basic (683ms)
✔ [239/256] Built HexRealRoots.Isolate (456ms)
✔ [241/256] Built HexRealRoots.Map (973ms)
✔ [243/256] Built HexSturm.Transport (482ms)
✔ [245/256] Built HexSturm (461ms)
✔ [247/256] Built HexRealRoots.TarskiProofs (3.3s)
✔ [249/256] Built HexRealRoots (435ms)
✔ [251/256] Built HexSturm.Bench (2.5s)
✔ [253/256] Built HexRealRoots.Bench (1.4s)
✔ [255/256] Built hexsturm_bench:exe (722ms)
✔ [256/256] Built hexrealroots_bench:exe (784ms)
Build completed successfully (256 jobs).
