✔ [7202/7388] Built HexRealRootsMathlib.TarskiInterpret (2.8s)
✔ [9254/9283] Built HexSturm.Fixtures (627ms)
✔ [9255/9283] Built HexRealRootsMathlib.TarskiGcd (1.9s)
✔ [9256/9283] Built HexRealRootsMathlib.TarskiSum (1.5s)
✔ [9257/9283] Built HexRealRootsMathlib.TarskiInteger (1.6s)
✔ [9258/9283] Built HexRealRootsMathlib.RealRootCount (2.5s)
✔ [9259/9283] Built HexRealRootsMathlib.TarskiCompare (2.1s)
✔ [9260/9283] Built HexSturmMathlib.Domain (2.2s)
✔ [9261/9283] Built HexSturm.Conformance (3.4s)
✔ [9262/9283] Built HexRealRootsMathlib.SquareFreeCore (3.9s)
✔ [9263/9283] Built HexRealRootsMathlib.TarskiSigns (1.6s)
✔ [9264/9283] Built HexRealRootsMathlib.LiteralChain (4.3s)
✔ [9265/9283] Built HexRealRootsMathlib.Isolations (5.1s)
✔ [9266/9283] Built HexRealRootsMathlib.MobiusCorrespond (5.3s)
✔ [9267/9283] Built HexRealRootsMathlib.TarskiDomain (4.3s)
✔ [9268/9283] Built HexSturmMathlib.Compare (2.6s)
✔ [9269/9283] Built HexRealRootsMathlib.SimpleRealRoot (6.0s)
✔ [9270/9283] Built HexRealRootsMathlib.LiteralIsolations (6.0s)
✔ [9271/9283] Built HexRealRootsMathlib.Drivers (6.9s)
✔ [9272/9283] Built HexRealRootsMathlib.TarskiCount (5.9s)
✔ [9273/9283] Built HexRealRootsMathlib.IsolateRoots (7.8s)
✔ [9274/9283] Built HexRealRootsMathlib.LiteralChainTests (3.4s)
✔ [9275/9283] Built HexSturmMathlib.Rational (4.1s)
✔ [9276/9283] Built HexRealRootsMathlib.TwoCircle (4.0s)
✔ [9277/9283] Built HexRealRootsMathlib.IsolateRootsElab (5.4s)
✔ [9278/9283] Built HexSturmMathlib.IntCast (4.8s)
✔ [9279/9283] Built HexSturmMathlib.DenominatorClearing (4.0s)
✔ [9280/9283] Built HexRealRootsMathlib (3.8s)
✔ [9282/9283] Built HexSturmMathlib (2.8s)
Build completed successfully (9283 jobs).
