trial 0: scan complete; cumulative failed arms 0
trial 0: second complete; cumulative failed arms 0
trial 0: third complete; cumulative failed arms 0
trial 0: comparison complete; cumulative failed arms 0
trial 0: degree complete; cumulative failed arms 0
trial 0: height complete; cumulative failed arms 0
trial 0: subtraction complete; cumulative failed arms 0
trial 0: denominators complete; cumulative failed arms 0
trial 0: compareHeight complete; cumulative failed arms 0
trial 0: realHeight complete; cumulative failed arms 0
trial 0: provider complete; cumulative failed arms 0
trial 0: refinement complete; cumulative failed arms 0
trial 0: jointRefinement complete; cumulative failed arms 0
trial 0: approximation complete; cumulative failed arms 0
trial 0: horner complete; cumulative failed arms 0
trial 0: successiveApproximation complete; cumulative failed arms 0
trial 0: thirdApproximation complete; cumulative failed arms 0
trial 1: scan complete; cumulative failed arms 0
trial 1: second complete; cumulative failed arms 0
trial 1: third complete; cumulative failed arms 0
trial 1: comparison complete; cumulative failed arms 0
trial 1: degree complete; cumulative failed arms 0
trial 1: height complete; cumulative failed arms 0
trial 1: subtraction complete; cumulative failed arms 0
trial 1: denominators complete; cumulative failed arms 0
trial 1: compareHeight complete; cumulative failed arms 0
trial 1: realHeight complete; cumulative failed arms 0
trial 1: provider complete; cumulative failed arms 0
trial 1: refinement complete; cumulative failed arms 0
trial 1: jointRefinement complete; cumulative failed arms 0
trial 1: approximation complete; cumulative failed arms 0
trial 1: horner complete; cumulative failed arms 0
trial 1: successiveApproximation complete; cumulative failed arms 0
trial 1: thirdApproximation complete; cumulative failed arms 0
trial 2: scan complete; cumulative failed arms 0
trial 2: second complete; cumulative failed arms 0
trial 2: third complete; cumulative failed arms 0
trial 2: comparison complete; cumulative failed arms 0
trial 2: degree complete; cumulative failed arms 0
trial 2: height complete; cumulative failed arms 0
trial 2: subtraction complete; cumulative failed arms 0
trial 2: denominators complete; cumulative failed arms 0
trial 2: compareHeight complete; cumulative failed arms 0
trial 2: realHeight complete; cumulative failed arms 0
trial 2: provider complete; cumulative failed arms 0
trial 2: refinement complete; cumulative failed arms 0
trial 2: jointRefinement complete; cumulative failed arms 0
trial 2: approximation complete; cumulative failed arms 0
trial 2: horner complete; cumulative failed arms 0
trial 2: successiveApproximation complete; cumulative failed arms 0
trial 2: thirdApproximation complete; cumulative failed arms 0
