Hex.SignDetBench.Height.runCheck    expected complexity: height    [warm cache]
  env: lean=4.35.0-rc3, os=linux, arch=x86_64, commit=ad5e59e, 2026-09-28T19:22:44Z, host=chungus2
    param  per-call    repeats  C
    8_192   18.086 µs  ×2^15    C=2.212 [trial 1/6] †
   16_384   33.480 µs  ×2^15    C=2.036 [trial 1/6]
   32_768   57.745 µs  ×2^14    C=1.766 [trial 1/6]
   65_536  108.360 µs  ×2^13    C=1.653 [trial 1/6]
  131_072  206.738 µs  ×2^12    C=1.579 [trial 1/6]
  262_144  406.692 µs  ×2^11    C=1.551 [trial 1/6]
  524_288  814.719 µs  ×2^10    C=1.550 [trial 1/6]
    8_192   18.052 µs  ×2^15    C=2.212 [trial 2/6] †
   16_384   33.353 µs  ×2^15    C=2.036 [trial 2/6]
   32_768   58.039 µs  ×2^14    C=1.766 [trial 2/6]
   65_536  108.519 µs  ×2^13    C=1.653 [trial 2/6]
  131_072  207.353 µs  ×2^12    C=1.579 [trial 2/6]
  262_144  406.784 µs  ×2^11    C=1.551 [trial 2/6]
  524_288  812.935 µs  ×2^10    C=1.550 [trial 2/6]
    8_192   18.105 µs  ×2^15    C=2.212 [trial 3/6] †
   16_384   33.381 µs  ×2^15    C=2.036 [trial 3/6]
   32_768   57.950 µs  ×2^14    C=1.766 [trial 3/6]
   65_536  109.028 µs  ×2^13    C=1.653 [trial 3/6]
  131_072  208.560 µs  ×2^12    C=1.579 [trial 3/6]
  262_144  407.345 µs  ×2^11    C=1.551 [trial 3/6]
  524_288  812.482 µs  ×2^10    C=1.550 [trial 3/6]
    8_192   18.246 µs  ×2^15    C=2.212 [trial 4/6] †
   16_384   33.356 µs  ×2^15    C=2.036 [trial 4/6]
   32_768   57.831 µs  ×2^14    C=1.766 [trial 4/6]
   65_536  108.045 µs  ×2^13    C=1.653 [trial 4/6]
  131_072  206.750 µs  ×2^12    C=1.579 [trial 4/6]
  262_144  406.367 µs  ×2^11    C=1.551 [trial 4/6]
  524_288  813.069 µs  ×2^10    C=1.550 [trial 4/6]
    8_192   18.142 µs  ×2^15    C=2.212 [trial 5/6] †
   16_384   33.331 µs  ×2^15    C=2.036 [trial 5/6]
   32_768   57.752 µs  ×2^14    C=1.766 [trial 5/6]
   65_536  107.655 µs  ×2^13    C=1.653 [trial 5/6]
  131_072  206.913 µs  ×2^12    C=1.579 [trial 5/6]
  262_144  406.702 µs  ×2^11    C=1.551 [trial 5/6]
  524_288  811.868 µs  ×2^10    C=1.550 [trial 5/6]
    8_192   18.130 µs  ×2^15    C=2.212 [trial 6/6] †
   16_384   33.349 µs  ×2^15    C=2.036 [trial 6/6]
   32_768   57.890 µs  ×2^14    C=1.766 [trial 6/6]
   65_536  108.340 µs  ×2^13    C=1.653 [trial 6/6]
  131_072  207.095 µs  ×2^12    C=1.579 [trial 6/6]
  262_144  406.660 µs  ×2^11    C=1.551 [trial 6/6]
  524_288  812.367 µs  ×2^10    C=1.550 [trial 6/6]
  verdict: consistent with declared complexity (cMin=1.550, cMax=2.036, β=-0.074)
  per-spawn floor (harness self-measurement): 22.671 ms
  peak RSS: 66_552 kB..68_304 kB (across 42 ok row(s))
  trial summaries (6 trials per param; spread = (max-min)/median):
      param  trials  median      min         max         spread
      8_192  6/6      18.117 µs   18.052 µs   18.246 µs  1.068%
     16_384  6/6      33.354 µs   33.331 µs   33.480 µs  0.447%
     32_768  6/6      57.861 µs   57.745 µs   58.039 µs  0.508%
     65_536  6/6     108.350 µs  107.655 µs  109.028 µs  1.267%
    131_072  6/6     207.004 µs  206.738 µs  208.560 µs  0.880%
    262_144  6/6     406.697 µs  406.367 µs  407.345 µs  0.240%
    524_288  6/6     812.708 µs  811.868 µs  814.719 µs  0.351%
exported to /tmp/issue-10377-height-measurement-ad5e59e5a/Height.runCheck.json
