Hex.SignDetBench.Height.runReduce    expected complexity: height    [warm cache]
  env: lean=4.35.0-rc3, os=linux, arch=x86_64, commit=ad5e59e, 2026-09-28T19:22:10Z, host=chungus2
    param  per-call    repeats  C
    8_192    8.288 µs  ×2^16    C=1.011 [trial 1/6] †
   16_384   14.036 µs  ×2^16    C=0.856 [trial 1/6]
   32_768   22.666 µs  ×2^15    C=0.693 [trial 1/6]
   65_536   41.588 µs  ×2^14    C=0.640 [trial 1/6]
  131_072   78.073 µs  ×2^13    C=0.596 [trial 1/6]
  262_144  165.858 µs  ×2^12    C=0.633 [trial 1/6]
  524_288  326.474 µs  ×2^11    C=0.623 [trial 1/6]
    8_192    8.269 µs  ×2^17    C=1.011 [trial 2/6] †
   16_384   14.058 µs  ×2^16    C=0.856 [trial 2/6]
   32_768   22.984 µs  ×2^15    C=0.693 [trial 2/6]
   65_536   42.034 µs  ×2^14    C=0.640 [trial 2/6]
  131_072   78.125 µs  ×2^13    C=0.596 [trial 2/6]
  262_144  165.958 µs  ×2^12    C=0.633 [trial 2/6]
  524_288  326.780 µs  ×2^11    C=0.623 [trial 2/6]
    8_192    8.320 µs  ×2^17    C=1.011 [trial 3/6] †
   16_384   14.011 µs  ×2^16    C=0.856 [trial 3/6]
   32_768   22.682 µs  ×2^15    C=0.693 [trial 3/6]
   65_536   41.570 µs  ×2^14    C=0.640 [trial 3/6]
  131_072   78.049 µs  ×2^13    C=0.596 [trial 3/6]
  262_144  166.500 µs  ×2^12    C=0.633 [trial 3/6]
  524_288  326.965 µs  ×2^11    C=0.623 [trial 3/6]
    8_192    8.323 µs  ×2^17    C=1.011 [trial 4/6] †
   16_384   14.049 µs  ×2^16    C=0.856 [trial 4/6]
   32_768   22.745 µs  ×2^15    C=0.693 [trial 4/6]
   65_536   41.810 µs  ×2^14    C=0.640 [trial 4/6]
  131_072   78.254 µs  ×2^13    C=0.596 [trial 4/6]
  262_144  165.884 µs  ×2^12    C=0.633 [trial 4/6]
  524_288  327.278 µs  ×2^11    C=0.623 [trial 4/6]
    8_192    8.273 µs  ×2^17    C=1.011 [trial 5/6] †
   16_384   14.008 µs  ×2^16    C=0.856 [trial 5/6]
   32_768   22.692 µs  ×2^15    C=0.693 [trial 5/6]
   65_536   42.085 µs  ×2^14    C=0.640 [trial 5/6]
  131_072   78.060 µs  ×2^13    C=0.596 [trial 5/6]
  262_144  165.491 µs  ×2^12    C=0.633 [trial 5/6]
  524_288  326.271 µs  ×2^11    C=0.623 [trial 5/6]
    8_192    8.254 µs  ×2^17    C=1.011 [trial 6/6] †
   16_384   13.907 µs  ×2^16    C=0.856 [trial 6/6]
   32_768   22.873 µs  ×2^15    C=0.693 [trial 6/6]
   65_536   42.194 µs  ×2^14    C=0.640 [trial 6/6]
  131_072   78.482 µs  ×2^13    C=0.596 [trial 6/6]
  262_144  165.812 µs  ×2^12    C=0.633 [trial 6/6]
  524_288  326.649 µs  ×2^11    C=0.623 [trial 6/6]
  verdict: consistent with declared complexity (cMin=0.596, cMax=0.856, β=-0.080)
  per-spawn floor (harness self-measurement): 22.899 ms
  peak RSS: 66_500 kB..68_248 kB (across 42 ok row(s))
  trial summaries (6 trials per param; spread = (max-min)/median):
      param  trials  median      min         max         spread
      8_192  6/6       8.280 µs    8.254 µs    8.323 µs  0.836%
     16_384  6/6      14.024 µs   13.907 µs   14.058 µs  1.076%
     32_768  6/6      22.718 µs   22.666 µs   22.984 µs  1.401%
     65_536  6/6      41.922 µs   41.570 µs   42.194 µs  1.489%
    131_072  6/6      78.099 µs   78.049 µs   78.482 µs  0.554%
    262_144  6/6     165.871 µs  165.491 µs  166.500 µs  0.609%
    524_288  6/6     326.714 µs  326.271 µs  327.278 µs  0.308%
exported to /tmp/issue-10377-height-measurement-ad5e59e5a/Height.runReduce.json
