Hex.OrderedFnBench.horner    expected complexity: n * n * n    [warm cache]
  env: lean=4.34.1, os=linux, arch=x86_64, commit=b0966f0, 2026-09-27T08:47:05Z, host=chungus2
   param  per-call    repeats  C
   8_192   98.377 ms  ×2^5     C=0.000 [trial 1/3] †
  10_240  158.273 ms  ×2^4     C=0.000 [trial 1/3]
  12_288  235.834 ms  ×2^4     C=0.000 [trial 1/3]
  14_336  332.521 ms  ×2^3     C=0.000 [trial 1/3]
  16_384  453.560 ms  ×2^3     C=0.000 [trial 1/3]
  20_480  745.525 ms  ×2^2     C=0.000 [trial 1/3]
  24_576    1.116 s   ×2^1     C=0.000 [trial 1/3]
  28_672    1.569 s   ×2^1     C=0.000 [trial 1/3]
   8_192   97.427 ms  ×2^5     C=0.000 [trial 2/3] †
  10_240  158.379 ms  ×2^4     C=0.000 [trial 2/3]
  12_288  236.681 ms  ×2^4     C=0.000 [trial 2/3]
  14_336  335.055 ms  ×2^3     C=0.000 [trial 2/3]
  16_384  452.593 ms  ×2^3     C=0.000 [trial 2/3]
  20_480  740.353 ms  ×2^2     C=0.000 [trial 2/3]
  24_576    1.118 s   ×2^1     C=0.000 [trial 2/3]
  28_672    1.578 s   ×2^1     C=0.000 [trial 2/3]
   8_192   98.349 ms  ×2^5     C=0.000 [trial 3/3] †
  10_240  158.490 ms  ×2^4     C=0.000 [trial 3/3]
  12_288  237.190 ms  ×2^4     C=0.000 [trial 3/3]
  14_336  334.462 ms  ×2^3     C=0.000 [trial 3/3]
  16_384  451.925 ms  ×2^3     C=0.000 [trial 3/3]
  20_480  743.015 ms  ×2^2     C=0.000 [trial 3/3]
  24_576    1.118 s   ×2^1     C=0.000 [trial 3/3]
  28_672    1.579 s   ×2^1     C=0.000 [trial 3/3]
  verdict: inconclusive (cMin=0.000, cMax=0.000, β=-0.765, looks faster than declared by ~n^0.765)
  per-spawn floor (harness self-measurement): 21.486 ms
  peak RSS: 67_740 kB..68_920 kB (across 24 ok row(s))
  trial summaries (3 trials per param; spread = (max-min)/median):
     param  trials  median      min         max         spread
     8_192  3/3      98.349 ms   97.427 ms   98.377 ms  0.965%
    10_240  3/3     158.379 ms  158.273 ms  158.490 ms  0.137%
    12_288  3/3     236.681 ms  235.834 ms  237.190 ms  0.573%
    14_336  3/3     334.462 ms  332.521 ms  335.055 ms  0.758%
    16_384  3/3     452.593 ms  451.925 ms  453.560 ms  0.361%
    20_480  3/3     743.015 ms  740.353 ms  745.525 ms  0.696%
    24_576  3/3       1.118 s     1.116 s     1.118 s   0.175%
    28_672  3/3       1.578 s     1.569 s     1.579 s   0.595%

Hex.OrderedFnBench.successiveApproximation    expected complexity: n * n * n * n    [warm cache]
  env: lean=4.34.1, os=linux, arch=x86_64, commit=b0966f0, 2026-09-27T08:48:46Z, host=chungus2
  param  per-call    repeats  C
     16  829.111 µs  ×2^12    C=12.651 [trial 1/3] †
     24    1.697 ms  ×2^11    C= 5.002 [trial 1/3]
     32    2.995 ms  ×2^10    C= 2.856 [trial 1/3]
     48    7.221 ms  ×2^9     C= 1.360 [trial 1/3]
     64   14.091 ms  ×2^8     C= 0.840 [trial 1/3]
     96   34.897 ms  ×2^6     C= 0.411 [trial 1/3]
    128   66.141 ms  ×2^6     C= 0.244 [trial 1/3]
    192  160.836 ms  ×2^4     C= 0.117 [trial 1/3]
     16  826.059 µs  ×2^12    C=12.651 [trial 2/3] †
     24    1.651 ms  ×2^11    C= 5.002 [trial 2/3]
     32    3.019 ms  ×2^10    C= 2.856 [trial 2/3]
     48    7.086 ms  ×2^9     C= 1.360 [trial 2/3]
     64   14.126 ms  ×2^8     C= 0.840 [trial 2/3]
     96   34.883 ms  ×2^7     C= 0.411 [trial 2/3]
    128   65.507 ms  ×2^6     C= 0.244 [trial 2/3]
    192  158.938 ms  ×2^4     C= 0.117 [trial 2/3]
     16  834.096 µs  ×2^12    C=12.651 [trial 3/3] †
     24    1.660 ms  ×2^11    C= 5.002 [trial 3/3]
     32    2.981 ms  ×2^10    C= 2.856 [trial 3/3]
     48    7.255 ms  ×2^9     C= 1.360 [trial 3/3]
     64   13.868 ms  ×2^8     C= 0.840 [trial 3/3]
     96   34.572 ms  ×2^7     C= 0.411 [trial 3/3]
    128   65.236 ms  ×2^6     C= 0.244 [trial 3/3]
    192  159.045 ms  ×2^4     C= 0.117 [trial 3/3]
  verdict: inconclusive (cMin=0.117, cMax=5.002, β=-1.791, looks faster than declared by ~n^1.791)
  per-spawn floor (harness self-measurement): 21.443 ms
  peak RSS: 67_524 kB..68_668 kB (across 24 ok row(s))
  trial summaries (3 trials per param; spread = (max-min)/median):
    param  trials  median      min         max         spread
       16  3/3     829.111 µs  826.059 µs  834.096 µs  0.969%
       24  3/3       1.660 ms    1.651 ms    1.697 ms  2.786%
       32  3/3       2.995 ms    2.981 ms    3.019 ms  1.245%
       48  3/3       7.221 ms    7.086 ms    7.255 ms  2.340%
       64  3/3      14.091 ms   13.868 ms   14.126 ms  1.834%
       96  3/3      34.883 ms   34.572 ms   34.897 ms  0.932%
      128  3/3      65.507 ms   65.236 ms   66.141 ms  1.381%
      192  3/3     159.045 ms  158.938 ms  160.836 ms  1.194%

exported to /tmp/issue-10376-successive-measure/runtime.json
