CanonicalAdd-4-0-Before exit 0
CanonicalAdd-4-0-After exit 0
CanonicalMul-2-0-Before exit 0
CanonicalMul-2-0-After exit 0
CommonPowers-16-0-Before exit 0
CommonPowers-16-0-After exit 0
CanonicalAdd-4-1-After exit 0
CanonicalAdd-4-1-Before exit 0
CanonicalMul-2-1-After exit 0
CanonicalMul-2-1-Before exit 0
CommonPowers-16-1-After exit 0
CommonPowers-16-1-Before exit 0
CanonicalAdd-4-2-Before exit 0
CanonicalAdd-4-2-After exit 0
CanonicalMul-2-2-Before exit 0
CanonicalMul-2-2-After exit 0
CommonPowers-16-2-Before exit 0
CommonPowers-16-2-After exit 0
CanonicalAdd-4-3-After exit 0
CanonicalAdd-4-3-Before exit 0
CanonicalMul-2-3-After exit 0
CanonicalMul-2-3-Before exit 0
CommonPowers-16-3-After exit 0
CommonPowers-16-3-Before exit 0
