Hex.SignDetBench.runDirect    expected complexity: s * (Nat.log2 s + 1)    [warm cache]
  env: lean=4.34.1, os=linux, arch=x86_64, commit=13dc09b, 2026-09-26T16:53:07Z, host=chungus2
  param  per-call    repeats  C
     64   12.900 ms  ×2^3     C=28803.468 [trial 1/6] †
    128   26.963 ms  ×2^2     C=26309.837 [trial 1/6]
    256   55.685 ms  ×2^0     C=24080.255 [trial 1/6]
    512  115.699 ms  ×2^0     C=22594.680 [trial 1/6]
  1_024  247.107 ms  ×2^0     C=22092.037 [trial 1/6]
  2_048  493.769 ms  ×2^0     C=20194.705 [trial 1/6]
     64   12.854 ms  ×2^3     C=28803.468 [trial 2/6] †
    128   27.136 ms  ×2^2     C=26309.837 [trial 2/6]
    256   56.070 ms  ×2^0     C=24080.255 [trial 2/6]
    512  115.671 ms  ×2^0     C=22594.680 [trial 2/6]
  1_024  252.112 ms  ×2^0     C=22092.037 [trial 2/6]
  2_048  496.103 ms  ×2^0     C=20194.705 [trial 2/6]
     64   12.908 ms  ×2^3     C=28803.468 [trial 3/6] †
    128   26.985 ms  ×2^2     C=26309.837 [trial 3/6]
    256   55.277 ms  ×2^0     C=24080.255 [trial 3/6]
    512  115.056 ms  ×2^0     C=22594.680 [trial 3/6]
  1_024  248.538 ms  ×2^0     C=22092.037 [trial 3/6]
  2_048  504.617 ms  ×2^0     C=20194.705 [trial 3/6]
     64   12.919 ms  ×2^3     C=28803.468 [trial 4/6] †
    128   26.788 ms  ×2^2     C=26309.837 [trial 4/6]
    256   55.261 ms  ×2^0     C=24080.255 [trial 4/6]
    512  115.492 ms  ×2^0     C=22594.680 [trial 4/6]
  1_024  248.856 ms  ×2^0     C=22092.037 [trial 4/6]
  2_048  495.124 ms  ×2^0     C=20194.705 [trial 4/6]
     64   12.850 ms  ×2^3     C=28803.468 [trial 5/6] †
    128   26.827 ms  ×2^2     C=26309.837 [trial 5/6]
    256   54.914 ms  ×2^0     C=24080.255 [trial 5/6]
    512  116.254 ms  ×2^0     C=22594.680 [trial 5/6]
  1_024  249.566 ms  ×2^0     C=22092.037 [trial 5/6]
  2_048  496.971 ms  ×2^0     C=20194.705 [trial 5/6]
     64   12.993 ms  ×2^3     C=28803.468 [trial 6/6] †
    128   26.919 ms  ×2^2     C=26309.837 [trial 6/6]
    256   56.257 ms  ×2^0     C=24080.255 [trial 6/6]
    512  117.191 ms  ×2^0     C=22594.680 [trial 6/6]
  1_024  248.833 ms  ×2^0     C=22092.037 [trial 6/6]
  2_048  496.507 ms  ×2^0     C=20194.705 [trial 6/6]
  verdict: consistent with declared complexity (cMin=20194.705, cMax=26309.837, β=-0.089)
  per-spawn floor (harness self-measurement): 32.912 ms
  peak RSS: 68_172 kB..119_468 kB (across 36 ok row(s))
  trial summaries (6 trials per param; spread = (max-min)/median):
    param  trials  median      min         max         spread
       64  6/6      12.904 ms   12.850 ms   12.993 ms  1.106%
      128  6/6      26.941 ms   26.788 ms   27.136 ms  1.292%
      256  6/6      55.481 ms   54.914 ms   56.257 ms  2.421%
      512  6/6     115.685 ms  115.056 ms  117.191 ms  1.846%
    1_024  6/6     248.845 ms  247.107 ms  252.112 ms  2.011%
    2_048  6/6     496.305 ms  493.769 ms  504.617 ms  2.186%
exported to /tmp/issue-10377-sparse-current-13dc/runDirect.json
