Hex.SignDetBench.runTree    expected complexity: s * (Nat.log2 s + 1)    [warm cache]
  env: lean=4.34.1, os=linux, arch=x86_64, commit=13dc09b, 2026-09-26T16:53:27Z, host=chungus2
  param  per-call    repeats  C
     64    6.270 ms  ×2^4     C=14111.186 [trial 1/6] †
    128   13.235 ms  ×2^3     C=12995.507 [trial 1/6]
    256   27.552 ms  ×2^2     C=11983.667 [trial 1/6]
    512   57.458 ms  ×2^0     C=11178.900 [trial 1/6]
  1_024  117.887 ms  ×2^0     C=10558.937 [trial 1/6]
  2_048  250.519 ms  ×2^0     C=10280.055 [trial 1/6]
     64    6.378 ms  ×2^4     C=14111.186 [trial 2/6] †
    128   13.321 ms  ×2^3     C=12995.507 [trial 2/6]
    256   27.467 ms  ×2^2     C=11983.667 [trial 2/6]
    512   57.402 ms  ×2^0     C=11178.900 [trial 2/6]
  1_024  118.735 ms  ×2^0     C=10558.937 [trial 2/6]
  2_048  250.796 ms  ×2^0     C=10280.055 [trial 2/6]
     64    6.363 ms  ×2^4     C=14111.186 [trial 3/6] †
    128   13.347 ms  ×2^3     C=12995.507 [trial 3/6]
    256   27.912 ms  ×2^1     C=11983.667 [trial 3/6]
    512   57.454 ms  ×2^0     C=11178.900 [trial 3/6]
  1_024  119.258 ms  ×2^0     C=10558.937 [trial 3/6]
  2_048  254.953 ms  ×2^0     C=10280.055 [trial 3/6]
     64    6.300 ms  ×2^4     C=14111.186 [trial 4/6] †
    128   13.327 ms  ×2^3     C=12995.507 [trial 4/6]
    256   27.669 ms  ×2^1     C=11983.667 [trial 4/6]
    512   56.962 ms  ×2^0     C=11178.900 [trial 4/6]
  1_024  119.136 ms  ×2^0     C=10558.937 [trial 4/6]
  2_048  252.180 ms  ×2^0     C=10280.055 [trial 4/6]
     64    6.343 ms  ×2^4     C=14111.186 [trial 5/6] †
    128   13.294 ms  ×2^3     C=12995.507 [trial 5/6]
    256   27.815 ms  ×2^1     C=11983.667 [trial 5/6]
    512   56.806 ms  ×2^0     C=11178.900 [trial 5/6]
  1_024  120.295 ms  ×2^0     C=10558.937 [trial 5/6]
  2_048  253.158 ms  ×2^0     C=10280.055 [trial 5/6]
     64    6.295 ms  ×2^4     C=14111.186 [trial 6/6] †
    128   13.225 ms  ×2^3     C=12995.507 [trial 6/6]
    256   27.375 ms  ×2^2     C=11983.667 [trial 6/6]
    512   57.070 ms  ×2^0     C=11178.900 [trial 6/6]
  1_024  118.399 ms  ×2^0     C=10558.937 [trial 6/6]
  2_048  253.105 ms  ×2^0     C=10280.055 [trial 6/6]
  verdict: consistent with declared complexity (cMin=10280.055, cMax=12995.507, β=-0.086)
  per-spawn floor (harness self-measurement): 34.540 ms
  peak RSS: 68_212 kB..119_532 kB (across 36 ok row(s))
  trial summaries (6 trials per param; spread = (max-min)/median):
    param  trials  median      min         max         spread
       64  6/6       6.322 ms    6.270 ms    6.378 ms  1.704%
      128  6/6      13.307 ms   13.225 ms   13.347 ms  0.915%
      256  6/6      27.610 ms   27.375 ms   27.912 ms  1.945%
      512  6/6      57.236 ms   56.806 ms   57.458 ms  1.139%
    1_024  6/6     118.936 ms  117.887 ms  120.295 ms  2.024%
    2_048  6/6     252.643 ms  250.519 ms  254.953 ms  1.755%
exported to /tmp/issue-10377-sparse-current-13dc/runTree.json
