Hex.SignDetBench.runGraph    expected complexity: s    [warm cache]
  env: lean=4.34.1, os=linux, arch=x86_64, commit=f7d5f1a, 2026-09-26T17:02:42Z, host=chungus2
  param  per-call   repeats  C
     64   1.111 ms  ×2^6     C=17086.190 [trial 1/6] †
    128   1.895 ms  ×2^5     C=14685.671 [trial 1/6]
    256   3.382 ms  ×2^5     C=13224.331 [trial 1/6]
    512   6.518 ms  ×2^4     C=12614.606 [trial 1/6]
  1_024  13.684 ms  ×2^3     C=13032.975 [trial 1/6]
  2_048  30.235 ms  ×2^2     C=14156.844 [trial 1/6]
     64   1.109 ms  ×2^6     C=17086.190 [trial 2/6] †
    128   1.890 ms  ×2^5     C=14685.671 [trial 2/6]
    256   3.390 ms  ×2^5     C=13224.331 [trial 2/6]
    512   6.421 ms  ×2^4     C=12614.606 [trial 2/6]
  1_024  13.615 ms  ×2^3     C=13032.975 [trial 2/6]
  2_048  28.923 ms  ×2^2     C=14156.844 [trial 2/6]
     64   1.074 ms  ×2^6     C=17086.190 [trial 3/6] †
    128   1.870 ms  ×2^5     C=14685.671 [trial 3/6]
    256   3.237 ms  ×2^5     C=13224.331 [trial 3/6]
    512   6.480 ms  ×2^4     C=12614.606 [trial 3/6]
  1_024  13.318 ms  ×2^3     C=13032.975 [trial 3/6]
  2_048  28.871 ms  ×2^2     C=14156.844 [trial 3/6]
     64   1.091 ms  ×2^6     C=17086.190 [trial 4/6] †
    128   1.769 ms  ×2^6     C=14685.671 [trial 4/6]
    256   3.432 ms  ×2^5     C=13224.331 [trial 4/6]
    512   6.378 ms  ×2^4     C=12614.606 [trial 4/6]
  1_024  13.289 ms  ×2^3     C=13032.975 [trial 4/6]
  2_048  28.755 ms  ×2^2     C=14156.844 [trial 4/6]
     64   1.096 ms  ×2^6     C=17086.190 [trial 5/6] †
    128   1.858 ms  ×2^5     C=14685.671 [trial 5/6]
    256   3.334 ms  ×2^5     C=13224.331 [trial 5/6]
    512   6.437 ms  ×2^4     C=12614.606 [trial 5/6]
  1_024  13.373 ms  ×2^3     C=13032.975 [trial 5/6]
  2_048  29.064 ms  ×2^2     C=14156.844 [trial 5/6]
     64   1.051 ms  ×2^6     C=17086.190 [trial 6/6] †
    128   1.905 ms  ×2^5     C=14685.671 [trial 6/6]
    256   3.389 ms  ×2^5     C=13224.331 [trial 6/6]
    512   6.482 ms  ×2^4     C=12614.606 [trial 6/6]
  1_024  13.225 ms  ×2^3     C=13032.975 [trial 6/6]
  2_048  29.175 ms  ×2^2     C=14156.844 [trial 6/6]
  verdict: consistent with declared complexity (cMin=12614.606, cMax=14685.671, β=-0.013)
  per-spawn floor (harness self-measurement): 54.181 ms
  peak RSS: 68_104 kB..117_520 kB (across 36 ok row(s))
  trial summaries (6 trials per param; spread = (max-min)/median):
    param  trials  median     min        max        spread
       64  6/6      1.094 ms   1.051 ms   1.111 ms  5.468%
      128  6/6      1.880 ms   1.769 ms   1.905 ms  7.250%
      256  6/6      3.385 ms   3.237 ms   3.432 ms  5.780%
      512  6/6      6.459 ms   6.378 ms   6.518 ms  2.182%
    1_024  6/6     13.346 ms  13.225 ms  13.684 ms  3.441%
    2_048  6/6     28.993 ms  28.755 ms  30.235 ms  5.106%
exported to /tmp/issue-10377-sparse-final-f7d5/runGraph.json
