Hex.SignDetBench.runProduce    expected complexity: s * (Nat.log2 s + 1)    [warm cache]
  env: lean=4.34.1, os=linux, arch=x86_64, commit=f7d5f1a, 2026-09-26T17:01:19Z, host=chungus2
  param  per-call    repeats  C
     64   12.085 ms  ×2^3     C=26871.896 [trial 1/6] †
    128   25.117 ms  ×2^2     C=24491.387 [trial 1/6]
    256   51.786 ms  ×2^0     C=22459.819 [trial 1/6]
    512  106.966 ms  ×2^0     C=20918.392 [trial 1/6]
  1_024  221.397 ms  ×2^0     C=20949.443 [trial 1/6]
  2_048  468.894 ms  ×2^0     C=19962.824 [trial 1/6]
     64   12.091 ms  ×2^3     C=26871.896 [trial 2/6] †
    128   25.140 ms  ×2^2     C=24491.387 [trial 2/6]
    256   51.708 ms  ×2^0     C=22459.819 [trial 2/6]
    512  107.097 ms  ×2^0     C=20918.392 [trial 2/6]
  1_024  264.422 ms  ×2^0     C=20949.443 [trial 2/6]
  2_048  515.462 ms  ×2^0     C=19962.824 [trial 2/6]
     64   11.992 ms  ×2^3     C=26871.896 [trial 3/6] †
    128   24.853 ms  ×2^2     C=24491.387 [trial 3/6]
    256   51.405 ms  ×2^0     C=22459.819 [trial 3/6]
    512  107.107 ms  ×2^0     C=20918.392 [trial 3/6]
  1_024  248.189 ms  ×2^0     C=20949.443 [trial 3/6]
  2_048  479.030 ms  ×2^0     C=19962.824 [trial 3/6]
     64   11.936 ms  ×2^3     C=26871.896 [trial 4/6] †
    128   25.041 ms  ×2^2     C=24491.387 [trial 4/6]
    256   52.077 ms  ×2^0     C=22459.819 [trial 4/6]
    512  107.701 ms  ×2^0     C=20918.392 [trial 4/6]
  1_024  223.760 ms  ×2^0     C=20949.443 [trial 4/6]
  2_048  465.427 ms  ×2^0     C=19962.824 [trial 4/6]
     64   11.952 ms  ×2^3     C=26871.896 [trial 5/6] †
    128   24.812 ms  ×2^2     C=24491.387 [trial 5/6]
    256   51.381 ms  ×2^0     C=22459.819 [trial 5/6]
    512  106.406 ms  ×2^0     C=20918.392 [trial 5/6]
  1_024  219.521 ms  ×2^0     C=20949.443 [trial 5/6]
  2_048  502.183 ms  ×2^0     C=19962.824 [trial 5/6]
     64   18.833 ms  ×2^2     C=26871.896 [trial 6/6] †
    128   42.388 ms  ×2^1     C=24491.387 [trial 6/6]
    256   86.099 ms  ×2^0     C=22459.819 [trial 6/6]
    512  177.749 ms  ×2^0     C=20918.392 [trial 6/6]
  1_024  431.437 ms  ×2^0     C=20949.443 [trial 6/6]
  2_048  747.223 ms  ×2^0     C=19962.824 [trial 6/6]
  verdict: consistent with declared complexity (cMin=19962.824, cMax=24491.387, β=-0.069)
  per-spawn floor (harness self-measurement): 21.912 ms
  peak RSS: 68_116 kB..124_188 kB (across 36 ok row(s))
  trial summaries (6 trials per param; spread = (max-min)/median):
    param  trials  median      min         max         spread 
       64  6/6      12.039 ms   11.936 ms   18.833 ms  57.290%
      128  6/6      25.079 ms   24.812 ms   42.388 ms  70.084%
      256  6/6      51.747 ms   51.381 ms   86.099 ms  67.090%
      512  6/6     107.102 ms  106.406 ms  177.749 ms  66.612%
    1_024  6/6     235.975 ms  219.521 ms  431.437 ms  89.805%
    2_048  6/6     490.606 ms  465.427 ms  747.223 ms  57.438%
exported to /tmp/issue-10377-sparse-final-f7d5/runProduce.json
