Hex.SignDetBench.runTree    expected complexity: s * (Nat.log2 s + 1)    [warm cache]
  env: lean=4.34.1, os=linux, arch=x86_64, commit=f7d5f1a, 2026-09-26T17:02:13Z, host=chungus2
  param  per-call    repeats  C
     64   10.036 ms  ×2^3     C=22199.548 [trial 1/6] †
    128   21.044 ms  ×2^2     C=20524.775 [trial 1/6]
    256   44.164 ms  ×2^1     C=19148.844 [trial 1/6]
    512   91.586 ms  ×2^0     C=17893.453 [trial 1/6]
  1_024  191.356 ms  ×2^0     C=17026.807 [trial 1/6]
  2_048  396.331 ms  ×2^0     C=16036.894 [trial 1/6]
     64    9.989 ms  ×2^3     C=22199.548 [trial 2/6] †
    128   20.991 ms  ×2^2     C=20524.775 [trial 2/6]
    256   44.074 ms  ×2^1     C=19148.844 [trial 2/6]
    512   91.643 ms  ×2^0     C=17893.453 [trial 2/6]
  1_024  192.224 ms  ×2^0     C=17026.807 [trial 2/6]
  2_048  342.883 ms  ×2^0     C=16036.894 [trial 2/6]
     64    7.384 ms  ×2^3     C=22199.548 [trial 3/6] †
    128   20.564 ms  ×2^2     C=20524.775 [trial 3/6]
    256   41.668 ms  ×2^1     C=19148.844 [trial 3/6]
    512   89.151 ms  ×2^0     C=17893.453 [trial 3/6]
  1_024  194.669 ms  ×2^0     C=17026.807 [trial 3/6]
  2_048  390.157 ms  ×2^0     C=16036.894 [trial 3/6]
     64    9.963 ms  ×2^3     C=22199.548 [trial 4/6] †
    128   21.166 ms  ×2^2     C=20524.775 [trial 4/6]
    256   44.546 ms  ×2^1     C=19148.844 [trial 4/6]
    512   91.764 ms  ×2^0     C=17893.453 [trial 4/6]
  1_024  192.443 ms  ×2^0     C=17026.807 [trial 4/6]
  2_048  394.562 ms  ×2^0     C=16036.894 [trial 4/6]
     64    9.927 ms  ×2^3     C=22199.548 [trial 5/6] †
    128   23.698 ms  ×2^2     C=20524.775 [trial 5/6]
    256   49.552 ms  ×2^1     C=19148.844 [trial 5/6]
    512   98.396 ms  ×2^0     C=17893.453 [trial 5/6]
  1_024  190.594 ms  ×2^0     C=17026.807 [trial 5/6]
  2_048  394.913 ms  ×2^0     C=16036.894 [trial 5/6]
     64    9.888 ms  ×2^3     C=22199.548 [trial 6/6] †
    128   20.513 ms  ×2^2     C=20524.775 [trial 6/6]
    256   41.079 ms  ×2^1     C=19148.844 [trial 6/6]
    512   79.923 ms  ×2^0     C=17893.453 [trial 6/6]
  1_024  190.628 ms  ×2^0     C=17026.807 [trial 6/6]
  2_048  393.683 ms  ×2^0     C=16036.894 [trial 6/6]
  verdict: consistent with declared complexity (cMin=16036.894, cMax=20524.775, β=-0.088)
  per-spawn floor (harness self-measurement): 71.590 ms
  peak RSS: 63_872 kB..118_504 kB (across 36 ok row(s))
  trial summaries (6 trials per param; spread = (max-min)/median):
    param  trials  median      min         max         spread 
       64  6/6       9.945 ms    7.384 ms   10.036 ms  26.667%
      128  6/6      21.017 ms   20.513 ms   23.698 ms  15.153%
      256  6/6      44.119 ms   41.079 ms   49.552 ms  19.205%
      512  6/6      91.614 ms   79.923 ms   98.396 ms  20.164%
    1_024  6/6     191.790 ms  190.594 ms  194.669 ms  2.125% 
    2_048  6/6     394.123 ms  342.883 ms  396.331 ms  13.561%
exported to /tmp/issue-10377-sparse-final-f7d5/runTree.json
