verifying 196 benchmark(s)...
  [ok ] Hex.RealAlgebraicBench.runRationalCeil
  [ok ] Hex.RealAlgebraicBench.runMembership
  [ok ] Hex.RealAlgebraicBench.runPolyConstructors
  [ok ] Hex.RealAlgebraicBench.runRationalQuotient
  [ok ] Hex.RealAlgebraicBench.runExactifyRoots
  [ok ] Hex.RealAlgebraicBench.runRationalRecognition
  [ok ] Hex.RealAlgebraicBench.runLeafChecks
  [ok ] Hex.RealAlgebraicBench.runSortRoots
  [ok ] Hex.RealAlgebraicBench.runRootSet
  [ok ] Hex.RealAlgebraicBench.runRationalFloor
  [ok ] Hex.RealAlgebraicBench.runHardBareDiv  [fixed]
  [ok ] Hex.RealAlgebraicScaling.runFlintSqrt8Protocol  [fixed]
  [ok ] Hex.RealAlgebraicBench.runBareDiv  [fixed]
  [ok ] Hex.RealAlgebraicBench.runFlintQuadraticRoots2Protocol  [fixed]
  [ok ] Hex.RealAlgebraicScaling.runZ3Rational16Protocol  [fixed]
  [ok ] Hex.RealAlgebraicScaling.runZ3Compare64  [fixed]
  [ok ] Hex.RealAlgebraicScaling.runFlintCeil16Protocol  [fixed]
  [ok ] Hex.RealAlgebraicBench.runZ3QuadraticRoots2  [fixed]
  [ok ] Hex.RealAlgebraicBench.runBareNeg  [fixed]
  [ok ] Hex.RealAlgebraicScaling.runZ3Add4  [fixed]
  [ok ] Hex.RealAlgebraicBench.runFilterRoots  [fixed]
  [ok ] Hex.RealAlgebraicBench.runFlintQuadraticRoots2  [fixed]
  [ok ] Hex.RealAlgebraicScaling.runFlintCompare256  [fixed]
  [ok ] Hex.RealAlgebraicScaling.runFlintSqrt2  [fixed]
  [ok ] Hex.RealAlgebraicScaling.runFlintCeil4  [fixed]
  [ok ] Hex.RealAlgebraicScaling.runZ3Rational1024  [fixed]
  [ok ] Hex.RealAlgebraicScaling.runZ3Compare16  [fixed]
  [ok ] Hex.RealAlgebraicBench.runZ3RationalRoots8Protocol  [fixed]
  [ok ] Hex.RealAlgebraicBench.runRounding  [fixed]
  [ok ] Hex.RealAlgebraicBench.runHardBareIntPow  [fixed]
  [ok ] Hex.RealAlgebraicScaling.runZ3Compare4  [fixed]
  [ok ] Hex.RealAlgebraicScaling.runFlintCompare64Protocol  [fixed]
  [ok ] Hex.RealAlgebraicScaling.runFlintRational16Protocol  [fixed]
  [ok ] Hex.RealAlgebraicScaling.runFlintRational1024Protocol  [fixed]
  [ok ] Hex.RealAlgebraicBench.runCasts  [fixed]
  [ok ] Hex.RealAlgebraicBench.runFlintRationalRoots8Protocol  [fixed]
  [ok ] Hex.RealAlgebraicScaling.runZ3Compare256Protocol  [fixed]
  [ok ] Hex.RealAlgebraicBench.runFlintRationalRoots2  [fixed]
  [ok ] Hex.RealAlgebraicScaling.runZ3Compare4Protocol  [fixed]
  [ok ] Hex.RealAlgebraicBench.runAdd  [fixed]
  [ok ] Hex.RealAlgebraicScaling.runZ3Compare256  [fixed]
  [ok ] Hex.RealAlgebraicScaling.runFlintFloor16Protocol  [fixed]
  [ok ] Hex.RealAlgebraicBench.runFlintQuadraticRoots1Protocol  [fixed]
  [ok ] Hex.RealAlgebraicBench.runQqbarProtocol  [fixed]
  [ok ] Hex.RealAlgebraicScaling.runFlintAdd4Protocol  [fixed]
  [ok ] Hex.RealAlgebraicScaling.runFlintFloor256Protocol  [fixed]
  [ok ] Hex.RealAlgebraicScaling.runFlintFloor64  [fixed]
  [ok ] Hex.RealAlgebraicScaling.runFlintRational256Protocol  [fixed]
  [ok ] Hex.RealAlgebraicBench.runSub  [fixed]
  [ok ] Hex.RealAlgebraicScaling.runCompare256  [fixed]
  [ok ] Hex.RealAlgebraicBench.runHardNatPow  [fixed]
  [ok ] Hex.RealAlgebraicBench.runConj  [fixed]
  [ok ] Hex.RealAlgebraicBench.runZ3QuadraticRoots4Protocol  [fixed]
  [ok ] Hex.RealAlgebraicScaling.runZ3Compare64Protocol  [fixed]
  [ok ] Hex.RealAlgebraicScaling.runRational16  [fixed]
  [ok ] Hex.RealAlgebraicBench.runHardBareSub  [fixed]
  [ok ] Hex.RealAlgebraicScaling.runFlintAdd4  [fixed]
  [ok ] Hex.RealAlgebraicBench.runQuadraticRoots4  [fixed]
  [ok ] Hex.RealAlgebraicBench.runCompare  [fixed]
  [ok ] Hex.RealAlgebraicScaling.runZ3Rational64Protocol  [fixed]
  [ok ] Hex.RealAlgebraicScaling.runZ3Sqrt2Protocol  [fixed]
  [ok ] Hex.RealAlgebraicBench.runConstructors  [fixed]
  [ok ] Hex.RealAlgebraicBench.runEquality  [fixed]
  [ok ] Hex.RealAlgebraicBench.runZ3QuadraticRoots1Protocol  [fixed]
  [ok ] Hex.RealAlgebraicBench.runAbs  [fixed]
  [ok ] Hex.RealAlgebraicBench.runFlintRationalRoots2Protocol  [fixed]
  [ok ] Hex.RealAlgebraicScaling.runFlintSqrt8  [fixed]
  [ok ] Hex.RealAlgebraicBench.runHardBareNeg  [fixed]
  [ok ] Hex.RealAlgebraicBench.runHardSub  [fixed]
  [ok ] Hex.RealAlgebraicBench.runEightRoots  [fixed]
  [ok ] Hex.RealAlgebraicScaling.runZ3Sqrt2  [fixed]
  [ok ] Hex.RealAlgebraicScaling.runFlintRational64Protocol  [fixed]
  [ok ] Hex.RealAlgebraicBench.runFlintQuadraticRoots4Protocol  [fixed]
  [ok ] Hex.RealAlgebraicBench.runQuadraticRoots2  [fixed]
  [ok ] Hex.RealAlgebraicBench.runCompareExact  [fixed]
  [ok ] Hex.RealAlgebraicScaling.runZ3Rational256  [fixed]
  [ok ] Hex.RealAlgebraicBench.runRationalRoots8  [fixed]
  [ok ] Hex.RealAlgebraicBench.runHardNeg  [fixed]
  [ok ] Hex.RealAlgebraicBench.runFieldSign  [fixed]
  [ok ] Hex.RealAlgebraicBench.runZ3QuadraticRoots4  [fixed]
  [ok ] Hex.RealAlgebraicBench.runBareAdd  [fixed]
  [ok ] Hex.RealAlgebraicBench.runZ3RationalRoots2  [fixed]
  [ok ] Hex.RealAlgebraicBench.runMul  [fixed]
  [ok ] Hex.RealAlgebraicBench.runComplexAbs  [fixed]
  [ok ] Hex.RealAlgebraicBench.runIntPow  [fixed]
  [ok ] Hex.RealAlgebraicBench.runNatPow  [fixed]
  [ok ] Hex.RealAlgebraicBench.runBareIntPow  [fixed]
  [ok ] Hex.RealAlgebraicScaling.runSqrt8  [fixed]
  [ok ] Hex.RealAlgebraicBench.runOrder  [fixed]
  [ok ] Hex.RealAlgebraicBench.runHardBareNatPow  [fixed]
  [ok ] Hex.RealAlgebraicScaling.runCeil64  [fixed]
  [ok ] Hex.RealAlgebraicScaling.runCeil256  [fixed]
  [ok ] Hex.RealAlgebraicScaling.runFlintCompare64  [fixed]
  [ok ] Hex.RealAlgebraicBench.runApprox  [fixed]
  [ok ] Hex.RealAlgebraicBench.runHardBareAdd  [fixed]
  [ok ] Hex.RealAlgebraicScaling.runFlintAdd2  [fixed]
  [ok ] Hex.RealAlgebraicScaling.runFlintCompare4Protocol  [fixed]
  [ok ] Hex.RealAlgebraicBench.runCloseExact  [fixed]
  [ok ] Hex.RealAlgebraicBench.runQqbarCloseCompare  [fixed]
  [ok ] Hex.RealAlgebraicScaling.runFloor4  [fixed]
  [ok ] Hex.RealAlgebraicScaling.runFlintFloor256  [fixed]
  [ok ] Hex.RealAlgebraicBench.runFlintRationalRoots4Protocol  [fixed]
  [ok ] Hex.RealAlgebraicBench.runHardMul  [fixed]
  [ok ] Hex.RealAlgebraicBench.runBareMul  [fixed]
  [ok ] Hex.RealAlgebraicScaling.runCeil4  [fixed]
  [ok ] Hex.RealAlgebraicBench.runHardBareMul  [fixed]
  [ok ] Hex.RealAlgebraicBench.runZ3RationalRoots8  [fixed]
  [ok ] Hex.RealAlgebraicScaling.runCompare4  [fixed]
  [ok ] Hex.RealAlgebraicScaling.runFlintFloor4  [fixed]
  [ok ] Hex.RealAlgebraicBench.runSign  [fixed]
  [ok ] Hex.RealAlgebraicBench.runBareSub  [fixed]
  [ok ] Hex.RealAlgebraicBench.runZ3RationalRoots2Protocol  [fixed]
  [ok ] Hex.RealAlgebraicScaling.runAdd2  [fixed]
  [ok ] Hex.RealAlgebraicBench.runInv  [fixed]
  [ok ] Hex.RealAlgebraicScaling.runZ3Rational16  [fixed]
  [ok ] Hex.RealAlgebraicScaling.runFlintCeil16  [fixed]
  [ok ] Hex.RealAlgebraicBench.runDiv  [fixed]
  [ok ] Hex.RealAlgebraicScaling.runFlintAdd8Protocol  [fixed]
  [ok ] Hex.RealAlgebraicScaling.runZ3Add2Protocol  [fixed]
  [ok ] Hex.RealAlgebraicScaling.runFlintFloor64Protocol  [fixed]
  [ok ] Hex.RealAlgebraicScaling.runFlintFloor4Protocol  [fixed]
  [ok ] Hex.RealAlgebraicBench.runFlintQuadraticRoots1  [fixed]
  [ok ] Hex.RealAlgebraicBench.runRepeatedRoots  [fixed]
  [ok ] Hex.RealAlgebraicScaling.runFlintFloor16  [fixed]
  [ok ] Hex.RealAlgebraicScaling.runCompare16  [fixed]
  [ok ] Hex.RealAlgebraicScaling.runZ3Sqrt4  [fixed]
  [ok ] Hex.RealAlgebraicScaling.runZ3Rational1024Protocol  [fixed]
  [ok ] Hex.RealAlgebraicScaling.runFlintCompare4  [fixed]
  [ok ] Hex.RealAlgebraicScaling.runZ3Add4Protocol  [fixed]
  [ok ] Hex.RealAlgebraicScaling.runFlintCompare256Protocol  [fixed]
  [ok ] Hex.RealAlgebraicScaling.runAdd8  [fixed]
  [ok ] Hex.RealAlgebraicScaling.runZ3Add2  [fixed]
  [ok ] Hex.RealAlgebraicBench.runQqbarCompare  [fixed]
  [ok ] Hex.RealAlgebraicScaling.runZ3Rational256Protocol  [fixed]
  [ok ] Hex.RealAlgebraicBench.runHardBareInv  [fixed]
  [ok ] Hex.RealAlgebraicScaling.runRational64  [fixed]
  [ok ] Hex.RealAlgebraicBench.runQuadraticRoots1  [fixed]
  [ok ] Hex.RealAlgebraicBench.runRationalRoots2  [fixed]
  [ok ] Hex.RealAlgebraicScaling.runFloor64  [fixed]
  [ok ] Hex.RealAlgebraicBench.runRational  [fixed]
  [ok ] Hex.RealAlgebraicScaling.runFlintAdd2Protocol  [fixed]
  [ok ] Hex.RealAlgebraicScaling.runFlintCeil64  [fixed]
  [ok ] Hex.RealAlgebraicScaling.runRational256  [fixed]
  [ok ] Hex.RealAlgebraicBench.runZ3QuadraticRoots1  [fixed]
  [ok ] Hex.RealAlgebraicScaling.runFlintRational64  [fixed]
  [ok ] Hex.RealAlgebraicBench.runHardAdd  [fixed]
  [ok ] Hex.RealAlgebraicScaling.runFlintCeil64Protocol  [fixed]
  [ok ] Hex.RealAlgebraicBench.runNorm  [fixed]
  [ok ] Hex.RealAlgebraicBench.runNeg  [fixed]
  [ok ] Hex.RealAlgebraicScaling.runSqrt2  [fixed]
  [ok ] Hex.RealAlgebraicScaling.runZ3Rational64  [fixed]
  [ok ] Hex.RealAlgebraicBench.runRepr  [fixed]
  [ok ] Hex.RealAlgebraicScaling.runCompare64  [fixed]
  [ok ] Hex.RealAlgebraicBench.runBareNatPow  [fixed]
  [ok ] Hex.RealAlgebraicBench.runFlintQuadraticRoots4  [fixed]
  [ok ] Hex.RealAlgebraicScaling.runZ3Sqrt8Protocol  [fixed]
  [ok ] Hex.RealAlgebraicBench.runBareInv  [fixed]
  [ok ] Hex.RealAlgebraicScaling.runFlintSqrt4Protocol  [fixed]
  [ok ] Hex.RealAlgebraicBench.runRoots  [fixed]
  [ok ] Hex.RealAlgebraicScaling.runFlintCeil4Protocol  [fixed]
  [ok ] Hex.RealAlgebraicScaling.runFlintRational256  [fixed]
  [ok ] Hex.RealAlgebraicScaling.runAdd4  [fixed]
  [ok ] Hex.RealAlgebraicScaling.runFlintSqrt4  [fixed]
  [ok ] Hex.RealAlgebraicScaling.runSqrt4  [fixed]
  [ok ] Hex.RealAlgebraicBench.runScalars  [fixed]
  [ok ] Hex.RealAlgebraicScaling.runFloor16  [fixed]
  [ok ] Hex.RealAlgebraicBench.runZ3RationalRoots4Protocol  [fixed]
  [ok ] Hex.RealAlgebraicScaling.runFloor256  [fixed]
  [ok ] Hex.RealAlgebraicScaling.runZ3Compare16Protocol  [fixed]
  [ok ] Hex.RealAlgebraicScaling.runFlintRational1024  [fixed]
  [ok ] Hex.RealAlgebraicBench.runZ3QuadraticRoots2Protocol  [fixed]
  [ok ] Hex.RealAlgebraicBench.runHardInv  [fixed]
  [ok ] Hex.RealAlgebraicScaling.runFlintCeil256  [fixed]
  [ok ] Hex.RealAlgebraicBench.runProjections  [fixed]
  [ok ] Hex.RealAlgebraicScaling.runZ3Add8  [fixed]
  [ok ] Hex.RealAlgebraicBench.runHardDiv  [fixed]
  [ok ] Hex.RealAlgebraicScaling.runZ3Sqrt8  [fixed]
  [ok ] Hex.RealAlgebraicScaling.runFlintCompare16Protocol  [fixed]
  [ok ] Hex.RealAlgebraicBench.runFlintRationalRoots8  [fixed]
  [ok ] Hex.RealAlgebraicBench.runHardIntPow  [fixed]
  [ok ] Hex.RealAlgebraicScaling.runFlintAdd8  [fixed]
  [ok ] Hex.RealAlgebraicBench.runRationalRoots4  [fixed]
  [ok ] Hex.RealAlgebraicBench.runZ3RationalRoots4  [fixed]
  [ok ] Hex.RealAlgebraicScaling.runRational1024  [fixed]
  [ok ] Hex.RealAlgebraicBench.runIntegerRoots  [fixed]
  [ok ] Hex.RealAlgebraicBench.runSqrt  [fixed]
  [ok ] Hex.RealAlgebraicBench.runSqrtTotal  [fixed]
  [ok ] Hex.RealAlgebraicScaling.runFlintSqrt2Protocol  [fixed]
  [ok ] Hex.RealAlgebraicScaling.runZ3Sqrt4Protocol  [fixed]
  [ok ] Hex.RealAlgebraicScaling.runFlintCeil256Protocol  [fixed]
  [ok ] Hex.RealAlgebraicBench.runFlintRationalRoots4  [fixed]
  [ok ] Hex.RealAlgebraicScaling.runCeil16  [fixed]
  [ok ] Hex.RealAlgebraicScaling.runFlintRational16  [fixed]
  [ok ] Hex.RealAlgebraicScaling.runFlintCompare16  [fixed]
  [ok ] Hex.RealAlgebraicScaling.runZ3Add8Protocol  [fixed]
  [ok ] Hex.RealAlgebraicBench.runCloseCompare  [fixed]
all 196 benchmark(s) passed
