Hex.SignDetBench.Height.runReduce    expected complexity: height    [warm cache]
  env: lean=4.34.1, os=linux, arch=x86_64, commit=640bf10, 2026-09-28T18:43:32Z, host=chungus2
    param  per-call    repeats  C
    8_192    8.268 µs  ×2^17    C=1.008 [trial 1/6] †
   16_384   14.033 µs  ×2^16    C=0.856 [trial 1/6]
   32_768   22.680 µs  ×2^15    C=0.691 [trial 1/6]
   65_536   41.741 µs  ×2^14    C=0.640 [trial 1/6]
  131_072   77.728 µs  ×2^13    C=0.594 [trial 1/6]
  262_144  164.884 µs  ×2^12    C=0.629 [trial 1/6]
  524_288  323.659 µs  ×2^11    C=0.619 [trial 1/6]
    8_192    8.253 µs  ×2^17    C=1.008 [trial 2/6] †
   16_384   14.002 µs  ×2^16    C=0.856 [trial 2/6]
   32_768   22.662 µs  ×2^15    C=0.691 [trial 2/6]
   65_536   41.646 µs  ×2^14    C=0.640 [trial 2/6]
  131_072   77.958 µs  ×2^13    C=0.594 [trial 2/6]
  262_144  165.045 µs  ×2^12    C=0.629 [trial 2/6]
  524_288  324.677 µs  ×2^11    C=0.619 [trial 2/6]
    8_192    8.350 µs  ×2^16    C=1.008 [trial 3/6] †
   16_384   14.044 µs  ×2^16    C=0.856 [trial 3/6]
   32_768   22.594 µs  ×2^15    C=0.691 [trial 3/6]
   65_536   42.658 µs  ×2^14    C=0.640 [trial 3/6]
  131_072   77.865 µs  ×2^13    C=0.594 [trial 3/6]
  262_144  164.509 µs  ×2^12    C=0.629 [trial 3/6]
  524_288  324.778 µs  ×2^11    C=0.619 [trial 3/6]
    8_192    8.274 µs  ×2^17    C=1.008 [trial 4/6] †
   16_384   13.991 µs  ×2^16    C=0.856 [trial 4/6]
   32_768   22.670 µs  ×2^15    C=0.691 [trial 4/6]
   65_536   42.338 µs  ×2^14    C=0.640 [trial 4/6]
  131_072   77.842 µs  ×2^13    C=0.594 [trial 4/6]
  262_144  164.952 µs  ×2^12    C=0.629 [trial 4/6]
  524_288  325.480 µs  ×2^11    C=0.619 [trial 4/6]
    8_192    8.193 µs  ×2^16    C=1.008 [trial 5/6] †
   16_384   14.057 µs  ×2^16    C=0.856 [trial 5/6]
   32_768   22.637 µs  ×2^15    C=0.691 [trial 5/6]
   65_536   42.098 µs  ×2^14    C=0.640 [trial 5/6]
  131_072   77.904 µs  ×2^13    C=0.594 [trial 5/6]
  262_144  164.516 µs  ×2^12    C=0.629 [trial 5/6]
  524_288  324.868 µs  ×2^11    C=0.619 [trial 5/6]
    8_192    8.251 µs  ×2^17    C=1.008 [trial 6/6] †
   16_384   13.982 µs  ×2^16    C=0.856 [trial 6/6]
   32_768   22.609 µs  ×2^15    C=0.691 [trial 6/6]
   65_536   41.297 µs  ×2^14    C=0.640 [trial 6/6]
  131_072   78.099 µs  ×2^13    C=0.594 [trial 6/6]
  262_144  165.962 µs  ×2^12    C=0.629 [trial 6/6]
  524_288  324.635 µs  ×2^11    C=0.619 [trial 6/6]
  verdict: consistent with declared complexity (cMin=0.594, cMax=0.856, β=-0.081)
  per-spawn floor (harness self-measurement): 21.614 ms
  peak RSS: 68_348 kB..69_760 kB (across 42 ok row(s))
  trial summaries (6 trials per param; spread = (max-min)/median):
      param  trials  median      min         max         spread
      8_192  6/6       8.261 µs    8.193 µs    8.350 µs  1.895%
     16_384  6/6      14.018 µs   13.982 µs   14.057 µs  0.536%
     32_768  6/6      22.650 µs   22.594 µs   22.680 µs  0.378%
     65_536  6/6      41.920 µs   41.297 µs   42.658 µs  3.247%
    131_072  6/6      77.885 µs   77.728 µs   78.099 µs  0.477%
    262_144  6/6     164.918 µs  164.509 µs  165.962 µs  0.881%
    524_288  6/6     324.727 µs  323.659 µs  325.480 µs  0.561%
exported to /tmp/issue-10377-height-measurement-640bf10bd/Height.runReduce.json
