Hex.SignDetBench.Height.runCheck    expected complexity: height    [warm cache]
  env: lean=4.34.1, os=linux, arch=x86_64, commit=640bf10, 2026-09-28T18:44:05Z, host=chungus2
    param  per-call    repeats  C
    8_192   18.047 µs  ×2^15    C=2.204 [trial 1/6] †
   16_384   33.207 µs  ×2^15    C=2.027 [trial 1/6]
   32_768   57.560 µs  ×2^14    C=1.756 [trial 1/6]
   65_536  108.270 µs  ×2^13    C=1.645 [trial 1/6]
  131_072  206.595 µs  ×2^12    C=1.573 [trial 1/6]
  262_144  404.805 µs  ×2^11    C=1.544 [trial 1/6]
  524_288  808.476 µs  ×2^10    C=1.543 [trial 1/6]
    8_192   18.060 µs  ×2^15    C=2.204 [trial 2/6] †
   16_384   33.360 µs  ×2^15    C=2.027 [trial 2/6]
   32_768   57.673 µs  ×2^14    C=1.756 [trial 2/6]
   65_536  107.755 µs  ×2^13    C=1.645 [trial 2/6]
  131_072  206.145 µs  ×2^12    C=1.573 [trial 2/6]
  262_144  404.633 µs  ×2^11    C=1.544 [trial 2/6]
  524_288  808.810 µs  ×2^10    C=1.543 [trial 2/6]
    8_192   18.028 µs  ×2^15    C=2.204 [trial 3/6] †
   16_384   33.407 µs  ×2^15    C=2.027 [trial 3/6]
   32_768   57.447 µs  ×2^14    C=1.756 [trial 3/6]
   65_536  108.157 µs  ×2^13    C=1.645 [trial 3/6]
  131_072  206.305 µs  ×2^12    C=1.573 [trial 3/6]
  262_144  404.916 µs  ×2^11    C=1.544 [trial 3/6]
  524_288  808.291 µs  ×2^10    C=1.543 [trial 3/6]
    8_192   18.108 µs  ×2^15    C=2.204 [trial 4/6] †
   16_384   33.210 µs  ×2^15    C=2.027 [trial 4/6]
   32_768   57.571 µs  ×2^14    C=1.756 [trial 4/6]
   65_536  107.524 µs  ×2^13    C=1.645 [trial 4/6]
  131_072  206.100 µs  ×2^12    C=1.573 [trial 4/6]
  262_144  404.514 µs  ×2^11    C=1.544 [trial 4/6]
  524_288  809.224 µs  ×2^10    C=1.543 [trial 4/6]
    8_192   18.066 µs  ×2^15    C=2.204 [trial 5/6] †
   16_384   33.220 µs  ×2^14    C=2.027 [trial 5/6]
   32_768   57.504 µs  ×2^14    C=1.756 [trial 5/6]
   65_536  107.701 µs  ×2^13    C=1.645 [trial 5/6]
  131_072  205.948 µs  ×2^12    C=1.573 [trial 5/6]
  262_144  404.777 µs  ×2^11    C=1.544 [trial 5/6]
  524_288  808.796 µs  ×2^10    C=1.543 [trial 5/6]
    8_192   18.036 µs  ×2^15    C=2.204 [trial 6/6] †
   16_384   33.211 µs  ×2^14    C=2.027 [trial 6/6]
   32_768   57.455 µs  ×2^14    C=1.756 [trial 6/6]
   65_536  107.827 µs  ×2^13    C=1.645 [trial 6/6]
  131_072  205.704 µs  ×2^12    C=1.573 [trial 6/6]
  262_144  403.865 µs  ×2^11    C=1.544 [trial 6/6]
  524_288  809.443 µs  ×2^10    C=1.543 [trial 6/6]
  verdict: consistent with declared complexity (cMin=1.543, cMax=2.027, β=-0.074)
  per-spawn floor (harness self-measurement): 21.807 ms
  peak RSS: 68_272 kB..69_312 kB (across 42 ok row(s))
  trial summaries (6 trials per param; spread = (max-min)/median):
      param  trials  median      min         max         spread
      8_192  6/6      18.054 µs   18.028 µs   18.108 µs  0.443%
     16_384  6/6      33.216 µs   33.207 µs   33.407 µs  0.602%
     32_768  6/6      57.532 µs   57.447 µs   57.673 µs  0.393%
     65_536  6/6     107.791 µs  107.524 µs  108.270 µs  0.692%
    131_072  6/6     206.123 µs  205.704 µs  206.595 µs  0.432%
    262_144  6/6     404.705 µs  403.865 µs  404.916 µs  0.260%
    524_288  6/6     808.803 µs  808.291 µs  809.443 µs  0.142%
exported to /tmp/issue-10377-height-measurement-640bf10bd/Height.runCheck.json
