⚠ [359/612] Replayed HexBerlekamp.Factor
warning: HexBerlekamp/Factor.lean:661:12: This simp argument is unused:
  DensePoly.natDegree

Hint: Omit it from the simp argument list.
  [apply] simp [DensePoly.degree?, DensePoly.size, hcoeffs]

Note: This linter can be disabled with `set_option linter.unusedSimpArgs false`
⚠ [360/612] Replayed HexBerlekamp.RabinSoundness.RabinCore
warning: HexBerlekamp/RabinSoundness/RabinCore.lean:1431:10: This simp argument is unused:
  DensePoly.natDegree

Hint: Omit it from the simp argument list.
  [apply] simp [DensePoly.degree?] at hh_deg

Note: This linter can be disabled with `set_option linter.unusedSimpArgs false`
⚠ [362/612] Replayed HexBerlekamp.RabinSoundness.KernelWitness
warning: HexBerlekamp/RabinSoundness/KernelWitness.lean:57:8: This simp argument is unused:
  DensePoly.natDegree

Hint: Omit it from the simp argument list.
  [apply] simp [DensePoly.degree?, DensePoly.size, hcoeffs]

Note: This linter can be disabled with `set_option linter.unusedSimpArgs false`
ℹ [458/612] Replayed HexBareiss.Bareiss
info: HexBareiss/Bareiss.lean:240:2: Try these:
  [apply] [grind
    .] for pattern: [@getElem (Vector #9 #8) (Fin _) _ _ _ (@getElem (Matrix _ _ _) (Fin _) (Vector _ _) _ _ #5 #1 _) #4 _, @findPivot? _ #8 #7 #6 #5 #4 #3]
  [apply] [grind →] for pattern: [@findPivot? #9 #8 #7 #6 #5 #4 #3, @LE.le `[Nat] `[instLENat] #3 (@Fin.val #8 #1)]
  [apply] [grind
    <=] for pattern: [@getElem (Vector #9 #8) (Fin _) _ _ _ (@getElem (Matrix _ _ _) (Fin _) (Vector _ _) _ _ #5 #1 _) #4 _, @LE.le `[Nat] `[instLENat] #3 (@Fin.val #8 #1)]
  [apply] [grind! →] for pattern: [@findPivot? #9 #8 #7 #6 #5 #4 #3, @Fin.val #8 #1]
info: HexBareiss/Bareiss.lean:982:2: Try this:
  [apply] [grind =] for pattern: [@pivotLoopWith #7 #6 #5 #4 #3 #2 #1 `[0] #0]
info: HexBareiss/Bareiss.lean:990:2: Try these:
  [apply] [grind =] for pattern: [@pivotLoopWith #9 #8 #7 #6 #5 #4 #3 (#2 + 1) #1]
  [apply] [grind
    =>] for pattern: [@LE.le `[Nat] `[instLENat] #8 ((@BareissState.step #9 #8 #1) + 1), @pivotLoopWith _ #8 #7 #6 #5 #4 #3 (#2 + 1) #1]
info: HexBareiss/Bareiss.lean:1000:2: Try these:
  [apply] [grind =] for pattern: [@pivotLoopWith #10 #9 #8 #7 #6 #5 #4 (#3 + 1) #2]
  [apply] [grind
    =_] for pattern: [@pivotLoopWith #10 #9 #8 #7 #6 #5 #4 #3 (@BareissState.mk _ #9 ((@BareissState.step _ #9 #2) + 1) (@stepMatrixWith _ #9 _ _ _ #4 (@BareissState.matrix _ #9 #2) (@BareissState.step _ #9 #2) (@getElem (Vector _ _) `[Nat] _ _ _ (@getElem (Matrix _ _ _) `[Nat] (Vector _ _) _ _ (@BareissState.matrix _ #9 #2) (@BareissState.step _ #9 #2) _) (@BareissState.step _ #9 #2) _) (@BareissState.prevPivot _ #9 #2)) (@getElem (Vector _ _) `[Nat] _ _ _ (@getElem (Matrix _ _ _) `[Nat] (Vector _ _) _ _ (@BareissState.matrix _ #9 #2) (@BareissState.step _ #9 #2) _) (@BareissState.step _ #9 #2) _) (@BareissState.rowSwaps _ #9 #2) `[none])]
  [apply] [grind
    =>] for pattern: [@LE.le `[Nat] `[instLENat] ((@BareissState.step #10 #9 #2) + 2) #9, @pivotLoopWith _ #9 #8 #7 #6 #5 #4 (#3 + 1) #2]
info: HexBareiss/Bareiss.lean:1017:2: Try these:
  [apply] [grind =] for pattern: [@pivotLoopWith #11 #10 #9 #8 #7 #6 #5 (#4 + 1) #3]
  [apply] [grind
    =>] for pattern: [@LE.le `[Nat] `[instLENat] ((@BareissState.step #11 #10 #3) + 2) #10, @findPivot? _ #10 #9 #6 (@BareissState.matrix _ #10 #3) (@Fin.mk #10 (@BareissState.step _ #10 #3) _) ((@BareissState.step _ #10 #3) + 1), @pivotLoopWith _ #10 _ #8 #7 _ #5 (#4 + 1) #3]
info: HexBareiss/Bareiss.lean:1033:2: Try these:
  [apply] [grind
    =_] for pattern: [@pivotLoopWith #13 #12 #11 #10 #9 #8 #7 #6 (@BareissState.mk _ #12 ((@BareissState.step _ #12 #5) + 1) (@stepMatrixWith _ #12 _ _ _ #7 (@rowSwap _ #12 #12 (@BareissState.matrix _ #12 #5) (@Fin.mk #12 (@BareissState.step _ #12 #5) _) #2) (@BareissState.step _ #12 #5) (@getElem (Vector _ _) `[Nat] _ _ _ (@getElem (Matrix _ _ _) `[Nat] (Vector _ _) _ _ (@rowSwap _ #12 #12 (@BareissState.matrix _ #12 #5) (@Fin.mk #12 (@BareissState.step _ #12 #5) _) #2) (@BareissState.step _ #12 #5) _) (@BareissState.step _ #12 #5) _) (@BareissState.prevPivot _ #12 #5)) (@getElem (Vector _ _) `[Nat] _ _ _ (@getElem (Matrix _ _ _) `[Nat] (Vector _ _) _ _ (@rowSwap _ #12 #12 (@BareissState.matrix _ #12 #5) (@Fin.mk #12 (@BareissState.step _ #12 #5) _) #2) (@BareissState.step _ #12 #5) _) (@BareissState.step _ #12 #5) _) ((@BareissState.rowSwaps _ #12 #5) + 1) `[none])]
  [apply] [grind
    .] for pattern: [@pivotLoopWith #13 #12 #11 #10 #9 #8 #7 (#6 + 1) #5, @pivotLoopWith _ #12 _ _ _ _ #7 #6 (@BareissState.mk _ #12 ((@BareissState.step _ #12 #5) + 1) (@stepMatrixWith _ #12 _ _ _ #7 (@rowSwap _ #12 #12 (@BareissState.matrix _ #12 #5) (@Fin.mk #12 (@BareissState.step _ #12 #5) _) #2) (@BareissState.step _ #12 #5) (@getElem (Vector _ _) `[Nat] _ _ _ (@getElem (Matrix _ _ _) `[Nat] (Vector _ _) _ _ (@rowSwap _ #12 #12 (@BareissState.matrix _ #12 #5) (@Fin.mk #12 (@BareissState.step _ #12 #5) _) #2) (@BareissState.step _ #12 #5) _) (@BareissState.step _ #12 #5) _) (@BareissState.prevPivot _ #12 #5)) (@getElem (Vector _ _) `[Nat] _ _ _ (@getElem (Matrix _ _ _) `[Nat] (Vector _ _) _ _ (@rowSwap _ #12 #12 (@BareissState.matrix _ #12 #5) (@Fin.mk #12 (@BareissState.step _ #12 #5) _) #2) (@BareissState.step _ #12 #5) _) (@BareissState.step _ #12 #5) _) ((@BareissState.rowSwaps _ #12 #5) + 1) `[none])]
  [apply] [grind
    =>] for pattern: [@LE.le `[Nat] `[instLENat] ((@BareissState.step #13 #12 #5) + 2) #12, @findPivot? _ #12 #11 #8 (@BareissState.matrix _ #12 #5) (@Fin.mk #12 (@BareissState.step _ #12 #5) _) ((@BareissState.step _ #12 #5) + 1), @some (Fin _) #2, @pivotLoopWith _ #12 _ #10 #9 _ #7 (#6 + 1) #5]
  [apply] [grind!
    .] for pattern: [@pivotLoopWith #13 #12 #11 #10 #9 #8 #7 (#6 + 1) #5, @rowSwap _ #12 #12 (@BareissState.matrix _ #12 #5) (@Fin.mk #12 (@BareissState.step _ #12 #5) _) #2]
info: HexBareiss/Bareiss.lean:1141:2: Try this:
  [apply] [grind =] for pattern: [@noPivotLoopWith #7 #6 #5 #4 #3 #2 #1 `[0] #0]
info: HexBareiss/Bareiss.lean:1149:2: Try these:
  [apply] [grind =] for pattern: [@noPivotLoopWith #9 #8 #7 #6 #5 #4 #3 (#2 + 1) #1]
  [apply] [grind
    =>] for pattern: [@LE.le `[Nat] `[instLENat] #8 ((@BareissState.step #9 #8 #1) + 1), @noPivotLoopWith _ #8 #7 #6 #5 #4 #3 (#2 + 1) #1]
info: HexBareiss/Bareiss.lean:1158:2: Try these:
  [apply] [grind =] for pattern: [@noPivotLoopWith #10 #9 #8 #7 #6 #5 #4 (#3 + 1) #2]
  [apply] [grind
    =>] for pattern: [@LE.le `[Nat] `[instLENat] ((@BareissState.step #10 #9 #2) + 2) #9, @noPivotLoopWith _ #9 #8 #7 #6 #5 #4 (#3 + 1) #2]
info: HexBareiss/Bareiss.lean:1168:2: Try these:
  [apply] [grind =] for pattern: [@noPivotLoopWith #10 #9 #8 #7 #6 #5 #4 (#3 + 1) #2]
  [apply] [grind
    =_] for pattern: [@noPivotLoopWith #10 #9 #8 #7 #6 #5 #4 #3 (@BareissState.mk _ #9 ((@BareissState.step _ #9 #2) + 1) (@stepMatrixWith _ #9 _ _ _ #4 (@BareissState.matrix _ #9 #2) (@BareissState.step _ #9 #2) (@getElem (Vector _ _) `[Nat] _ _ _ (@getElem (Matrix _ _ _) `[Nat] (Vector _ _) _ _ (@BareissState.matrix _ #9 #2) (@BareissState.step _ #9 #2) _) (@BareissState.step _ #9 #2) _) (@BareissState.prevPivot _ #9 #2)) (@getElem (Vector _ _) `[Nat] _ _ _ (@getElem (Matrix _ _ _) `[Nat] (Vector _ _) _ _ (@BareissState.matrix _ #9 #2) (@BareissState.step _ #9 #2) _) (@BareissState.step _ #9 #2) _) (@BareissState.rowSwaps _ #9 #2) `[none])]
  [apply] [grind
    =>] for pattern: [@LE.le `[Nat] `[instLENat] ((@BareissState.step #10 #9 #2) + 2) #9, @noPivotLoopWith _ #9 #8 #7 #6 #5 #4 (#3 + 1) #2]
info: HexBareiss/Bareiss.lean:1185:2: Try these:
  [apply] [grind
    =] for pattern: [@getElem (Vector #11 #10) (Fin _) _ _ _ (@getElem (Matrix _ _ _) (Fin _) (Vector _ _) _ _ (@BareissState.matrix _ #10 (@noPivotLoopWith _ #10 #9 #8 #7 #6 #5 #4 #3)) #2 _) #1 _]
  [apply] [grind
    =>] for pattern: [@LE.le `[Nat] `[instLENat] (@Fin.val #10 #2) (@BareissState.step #11 #10 #3), @LE.le `[Nat] `[instLENat] ((@Fin.val #10 #1) + 1) (@BareissState.step _ #10 #3), @getElem (Vector _ _) (Fin _) _ _ _ (@getElem (Matrix _ _ _) (Fin _) (Vector _ _) _ _ (@BareissState.matrix _ #10 (@noPivotLoopWith _ #10 #9 #8 #7 #6 #5 #4 #3)) #2 _) #1 _]
  [apply] [grind!
    =>] for pattern: [@LE.le `[Nat] `[instLENat] (@Fin.val #10 #2) (@BareissState.step #11 #10 #3), @LE.le `[Nat] `[instLENat] ((@Fin.val #10 #1) + 1) (@BareissState.step _ #10 #3), @noPivotLoopWith _ #10 #9 #8 #7 #6 #5 #4 #3]
info: HexBareiss/Bareiss.lean:1660:2: Try this:
  [apply] [grind
    =] for pattern: [@pivotLoopWith `[Int] #1 `[Zero.ofOfNat0] `[Int.instSub] `[Int.instMul] `[Int.instDecidableEq] `[HexArith.Int.exactDiv] `[0] #0]
info: HexBareiss/Bareiss.lean:1665:2: Try these:
  [apply] [grind
    =] for pattern: [@pivotLoopWith `[Int] #3 `[Zero.ofOfNat0] `[Int.instSub] `[Int.instMul] `[Int.instDecidableEq] `[HexArith.Int.exactDiv] (#2 + 1) #1]
  [apply] [grind
    =>] for pattern: [@LE.le `[Nat] `[instLENat] #3 ((@BareissState.step `[Int] #3 #1) + 1), @pivotLoopWith `[Int] #3 `[Zero.ofOfNat0] `[Int.instSub] `[Int.instMul] `[Int.instDecidableEq] `[HexArith.Int.exactDiv] (#2 + 1) #1]
info: HexBareiss/Bareiss.lean:1671:2: Try these:
  [apply] [grind
    =] for pattern: [@pivotLoopWith `[Int] #4 `[Zero.ofOfNat0] `[Int.instSub] `[Int.instMul] `[Int.instDecidableEq] `[HexArith.Int.exactDiv] (#3 + 1) #2]
  [apply] [grind
    =_] for pattern: [@pivotLoopWith `[Int] #4 `[Zero.ofOfNat0] `[Int.instSub] `[Int.instMul] `[Int.instDecidableEq] `[HexArith.Int.exactDiv] #3 (@BareissState.mk `[Int] #4 ((@BareissState.step `[Int] #4 #2) + 1) (@stepMatrixWith `[Int] #4 `[Zero.ofOfNat0] `[Int.instSub] `[Int.instMul] `[HexArith.Int.exactDiv] (@BareissState.matrix `[Int] #4 #2) (@BareissState.step `[Int] #4 #2) (@getElem (Vector `[Int] _) `[Nat] `[Int] _ _ (@getElem (Matrix `[Int] _ _) `[Nat] (Vector `[Int] _) _ _ (@BareissState.matrix `[Int] #4 #2) (@BareissState.step `[Int] #4 #2) _) (@BareissState.step `[Int] #4 #2) _) (@BareissState.prevPivot `[Int] #4 #2)) (@getElem (Vector `[Int] _) `[Nat] `[Int] _ _ (@getElem (Matrix `[Int] _ _) `[Nat] (Vector `[Int] _) _ _ (@BareissState.matrix `[Int] #4 #2) (@BareissState.step `[Int] #4 #2) _) (@BareissState.step `[Int] #4 #2) _) (@BareissState.rowSwaps `[Int] #4 #2) `[none])]
  [apply] [grind
    =>] for pattern: [@LE.le `[Nat] `[instLENat] ((@BareissState.step `[Int] #4 #2) + 2) #4, @pivotLoopWith `[Int] #4 `[Zero.ofOfNat0] `[Int.instSub] `[Int.instMul] `[Int.instDecidableEq] `[HexArith.Int.exactDiv] (#3 + 1) #2]
info: HexBareiss/Bareiss.lean:1685:2: Try these:
  [apply] [grind
    =] for pattern: [@pivotLoopWith `[Int] #5 `[Zero.ofOfNat0] `[Int.instSub] `[Int.instMul] `[Int.instDecidableEq] `[HexArith.Int.exactDiv] (#4 + 1) #3]
  [apply] [grind
    =>] for pattern: [@LE.le `[Nat] `[instLENat] ((@BareissState.step `[Int] #5 #3) + 2) #5, @pivotLoopWith `[Int] #5 `[Zero.ofOfNat0] `[Int.instSub] `[Int.instMul] `[Int.instDecidableEq] `[HexArith.Int.exactDiv] (#4 + 1) #3]
info: HexBareiss/Bareiss.lean:1697:2: Try these:
  [apply] [grind
    =_] for pattern: [@pivotLoopWith `[Int] #7 `[Zero.ofOfNat0] `[Int.instSub] `[Int.instMul] `[Int.instDecidableEq] `[HexArith.Int.exactDiv] #6 (@BareissState.mk `[Int] #7 ((@BareissState.step `[Int] #7 #5) + 1) (@stepMatrixWith `[Int] #7 `[Zero.ofOfNat0] `[Int.instSub] `[Int.instMul] `[HexArith.Int.exactDiv] (@rowSwap `[Int] #7 #7 (@BareissState.matrix `[Int] #7 #5) (@Fin.mk #7 (@BareissState.step `[Int] #7 #5) _) #2) (@BareissState.step `[Int] #7 #5) (@getElem (Vector `[Int] _) `[Nat] `[Int] _ _ (@getElem (Matrix `[Int] _ _) `[Nat] (Vector `[Int] _) _ _ (@rowSwap `[Int] #7 #7 (@BareissState.matrix `[Int] #7 #5) (@Fin.mk #7 (@BareissState.step `[Int] #7 #5) _) #2) (@BareissState.step `[Int] #7 #5) _) (@BareissState.step `[Int] #7 #5) _) (@BareissState.prevPivot `[Int] #7 #5)) (@getElem (Vector `[Int] _) `[Nat] `[Int] _ _ (@getElem (Matrix `[Int] _ _) `[Nat] (Vector `[Int] _) _ _ (@rowSwap `[Int] #7 #7 (@BareissState.matrix `[Int] #7 #5) (@Fin.mk #7 (@BareissState.step `[Int] #7 #5) _) #2) (@BareissState.step `[Int] #7 #5) _) (@BareissState.step `[Int] #7 #5) _) ((@BareissState.rowSwaps `[Int] #7 #5) + 1) `[none])]
  [apply] [grind
    .] for pattern: [@pivotLoopWith `[Int] #7 `[Zero.ofOfNat0] `[Int.instSub] `[Int.instMul] `[Int.instDecidableEq] `[HexArith.Int.exactDiv] (#6 + 1) #5, @pivotLoopWith `[Int] #7 `[Zero.ofOfNat0] `[Int.instSub] `[Int.instMul] `[Int.instDecidableEq] `[HexArith.Int.exactDiv] #6 (@BareissState.mk `[Int] #7 ((@BareissState.step `[Int] #7 #5) + 1) (@stepMatrixWith `[Int] #7 `[Zero.ofOfNat0] `[Int.instSub] `[Int.instMul] `[HexArith.Int.exactDiv] (@rowSwap `[Int] #7 #7 (@BareissState.matrix `[Int] #7 #5) (@Fin.mk #7 (@BareissState.step `[Int] #7 #5) _) #2) (@BareissState.step `[Int] #7 #5) (@getElem (Vector `[Int] _) `[Nat] `[Int] _ _ (@getElem (Matrix `[Int] _ _) `[Nat] (Vector `[Int] _) _ _ (@rowSwap `[Int] #7 #7 (@BareissState.matrix `[Int] #7 #5) (@Fin.mk #7 (@BareissState.step `[Int] #7 #5) _) #2) (@BareissState.step `[Int] #7 #5) _) (@BareissState.step `[Int] #7 #5) _) (@BareissState.prevPivot `[Int] #7 #5)) (@getElem (Vector `[Int] _) `[Nat] `[Int] _ _ (@getElem (Matrix `[Int] _ _) `[Nat] (Vector `[Int] _) _ _ (@rowSwap `[Int] #7 #7 (@BareissState.matrix `[Int] #7 #5) (@Fin.mk #7 (@BareissState.step `[Int] #7 #5) _) #2) (@BareissState.step `[Int] #7 #5) _) (@BareissState.step `[Int] #7 #5) _) ((@BareissState.rowSwaps `[Int] #7 #5) + 1) `[none])]
  [apply] [grind
    =>] for pattern: [@LE.le `[Nat] `[instLENat] ((@BareissState.step `[Int] #7 #5) + 2) #7, @some (Fin _) #2, @pivotLoopWith `[Int] #7 `[Zero.ofOfNat0] `[Int.instSub] `[Int.instMul] `[Int.instDecidableEq] `[HexArith.Int.exactDiv] (#6 + 1) #5]
  [apply] [grind!
    .] for pattern: [@pivotLoopWith `[Int] #7 `[Zero.ofOfNat0] `[Int.instSub] `[Int.instMul] `[Int.instDecidableEq] `[HexArith.Int.exactDiv] (#6 + 1) #5, @rowSwap `[Int] #7 #7 (@BareissState.matrix `[Int] #7 #5) (@Fin.mk #7 (@BareissState.step `[Int] #7 #5) _) #2]
info: HexBareiss/Bareiss.lean:1729:2: Try this:
  [apply] [grind
    =] for pattern: [@noPivotLoopWith `[Int] #1 `[Zero.ofOfNat0] `[Int.instSub] `[Int.instMul] `[Int.instDecidableEq] `[HexArith.Int.exactDiv] `[0] #0]
info: HexBareiss/Bareiss.lean:1734:2: Try these:
  [apply] [grind
    =] for pattern: [@noPivotLoopWith `[Int] #3 `[Zero.ofOfNat0] `[Int.instSub] `[Int.instMul] `[Int.instDecidableEq] `[HexArith.Int.exactDiv] (#2 + 1) #1]
  [apply] [grind
    =>] for pattern: [@LE.le `[Nat] `[instLENat] #3 ((@BareissState.step `[Int] #3 #1) + 1), @noPivotLoopWith `[Int] #3 `[Zero.ofOfNat0] `[Int.instSub] `[Int.instMul] `[Int.instDecidableEq] `[HexArith.Int.exactDiv] (#2 + 1) #1]
info: HexBareiss/Bareiss.lean:1740:2: Try these:
  [apply] [grind
    =] for pattern: [@noPivotLoopWith `[Int] #4 `[Zero.ofOfNat0] `[Int.instSub] `[Int.instMul] `[Int.instDecidableEq] `[HexArith.Int.exactDiv] (#3 + 1) #2]
  [apply] [grind
    =>] for pattern: [@LE.le `[Nat] `[instLENat] ((@BareissState.step `[Int] #4 #2) + 2) #4, @noPivotLoopWith `[Int] #4 `[Zero.ofOfNat0] `[Int.instSub] `[Int.instMul] `[Int.instDecidableEq] `[HexArith.Int.exactDiv] (#3 + 1) #2]
info: HexBareiss/Bareiss.lean:1747:2: Try these:
  [apply] [grind
    =] for pattern: [@noPivotLoopWith `[Int] #4 `[Zero.ofOfNat0] `[Int.instSub] `[Int.instMul] `[Int.instDecidableEq] `[HexArith.Int.exactDiv] (#3 + 1) #2]
  [apply] [grind
    =_] for pattern: [@noPivotLoopWith `[Int] #4 `[Zero.ofOfNat0] `[Int.instSub] `[Int.instMul] `[Int.instDecidableEq] `[HexArith.Int.exactDiv] #3 (@BareissState.mk `[Int] #4 ((@BareissState.step `[Int] #4 #2) + 1) (@stepMatrixWith `[Int] #4 `[Zero.ofOfNat0] `[Int.instSub] `[Int.instMul] `[HexArith.Int.exactDiv] (@BareissState.matrix `[Int] #4 #2) (@BareissState.step `[Int] #4 #2) (@getElem (Vector `[Int] _) `[Nat] `[Int] _ _ (@getElem (Matrix `[Int] _ _) `[Nat] (Vector `[Int] _) _ _ (@BareissState.matrix `[Int] #4 #2) (@BareissState.step `[Int] #4 #2) _) (@BareissState.step `[Int] #4 #2) _) (@BareissState.prevPivot `[Int] #4 #2)) (@getElem (Vector `[Int] _) `[Nat] `[Int] _ _ (@getElem (Matrix `[Int] _ _) `[Nat] (Vector `[Int] _) _ _ (@BareissState.matrix `[Int] #4 #2) (@BareissState.step `[Int] #4 #2) _) (@BareissState.step `[Int] #4 #2) _) (@BareissState.rowSwaps `[Int] #4 #2) `[none])]
  [apply] [grind
    =>] for pattern: [@LE.le `[Nat] `[instLENat] ((@BareissState.step `[Int] #4 #2) + 2) #4, @noPivotLoopWith `[Int] #4 `[Zero.ofOfNat0] `[Int.instSub] `[Int.instMul] `[Int.instDecidableEq] `[HexArith.Int.exactDiv] (#3 + 1) #2]
info: HexBareiss/Bareiss.lean:1761:2: Try these:
  [apply] [grind
    =] for pattern: [@getElem (Vector `[Int] #5) (Fin _) `[Int] _ _ (@getElem (Matrix `[Int] _ _) (Fin _) (Vector `[Int] _) _ _ (@BareissState.matrix `[Int] #5 (@noPivotLoopWith `[Int] #5 `[Zero.ofOfNat0] `[Int.instSub] `[Int.instMul] `[Int.instDecidableEq] `[HexArith.Int.exactDiv] #4 #3)) #2 _) #1 _]
  [apply] [grind
    =>] for pattern: [@LE.le `[Nat] `[instLENat] (@Fin.val #5 #2) (@BareissState.step `[Int] #5 #3), @LE.le `[Nat] `[instLENat] ((@Fin.val #5 #1) + 1) (@BareissState.step `[Int] #5 #3), @getElem (Vector `[Int] _) (Fin _) `[Int] _ _ (@getElem (Matrix `[Int] _ _) (Fin _) (Vector `[Int] _) _ _ (@BareissState.matrix `[Int] #5 (@noPivotLoopWith `[Int] #5 `[Zero.ofOfNat0] `[Int.instSub] `[Int.instMul] `[Int.instDecidableEq] `[HexArith.Int.exactDiv] #4 #3)) #2 _) #1 _]
  [apply] [grind!
    =>] for pattern: [@LE.le `[Nat] `[instLENat] (@Fin.val #5 #2) (@BareissState.step `[Int] #5 #3), @LE.le `[Nat] `[instLENat] ((@Fin.val #5 #1) + 1) (@BareissState.step `[Int] #5 #3), @noPivotLoopWith `[Int] #5 `[Zero.ofOfNat0] `[Int.instSub] `[Int.instMul] `[Int.instDecidableEq] `[HexArith.Int.exactDiv] #4 #3]
ℹ [534/612] Replayed HexPrimality.Table:c.o
info: stderr:
/home/kim/worktrees/hex-dev/hex-dev-issue-10358/.lake/build/ir/HexPrimality/Table.c:37:114: warning: implicit truncation from '__size_t' (aka 'unsigned long') to bit-field changes value from 76760 to 11224 [-Wbitfield-constant-conversion]
1 warning generated.
⚠ [578/612] Replayed HexBerlekamp.DistinctDegree
warning: HexBerlekamp/DistinctDegree.lean:344:8: This simp argument is unused:
  DensePoly.natDegree

Hint: Omit it from the simp argument list.
  [apply] simp [DensePoly.degree?, DensePoly.size, hcoeffs]

Note: This linter can be disabled with `set_option linter.unusedSimpArgs false`
⚠ [3079/3310] Replayed HexPolyFpMathlib.Basic
warning: HexPolyFpMathlib/Basic.lean:303:12: This simp argument is unused:
  Hex.DensePoly.natDegree

Hint: Omit it from the simp argument list.
  [apply] simp [Hex.DensePoly.degree?, hsize]

Note: This linter can be disabled with `set_option linter.unusedSimpArgs false`
⚠ [4215/4246] Replayed HexMatrixMathlib.Packed
warning: HexMatrixMathlib/Packed.lean:141:10: `if_pos` has been deprecated: Use `ite_eq_left` instead

Hint: Replace the deprecated name:
  i̵f̵_̵p̵o̵s̵i̲t̲e̲_̲e̲q̲_̲l̲e̲f̲t̲
warning: HexMatrixMathlib/Packed.lean:149:10: `if_neg` has been deprecated: Use `ite_eq_right` instead

Hint: Replace the deprecated name:
  i̵f̵_̵n̵e̵g̵i̲t̲e̲_̲e̲q̲_̲r̲i̲g̲h̲t̲
⚠ [9707/9890] Replayed HexMvPolyMathlib.Equiv
warning: HexMvPolyMathlib/Equiv.lean:193:4: `MvPolynomial.coeff_add` has been deprecated: Use `AddMonoidAlgebra.coeff_add` instead

Note: The updated constant has a different type:
  ∀ {R : Type u_1} {M : Type u_4} [inst : Semiring R] (x y : AddMonoidAlgebra R M), (x + y).coeff = x.coeff + y.coeff
instead of
  ∀ {R : Type u} {σ : Type u_1} [inst : CommSemiring R] (m : σ →₀ ℕ) (p q : MvPolynomial σ R),
    (p + q).coeff m = p.coeff m + q.coeff m

Note: The updated constant is in a different namespace. Dot notation may need to be changed (e.g., from `x.coeff_add` to `AddMonoidAlgebra.coeff_add x`).
⚠ [9708/9890] Replayed HexMvPolyMathlib.Aeval
warning: HexMvPolyMathlib/Aeval.lean:63:0: automatically included section variable(s) unused in theorem `HexMvPolyMathlib.eval₂_toMvPolynomial`:
  [BEq R]
  [LawfulBEq R]
consider restructuring your `variable` declarations so that the variables are not in scope or explicitly omit them:
  omit [BEq R] [LawfulBEq R] in theorem ...

Note: This linter can be disabled with `set_option linter.unusedSectionVars false`
⚠ [9744/9890] Replayed HexNumberField.Convert
warning: HexNumberField/Convert.lean:58:2: `@[expose]` has no effect; this declaration would be exposed by default
warning: HexNumberField/Convert.lean:59:2: `@[expose]` has no effect; this declaration would be exposed by default
warning: HexNumberField/Convert.lean:60:2: `@[expose]` has no effect; this declaration would be exposed by default
warning: HexNumberField/Convert.lean:61:2: `@[expose]` has no effect; this declaration would be exposed by default
warning: HexNumberField/Convert.lean:62:2: `@[expose]` has no effect; this declaration would be exposed by default
warning: HexNumberField/Convert.lean:63:2: `@[expose]` has no effect; this declaration would be exposed by default
warning: HexNumberField/Convert.lean:64:2: `@[expose]` has no effect; this declaration would be exposed by default
warning: HexNumberField/Convert.lean:65:2: `@[expose]` has no effect; this declaration would be exposed by default
warning: HexNumberField/Convert.lean:66:2: `@[expose]` has no effect; this declaration would be exposed by default
warning: HexNumberField/Convert.lean:67:2: `@[expose]` has no effect; this declaration would be exposed by default
warning: HexNumberField/Convert.lean:68:2: `@[expose]` has no effect; this declaration would be exposed by default
warning: HexNumberField/Convert.lean:69:2: `@[expose]` has no effect; this declaration would be exposed by default
warning: HexNumberField/Convert.lean:71:2: `@[expose]` has no effect; this declaration would be exposed by default
warning: HexNumberField/Convert.lean:72:2: `@[expose]` has no effect; this declaration would be exposed by default
warning: HexNumberField/Convert.lean:73:2: `@[expose]` has no effect; this declaration would be exposed by default
warning: HexNumberField/Convert.lean:74:2: `@[expose]` has no effect; this declaration would be exposed by default
⚠ [9778/9890] Replayed HexRootsMathlib.Taylor
warning: HexRootsMathlib/Taylor.lean:73:10: This simp argument is unused:
  Hex.DensePoly.natDegree

Hint: Omit it from the simp argument list.
  [apply] simp [Hex.DensePoly.degree?, Nat.ne_of_gt hp]

Note: This linter can be disabled with `set_option linter.unusedSimpArgs false`
⚠ [9779/9890] Replayed HexRootsMathlib.SoftPellet
warning: HexRootsMathlib/SoftPellet.lean:504:12: This simp argument is unused:
  Hex.DensePoly.natDegree

Hint: Omit it from the simp argument list.
  [apply] simp [Hex.DensePoly.degree?, Nat.ne_of_gt hp]

Note: This linter can be disabled with `set_option linter.unusedSimpArgs false`
⚠ [9780/9890] Replayed HexRootsMathlib.RootFree
warning: HexRootsMathlib/RootFree.lean:109:12: This simp argument is unused:
  Hex.DensePoly.natDegree

Hint: Omit it from the simp argument list.
  [apply] simp [Hex.DensePoly.degree?, Nat.ne_of_gt hp]

Note: This linter can be disabled with `set_option linter.unusedSimpArgs false`
⚠ [9785/9890] Replayed HexRootsMathlib.NKWitness
warning: HexRootsMathlib/NKWitness.lean:256:10: This simp argument is unused:
  Hex.DensePoly.natDegree

Hint: Omit it from the simp argument list.
  [apply] simp [Hex.DensePoly.degree?, Nat.ne_of_gt hp]

Note: This linter can be disabled with `set_option linter.unusedSimpArgs false`
⚠ [9883/10716] Replayed HexRCF.RealCoefficients.LiteralSign
warning: adapters/HexRCF/RealCoefficients/LiteralSign.lean:187:17: This simp argument is unused:
  hfind

Hint: Omit it from the simp argument list.
  [apply] simp only [Option.map_some]

Note: This linter can be disabled with `set_option linter.unusedSimpArgs false`
warning: adapters/HexRCF/RealCoefficients/LiteralSign.lean:196:23: This simp argument is unused:
  hfind

Hint: Omit it from the simp argument list.
  [apply] simp only [Option.map_none]

Note: This linter can be disabled with `set_option linter.unusedSimpArgs false`
⚠ [9932/10716] Replayed HexSignDet.Produce
warning: HexSignDet/Produce.lean:142:5: Variable name `h` is not explicitly referenced.

Hint: The binding can be removed (if unused) or named `_` (if used implicitly). Alternatively, prefix the name with `_` to silence this warning:
  [apply] _h

Note: This linter can be disabled with `set_option linter.unusedVariables false`
⚠ [9973/10716] Replayed HexSignDet.Dag
warning: HexSignDet/Dag.lean:164:26: This simp argument is unused:
  bind

Hint: Omit it from the simp argument list.
  [apply] simp [hr, Option.bind] at h

Note: This linter can be disabled with `set_option linter.unusedSimpArgs false`
warning: HexSignDet/Dag.lean:164:32: This simp argument is unused:
  Option.bind

Hint: Omit it from the simp argument list.
  [apply] simp [hr, bind] at h

Note: This linter can be disabled with `set_option linter.unusedSimpArgs false`
warning: HexSignDet/Dag.lean:166:23: This simp argument is unused:
  bind

Hint: Omit it from the simp argument list.
  [apply] simp only [hr, Option.bind] at h

Note: This linter can be disabled with `set_option linter.unusedSimpArgs false`
warning: HexSignDet/Dag.lean:166:29: This simp argument is unused:
  Option.bind

Hint: Omit it from the simp argument list.
  [apply] simp only [hr, bind] at h

Note: This linter can be disabled with `set_option linter.unusedSimpArgs false`
⚠ [10374/10716] Replayed HexSignDetMathlib.SelectedRoot
warning: adapters/HexSignDetMathlib/SelectedRoot.lean:382:32: This simp argument is unused:
  castSignPos

Hint: Omit it from the simp argument list.
  [apply] simp_all [Tarski.inInterval_iff, Endpoint.map, signsAt, RawDescriptor.constraints,
    RawDescriptor.constraintSigns, endpoint_eval f hz h1 hs, castSignNeg]

Note: This linter can be disabled with `set_option linter.unusedSimpArgs false`
warning: adapters/HexSignDetMathlib/SelectedRoot.lean:382:45: This simp argument is unused:
  castSignNeg

Hint: Omit it from the simp argument list.
  [apply] simp_all [Tarski.inInterval_iff, Endpoint.map, signsAt, RawDescriptor.constraints,
    RawDescriptor.constraintSigns, endpoint_eval f hz h1 hs, castSignPos]

Note: This linter can be disabled with `set_option linter.unusedSimpArgs false`
⚠ [10544/10716] Replayed HexRealClosure.Sample
warning: HexRealClosure/Sample.lean:181:59: This simp argument is unused:
  Nat.add_left_comm

Hint: Omit it from the simp argument list.
  [apply] simp [between, ih, Nat.add_comm]

Note: This linter can be disabled with `set_option linter.unusedSimpArgs false`
warning: HexRealClosure/Sample.lean:412:64: This simp argument is unused:
  Nat.add_left_comm

Hint: Omit it from the simp argument list.
  [apply] simp [afterRegions, ih, Nat.add_comm]

Note: This linter can be disabled with `set_option linter.unusedSimpArgs false`
⚠ [10625/10716] Replayed HexNumberFieldMathlib.IntegerRoots
warning: HexNumberFieldMathlib/IntegerRoots.lean:404:33: Used `tac1 <;> tac2` where `(tac1; tac2)` would suffice

Note: This linter can be disabled with `set_option linter.unnecessarySeqFocus false`
⚠ [10638/10716] Replayed HexNumberFieldMathlib.CommonField
warning: HexNumberFieldMathlib/CommonField.lean:109:2: Try this: 
  letI̵

The goal is a proposition, so `let` is preferred over `letI`.
The difference between `let` and `letI` is that `letI` inlines the value.
But this is not relevant for proofs because of proof irrelevance.

Note: This linter can be disabled with `set_option linter.style.haveILetI false`
warning: HexNumberFieldMathlib/CommonField.lean:145:4: Try this: 
  letI̵

The goal is a proposition, so `let` is preferred over `letI`.
The difference between `let` and `letI` is that `letI` inlines the value.
But this is not relevant for proofs because of proof irrelevance.

Note: This linter can be disabled with `set_option linter.style.haveILetI false`
⚠ [10642/10716] Replayed HexNumberFieldMathlib.RootSelection
warning: HexNumberFieldMathlib/RootSelection.lean:172:33: Used `tac1 <;> tac2` where `(tac1; tac2)` would suffice

Note: This linter can be disabled with `set_option linter.unnecessarySeqFocus false`
⚠ [10653/10716] Replayed HexNumberFieldMathlib.Radical
warning: HexNumberFieldMathlib/Radical.lean:32:12: This simp argument is unused:
  hn

Hint: Omit it from the simp argument list.
  [apply] simp [Ne.symm hn, neg_toComplex, Polynomial.coeff_C]

Note: This linter can be disabled with `set_option linter.unusedSimpArgs false`
warning: HexNumberFieldMathlib/Radical.lean:35:18: This simp argument is unused:
  Ne.symm hn

Hint: Omit it from the simp argument list.
  [apply] simp [hn, neg_toComplex, Polynomial.coeff_C]

Note: This linter can be disabled with `set_option linter.unusedSimpArgs false`
warning: HexNumberFieldMathlib/Radical.lean:35:30: This simp argument is unused:
  neg_toComplex

Hint: Omit it from the simp argument list.
  [apply] simp [hn, Ne.symm hn, Polynomial.coeff_C]

Note: This linter can be disabled with `set_option linter.unusedSimpArgs false`
warning: HexNumberFieldMathlib/Radical.lean:63:48: `simp` already closes the goal

Hint: Use `simp` instead of `simpa`:
  [apply] simp [h] at hrmem

Note: This linter can be disabled with `set_option linter.unnecessarySimpa false`
⚠ [10663/10716] Replayed HexRCF.RealCoefficients.Field
warning: adapters/HexRCF/RealCoefficients/Field.lean:249:2: `simp` already closes the goal

Hint: Use `simp` instead of `simpa`:
  [apply] simp [inputs]

Note: This linter can be disabled with `set_option linter.unnecessarySimpa false`
⚠ [10703/10716] Replayed HexRCF.RealCoefficients.SquareTwo
warning: adapters/HexRCF/RealCoefficients/SquareTwo.lean:46:17: `if_neg` has been deprecated: Use `ite_eq_right` instead

Hint: Replace the deprecated name:
  i̵f̵_̵n̵e̵g̵i̲t̲e̲_̲e̲q̲_̲r̲i̲g̲h̲t̲
warning: adapters/HexRCF/RealCoefficients/SquareTwo.lean:46:28: `if_neg` has been deprecated: Use `ite_eq_right` instead

Hint: Replace the deprecated name:
  i̵f̵_̵n̵e̵g̵i̲t̲e̲_̲e̲q̲_̲r̲i̲g̲h̲t̲
warning: adapters/HexRCF/RealCoefficients/SquareTwo.lean:73:19: `if_neg` has been deprecated: Use `ite_eq_right` instead

Hint: Replace the deprecated name:
  i̵f̵_̵n̵e̵g̵i̲t̲e̲_̲e̲q̲_̲r̲i̲g̲h̲t̲
warning: adapters/HexRCF/RealCoefficients/SquareTwo.lean:73:30: `if_neg` has been deprecated: Use `ite_eq_right` instead

Hint: Replace the deprecated name:
  i̵f̵_̵n̵e̵g̵i̲t̲e̲_̲e̲q̲_̲r̲i̲g̲h̲t̲
warning: adapters/HexRCF/RealCoefficients/SquareTwo.lean:93:35: `if_neg` has been deprecated: Use `ite_eq_right` instead

Hint: Replace the deprecated name:
  i̵f̵_̵n̵e̵g̵i̲t̲e̲_̲e̲q̲_̲r̲i̲g̲h̲t̲
warning: adapters/HexRCF/RealCoefficients/SquareTwo.lean:93:46: `if_neg` has been deprecated: Use `ite_eq_right` instead

Hint: Replace the deprecated name:
  i̵f̵_̵n̵e̵g̵i̲t̲e̲_̲e̲q̲_̲r̲i̲g̲h̲t̲
warning: adapters/HexRCF/RealCoefficients/SquareTwo.lean:142:2: Try this: 
  letI̵

The goal is a proposition, so `let` is preferred over `letI`.
The difference between `let` and `letI` is that `letI` inlines the value.
But this is not relevant for proofs because of proof irrelevance.

Note: This linter can be disabled with `set_option linter.style.haveILetI false`
⚠ [10706/10716] Replayed HexRCF.RealCoefficients.CubeTwo
warning: adapters/HexRCF/RealCoefficients/CubeTwo.lean:48:17: `if_neg` has been deprecated: Use `ite_eq_right` instead

Hint: Replace the deprecated name:
  i̵f̵_̵n̵e̵g̵i̲t̲e̲_̲e̲q̲_̲r̲i̲g̲h̲t̲
warning: adapters/HexRCF/RealCoefficients/CubeTwo.lean:48:28: `if_neg` has been deprecated: Use `ite_eq_right` instead

Hint: Replace the deprecated name:
  i̵f̵_̵n̵e̵g̵i̲t̲e̲_̲e̲q̲_̲r̲i̲g̲h̲t̲
warning: adapters/HexRCF/RealCoefficients/CubeTwo.lean:79:35: `if_neg` has been deprecated: Use `ite_eq_right` instead

Hint: Replace the deprecated name:
  i̵f̵_̵n̵e̵g̵i̲t̲e̲_̲e̲q̲_̲r̲i̲g̲h̲t̲
warning: adapters/HexRCF/RealCoefficients/CubeTwo.lean:79:46: `if_neg` has been deprecated: Use `ite_eq_right` instead

Hint: Replace the deprecated name:
  i̵f̵_̵n̵e̵g̵i̲t̲e̲_̲e̲q̲_̲r̲i̲g̲h̲t̲
warning: adapters/HexRCF/RealCoefficients/CubeTwo.lean:114:2: Try this: 
  letI̵

The goal is a proposition, so `let` is preferred over `letI`.
The difference between `let` and `letI` is that `letI` inlines the value.
But this is not relevant for proofs because of proof irrelevance.

Note: This linter can be disabled with `set_option linter.style.haveILetI false`
warning: adapters/HexRCF/RealCoefficients/CubeTwo.lean:169:2: Try this: 
  letI̵

The goal is a proposition, so `let` is preferred over `letI`.
The difference between `let` and `letI` is that `letI` inlines the value.
But this is not relevant for proofs because of proof irrelevance.

Note: This linter can be disabled with `set_option linter.style.haveILetI false`
ℹ [10710/10716] Replayed HexRCF.ProofProbe.Intervals.FurtherQuery
info: bench/HexRCF/ProofProbe/Intervals/FurtherQuery.lean:37:0: 'Hex.RCF.ProofProbe.Intervals.FurtherQuery.witness' depends on axioms: [propext, Classical.choice, Quot.sound]
ℹ [10711/10716] Replayed HexRCF.ProofProbe.Intervals.FurtherHorner
info: bench/HexRCF/ProofProbe/Intervals/FurtherHorner.lean:37:0: 'Hex.RCF.ProofProbe.Intervals.FurtherHorner.witness' depends on axioms: [propext, Classical.choice, Quot.sound]
ℹ [10712/10716] Replayed HexRCF.ProofProbe.Intervals.ReciprocalQuery
info: bench/HexRCF/ProofProbe/Intervals/ReciprocalQuery.lean:37:0: 'Hex.RCF.ProofProbe.Intervals.ReciprocalQuery.witness' depends on axioms: [propext, Classical.choice, Quot.sound]
ℹ [10713/10716] Replayed HexRCF.ProofProbe.Intervals.ReciprocalHorner
info: bench/HexRCF/ProofProbe/Intervals/ReciprocalHorner.lean:37:0: 'Hex.RCF.ProofProbe.Intervals.ReciprocalHorner.witness' depends on axioms: [propext, Classical.choice, Quot.sound]
ℹ [10714/10716] Replayed HexRCF.ProofProbe.Intervals.CubicQuery
info: bench/HexRCF/ProofProbe/Intervals/CubicQuery.lean:38:0: 'Hex.RCF.ProofProbe.Intervals.CubicQuery.witness' depends on axioms: [propext, Classical.choice, Quot.sound]
ℹ [10715/10716] Replayed HexRCF.ProofProbe.Intervals.CubicHorner
info: bench/HexRCF/ProofProbe/Intervals/CubicHorner.lean:38:0: 'Hex.RCF.ProofProbe.Intervals.CubicHorner.witness' depends on axioms: [propext, Classical.choice, Quot.sound]
ℹ [10716/10716] Built HexRCF.ProofProbe.Intervals.Audit (2.8s)
info: bench/HexRCF/ProofProbe/Intervals/Audit.lean:80:0: {"distinct_table_syntax":1,"local_declarations":7,"proof":"Hex.RCF.ProofProbe.Intervals.FurtherQuery.witness","tables":[{"interval_entries":0,"query_entries":128}]}
info: bench/HexRCF/ProofProbe/Intervals/Audit.lean:80:0: {"distinct_table_syntax":1,"local_declarations":7,"proof":"Hex.RCF.ProofProbe.Intervals.FurtherHorner.witness","tables":[{"interval_entries":127,"query_entries":1}]}
info: bench/HexRCF/ProofProbe/Intervals/Audit.lean:80:0: {"distinct_table_syntax":2,"local_declarations":9,"proof":"Hex.RCF.ProofProbe.Intervals.ReciprocalQuery.witness","tables":[{"interval_entries":0,"query_entries":1},{"interval_entries":0,"query_entries":125}]}
info: bench/HexRCF/ProofProbe/Intervals/Audit.lean:80:0: {"distinct_table_syntax":2,"local_declarations":9,"proof":"Hex.RCF.ProofProbe.Intervals.ReciprocalHorner.witness","tables":[{"interval_entries":0,"query_entries":1},{"interval_entries":125,"query_entries":0}]}
info: bench/HexRCF/ProofProbe/Intervals/Audit.lean:80:0: {"distinct_table_syntax":1,"local_declarations":7,"proof":"Hex.RCF.ProofProbe.Intervals.CubicQuery.witness","tables":[{"interval_entries":0,"query_entries":125}]}
info: bench/HexRCF/ProofProbe/Intervals/Audit.lean:80:0: {"distinct_table_syntax":1,"local_declarations":7,"proof":"Hex.RCF.ProofProbe.Intervals.CubicHorner.witness","tables":[{"interval_entries":125,"query_entries":0}]}
Build completed successfully (10716 jobs).
