Incremental samples: /home/kim/.local/state/hex/issue-10377-kernel-cost/6f332afb8/nested-kernel.json.samples.jsonl
[warm] lake build +HexSignDetMathlib.NestedProofProbe.N3.Accept:deps +HexSignDetMathlib.NestedProofProbe.N3.Baseline:deps +HexSignDetMathlib.NestedProofProbe.N3.RejectArithmetic:deps +HexSignDetMathlib.ProofProbe.Nested.N1.Accept:deps +HexSignDetMathlib.ProofProbe.Nested.N1.Baseline:deps +HexSignDetMathlib.ProofProbe.Nested.N1.RejectArithmetic:deps +HexSignDetMathlib.ProofProbe.Nested.N1.RejectStale:deps +HexSignDetMathlib.ProofProbe.Nested.N2.Accept:deps +HexSignDetMathlib.ProofProbe.Nested.N2.Baseline:deps +HexSignDetMathlib.ProofProbe.Nested.N2.RejectArithmetic:deps
[pair] depth-1-Accept reference (HexSignDetMathlib.ProofProbe.Nested.N1.Baseline)
[pair] depth-1-Accept candidate (HexSignDetMathlib.ProofProbe.Nested.N1.Accept)
[pair] depth-1-RejectArithmetic reference (HexSignDetMathlib.ProofProbe.Nested.N1.Baseline)
[pair] depth-1-RejectArithmetic candidate (HexSignDetMathlib.ProofProbe.Nested.N1.RejectArithmetic)
[pair] depth-2-Accept reference (HexSignDetMathlib.ProofProbe.Nested.N2.Baseline)
[pair] depth-2-Accept candidate (HexSignDetMathlib.ProofProbe.Nested.N2.Accept)
[pair] depth-2-RejectArithmetic reference (HexSignDetMathlib.ProofProbe.Nested.N2.Baseline)
[pair] depth-2-RejectArithmetic candidate (HexSignDetMathlib.ProofProbe.Nested.N2.RejectArithmetic)
[pair] depth-3-Accept reference (HexSignDetMathlib.NestedProofProbe.N3.Baseline)
[pair] depth-3-Accept candidate (HexSignDetMathlib.NestedProofProbe.N3.Accept)
[pair] depth-3-RejectArithmetic reference (HexSignDetMathlib.NestedProofProbe.N3.Baseline)
[pair] depth-3-RejectArithmetic candidate (HexSignDetMathlib.NestedProofProbe.N3.RejectArithmetic)
[pair] depth-1-RejectStale reference (HexSignDetMathlib.ProofProbe.Nested.N1.Baseline)
[pair] depth-1-RejectStale candidate (HexSignDetMathlib.ProofProbe.Nested.N1.RejectStale)
[pair] depth-1-RejectArithmetic candidate (HexSignDetMathlib.ProofProbe.Nested.N1.RejectArithmetic)
[pair] depth-1-RejectArithmetic reference (HexSignDetMathlib.ProofProbe.Nested.N1.Baseline)
[pair] depth-2-Accept candidate (HexSignDetMathlib.ProofProbe.Nested.N2.Accept)
[pair] depth-2-Accept reference (HexSignDetMathlib.ProofProbe.Nested.N2.Baseline)
[pair] depth-2-RejectArithmetic candidate (HexSignDetMathlib.ProofProbe.Nested.N2.RejectArithmetic)
[pair] depth-2-RejectArithmetic reference (HexSignDetMathlib.ProofProbe.Nested.N2.Baseline)
[pair] depth-3-Accept candidate (HexSignDetMathlib.NestedProofProbe.N3.Accept)
[pair] depth-3-Accept reference (HexSignDetMathlib.NestedProofProbe.N3.Baseline)
[pair] depth-3-RejectArithmetic candidate (HexSignDetMathlib.NestedProofProbe.N3.RejectArithmetic)
[pair] depth-3-RejectArithmetic reference (HexSignDetMathlib.NestedProofProbe.N3.Baseline)
[pair] depth-1-RejectStale candidate (HexSignDetMathlib.ProofProbe.Nested.N1.RejectStale)
[pair] depth-1-RejectStale reference (HexSignDetMathlib.ProofProbe.Nested.N1.Baseline)
[pair] depth-1-Accept candidate (HexSignDetMathlib.ProofProbe.Nested.N1.Accept)
[pair] depth-1-Accept reference (HexSignDetMathlib.ProofProbe.Nested.N1.Baseline)
[pair] depth-2-Accept reference (HexSignDetMathlib.ProofProbe.Nested.N2.Baseline)
[pair] depth-2-Accept candidate (HexSignDetMathlib.ProofProbe.Nested.N2.Accept)
[pair] depth-2-RejectArithmetic reference (HexSignDetMathlib.ProofProbe.Nested.N2.Baseline)
[pair] depth-2-RejectArithmetic candidate (HexSignDetMathlib.ProofProbe.Nested.N2.RejectArithmetic)
[pair] depth-3-Accept reference (HexSignDetMathlib.NestedProofProbe.N3.Baseline)
[pair] depth-3-Accept candidate (HexSignDetMathlib.NestedProofProbe.N3.Accept)
[pair] depth-3-RejectArithmetic reference (HexSignDetMathlib.NestedProofProbe.N3.Baseline)
[pair] depth-3-RejectArithmetic candidate (HexSignDetMathlib.NestedProofProbe.N3.RejectArithmetic)
[pair] depth-1-RejectStale reference (HexSignDetMathlib.ProofProbe.Nested.N1.Baseline)
[pair] depth-1-RejectStale candidate (HexSignDetMathlib.ProofProbe.Nested.N1.RejectStale)
[pair] depth-1-Accept reference (HexSignDetMathlib.ProofProbe.Nested.N1.Baseline)
[pair] depth-1-Accept candidate (HexSignDetMathlib.ProofProbe.Nested.N1.Accept)
[pair] depth-1-RejectArithmetic reference (HexSignDetMathlib.ProofProbe.Nested.N1.Baseline)
[pair] depth-1-RejectArithmetic candidate (HexSignDetMathlib.ProofProbe.Nested.N1.RejectArithmetic)
[pair] depth-2-RejectArithmetic candidate (HexSignDetMathlib.ProofProbe.Nested.N2.RejectArithmetic)
[pair] depth-2-RejectArithmetic reference (HexSignDetMathlib.ProofProbe.Nested.N2.Baseline)
[pair] depth-3-Accept candidate (HexSignDetMathlib.NestedProofProbe.N3.Accept)
[pair] depth-3-Accept reference (HexSignDetMathlib.NestedProofProbe.N3.Baseline)
[pair] depth-3-RejectArithmetic candidate (HexSignDetMathlib.NestedProofProbe.N3.RejectArithmetic)
[pair] depth-3-RejectArithmetic reference (HexSignDetMathlib.NestedProofProbe.N3.Baseline)
[pair] depth-1-RejectStale candidate (HexSignDetMathlib.ProofProbe.Nested.N1.RejectStale)
[pair] depth-1-RejectStale reference (HexSignDetMathlib.ProofProbe.Nested.N1.Baseline)
[pair] depth-1-Accept candidate (HexSignDetMathlib.ProofProbe.Nested.N1.Accept)
[pair] depth-1-Accept reference (HexSignDetMathlib.ProofProbe.Nested.N1.Baseline)
[pair] depth-1-RejectArithmetic candidate (HexSignDetMathlib.ProofProbe.Nested.N1.RejectArithmetic)
[pair] depth-1-RejectArithmetic reference (HexSignDetMathlib.ProofProbe.Nested.N1.Baseline)
[pair] depth-2-Accept candidate (HexSignDetMathlib.ProofProbe.Nested.N2.Accept)
[pair] depth-2-Accept reference (HexSignDetMathlib.ProofProbe.Nested.N2.Baseline)
[pair] depth-3-Accept reference (HexSignDetMathlib.NestedProofProbe.N3.Baseline)
[pair] depth-3-Accept candidate (HexSignDetMathlib.NestedProofProbe.N3.Accept)
[pair] depth-3-RejectArithmetic reference (HexSignDetMathlib.NestedProofProbe.N3.Baseline)
[pair] depth-3-RejectArithmetic candidate (HexSignDetMathlib.NestedProofProbe.N3.RejectArithmetic)
[pair] depth-1-RejectStale reference (HexSignDetMathlib.ProofProbe.Nested.N1.Baseline)
[pair] depth-1-RejectStale candidate (HexSignDetMathlib.ProofProbe.Nested.N1.RejectStale)
[pair] depth-1-Accept reference (HexSignDetMathlib.ProofProbe.Nested.N1.Baseline)
[pair] depth-1-Accept candidate (HexSignDetMathlib.ProofProbe.Nested.N1.Accept)
[pair] depth-1-RejectArithmetic reference (HexSignDetMathlib.ProofProbe.Nested.N1.Baseline)
[pair] depth-1-RejectArithmetic candidate (HexSignDetMathlib.ProofProbe.Nested.N1.RejectArithmetic)
[pair] depth-2-Accept reference (HexSignDetMathlib.ProofProbe.Nested.N2.Baseline)
[pair] depth-2-Accept candidate (HexSignDetMathlib.ProofProbe.Nested.N2.Accept)
[pair] depth-2-RejectArithmetic reference (HexSignDetMathlib.ProofProbe.Nested.N2.Baseline)
[pair] depth-2-RejectArithmetic candidate (HexSignDetMathlib.ProofProbe.Nested.N2.RejectArithmetic)
[pair] depth-3-RejectArithmetic candidate (HexSignDetMathlib.NestedProofProbe.N3.RejectArithmetic)
[pair] depth-3-RejectArithmetic reference (HexSignDetMathlib.NestedProofProbe.N3.Baseline)
[pair] depth-1-RejectStale candidate (HexSignDetMathlib.ProofProbe.Nested.N1.RejectStale)
[pair] depth-1-RejectStale reference (HexSignDetMathlib.ProofProbe.Nested.N1.Baseline)
[pair] depth-1-Accept candidate (HexSignDetMathlib.ProofProbe.Nested.N1.Accept)
[pair] depth-1-Accept reference (HexSignDetMathlib.ProofProbe.Nested.N1.Baseline)
[pair] depth-1-RejectArithmetic candidate (HexSignDetMathlib.ProofProbe.Nested.N1.RejectArithmetic)
[pair] depth-1-RejectArithmetic reference (HexSignDetMathlib.ProofProbe.Nested.N1.Baseline)
[pair] depth-2-Accept candidate (HexSignDetMathlib.ProofProbe.Nested.N2.Accept)
[pair] depth-2-Accept reference (HexSignDetMathlib.ProofProbe.Nested.N2.Baseline)
[pair] depth-2-RejectArithmetic candidate (HexSignDetMathlib.ProofProbe.Nested.N2.RejectArithmetic)
[pair] depth-2-RejectArithmetic reference (HexSignDetMathlib.ProofProbe.Nested.N2.Baseline)
[pair] depth-3-Accept candidate (HexSignDetMathlib.NestedProofProbe.N3.Accept)
[pair] depth-3-Accept reference (HexSignDetMathlib.NestedProofProbe.N3.Baseline)
/home/kim/.local/state/hex/issue-10377-kernel-cost/6f332afb8/nested-kernel.json
